Work on GPU:  0,1
load_weight 304
Namespace(dataset='rafdb', checkpoint=None, batch_size=120, val_batch_size=32, modeltype='small', optimizer='adam', lr=4e-05, momentum=0.9, workers=2, epochs=250, gpu='0,1', head_type='enhanced_v1')
Train set size: 12271
Validation set size: 3068
GFLOPs: 13.59
GMacs: 6.79
Params: 51.35M
batch_size: 120
Total Parameters: 51.353M
[Epoch 1] Train time:2.10, Training accuracy:0.6466. Loss: 3.920 LR:0.000040
[Epoch 1] Validation accuracy:0.8510, Loss:0.560, f1 0.733794, score 0.772472
best_acc:0.851
[Epoch 2] Train time:2.08, Training accuracy:0.7938. Loss: 3.081 LR:0.000039
[Epoch 2] Validation accuracy:0.8696, Loss:0.458, f1 0.795447, score 0.819917
best_acc:0.8696
[Epoch 3] Train time:2.09, Training accuracy:0.8364. Loss: 2.827 LR:0.000038
[Epoch 3] Validation accuracy:0.8758, Loss:0.468, f1 0.814869, score 0.834976
best_acc:0.8758
[Epoch 4] Train time:2.08, Training accuracy:0.8619. Loss: 2.664 LR:0.000038
[Epoch 4] Validation accuracy:0.8924, Loss:0.411, f1 0.825715, score 0.847721
best_acc:0.8924
[Epoch 5] Train time:2.08, Training accuracy:0.8859. Loss: 2.535 LR:0.000037
[Epoch 5] Validation accuracy:0.8934, Loss:0.407, f1 0.827532, score 0.849268
best_acc:0.8934
[Epoch 6] Train time:2.08, Training accuracy:0.8989. Loss: 2.454 LR:0.000036
[Epoch 6] Validation accuracy:0.8986, Loss:0.380, f1 0.842099, score 0.860745
best_acc:0.8986
[Epoch 7] Train time:2.08, Training accuracy:0.9171. Loss: 2.358 LR:0.000035
[Epoch 7] Validation accuracy:0.8937, Loss:0.418, f1 0.839812, score 0.857595
[Epoch 8] Train time:2.08, Training accuracy:0.9257. Loss: 2.296 LR:0.000035
[Epoch 8] Validation accuracy:0.9107, Loss:0.372, f1 0.856226, score 0.874202
Model saved.
best_acc:0.9107
[Epoch 9] Train time:2.08, Training accuracy:0.9390. Loss: 2.215 LR:0.000034
[Epoch 9] Validation accuracy:0.9091, Loss:0.372, f1 0.855447, score 0.873152
[Epoch 10] Train time:2.08, Training accuracy:0.9442. Loss: 2.184 LR:0.000033
[Epoch 10] Validation accuracy:0.9107, Loss:0.379, f1 0.860021, score 0.876745
[Epoch 11] Train time:2.08, Training accuracy:0.9513. Loss: 2.135 LR:0.000033
[Epoch 11] Validation accuracy:0.9104, Loss:0.375, f1 0.860491, score 0.876961
[Epoch 12] Train time:2.08, Training accuracy:0.9574. Loss: 2.100 LR:0.000032
[Epoch 12] Validation accuracy:0.9192, Loss:0.359, f1 0.871468, score 0.887220
Model saved.
best_acc:0.9192
[Epoch 13] Train time:2.08, Training accuracy:0.9579. Loss: 2.080 LR:0.000031
[Epoch 13] Validation accuracy:0.9149, Loss:0.345, f1 0.862833, score 0.880015
[Epoch 14] Train time:2.08, Training accuracy:0.9651. Loss: 2.038 LR:0.000031
[Epoch 14] Validation accuracy:0.9175, Loss:0.354, f1 0.864137, score 0.881747
[Epoch 15] Train time:2.08, Training accuracy:0.9664. Loss: 2.030 LR:0.000030
[Epoch 15] Validation accuracy:0.9140, Loss:0.366, f1 0.864252, score 0.880669
[Epoch 16] Train time:2.08, Training accuracy:0.9687. Loss: 2.010 LR:0.000030
[Epoch 16] Validation accuracy:0.9100, Loss:0.368, f1 0.860430, score 0.876788
[Epoch 17] Train time:2.08, Training accuracy:0.9712. Loss: 1.997 LR:0.000029
[Epoch 17] Validation accuracy:0.9110, Loss:0.369, f1 0.862102, score 0.878238
[Epoch 18] Train time:2.08, Training accuracy:0.9692. Loss: 1.992 LR:0.000028
[Epoch 18] Validation accuracy:0.9153, Loss:0.361, f1 0.864986, score 0.881590
[Epoch 19] Train time:2.08, Training accuracy:0.9739. Loss: 1.967 LR:0.000028
[Epoch 19] Validation accuracy:0.9162, Loss:0.355, f1 0.864488, score 0.881553
[Epoch 20] Train time:2.08, Training accuracy:0.9756. Loss: 1.963 LR:0.000027
[Epoch 20] Validation accuracy:0.9149, Loss:0.355, f1 0.865359, score 0.881707
[Epoch 21] Train time:2.08, Training accuracy:0.9778. Loss: 1.948 LR:0.000027
[Epoch 21] Validation accuracy:0.9123, Loss:0.352, f1 0.858928, score 0.876541
[Epoch 22] Train time:2.08, Training accuracy:0.9781. Loss: 1.932 LR:0.000026
[Epoch 22] Validation accuracy:0.9175, Loss:0.345, f1 0.867425, score 0.883950
[Epoch 23] Train time:2.08, Training accuracy:0.9747. Loss: 1.948 LR:0.000026
[Epoch 23] Validation accuracy:0.9117, Loss:0.364, f1 0.862725, score 0.878886
[Epoch 24] Train time:2.08, Training accuracy:0.9741. Loss: 1.951 LR:0.000025
[Epoch 24] Validation accuracy:0.9100, Loss:0.372, f1 0.862095, score 0.877904
[Epoch 25] Train time:2.08, Training accuracy:0.9801. Loss: 1.918 LR:0.000025
[Epoch 25] Validation accuracy:0.9130, Loss:0.353, f1 0.856734, score 0.875302
[Epoch 26] Train time:2.08, Training accuracy:0.9808. Loss: 1.913 LR:0.000024
[Epoch 26] Validation accuracy:0.9192, Loss:0.352, f1 0.869809, score 0.886108
[Epoch 27] Train time:2.08, Training accuracy:0.9794. Loss: 1.913 LR:0.000024
[Epoch 27] Validation accuracy:0.9140, Loss:0.366, f1 0.866898, score 0.882442
[Epoch 28] Train time:2.08, Training accuracy:0.9791. Loss: 1.915 LR:0.000023
[Epoch 28] Validation accuracy:0.9205, Loss:0.348, f1 0.872218, score 0.888151
Model saved.
best_acc:0.9205
[Epoch 29] Train time:2.08, Training accuracy:0.9810. Loss: 1.907 LR:0.000023
[Epoch 29] Validation accuracy:0.9149, Loss:0.359, f1 0.865093, score 0.881529
[Epoch 30] Train time:2.08, Training accuracy:0.9835. Loss: 1.885 LR:0.000022
[Epoch 30] Validation accuracy:0.9149, Loss:0.349, f1 0.859919, score 0.878063
[Epoch 31] Train time:2.08, Training accuracy:0.9820. Loss: 1.894 LR:0.000022
[Epoch 31] Validation accuracy:0.9182, Loss:0.353, f1 0.867906, score 0.884503
[Epoch 32] Train time:2.08, Training accuracy:0.9833. Loss: 1.880 LR:0.000021
[Epoch 32] Validation accuracy:0.9166, Loss:0.345, f1 0.867274, score 0.883551
[Epoch 33] Train time:2.08, Training accuracy:0.9829. Loss: 1.882 LR:0.000021
[Epoch 33] Validation accuracy:0.9149, Loss:0.358, f1 0.863082, score 0.880182
[Epoch 34] Train time:2.08, Training accuracy:0.9827. Loss: 1.888 LR:0.000021
[Epoch 34] Validation accuracy:0.9159, Loss:0.352, f1 0.861908, score 0.879725
[Epoch 35] Train time:2.08, Training accuracy:0.9854. Loss: 1.877 LR:0.000020
[Epoch 35] Validation accuracy:0.9162, Loss:0.351, f1 0.865426, score 0.882181
[Epoch 36] Train time:2.08, Training accuracy:0.9845. Loss: 1.868 LR:0.000020
[Epoch 36] Validation accuracy:0.9078, Loss:0.369, f1 0.856187, score 0.873220
[Epoch 37] Train time:2.08, Training accuracy:0.9849. Loss: 1.874 LR:0.000019
[Epoch 37] Validation accuracy:0.9136, Loss:0.350, f1 0.863026, score 0.879715
[Epoch 38] Train time:2.08, Training accuracy:0.9845. Loss: 1.871 LR:0.000019
[Epoch 38] Validation accuracy:0.9188, Loss:0.348, f1 0.861413, score 0.880351
[Epoch 39] Train time:2.09, Training accuracy:0.9865. Loss: 1.850 LR:0.000019
[Epoch 39] Validation accuracy:0.9136, Loss:0.354, f1 0.862844, score 0.879593
[Epoch 40] Train time:2.08, Training accuracy:0.9843. Loss: 1.864 LR:0.000018
[Epoch 40] Validation accuracy:0.9143, Loss:0.359, f1 0.866022, score 0.881954
[Epoch 41] Train time:2.08, Training accuracy:0.9845. Loss: 1.862 LR:0.000018
[Epoch 41] Validation accuracy:0.9104, Loss:0.360, f1 0.859182, score 0.876084
[Epoch 42] Train time:2.08, Training accuracy:0.9859. Loss: 1.850 LR:0.000017
[Epoch 42] Validation accuracy:0.9146, Loss:0.347, f1 0.859360, score 0.877589
[Epoch 43] Train time:2.09, Training accuracy:0.9877. Loss: 1.846 LR:0.000017
[Epoch 43] Validation accuracy:0.9133, Loss:0.355, f1 0.857759, score 0.876088
[Epoch 44] Train time:2.09, Training accuracy:0.9875. Loss: 1.846 LR:0.000017
[Epoch 44] Validation accuracy:0.9097, Loss:0.359, f1 0.854398, score 0.872648
[Epoch 45] Train time:2.08, Training accuracy:0.9861. Loss: 1.859 LR:0.000016
[Epoch 45] Validation accuracy:0.9136, Loss:0.354, f1 0.862224, score 0.879178
[Epoch 46] Train time:2.08, Training accuracy:0.9852. Loss: 1.847 LR:0.000016
[Epoch 46] Validation accuracy:0.9126, Loss:0.363, f1 0.863395, score 0.879633
[Epoch 47] Train time:2.08, Training accuracy:0.9873. Loss: 1.843 LR:0.000016
[Epoch 47] Validation accuracy:0.9120, Loss:0.362, f1 0.859310, score 0.876698
[Epoch 48] Train time:2.09, Training accuracy:0.9880. Loss: 1.842 LR:0.000015
[Epoch 48] Validation accuracy:0.9140, Loss:0.354, f1 0.860889, score 0.878416
[Epoch 49] Train time:2.08, Training accuracy:0.9866. Loss: 1.844 LR:0.000015
[Epoch 49] Validation accuracy:0.9156, Loss:0.361, f1 0.867423, score 0.883321
[Epoch 50] Train time:2.08, Training accuracy:0.9867. Loss: 1.840 LR:0.000015
[Epoch 50] Validation accuracy:0.9169, Loss:0.348, f1 0.864602, score 0.881860
[Epoch 51] Train time:2.09, Training accuracy:0.9875. Loss: 1.835 LR:0.000015
[Epoch 51] Validation accuracy:0.9149, Loss:0.353, f1 0.861432, score 0.879076
[Epoch 52] Train time:2.09, Training accuracy:0.9881. Loss: 1.834 LR:0.000014
[Epoch 52] Validation accuracy:0.9133, Loss:0.354, f1 0.865699, score 0.881407
[Epoch 53] Train time:2.08, Training accuracy:0.9872. Loss: 1.823 LR:0.000014
[Epoch 53] Validation accuracy:0.9166, Loss:0.353, f1 0.865494, score 0.882359
[Epoch 54] Train time:2.08, Training accuracy:0.9886. Loss: 1.827 LR:0.000014
[Epoch 54] Validation accuracy:0.9166, Loss:0.357, f1 0.862159, score 0.880124
[Epoch 55] Train time:2.08, Training accuracy:0.9873. Loss: 1.837 LR:0.000013
[Epoch 55] Validation accuracy:0.9169, Loss:0.355, f1 0.867305, score 0.883672
[Epoch 56] Train time:2.08, Training accuracy:0.9883. Loss: 1.829 LR:0.000013
[Epoch 56] Validation accuracy:0.9188, Loss:0.343, f1 0.867661, score 0.884537
[Epoch 57] Train time:2.08, Training accuracy:0.9885. Loss: 1.822 LR:0.000013
[Epoch 57] Validation accuracy:0.9175, Loss:0.352, f1 0.866944, score 0.883628
[Epoch 58] Train time:2.08, Training accuracy:0.9904. Loss: 1.819 LR:0.000013
[Epoch 58] Validation accuracy:0.9172, Loss:0.356, f1 0.865527, score 0.882579
[Epoch 59] Train time:2.09, Training accuracy:0.9878. Loss: 1.829 LR:0.000012
[Epoch 59] Validation accuracy:0.9179, Loss:0.348, f1 0.868185, score 0.884591
[Epoch 60] Train time:2.08, Training accuracy:0.9888. Loss: 1.819 LR:0.000012
[Epoch 60] Validation accuracy:0.9175, Loss:0.357, f1 0.871606, score 0.886751
[Epoch 61] Train time:2.09, Training accuracy:0.9895. Loss: 1.821 LR:0.000012
[Epoch 61] Validation accuracy:0.9166, Loss:0.349, f1 0.865631, score 0.882451
[Epoch 62] Train time:2.08, Training accuracy:0.9883. Loss: 1.822 LR:0.000012
[Epoch 62] Validation accuracy:0.9136, Loss:0.360, f1 0.861419, score 0.878639
[Epoch 63] Train time:2.09, Training accuracy:0.9901. Loss: 1.816 LR:0.000011
[Epoch 63] Validation accuracy:0.9153, Loss:0.358, f1 0.866903, score 0.882874
[Epoch 64] Train time:2.09, Training accuracy:0.9892. Loss: 1.817 LR:0.000011
[Epoch 64] Validation accuracy:0.9159, Loss:0.355, f1 0.864650, score 0.881562
[Epoch 65] Train time:2.09, Training accuracy:0.9894. Loss: 1.812 LR:0.000011
[Epoch 65] Validation accuracy:0.9140, Loss:0.356, f1 0.858158, score 0.876586
[Epoch 66] Train time:2.08, Training accuracy:0.9904. Loss: 1.808 LR:0.000011
[Epoch 66] Validation accuracy:0.9169, Loss:0.354, f1 0.862253, score 0.880287
[Epoch 67] Train time:2.08, Training accuracy:0.9905. Loss: 1.815 LR:0.000011
[Epoch 67] Validation accuracy:0.9149, Loss:0.356, f1 0.858483, score 0.877101
[Epoch 68] Train time:2.09, Training accuracy:0.9895. Loss: 1.813 LR:0.000010
[Epoch 68] Validation accuracy:0.9188, Loss:0.357, f1 0.869752, score 0.885938
[Epoch 69] Train time:2.09, Training accuracy:0.9898. Loss: 1.813 LR:0.000010
[Epoch 69] Validation accuracy:0.9149, Loss:0.355, f1 0.864592, score 0.881194
[Epoch 70] Train time:2.09, Training accuracy:0.9904. Loss: 1.805 LR:0.000010
[Epoch 70] Validation accuracy:0.9136, Loss:0.351, f1 0.862185, score 0.879152
[Epoch 71] Train time:2.09, Training accuracy:0.9913. Loss: 1.796 LR:0.000010
[Epoch 71] Validation accuracy:0.9117, Loss:0.347, f1 0.859413, score 0.876668
[Epoch 72] Train time:2.08, Training accuracy:0.9910. Loss: 1.804 LR:0.000010
[Epoch 72] Validation accuracy:0.9146, Loss:0.350, f1 0.860822, score 0.878568
[Epoch 73] Train time:2.09, Training accuracy:0.9906. Loss: 1.800 LR:0.000009
[Epoch 73] Validation accuracy:0.9120, Loss:0.361, f1 0.858484, score 0.876144
[Epoch 74] Train time:2.08, Training accuracy:0.9912. Loss: 1.801 LR:0.000009
[Epoch 74] Validation accuracy:0.9153, Loss:0.350, f1 0.864203, score 0.881065
[Epoch 75] Train time:2.09, Training accuracy:0.9910. Loss: 1.801 LR:0.000009
[Epoch 75] Validation accuracy:0.9136, Loss:0.356, f1 0.857924, score 0.876297
[Epoch 76] Train time:2.09, Training accuracy:0.9927. Loss: 1.790 LR:0.000009
[Epoch 76] Validation accuracy:0.9143, Loss:0.349, f1 0.865263, score 0.881445
[Epoch 77] Train time:2.08, Training accuracy:0.9935. Loss: 1.784 LR:0.000009
[Epoch 77] Validation accuracy:0.9149, Loss:0.347, f1 0.864643, score 0.881228
[Epoch 78] Train time:2.09, Training accuracy:0.9924. Loss: 1.793 LR:0.000008
[Epoch 78] Validation accuracy:0.9169, Loss:0.351, f1 0.870836, score 0.886037
[Epoch 79] Train time:2.09, Training accuracy:0.9910. Loss: 1.799 LR:0.000008
[Epoch 79] Validation accuracy:0.9169, Loss:0.349, f1 0.864687, score 0.881918
[Epoch 80] Train time:2.09, Training accuracy:0.9906. Loss: 1.801 LR:0.000008
[Epoch 80] Validation accuracy:0.9126, Loss:0.348, f1 0.864341, score 0.880267
[Epoch 81] Train time:2.09, Training accuracy:0.9916. Loss: 1.795 LR:0.000008
[Epoch 81] Validation accuracy:0.9172, Loss:0.349, f1 0.868011, score 0.884244
[Epoch 82] Train time:2.09, Training accuracy:0.9927. Loss: 1.789 LR:0.000008
[Epoch 82] Validation accuracy:0.9166, Loss:0.347, f1 0.869396, score 0.884974
[Epoch 83] Train time:2.09, Training accuracy:0.9923. Loss: 1.792 LR:0.000008
[Epoch 83] Validation accuracy:0.9172, Loss:0.346, f1 0.867103, score 0.883635
[Epoch 84] Train time:2.09, Training accuracy:0.9928. Loss: 1.783 LR:0.000007
[Epoch 84] Validation accuracy:0.9192, Loss:0.345, f1 0.871121, score 0.886987
[Epoch 85] Train time:2.09, Training accuracy:0.9931. Loss: 1.784 LR:0.000007
[Epoch 85] Validation accuracy:0.9162, Loss:0.351, f1 0.869767, score 0.885090
[Epoch 86] Train time:2.09, Training accuracy:0.9918. Loss: 1.796 LR:0.000007
[Epoch 86] Validation accuracy:0.9182, Loss:0.352, f1 0.870254, score 0.886076
[Epoch 87] Train time:2.09, Training accuracy:0.9922. Loss: 1.785 LR:0.000007
[Epoch 87] Validation accuracy:0.9166, Loss:0.350, f1 0.865539, score 0.882389
[Epoch 88] Train time:2.09, Training accuracy:0.9921. Loss: 1.791 LR:0.000007
[Epoch 88] Validation accuracy:0.9172, Loss:0.342, f1 0.864491, score 0.881885
[Epoch 89] Train time:2.09, Training accuracy:0.9938. Loss: 1.778 LR:0.000007
[Epoch 89] Validation accuracy:0.9146, Loss:0.343, f1 0.863797, score 0.880562
[Epoch 90] Train time:2.09, Training accuracy:0.9936. Loss: 1.779 LR:0.000007
[Epoch 90] Validation accuracy:0.9208, Loss:0.340, f1 0.871972, score 0.888085
Model saved.
best_acc:0.9208
[Epoch 91] Train time:2.09, Training accuracy:0.9932. Loss: 1.782 LR:0.000006
[Epoch 91] Validation accuracy:0.9192, Loss:0.344, f1 0.867916, score 0.884840
[Epoch 92] Train time:2.09, Training accuracy:0.9927. Loss: 1.784 LR:0.000006
[Epoch 92] Validation accuracy:0.9159, Loss:0.350, f1 0.866013, score 0.882476
[Epoch 93] Train time:2.09, Training accuracy:0.9935. Loss: 1.783 LR:0.000006
[Epoch 93] Validation accuracy:0.9156, Loss:0.348, f1 0.862427, score 0.879974
[Epoch 94] Train time:2.09, Training accuracy:0.9935. Loss: 1.779 LR:0.000006
[Epoch 94] Validation accuracy:0.9146, Loss:0.354, f1 0.864399, score 0.880966
[Epoch 95] Train time:2.09, Training accuracy:0.9938. Loss: 1.778 LR:0.000006
[Epoch 95] Validation accuracy:0.9149, Loss:0.347, f1 0.861130, score 0.878874
[Epoch 96] Train time:2.09, Training accuracy:0.9932. Loss: 1.781 LR:0.000006
[Epoch 96] Validation accuracy:0.9175, Loss:0.347, f1 0.870114, score 0.885752
[Epoch 97] Train time:2.09, Training accuracy:0.9935. Loss: 1.781 LR:0.000006
[Epoch 97] Validation accuracy:0.9159, Loss:0.348, f1 0.867228, score 0.883289
[Epoch 98] Train time:2.09, Training accuracy:0.9935. Loss: 1.776 LR:0.000006
[Epoch 98] Validation accuracy:0.9166, Loss:0.344, f1 0.865958, score 0.882670
[Epoch 99] Train time:2.09, Training accuracy:0.9949. Loss: 1.773 LR:0.000006
[Epoch 99] Validation accuracy:0.9175, Loss:0.346, f1 0.870312, score 0.885884
[Epoch 100] Train time:2.08, Training accuracy:0.9943. Loss: 1.774 LR:0.000005
[Epoch 100] Validation accuracy:0.9140, Loss:0.343, f1 0.863739, score 0.880325
[Epoch 101] Train time:2.09, Training accuracy:0.9939. Loss: 1.778 LR:0.000005
[Epoch 101] Validation accuracy:0.9107, Loss:0.347, f1 0.859315, score 0.876272
[Epoch 102] Train time:2.09, Training accuracy:0.9943. Loss: 1.770 LR:0.000005
[Epoch 102] Validation accuracy:0.9149, Loss:0.343, f1 0.863337, score 0.880353
[Epoch 103] Train time:2.09, Training accuracy:0.9954. Loss: 1.770 LR:0.000005
[Epoch 103] Validation accuracy:0.9172, Loss:0.342, f1 0.867770, score 0.884082
[Epoch 104] Train time:2.09, Training accuracy:0.9945. Loss: 1.773 LR:0.000005
[Epoch 104] Validation accuracy:0.9162, Loss:0.349, f1 0.865383, score 0.882153
[Epoch 105] Train time:2.09, Training accuracy:0.9924. Loss: 1.782 LR:0.000005
[Epoch 105] Validation accuracy:0.9126, Loss:0.348, f1 0.860675, score 0.877810
[Epoch 106] Train time:2.09, Training accuracy:0.9935. Loss: 1.778 LR:0.000005
[Epoch 106] Validation accuracy:0.9172, Loss:0.343, f1 0.866416, score 0.883174
[Epoch 107] Train time:2.09, Training accuracy:0.9950. Loss: 1.769 LR:0.000005
[Epoch 107] Validation accuracy:0.9159, Loss:0.344, f1 0.863143, score 0.880553
[Epoch 108] Train time:2.09, Training accuracy:0.9943. Loss: 1.774 LR:0.000005
[Epoch 108] Validation accuracy:0.9140, Loss:0.350, f1 0.861108, score 0.878562
[Epoch 109] Train time:2.09, Training accuracy:0.9954. Loss: 1.766 LR:0.000005
[Epoch 109] Validation accuracy:0.9175, Loss:0.343, f1 0.867865, score 0.884245
[Epoch 110] Train time:2.09, Training accuracy:0.9954. Loss: 1.768 LR:0.000004
[Epoch 110] Validation accuracy:0.9172, Loss:0.339, f1 0.866882, score 0.883487
[Epoch 111] Train time:2.09, Training accuracy:0.9942. Loss: 1.770 LR:0.000004
[Epoch 111] Validation accuracy:0.9166, Loss:0.346, f1 0.865430, score 0.882316
[Epoch 112] Train time:2.09, Training accuracy:0.9932. Loss: 1.776 LR:0.000004
[Epoch 112] Validation accuracy:0.9172, Loss:0.344, f1 0.865056, score 0.882263
[Epoch 113] Train time:2.09, Training accuracy:0.9953. Loss: 1.763 LR:0.000004
[Epoch 113] Validation accuracy:0.9156, Loss:0.339, f1 0.864399, score 0.881295
[Epoch 114] Train time:2.10, Training accuracy:0.9950. Loss: 1.766 LR:0.000004
[Epoch 114] Validation accuracy:0.9179, Loss:0.345, f1 0.867026, score 0.883814
[Epoch 115] Train time:2.10, Training accuracy:0.9944. Loss: 1.769 LR:0.000004
[Epoch 115] Validation accuracy:0.9159, Loss:0.345, f1 0.864753, score 0.881631
[Epoch 116] Train time:2.10, Training accuracy:0.9947. Loss: 1.767 LR:0.000004
[Epoch 116] Validation accuracy:0.9166, Loss:0.344, f1 0.864829, score 0.881914
[Epoch 117] Train time:2.10, Training accuracy:0.9947. Loss: 1.767 LR:0.000004
[Epoch 117] Validation accuracy:0.9195, Loss:0.340, f1 0.869418, score 0.885945
[Epoch 118] Train time:2.09, Training accuracy:0.9942. Loss: 1.768 LR:0.000004
[Epoch 118] Validation accuracy:0.9166, Loss:0.344, f1 0.866252, score 0.882867
[Epoch 119] Train time:2.10, Training accuracy:0.9955. Loss: 1.763 LR:0.000004
[Epoch 119] Validation accuracy:0.9172, Loss:0.349, f1 0.868581, score 0.884625
[Epoch 120] Train time:2.09, Training accuracy:0.9957. Loss: 1.766 LR:0.000004
[Epoch 120] Validation accuracy:0.9156, Loss:0.341, f1 0.864844, score 0.881594
[Epoch 121] Train time:2.09, Training accuracy:0.9944. Loss: 1.773 LR:0.000004
[Epoch 121] Validation accuracy:0.9185, Loss:0.343, f1 0.870893, score 0.886603
[Epoch 122] Train time:2.09, Training accuracy:0.9950. Loss: 1.764 LR:0.000003
[Epoch 122] Validation accuracy:0.9188, Loss:0.340, f1 0.873503, score 0.888451
[Epoch 123] Train time:2.09, Training accuracy:0.9946. Loss: 1.767 LR:0.000003
[Epoch 123] Validation accuracy:0.9159, Loss:0.346, f1 0.868600, score 0.884209
[Epoch 124] Train time:2.09, Training accuracy:0.9942. Loss: 1.771 LR:0.000003
[Epoch 124] Validation accuracy:0.9182, Loss:0.343, f1 0.866584, score 0.883617
[Epoch 125] Train time:2.09, Training accuracy:0.9941. Loss: 1.770 LR:0.000003
[Epoch 125] Validation accuracy:0.9179, Loss:0.343, f1 0.869261, score 0.885312
[Epoch 126] Train time:2.09, Training accuracy:0.9950. Loss: 1.766 LR:0.000003
[Epoch 126] Validation accuracy:0.9179, Loss:0.341, f1 0.868215, score 0.884611
[Epoch 127] Train time:2.09, Training accuracy:0.9944. Loss: 1.770 LR:0.000003
[Epoch 127] Validation accuracy:0.9179, Loss:0.343, f1 0.869868, score 0.885718
[Epoch 128] Train time:2.09, Training accuracy:0.9944. Loss: 1.772 LR:0.000003
[Epoch 128] Validation accuracy:0.9192, Loss:0.338, f1 0.871286, score 0.887098
[Epoch 129] Train time:2.09, Training accuracy:0.9945. Loss: 1.766 LR:0.000003
[Epoch 129] Validation accuracy:0.9159, Loss:0.342, f1 0.864843, score 0.881691
[Epoch 130] Train time:2.09, Training accuracy:0.9950. Loss: 1.763 LR:0.000003
[Epoch 130] Validation accuracy:0.9156, Loss:0.339, f1 0.864041, score 0.881055
[Epoch 131] Train time:2.09, Training accuracy:0.9963. Loss: 1.756 LR:0.000003
[Epoch 131] Validation accuracy:0.9169, Loss:0.340, f1 0.867069, score 0.883513
[Epoch 132] Train time:2.09, Training accuracy:0.9953. Loss: 1.764 LR:0.000003
[Epoch 132] Validation accuracy:0.9188, Loss:0.341, f1 0.870430, score 0.886392
[Epoch 133] Train time:2.09, Training accuracy:0.9952. Loss: 1.761 LR:0.000003
[Epoch 133] Validation accuracy:0.9198, Loss:0.341, f1 0.868861, score 0.885671
[Epoch 134] Train time:2.09, Training accuracy:0.9960. Loss: 1.757 LR:0.000003
[Epoch 134] Validation accuracy:0.9185, Loss:0.345, f1 0.867817, score 0.884542
[Epoch 135] Train time:2.09, Training accuracy:0.9946. Loss: 1.765 LR:0.000003
[Epoch 135] Validation accuracy:0.9192, Loss:0.342, f1 0.870720, score 0.886719
[Epoch 136] Train time:2.09, Training accuracy:0.9955. Loss: 1.760 LR:0.000003
[Epoch 136] Validation accuracy:0.9195, Loss:0.346, f1 0.867543, score 0.884689
[Epoch 137] Train time:2.09, Training accuracy:0.9959. Loss: 1.756 LR:0.000003
[Epoch 137] Validation accuracy:0.9182, Loss:0.343, f1 0.869132, score 0.885324
[Epoch 138] Train time:2.09, Training accuracy:0.9946. Loss: 1.763 LR:0.000003
[Epoch 138] Validation accuracy:0.9198, Loss:0.342, f1 0.868562, score 0.885471
[Epoch 139] Train time:2.09, Training accuracy:0.9953. Loss: 1.762 LR:0.000002
[Epoch 139] Validation accuracy:0.9195, Loss:0.343, f1 0.871617, score 0.887419
[Epoch 140] Train time:2.09, Training accuracy:0.9955. Loss: 1.762 LR:0.000002
[Epoch 140] Validation accuracy:0.9156, Loss:0.348, f1 0.865788, score 0.882226
[Epoch 141] Train time:2.09, Training accuracy:0.9956. Loss: 1.757 LR:0.000002
[Epoch 141] Validation accuracy:0.9159, Loss:0.346, f1 0.866071, score 0.882514
[Epoch 142] Train time:2.09, Training accuracy:0.9950. Loss: 1.763 LR:0.000002
[Epoch 142] Validation accuracy:0.9162, Loss:0.348, f1 0.866194, score 0.882696
[Epoch 143] Train time:2.09, Training accuracy:0.9953. Loss: 1.759 LR:0.000002
[Epoch 143] Validation accuracy:0.9162, Loss:0.346, f1 0.866309, score 0.882773
[Epoch 144] Train time:2.09, Training accuracy:0.9956. Loss: 1.761 LR:0.000002
[Epoch 144] Validation accuracy:0.9153, Loss:0.346, f1 0.866048, score 0.882301
[Epoch 145] Train time:2.08, Training accuracy:0.9956. Loss: 1.759 LR:0.000002
[Epoch 145] Validation accuracy:0.9172, Loss:0.344, f1 0.868109, score 0.884309
[Epoch 146] Train time:2.09, Training accuracy:0.9960. Loss: 1.758 LR:0.000002
[Epoch 146] Validation accuracy:0.9162, Loss:0.344, f1 0.866029, score 0.882586
[Epoch 147] Train time:2.09, Training accuracy:0.9949. Loss: 1.761 LR:0.000002
[Epoch 147] Validation accuracy:0.9175, Loss:0.345, f1 0.867206, score 0.883803
[Epoch 148] Train time:2.09, Training accuracy:0.9948. Loss: 1.759 LR:0.000002
[Epoch 148] Validation accuracy:0.9166, Loss:0.345, f1 0.866083, score 0.882754
[Epoch 149] Train time:2.09, Training accuracy:0.9960. Loss: 1.755 LR:0.000002
[Epoch 149] Validation accuracy:0.9179, Loss:0.341, f1 0.869000, score 0.885137
[Epoch 150] Train time:2.09, Training accuracy:0.9959. Loss: 1.755 LR:0.000002
[Epoch 150] Validation accuracy:0.9172, Loss:0.340, f1 0.867880, score 0.884156
[Epoch 151] Train time:2.09, Training accuracy:0.9959. Loss: 1.756 LR:0.000002
[Epoch 151] Validation accuracy:0.9192, Loss:0.343, f1 0.865120, score 0.882966
[Epoch 152] Train time:2.09, Training accuracy:0.9955. Loss: 1.758 LR:0.000002
[Epoch 152] Validation accuracy:0.9159, Loss:0.350, f1 0.861473, score 0.879434
[Epoch 153] Train time:2.09, Training accuracy:0.9958. Loss: 1.757 LR:0.000002
[Epoch 153] Validation accuracy:0.9185, Loss:0.345, f1 0.868737, score 0.885159
[Epoch 154] Train time:2.09, Training accuracy:0.9960. Loss: 1.755 LR:0.000002
[Epoch 154] Validation accuracy:0.9179, Loss:0.343, f1 0.868276, score 0.884652
[Epoch 155] Train time:2.09, Training accuracy:0.9958. Loss: 1.759 LR:0.000002
[Epoch 155] Validation accuracy:0.9159, Loss:0.344, f1 0.864121, score 0.881208
[Epoch 156] Train time:2.09, Training accuracy:0.9956. Loss: 1.760 LR:0.000002
[Epoch 156] Validation accuracy:0.9175, Loss:0.344, f1 0.867821, score 0.884215
[Epoch 157] Train time:2.09, Training accuracy:0.9960. Loss: 1.754 LR:0.000002
[Epoch 157] Validation accuracy:0.9185, Loss:0.355, f1 0.870809, score 0.886547
[Epoch 158] Train time:2.09, Training accuracy:0.9959. Loss: 1.756 LR:0.000002
[Epoch 158] Validation accuracy:0.9182, Loss:0.345, f1 0.869930, score 0.885859
[Epoch 159] Train time:2.09, Training accuracy:0.9954. Loss: 1.760 LR:0.000002
[Epoch 159] Validation accuracy:0.9182, Loss:0.345, f1 0.869035, score 0.885260
[Epoch 160] Train time:2.09, Training accuracy:0.9958. Loss: 1.757 LR:0.000002
[Epoch 160] Validation accuracy:0.9179, Loss:0.345, f1 0.870224, score 0.885957
[Epoch 161] Train time:2.09, Training accuracy:0.9956. Loss: 1.759 LR:0.000002
[Epoch 161] Validation accuracy:0.9146, Loss:0.344, f1 0.866336, score 0.882263
[Epoch 162] Train time:2.09, Training accuracy:0.9958. Loss: 1.761 LR:0.000002
[Epoch 162] Validation accuracy:0.9179, Loss:0.342, f1 0.868321, score 0.884682
[Epoch 163] Train time:2.09, Training accuracy:0.9968. Loss: 1.749 LR:0.000002
[Epoch 163] Validation accuracy:0.9169, Loss:0.342, f1 0.866554, score 0.883168
[Epoch 164] Train time:2.09, Training accuracy:0.9971. Loss: 1.747 LR:0.000001
[Epoch 164] Validation accuracy:0.9192, Loss:0.341, f1 0.870555, score 0.886608
[Epoch 165] Train time:2.09, Training accuracy:0.9962. Loss: 1.752 LR:0.000001
[Epoch 165] Validation accuracy:0.9182, Loss:0.348, f1 0.867560, score 0.884272
[Epoch 166] Train time:2.09, Training accuracy:0.9963. Loss: 1.757 LR:0.000001
[Epoch 166] Validation accuracy:0.9179, Loss:0.336, f1 0.868735, score 0.884959
[Epoch 167] Train time:2.09, Training accuracy:0.9958. Loss: 1.755 LR:0.000001
[Epoch 167] Validation accuracy:0.9192, Loss:0.343, f1 0.872134, score 0.887666
[Epoch 168] Train time:2.09, Training accuracy:0.9966. Loss: 1.751 LR:0.000001
[Epoch 168] Validation accuracy:0.9172, Loss:0.342, f1 0.869421, score 0.885188
[Epoch 169] Train time:2.09, Training accuracy:0.9955. Loss: 1.758 LR:0.000001
[Epoch 169] Validation accuracy:0.9153, Loss:0.344, f1 0.866250, score 0.882437
[Epoch 170] Train time:2.09, Training accuracy:0.9958. Loss: 1.760 LR:0.000001
[Epoch 170] Validation accuracy:0.9198, Loss:0.341, f1 0.869021, score 0.885778
[Epoch 171] Train time:2.09, Training accuracy:0.9957. Loss: 1.759 LR:0.000001
[Epoch 171] Validation accuracy:0.9172, Loss:0.345, f1 0.866546, score 0.883262
[Epoch 172] Train time:2.09, Training accuracy:0.9964. Loss: 1.754 LR:0.000001
[Epoch 172] Validation accuracy:0.9188, Loss:0.340, f1 0.867215, score 0.884238
[Epoch 173] Train time:2.09, Training accuracy:0.9954. Loss: 1.760 LR:0.000001
[Epoch 173] Validation accuracy:0.9169, Loss:0.341, f1 0.866607, score 0.883204
[Epoch 174] Train time:2.09, Training accuracy:0.9970. Loss: 1.753 LR:0.000001
[Epoch 174] Validation accuracy:0.9192, Loss:0.341, f1 0.870111, score 0.886310
[Epoch 175] Train time:2.09, Training accuracy:0.9956. Loss: 1.758 LR:0.000001
[Epoch 175] Validation accuracy:0.9185, Loss:0.342, f1 0.868727, score 0.885152
[Epoch 176] Train time:2.09, Training accuracy:0.9965. Loss: 1.750 LR:0.000001
[Epoch 176] Validation accuracy:0.9172, Loss:0.345, f1 0.868572, score 0.884619
[Epoch 177] Train time:2.09, Training accuracy:0.9968. Loss: 1.751 LR:0.000001
[Epoch 177] Validation accuracy:0.9185, Loss:0.341, f1 0.869497, score 0.885668
[Epoch 178] Train time:2.09, Training accuracy:0.9962. Loss: 1.757 LR:0.000001
[Epoch 178] Validation accuracy:0.9169, Loss:0.354, f1 0.868755, score 0.884643
[Epoch 179] Train time:2.09, Training accuracy:0.9959. Loss: 1.753 LR:0.000001
[Epoch 179] Validation accuracy:0.9185, Loss:0.345, f1 0.870057, score 0.886043
[Epoch 180] Train time:2.09, Training accuracy:0.9957. Loss: 1.755 LR:0.000001
[Epoch 180] Validation accuracy:0.9192, Loss:0.342, f1 0.868542, score 0.885259
[Epoch 181] Train time:2.09, Training accuracy:0.9967. Loss: 1.751 LR:0.000001
[Epoch 181] Validation accuracy:0.9198, Loss:0.344, f1 0.870748, score 0.886935
[Epoch 182] Train time:2.09, Training accuracy:0.9967. Loss: 1.750 LR:0.000001
[Epoch 182] Validation accuracy:0.9179, Loss:0.342, f1 0.869855, score 0.885710
[Epoch 183] Train time:2.09, Training accuracy:0.9957. Loss: 1.758 LR:0.000001
[Epoch 183] Validation accuracy:0.9179, Loss:0.345, f1 0.867799, score 0.884332
[Epoch 184] Train time:2.09, Training accuracy:0.9958. Loss: 1.755 LR:0.000001
[Epoch 184] Validation accuracy:0.9182, Loss:0.341, f1 0.869178, score 0.885356
[Epoch 185] Train time:2.09, Training accuracy:0.9958. Loss: 1.752 LR:0.000001
[Epoch 185] Validation accuracy:0.9185, Loss:0.346, f1 0.870043, score 0.886034
[Epoch 186] Train time:2.09, Training accuracy:0.9961. Loss: 1.755 LR:0.000001
[Epoch 186] Validation accuracy:0.9179, Loss:0.341, f1 0.870723, score 0.886291
[Epoch 187] Train time:2.09, Training accuracy:0.9974. Loss: 1.744 LR:0.000001
[Epoch 187] Validation accuracy:0.9179, Loss:0.347, f1 0.868601, score 0.884870
[Epoch 188] Train time:2.09, Training accuracy:0.9967. Loss: 1.754 LR:0.000001
[Epoch 188] Validation accuracy:0.9192, Loss:0.342, f1 0.872095, score 0.887640
[Epoch 189] Train time:2.09, Training accuracy:0.9953. Loss: 1.755 LR:0.000001
[Epoch 189] Validation accuracy:0.9175, Loss:0.347, f1 0.871501, score 0.886680
[Epoch 190] Train time:2.09, Training accuracy:0.9967. Loss: 1.751 LR:0.000001
[Epoch 190] Validation accuracy:0.9175, Loss:0.341, f1 0.869605, score 0.885411
[Epoch 191] Train time:2.09, Training accuracy:0.9958. Loss: 1.753 LR:0.000001
[Epoch 191] Validation accuracy:0.9185, Loss:0.342, f1 0.872510, score 0.887687
[Epoch 192] Train time:2.09, Training accuracy:0.9958. Loss: 1.756 LR:0.000001
[Epoch 192] Validation accuracy:0.9188, Loss:0.341, f1 0.871182, score 0.886896
[Epoch 193] Train time:2.09, Training accuracy:0.9953. Loss: 1.758 LR:0.000001
[Epoch 193] Validation accuracy:0.9179, Loss:0.344, f1 0.868565, score 0.884845
[Epoch 194] Train time:2.09, Training accuracy:0.9967. Loss: 1.748 LR:0.000001
[Epoch 194] Validation accuracy:0.9159, Loss:0.341, f1 0.866855, score 0.883040
[Epoch 195] Train time:2.09, Training accuracy:0.9967. Loss: 1.752 LR:0.000001
[Epoch 195] Validation accuracy:0.9166, Loss:0.344, f1 0.868447, score 0.884337
[Epoch 196] Train time:2.09, Training accuracy:0.9963. Loss: 1.751 LR:0.000001
[Epoch 196] Validation accuracy:0.9185, Loss:0.346, f1 0.871546, score 0.887041
[Epoch 197] Train time:2.09, Training accuracy:0.9964. Loss: 1.753 LR:0.000001
[Epoch 197] Validation accuracy:0.9175, Loss:0.341, f1 0.868967, score 0.884983
[Epoch 198] Train time:2.09, Training accuracy:0.9962. Loss: 1.752 LR:0.000001
[Epoch 198] Validation accuracy:0.9185, Loss:0.340, f1 0.871348, score 0.886908
[Epoch 199] Train time:2.09, Training accuracy:0.9968. Loss: 1.750 LR:0.000001
[Epoch 199] Validation accuracy:0.9195, Loss:0.342, f1 0.873926, score 0.888966
[Epoch 200] Train time:2.09, Training accuracy:0.9964. Loss: 1.750 LR:0.000001
[Epoch 200] Validation accuracy:0.9188, Loss:0.339, f1 0.871254, score 0.886944
[Epoch 201] Train time:2.09, Training accuracy:0.9962. Loss: 1.751 LR:0.000001
[Epoch 201] Validation accuracy:0.9188, Loss:0.342, f1 0.872170, score 0.887558
[Epoch 202] Train time:2.09, Training accuracy:0.9965. Loss: 1.751 LR:0.000001
[Epoch 202] Validation accuracy:0.9169, Loss:0.343, f1 0.868341, score 0.884365
[Epoch 203] Train time:2.09, Training accuracy:0.9961. Loss: 1.752 LR:0.000001
[Epoch 203] Validation accuracy:0.9169, Loss:0.339, f1 0.867717, score 0.883948
[Epoch 204] Train time:2.09, Training accuracy:0.9969. Loss: 1.747 LR:0.000001
[Epoch 204] Validation accuracy:0.9192, Loss:0.344, f1 0.874162, score 0.889025
[Epoch 205] Train time:2.09, Training accuracy:0.9963. Loss: 1.751 LR:0.000001
[Epoch 205] Validation accuracy:0.9188, Loss:0.345, f1 0.874179, score 0.888904
[Epoch 206] Train time:2.09, Training accuracy:0.9968. Loss: 1.749 LR:0.000001
[Epoch 206] Validation accuracy:0.9175, Loss:0.342, f1 0.868491, score 0.884664
[Epoch 207] Train time:2.09, Training accuracy:0.9965. Loss: 1.751 LR:0.000001
[Epoch 207] Validation accuracy:0.9166, Loss:0.348, f1 0.866905, score 0.883305
[Epoch 208] Train time:2.09, Training accuracy:0.9964. Loss: 1.751 LR:0.000001
[Epoch 208] Validation accuracy:0.9156, Loss:0.354, f1 0.865710, score 0.882174
[Epoch 209] Train time:2.09, Training accuracy:0.9964. Loss: 1.751 LR:0.000001
[Epoch 209] Validation accuracy:0.9182, Loss:0.342, f1 0.870926, score 0.886527
[Epoch 210] Train time:2.09, Training accuracy:0.9968. Loss: 1.748 LR:0.000001
[Epoch 210] Validation accuracy:0.9198, Loss:0.350, f1 0.874784, score 0.889639
[Epoch 211] Train time:2.10, Training accuracy:0.9965. Loss: 1.753 LR:0.000001
[Epoch 211] Validation accuracy:0.9172, Loss:0.344, f1 0.868554, score 0.884607
[Epoch 212] Train time:2.10, Training accuracy:0.9962. Loss: 1.755 LR:0.000001
[Epoch 212] Validation accuracy:0.9179, Loss:0.341, f1 0.870113, score 0.885882
[Epoch 213] Train time:2.09, Training accuracy:0.9963. Loss: 1.753 LR:0.000001
[Epoch 213] Validation accuracy:0.9166, Loss:0.343, f1 0.867189, score 0.883494
[Epoch 214] Train time:2.09, Training accuracy:0.9966. Loss: 1.750 LR:0.000001
[Epoch 214] Validation accuracy:0.9166, Loss:0.342, f1 0.868194, score 0.884168
[Epoch 215] Train time:2.09, Training accuracy:0.9968. Loss: 1.751 LR:0.000001
[Epoch 215] Validation accuracy:0.9195, Loss:0.343, f1 0.872805, score 0.888214
[Epoch 216] Train time:2.09, Training accuracy:0.9961. Loss: 1.753 LR:0.000001
[Epoch 216] Validation accuracy:0.9159, Loss:0.343, f1 0.866506, score 0.882806
[Epoch 217] Train time:2.09, Training accuracy:0.9965. Loss: 1.748 LR:0.000001
[Epoch 217] Validation accuracy:0.9179, Loss:0.340, f1 0.869017, score 0.885148
[Epoch 218] Train time:2.09, Training accuracy:0.9968. Loss: 1.749 LR:0.000000
[Epoch 218] Validation accuracy:0.9172, Loss:0.347, f1 0.868156, score 0.884340
[Epoch 219] Train time:2.09, Training accuracy:0.9955. Loss: 1.754 LR:0.000000
[Epoch 219] Validation accuracy:0.9182, Loss:0.342, f1 0.868266, score 0.884744
[Epoch 220] Train time:2.09, Training accuracy:0.9963. Loss: 1.756 LR:0.000000
[Epoch 220] Validation accuracy:0.9182, Loss:0.342, f1 0.869138, score 0.885328
[Epoch 221] Train time:2.09, Training accuracy:0.9968. Loss: 1.749 LR:0.000000
[Epoch 221] Validation accuracy:0.9169, Loss:0.341, f1 0.867087, score 0.883525
[Epoch 222] Train time:2.10, Training accuracy:0.9967. Loss: 1.749 LR:0.000000
[Epoch 222] Validation accuracy:0.9169, Loss:0.344, f1 0.868942, score 0.884768
[Epoch 223] Train time:2.09, Training accuracy:0.9969. Loss: 1.747 LR:0.000000
[Epoch 223] Validation accuracy:0.9185, Loss:0.343, f1 0.870337, score 0.886231
[Epoch 224] Train time:2.09, Training accuracy:0.9971. Loss: 1.749 LR:0.000000
[Epoch 224] Validation accuracy:0.9188, Loss:0.342, f1 0.871498, score 0.887108
[Epoch 225] Train time:2.09, Training accuracy:0.9967. Loss: 1.750 LR:0.000000
[Epoch 225] Validation accuracy:0.9172, Loss:0.345, f1 0.868159, score 0.884343
[Epoch 226] Train time:2.09, Training accuracy:0.9971. Loss: 1.748 LR:0.000000
[Epoch 226] Validation accuracy:0.9169, Loss:0.339, f1 0.866390, score 0.883058
[Epoch 227] Train time:2.09, Training accuracy:0.9966. Loss: 1.750 LR:0.000000
[Epoch 227] Validation accuracy:0.9192, Loss:0.340, f1 0.870746, score 0.886736
[Epoch 228] Train time:2.09, Training accuracy:0.9967. Loss: 1.754 LR:0.000000
[Epoch 228] Validation accuracy:0.9185, Loss:0.342, f1 0.869840, score 0.885898
[Epoch 229] Train time:2.10, Training accuracy:0.9963. Loss: 1.752 LR:0.000000
[Epoch 229] Validation accuracy:0.9175, Loss:0.342, f1 0.868636, score 0.884761
[Epoch 230] Train time:2.09, Training accuracy:0.9979. Loss: 1.742 LR:0.000000
[Epoch 230] Validation accuracy:0.9162, Loss:0.347, f1 0.866514, score 0.882910
[Epoch 231] Train time:2.09, Training accuracy:0.9974. Loss: 1.748 LR:0.000000
[Epoch 231] Validation accuracy:0.9175, Loss:0.345, f1 0.868689, score 0.884796
[Epoch 232] Train time:2.09, Training accuracy:0.9963. Loss: 1.750 LR:0.000000
[Epoch 232] Validation accuracy:0.9172, Loss:0.344, f1 0.867621, score 0.883982
[Epoch 233] Train time:2.09, Training accuracy:0.9967. Loss: 1.751 LR:0.000000
[Epoch 233] Validation accuracy:0.9175, Loss:0.346, f1 0.869015, score 0.885015
[Epoch 234] Train time:2.10, Training accuracy:0.9969. Loss: 1.747 LR:0.000000
[Epoch 234] Validation accuracy:0.9182, Loss:0.346, f1 0.869587, score 0.885629
[Epoch 235] Train time:2.09, Training accuracy:0.9969. Loss: 1.747 LR:0.000000
[Epoch 235] Validation accuracy:0.9172, Loss:0.346, f1 0.868271, score 0.884417
[Epoch 236] Train time:2.09, Training accuracy:0.9962. Loss: 1.753 LR:0.000000
[Epoch 236] Validation accuracy:0.9166, Loss:0.347, f1 0.867820, score 0.883917
[Epoch 237] Train time:2.09, Training accuracy:0.9963. Loss: 1.752 LR:0.000000
[Epoch 237] Validation accuracy:0.9169, Loss:0.343, f1 0.867629, score 0.883889
[Epoch 238] Train time:2.09, Training accuracy:0.9960. Loss: 1.756 LR:0.000000
[Epoch 238] Validation accuracy:0.9182, Loss:0.344, f1 0.869627, score 0.885656
[Epoch 239] Train time:2.09, Training accuracy:0.9965. Loss: 1.748 LR:0.000000
[Epoch 239] Validation accuracy:0.9192, Loss:0.343, f1 0.870090, score 0.886296
[Epoch 240] Train time:2.09, Training accuracy:0.9967. Loss: 1.748 LR:0.000000
[Epoch 240] Validation accuracy:0.9185, Loss:0.345, f1 0.870114, score 0.886081
[Epoch 241] Train time:2.10, Training accuracy:0.9967. Loss: 1.750 LR:0.000000
[Epoch 241] Validation accuracy:0.9192, Loss:0.349, f1 0.871206, score 0.887044
[Epoch 242] Train time:2.09, Training accuracy:0.9971. Loss: 1.747 LR:0.000000
[Epoch 242] Validation accuracy:0.9185, Loss:0.343, f1 0.868813, score 0.885210
[Epoch 243] Train time:2.09, Training accuracy:0.9961. Loss: 1.752 LR:0.000000
[Epoch 243] Validation accuracy:0.9179, Loss:0.344, f1 0.868982, score 0.885125
[Epoch 244] Train time:2.09, Training accuracy:0.9970. Loss: 1.749 LR:0.000000
[Epoch 244] Validation accuracy:0.9195, Loss:0.342, f1 0.871856, score 0.887579
[Epoch 245] Train time:2.09, Training accuracy:0.9970. Loss: 1.747 LR:0.000000
[Epoch 245] Validation accuracy:0.9188, Loss:0.340, f1 0.871753, score 0.887278
[Epoch 246] Train time:2.09, Training accuracy:0.9958. Loss: 1.755 LR:0.000000
[Epoch 246] Validation accuracy:0.9169, Loss:0.345, f1 0.868015, score 0.884147
[Epoch 247] Train time:2.09, Training accuracy:0.9958. Loss: 1.750 LR:0.000000
[Epoch 247] Validation accuracy:0.9169, Loss:0.344, f1 0.867731, score 0.883957
[Epoch 248] Train time:2.09, Training accuracy:0.9972. Loss: 1.745 LR:0.000000
[Epoch 248] Validation accuracy:0.9169, Loss:0.343, f1 0.867469, score 0.883781
[Epoch 249] Train time:2.09, Training accuracy:0.9968. Loss: 1.748 LR:0.000000
[Epoch 249] Validation accuracy:0.9182, Loss:0.343, f1 0.868328, score 0.884786
[Epoch 250] Train time:2.09, Training accuracy:0.9978. Loss: 1.744 LR:0.000000
[Epoch 250] Validation accuracy:0.9201, Loss:0.338, f1 0.873832, score 0.889101
