Work on GPU:  0,1
load_weight 304
Train set size: 12271
Validation set size: 3068
batch_size: 120
Total Parameters: 61.164M
[Epoch 1] Train time:2.45, Training accuracy:0.6603. Loss: 3.889 LR:0.000040
[Epoch 1] Validation accuracy:0.8592, Loss:0.538, f1 0.742715, score 0.781155
best_acc:0.8592
[Epoch 2] Train time:2.45, Training accuracy:0.7999. Loss: 3.038 LR:0.000039
[Epoch 2] Validation accuracy:0.8856, Loss:0.464, f1 0.812894, score 0.836887
best_acc:0.8856
[Epoch 3] Train time:2.45, Training accuracy:0.8386. Loss: 2.823 LR:0.000038
[Epoch 3] Validation accuracy:0.8849, Loss:0.467, f1 0.819270, score 0.840928
[Epoch 4] Train time:2.44, Training accuracy:0.8626. Loss: 2.689 LR:0.000038
[Epoch 4] Validation accuracy:0.8973, Loss:0.416, f1 0.842860, score 0.860825
best_acc:0.8973
[Epoch 5] Train time:2.44, Training accuracy:0.8849. Loss: 2.536 LR:0.000037
[Epoch 5] Validation accuracy:0.8934, Loss:0.416, f1 0.836635, score 0.855367
[Epoch 6] Train time:2.45, Training accuracy:0.9019. Loss: 2.441 LR:0.000036
[Epoch 6] Validation accuracy:0.9042, Loss:0.389, f1 0.839555, score 0.860888
best_acc:0.9042
[Epoch 7] Train time:2.45, Training accuracy:0.9153. Loss: 2.361 LR:0.000035
[Epoch 7] Validation accuracy:0.9143, Loss:0.363, f1 0.857977, score 0.876564
Model saved.
best_acc:0.9143
[Epoch 8] Train time:2.45, Training accuracy:0.9263. Loss: 2.297 LR:0.000035
[Epoch 8] Validation accuracy:0.9019, Loss:0.382, f1 0.844639, score 0.863535
[Epoch 9] Train time:2.45, Training accuracy:0.9341. Loss: 2.238 LR:0.000034
[Epoch 9] Validation accuracy:0.9104, Loss:0.356, f1 0.854941, score 0.873242
[Epoch 10] Train time:2.45, Training accuracy:0.9430. Loss: 2.183 LR:0.000033
[Epoch 10] Validation accuracy:0.9110, Loss:0.369, f1 0.854384, score 0.873067
[Epoch 11] Train time:2.46, Training accuracy:0.9532. Loss: 2.123 LR:0.000033
[Epoch 11] Validation accuracy:0.9071, Loss:0.356, f1 0.852667, score 0.870630
[Epoch 12] Train time:2.45, Training accuracy:0.9557. Loss: 2.101 LR:0.000032
[Epoch 12] Validation accuracy:0.9094, Loss:0.365, f1 0.851895, score 0.870872
[Epoch 13] Train time:2.45, Training accuracy:0.9590. Loss: 2.076 LR:0.000031
[Epoch 13] Validation accuracy:0.9159, Loss:0.352, f1 0.867659, score 0.883578
Model saved.
best_acc:0.9159
[Epoch 14] Train time:2.45, Training accuracy:0.9617. Loss: 2.062 LR:0.000031
[Epoch 14] Validation accuracy:0.9126, Loss:0.362, f1 0.859450, score 0.876989
[Epoch 15] Train time:2.45, Training accuracy:0.9648. Loss: 2.040 LR:0.000030
[Epoch 15] Validation accuracy:0.9113, Loss:0.360, f1 0.858824, score 0.876141
[Epoch 16] Train time:2.45, Training accuracy:0.9685. Loss: 2.017 LR:0.000030
[Epoch 16] Validation accuracy:0.9133, Loss:0.353, f1 0.858095, score 0.876313
[Epoch 17] Train time:2.45, Training accuracy:0.9723. Loss: 1.989 LR:0.000029
[Epoch 17] Validation accuracy:0.9078, Loss:0.361, f1 0.854607, score 0.872161
[Epoch 18] Train time:2.45, Training accuracy:0.9728. Loss: 1.985 LR:0.000028
[Epoch 18] Validation accuracy:0.9130, Loss:0.355, f1 0.858536, score 0.876509
[Epoch 19] Train time:2.45, Training accuracy:0.9728. Loss: 1.975 LR:0.000028
[Epoch 19] Validation accuracy:0.9097, Loss:0.360, f1 0.859753, score 0.876235
[Epoch 20] Train time:2.45, Training accuracy:0.9756. Loss: 1.959 LR:0.000027
[Epoch 20] Validation accuracy:0.9153, Loss:0.357, f1 0.861801, score 0.879456
[Epoch 21] Train time:2.45, Training accuracy:0.9773. Loss: 1.939 LR:0.000027
[Epoch 21] Validation accuracy:0.9153, Loss:0.354, f1 0.861214, score 0.879062
[Epoch 22] Train time:2.44, Training accuracy:0.9779. Loss: 1.942 LR:0.000026
[Epoch 22] Validation accuracy:0.9156, Loss:0.357, f1 0.864255, score 0.881199
[Epoch 23] Train time:2.45, Training accuracy:0.9780. Loss: 1.944 LR:0.000026
[Epoch 23] Validation accuracy:0.9140, Loss:0.359, f1 0.863287, score 0.880023
[Epoch 24] Train time:2.45, Training accuracy:0.9778. Loss: 1.938 LR:0.000025
[Epoch 24] Validation accuracy:0.9156, Loss:0.345, f1 0.861453, score 0.879322
[Epoch 25] Train time:2.45, Training accuracy:0.9816. Loss: 1.909 LR:0.000025
[Epoch 25] Validation accuracy:0.9091, Loss:0.358, f1 0.847830, score 0.868049
[Epoch 26] Train time:2.45, Training accuracy:0.9818. Loss: 1.901 LR:0.000024
[Epoch 26] Validation accuracy:0.9156, Loss:0.354, f1 0.863554, score 0.880729
[Epoch 27] Train time:2.44, Training accuracy:0.9808. Loss: 1.904 LR:0.000024
[Epoch 27] Validation accuracy:0.9143, Loss:0.347, f1 0.867419, score 0.882890
[Epoch 28] Train time:2.45, Training accuracy:0.9817. Loss: 1.906 LR:0.000023
[Epoch 28] Validation accuracy:0.9097, Loss:0.370, f1 0.857370, score 0.874639
[Epoch 29] Train time:2.45, Training accuracy:0.9818. Loss: 1.896 LR:0.000023
[Epoch 29] Validation accuracy:0.9133, Loss:0.358, f1 0.856755, score 0.875415
[Epoch 30] Train time:2.46, Training accuracy:0.9835. Loss: 1.884 LR:0.000022
[Epoch 30] Validation accuracy:0.9097, Loss:0.356, f1 0.851084, score 0.870427
[Epoch 31] Train time:2.45, Training accuracy:0.9831. Loss: 1.889 LR:0.000022
[Epoch 31] Validation accuracy:0.9123, Loss:0.363, f1 0.858923, score 0.876538
[Epoch 32] Train time:2.45, Training accuracy:0.9822. Loss: 1.883 LR:0.000021
[Epoch 32] Validation accuracy:0.9110, Loss:0.365, f1 0.855554, score 0.873851
[Epoch 33] Train time:2.45, Training accuracy:0.9832. Loss: 1.883 LR:0.000021
[Epoch 33] Validation accuracy:0.9117, Loss:0.354, f1 0.852138, score 0.871793
[Epoch 34] Train time:2.45, Training accuracy:0.9809. Loss: 1.895 LR:0.000021
[Epoch 34] Validation accuracy:0.9143, Loss:0.354, f1 0.852337, score 0.872785
[Epoch 35] Train time:2.46, Training accuracy:0.9841. Loss: 1.878 LR:0.000020
[Epoch 35] Validation accuracy:0.9133, Loss:0.352, f1 0.857299, score 0.875780
[Epoch 36] Train time:2.49, Training accuracy:0.9829. Loss: 1.880 LR:0.000020
[Epoch 36] Validation accuracy:0.9153, Loss:0.361, f1 0.864725, score 0.881415
[Epoch 37] Train time:2.51, Training accuracy:0.9833. Loss: 1.873 LR:0.000019
[Epoch 37] Validation accuracy:0.9188, Loss:0.358, f1 0.867463, score 0.884404
Model saved.
best_acc:0.9188
[Epoch 38] Train time:2.47, Training accuracy:0.9851. Loss: 1.867 LR:0.000019
[Epoch 38] Validation accuracy:0.9110, Loss:0.367, f1 0.854631, score 0.873232
[Epoch 39] Train time:2.47, Training accuracy:0.9875. Loss: 1.849 LR:0.000019
[Epoch 39] Validation accuracy:0.9182, Loss:0.344, f1 0.867864, score 0.884475
[Epoch 40] Train time:2.46, Training accuracy:0.9867. Loss: 1.856 LR:0.000018
[Epoch 40] Validation accuracy:0.9182, Loss:0.341, f1 0.870208, score 0.886045
[Epoch 41] Train time:2.47, Training accuracy:0.9863. Loss: 1.856 LR:0.000018
[Epoch 41] Validation accuracy:0.9166, Loss:0.353, f1 0.865498, score 0.882362
[Epoch 42] Train time:2.49, Training accuracy:0.9843. Loss: 1.862 LR:0.000017
[Epoch 42] Validation accuracy:0.9136, Loss:0.355, f1 0.863562, score 0.880074
[Epoch 43] Train time:2.48, Training accuracy:0.9875. Loss: 1.845 LR:0.000017
[Epoch 43] Validation accuracy:0.9100, Loss:0.359, f1 0.847492, score 0.868120
[Epoch 44] Train time:2.46, Training accuracy:0.9861. Loss: 1.853 LR:0.000017
[Epoch 44] Validation accuracy:0.9123, Loss:0.354, f1 0.857572, score 0.875632
[Epoch 45] Train time:2.48, Training accuracy:0.9870. Loss: 1.843 LR:0.000016
[Epoch 45] Validation accuracy:0.9159, Loss:0.352, f1 0.869310, score 0.884684
[Epoch 46] Train time:2.47, Training accuracy:0.9872. Loss: 1.841 LR:0.000016
[Epoch 46] Validation accuracy:0.9156, Loss:0.354, f1 0.866782, score 0.882892
[Epoch 47] Train time:2.48, Training accuracy:0.9873. Loss: 1.842 LR:0.000016
[Epoch 47] Validation accuracy:0.9143, Loss:0.355, f1 0.865593, score 0.881667
[Epoch 48] Train time:2.46, Training accuracy:0.9866. Loss: 1.844 LR:0.000015
[Epoch 48] Validation accuracy:0.9113, Loss:0.359, f1 0.862571, score 0.878651
[Epoch 49] Train time:2.46, Training accuracy:0.9866. Loss: 1.840 LR:0.000015
[Epoch 49] Validation accuracy:0.9140, Loss:0.359, f1 0.859752, score 0.877654
[Epoch 50] Train time:2.46, Training accuracy:0.9888. Loss: 1.827 LR:0.000015
[Epoch 50] Validation accuracy:0.9120, Loss:0.360, f1 0.860388, score 0.877420
[Epoch 51] Train time:2.46, Training accuracy:0.9892. Loss: 1.829 LR:0.000015
[Epoch 51] Validation accuracy:0.9162, Loss:0.350, f1 0.868201, score 0.884041
[Epoch 52] Train time:2.46, Training accuracy:0.9878. Loss: 1.828 LR:0.000014
[Epoch 52] Validation accuracy:0.9182, Loss:0.347, f1 0.863805, score 0.881755
[Epoch 53] Train time:2.46, Training accuracy:0.9885. Loss: 1.825 LR:0.000014
[Epoch 53] Validation accuracy:0.9126, Loss:0.364, f1 0.862066, score 0.878742
[Epoch 54] Train time:2.46, Training accuracy:0.9882. Loss: 1.826 LR:0.000014
[Epoch 54] Validation accuracy:0.9120, Loss:0.362, f1 0.858941, score 0.876451
[Epoch 55] Train time:2.46, Training accuracy:0.9881. Loss: 1.826 LR:0.000013
[Epoch 55] Validation accuracy:0.9126, Loss:0.359, f1 0.862067, score 0.878743
[Epoch 56] Train time:2.46, Training accuracy:0.9899. Loss: 1.820 LR:0.000013
[Epoch 56] Validation accuracy:0.9120, Loss:0.358, f1 0.861919, score 0.878446
[Epoch 57] Train time:2.46, Training accuracy:0.9887. Loss: 1.827 LR:0.000013
[Epoch 57] Validation accuracy:0.9156, Loss:0.343, f1 0.863549, score 0.880726
[Epoch 58] Train time:2.45, Training accuracy:0.9892. Loss: 1.818 LR:0.000013
[Epoch 58] Validation accuracy:0.9159, Loss:0.355, f1 0.865497, score 0.882130
[Epoch 59] Train time:2.46, Training accuracy:0.9905. Loss: 1.811 LR:0.000012
[Epoch 59] Validation accuracy:0.9156, Loss:0.350, f1 0.863238, score 0.880518
[Epoch 60] Train time:2.46, Training accuracy:0.9892. Loss: 1.820 LR:0.000012
[Epoch 60] Validation accuracy:0.9149, Loss:0.345, f1 0.865549, score 0.881835
[Epoch 61] Train time:2.45, Training accuracy:0.9877. Loss: 1.826 LR:0.000012
[Epoch 61] Validation accuracy:0.9162, Loss:0.361, f1 0.865717, score 0.882377
[Epoch 62] Train time:2.46, Training accuracy:0.9910. Loss: 1.809 LR:0.000012
[Epoch 62] Validation accuracy:0.9192, Loss:0.352, f1 0.867283, score 0.884416
Model saved.
best_acc:0.9192
[Epoch 63] Train time:2.47, Training accuracy:0.9893. Loss: 1.817 LR:0.000011
[Epoch 63] Validation accuracy:0.9146, Loss:0.355, f1 0.864064, score 0.880741
[Epoch 64] Train time:2.46, Training accuracy:0.9912. Loss: 1.805 LR:0.000011
[Epoch 64] Validation accuracy:0.9149, Loss:0.351, f1 0.865320, score 0.881682
[Epoch 65] Train time:2.46, Training accuracy:0.9899. Loss: 1.815 LR:0.000011
[Epoch 65] Validation accuracy:0.9146, Loss:0.356, f1 0.865204, score 0.881504
[Epoch 66] Train time:2.47, Training accuracy:0.9906. Loss: 1.809 LR:0.000011
[Epoch 66] Validation accuracy:0.9182, Loss:0.351, f1 0.866699, score 0.883694
[Epoch 67] Train time:2.46, Training accuracy:0.9915. Loss: 1.802 LR:0.000011
[Epoch 67] Validation accuracy:0.9153, Loss:0.352, f1 0.866075, score 0.882319
[Epoch 68] Train time:2.45, Training accuracy:0.9914. Loss: 1.798 LR:0.000010
[Epoch 68] Validation accuracy:0.9140, Loss:0.353, f1 0.863229, score 0.879984
[Epoch 69] Train time:2.46, Training accuracy:0.9900. Loss: 1.809 LR:0.000010
[Epoch 69] Validation accuracy:0.9113, Loss:0.363, f1 0.860917, score 0.877544
[Epoch 70] Train time:2.46, Training accuracy:0.9927. Loss: 1.794 LR:0.000010
[Epoch 70] Validation accuracy:0.9120, Loss:0.357, f1 0.858175, score 0.875937
[Epoch 71] Train time:2.46, Training accuracy:0.9915. Loss: 1.801 LR:0.000010
[Epoch 71] Validation accuracy:0.9120, Loss:0.359, f1 0.855747, score 0.874310
[Epoch 72] Train time:2.45, Training accuracy:0.9922. Loss: 1.795 LR:0.000010
[Epoch 72] Validation accuracy:0.9156, Loss:0.347, f1 0.866892, score 0.882965
[Epoch 73] Train time:2.46, Training accuracy:0.9893. Loss: 1.807 LR:0.000009
[Epoch 73] Validation accuracy:0.9117, Loss:0.355, f1 0.859890, score 0.876987
[Epoch 74] Train time:2.46, Training accuracy:0.9915. Loss: 1.802 LR:0.000009
[Epoch 74] Validation accuracy:0.9156, Loss:0.347, f1 0.866221, score 0.882516
[Epoch 75] Train time:2.45, Training accuracy:0.9913. Loss: 1.799 LR:0.000009
[Epoch 75] Validation accuracy:0.9166, Loss:0.350, f1 0.867283, score 0.883557
[Epoch 76] Train time:2.46, Training accuracy:0.9905. Loss: 1.800 LR:0.000009
[Epoch 76] Validation accuracy:0.9188, Loss:0.349, f1 0.869890, score 0.886030
[Epoch 77] Train time:2.45, Training accuracy:0.9911. Loss: 1.794 LR:0.000009
[Epoch 77] Validation accuracy:0.9182, Loss:0.348, f1 0.864298, score 0.882086
[Epoch 78] Train time:2.46, Training accuracy:0.9926. Loss: 1.790 LR:0.000008
[Epoch 78] Validation accuracy:0.9162, Loss:0.351, f1 0.866808, score 0.883107
[Epoch 79] Train time:2.46, Training accuracy:0.9924. Loss: 1.793 LR:0.000008
[Epoch 79] Validation accuracy:0.9172, Loss:0.351, f1 0.865349, score 0.882460
[Epoch 80] Train time:2.46, Training accuracy:0.9910. Loss: 1.792 LR:0.000008
[Epoch 80] Validation accuracy:0.9156, Loss:0.349, f1 0.868895, score 0.884307
[Epoch 81] Train time:2.46, Training accuracy:0.9927. Loss: 1.790 LR:0.000008
[Epoch 81] Validation accuracy:0.9159, Loss:0.346, f1 0.863436, score 0.880749
[Epoch 82] Train time:2.46, Training accuracy:0.9927. Loss: 1.785 LR:0.000008
[Epoch 82] Validation accuracy:0.9162, Loss:0.350, f1 0.864797, score 0.881760
[Epoch 83] Train time:2.46, Training accuracy:0.9924. Loss: 1.787 LR:0.000008
[Epoch 83] Validation accuracy:0.9162, Loss:0.353, f1 0.864039, score 0.881252
[Epoch 84] Train time:2.46, Training accuracy:0.9932. Loss: 1.781 LR:0.000007
[Epoch 84] Validation accuracy:0.9185, Loss:0.344, f1 0.871199, score 0.886809
[Epoch 85] Train time:2.46, Training accuracy:0.9927. Loss: 1.787 LR:0.000007
[Epoch 85] Validation accuracy:0.9195, Loss:0.341, f1 0.870796, score 0.886868
Model saved.
best_acc:0.9195
[Epoch 86] Train time:2.46, Training accuracy:0.9919. Loss: 1.794 LR:0.000007
[Epoch 86] Validation accuracy:0.9211, Loss:0.339, f1 0.873724, score 0.889358
Model saved.
best_acc:0.9211
[Epoch 87] Train time:2.45, Training accuracy:0.9941. Loss: 1.778 LR:0.000007
[Epoch 87] Validation accuracy:0.9188, Loss:0.340, f1 0.869655, score 0.885873
[Epoch 88] Train time:2.46, Training accuracy:0.9928. Loss: 1.781 LR:0.000007
[Epoch 88] Validation accuracy:0.9182, Loss:0.347, f1 0.867083, score 0.883952
[Epoch 89] Train time:2.46, Training accuracy:0.9923. Loss: 1.789 LR:0.000007
[Epoch 89] Validation accuracy:0.9179, Loss:0.347, f1 0.863743, score 0.881615
[Epoch 90] Train time:2.46, Training accuracy:0.9932. Loss: 1.780 LR:0.000007
[Epoch 90] Validation accuracy:0.9205, Loss:0.345, f1 0.869290, score 0.886189
[Epoch 91] Train time:2.46, Training accuracy:0.9927. Loss: 1.785 LR:0.000006
[Epoch 91] Validation accuracy:0.9182, Loss:0.346, f1 0.868417, score 0.884845
[Epoch 92] Train time:2.46, Training accuracy:0.9941. Loss: 1.779 LR:0.000006
[Epoch 92] Validation accuracy:0.9179, Loss:0.344, f1 0.863485, score 0.881442
[Epoch 93] Train time:2.46, Training accuracy:0.9938. Loss: 1.779 LR:0.000006
[Epoch 93] Validation accuracy:0.9149, Loss:0.348, f1 0.863251, score 0.880295
[Epoch 94] Train time:2.45, Training accuracy:0.9934. Loss: 1.780 LR:0.000006
[Epoch 94] Validation accuracy:0.9153, Loss:0.349, f1 0.859243, score 0.877742
[Epoch 95] Train time:2.46, Training accuracy:0.9937. Loss: 1.782 LR:0.000006
[Epoch 95] Validation accuracy:0.9172, Loss:0.344, f1 0.864855, score 0.882129
[Epoch 96] Train time:2.46, Training accuracy:0.9935. Loss: 1.776 LR:0.000006
[Epoch 96] Validation accuracy:0.9172, Loss:0.352, f1 0.860853, score 0.879448
[Epoch 97] Train time:2.46, Training accuracy:0.9945. Loss: 1.773 LR:0.000006
[Epoch 97] Validation accuracy:0.9201, Loss:0.344, f1 0.868477, score 0.885512
[Epoch 98] Train time:2.46, Training accuracy:0.9941. Loss: 1.776 LR:0.000006
[Epoch 98] Validation accuracy:0.9169, Loss:0.346, f1 0.864538, score 0.881817
[Epoch 99] Train time:2.46, Training accuracy:0.9951. Loss: 1.764 LR:0.000006
[Epoch 99] Validation accuracy:0.9153, Loss:0.350, f1 0.862226, score 0.879740
[Epoch 100] Train time:2.46, Training accuracy:0.9936. Loss: 1.777 LR:0.000005
[Epoch 100] Validation accuracy:0.9117, Loss:0.353, f1 0.861068, score 0.877777
[Epoch 101] Train time:2.46, Training accuracy:0.9936. Loss: 1.777 LR:0.000005
[Epoch 101] Validation accuracy:0.9166, Loss:0.345, f1 0.868603, score 0.884442
[Epoch 102] Train time:2.46, Training accuracy:0.9949. Loss: 1.767 LR:0.000005
[Epoch 102] Validation accuracy:0.9153, Loss:0.349, f1 0.864759, score 0.881438
[Epoch 103] Train time:2.46, Training accuracy:0.9944. Loss: 1.770 LR:0.000005
[Epoch 103] Validation accuracy:0.9185, Loss:0.343, f1 0.867558, score 0.884369
[Epoch 104] Train time:2.46, Training accuracy:0.9947. Loss: 1.769 LR:0.000005
[Epoch 104] Validation accuracy:0.9198, Loss:0.346, f1 0.867630, score 0.884846
[Epoch 105] Train time:2.46, Training accuracy:0.9944. Loss: 1.772 LR:0.000005
[Epoch 105] Validation accuracy:0.9192, Loss:0.347, f1 0.870522, score 0.886586
[Epoch 106] Train time:2.46, Training accuracy:0.9948. Loss: 1.768 LR:0.000005
[Epoch 106] Validation accuracy:0.9175, Loss:0.341, f1 0.864220, score 0.881802
[Epoch 107] Train time:2.46, Training accuracy:0.9939. Loss: 1.771 LR:0.000005
[Epoch 107] Validation accuracy:0.9162, Loss:0.357, f1 0.864571, score 0.881608
[Epoch 108] Train time:2.46, Training accuracy:0.9944. Loss: 1.767 LR:0.000005
[Epoch 108] Validation accuracy:0.9211, Loss:0.342, f1 0.871285, score 0.887724
[Epoch 109] Train time:2.46, Training accuracy:0.9945. Loss: 1.765 LR:0.000005
[Epoch 109] Validation accuracy:0.9224, Loss:0.339, f1 0.870505, score 0.887631
Model saved.
best_acc:0.9224
[Epoch 110] Train time:2.46, Training accuracy:0.9947. Loss: 1.767 LR:0.000004
[Epoch 110] Validation accuracy:0.9188, Loss:0.345, f1 0.869534, score 0.885792
[Epoch 111] Train time:2.46, Training accuracy:0.9949. Loss: 1.765 LR:0.000004
[Epoch 111] Validation accuracy:0.9195, Loss:0.342, f1 0.869109, score 0.885738
[Epoch 112] Train time:2.46, Training accuracy:0.9950. Loss: 1.766 LR:0.000004
[Epoch 112] Validation accuracy:0.9198, Loss:0.339, f1 0.872682, score 0.888231
[Epoch 113] Train time:2.45, Training accuracy:0.9937. Loss: 1.769 LR:0.000004
[Epoch 113] Validation accuracy:0.9159, Loss:0.348, f1 0.865693, score 0.882261
[Epoch 114] Train time:2.46, Training accuracy:0.9956. Loss: 1.760 LR:0.000004
[Epoch 114] Validation accuracy:0.9198, Loss:0.343, f1 0.870723, score 0.886919
[Epoch 115] Train time:2.45, Training accuracy:0.9943. Loss: 1.772 LR:0.000004
[Epoch 115] Validation accuracy:0.9195, Loss:0.343, f1 0.870208, score 0.886475
[Epoch 116] Train time:2.46, Training accuracy:0.9954. Loss: 1.764 LR:0.000004
[Epoch 116] Validation accuracy:0.9211, Loss:0.344, f1 0.869944, score 0.886825
[Epoch 117] Train time:2.46, Training accuracy:0.9958. Loss: 1.758 LR:0.000004
[Epoch 117] Validation accuracy:0.9169, Loss:0.347, f1 0.864084, score 0.881514
[Epoch 118] Train time:2.46, Training accuracy:0.9958. Loss: 1.760 LR:0.000004
[Epoch 118] Validation accuracy:0.9169, Loss:0.348, f1 0.866445, score 0.883095
[Epoch 119] Train time:2.46, Training accuracy:0.9949. Loss: 1.763 LR:0.000004
[Epoch 119] Validation accuracy:0.9188, Loss:0.343, f1 0.867754, score 0.884599
[Epoch 120] Train time:2.46, Training accuracy:0.9941. Loss: 1.770 LR:0.000004
[Epoch 120] Validation accuracy:0.9182, Loss:0.342, f1 0.867557, score 0.884269
[Epoch 121] Train time:2.45, Training accuracy:0.9949. Loss: 1.764 LR:0.000004
[Epoch 121] Validation accuracy:0.9172, Loss:0.344, f1 0.868473, score 0.884553
[Epoch 122] Train time:2.46, Training accuracy:0.9941. Loss: 1.775 LR:0.000003
[Epoch 122] Validation accuracy:0.9169, Loss:0.347, f1 0.867645, score 0.883899
[Epoch 123] Train time:2.47, Training accuracy:0.9954. Loss: 1.762 LR:0.000003
[Epoch 123] Validation accuracy:0.9185, Loss:0.346, f1 0.871968, score 0.887323
[Epoch 124] Train time:2.46, Training accuracy:0.9961. Loss: 1.756 LR:0.000003
[Epoch 124] Validation accuracy:0.9153, Loss:0.348, f1 0.863980, score 0.880916
[Epoch 125] Train time:2.47, Training accuracy:0.9945. Loss: 1.770 LR:0.000003
[Epoch 125] Validation accuracy:0.9143, Loss:0.353, f1 0.862616, score 0.879671
[Epoch 126] Train time:2.46, Training accuracy:0.9957. Loss: 1.765 LR:0.000003
[Epoch 126] Validation accuracy:0.9166, Loss:0.347, f1 0.865139, score 0.882121
[Epoch 127] Train time:2.46, Training accuracy:0.9953. Loss: 1.761 LR:0.000003
[Epoch 127] Validation accuracy:0.9172, Loss:0.342, f1 0.865184, score 0.882350
[Epoch 128] Train time:2.46, Training accuracy:0.9946. Loss: 1.765 LR:0.000003
[Epoch 128] Validation accuracy:0.9188, Loss:0.340, f1 0.867717, score 0.884574
[Epoch 129] Train time:2.46, Training accuracy:0.9949. Loss: 1.764 LR:0.000003
[Epoch 129] Validation accuracy:0.9192, Loss:0.341, f1 0.868273, score 0.885079
[Epoch 130] Train time:2.47, Training accuracy:0.9945. Loss: 1.765 LR:0.000003
[Epoch 130] Validation accuracy:0.9175, Loss:0.341, f1 0.866249, score 0.883162
[Epoch 131] Train time:2.46, Training accuracy:0.9944. Loss: 1.767 LR:0.000003
[Epoch 131] Validation accuracy:0.9182, Loss:0.345, f1 0.868655, score 0.885005
[Epoch 132] Train time:2.46, Training accuracy:0.9951. Loss: 1.763 LR:0.000003
[Epoch 132] Validation accuracy:0.9172, Loss:0.340, f1 0.862877, score 0.880804
[Epoch 133] Train time:2.46, Training accuracy:0.9958. Loss: 1.761 LR:0.000003
[Epoch 133] Validation accuracy:0.9185, Loss:0.346, f1 0.868701, score 0.885135
[Epoch 134] Train time:2.46, Training accuracy:0.9945. Loss: 1.770 LR:0.000003
[Epoch 134] Validation accuracy:0.9153, Loss:0.342, f1 0.861517, score 0.879266
[Epoch 135] Train time:2.46, Training accuracy:0.9957. Loss: 1.759 LR:0.000003
[Epoch 135] Validation accuracy:0.9221, Loss:0.341, f1 0.872400, score 0.888801
[Epoch 136] Train time:2.46, Training accuracy:0.9958. Loss: 1.757 LR:0.000003
[Epoch 136] Validation accuracy:0.9201, Loss:0.343, f1 0.869581, score 0.886252
[Epoch 137] Train time:2.46, Training accuracy:0.9951. Loss: 1.761 LR:0.000003
[Epoch 137] Validation accuracy:0.9192, Loss:0.344, f1 0.868500, score 0.885231
[Epoch 138] Train time:2.46, Training accuracy:0.9947. Loss: 1.764 LR:0.000003
[Epoch 138] Validation accuracy:0.9182, Loss:0.345, f1 0.865649, score 0.882991
[Epoch 139] Train time:2.47, Training accuracy:0.9955. Loss: 1.758 LR:0.000002
[Epoch 139] Validation accuracy:0.9192, Loss:0.344, f1 0.867275, score 0.884410
[Epoch 140] Train time:2.46, Training accuracy:0.9956. Loss: 1.757 LR:0.000002
[Epoch 140] Validation accuracy:0.9211, Loss:0.344, f1 0.869757, score 0.886700
[Epoch 141] Train time:2.46, Training accuracy:0.9954. Loss: 1.758 LR:0.000002
[Epoch 141] Validation accuracy:0.9179, Loss:0.346, f1 0.867991, score 0.884461
[Epoch 142] Train time:2.46, Training accuracy:0.9952. Loss: 1.756 LR:0.000002
[Epoch 142] Validation accuracy:0.9205, Loss:0.342, f1 0.868727, score 0.885812
[Epoch 143] Train time:2.47, Training accuracy:0.9964. Loss: 1.751 LR:0.000002
[Epoch 143] Validation accuracy:0.9188, Loss:0.349, f1 0.865065, score 0.882798
[Epoch 144] Train time:2.46, Training accuracy:0.9954. Loss: 1.759 LR:0.000002
[Epoch 144] Validation accuracy:0.9218, Loss:0.343, f1 0.869240, score 0.886585
[Epoch 145] Train time:2.46, Training accuracy:0.9963. Loss: 1.754 LR:0.000002
[Epoch 145] Validation accuracy:0.9211, Loss:0.341, f1 0.870503, score 0.887200
[Epoch 146] Train time:2.46, Training accuracy:0.9961. Loss: 1.755 LR:0.000002
[Epoch 146] Validation accuracy:0.9179, Loss:0.345, f1 0.867112, score 0.883872
[Epoch 147] Train time:2.46, Training accuracy:0.9958. Loss: 1.756 LR:0.000002
[Epoch 147] Validation accuracy:0.9198, Loss:0.345, f1 0.870699, score 0.886902
[Epoch 148] Train time:2.47, Training accuracy:0.9964. Loss: 1.753 LR:0.000002
[Epoch 148] Validation accuracy:0.9234, Loss:0.340, f1 0.874924, score 0.890921
Model saved.
best_acc:0.9234
[Epoch 149] Train time:2.47, Training accuracy:0.9960. Loss: 1.755 LR:0.000002
[Epoch 149] Validation accuracy:0.9198, Loss:0.343, f1 0.869349, score 0.885998
[Epoch 150] Train time:2.46, Training accuracy:0.9962. Loss: 1.752 LR:0.000002
[Epoch 150] Validation accuracy:0.9195, Loss:0.343, f1 0.869530, score 0.886020
[Epoch 151] Train time:2.46, Training accuracy:0.9961. Loss: 1.758 LR:0.000002
[Epoch 151] Validation accuracy:0.9201, Loss:0.341, f1 0.869430, score 0.886151
[Epoch 152] Train time:2.46, Training accuracy:0.9958. Loss: 1.759 LR:0.000002
[Epoch 152] Validation accuracy:0.9201, Loss:0.345, f1 0.867316, score 0.884735
[Epoch 153] Train time:2.46, Training accuracy:0.9963. Loss: 1.752 LR:0.000002
[Epoch 153] Validation accuracy:0.9214, Loss:0.341, f1 0.870788, score 0.887490
[Epoch 154] Train time:2.46, Training accuracy:0.9957. Loss: 1.753 LR:0.000002
[Epoch 154] Validation accuracy:0.9214, Loss:0.342, f1 0.869849, score 0.886861
[Epoch 155] Train time:2.47, Training accuracy:0.9962. Loss: 1.754 LR:0.000002
[Epoch 155] Validation accuracy:0.9221, Loss:0.340, f1 0.871809, score 0.888405
[Epoch 156] Train time:2.46, Training accuracy:0.9949. Loss: 1.762 LR:0.000002
[Epoch 156] Validation accuracy:0.9205, Loss:0.342, f1 0.871163, score 0.887444
[Epoch 157] Train time:2.46, Training accuracy:0.9958. Loss: 1.757 LR:0.000002
[Epoch 157] Validation accuracy:0.9211, Loss:0.343, f1 0.871596, score 0.887932
[Epoch 158] Train time:2.46, Training accuracy:0.9949. Loss: 1.760 LR:0.000002
[Epoch 158] Validation accuracy:0.9211, Loss:0.341, f1 0.869520, score 0.886541
[Epoch 159] Train time:2.47, Training accuracy:0.9967. Loss: 1.750 LR:0.000002
[Epoch 159] Validation accuracy:0.9205, Loss:0.342, f1 0.869811, score 0.886539
[Epoch 160] Train time:2.47, Training accuracy:0.9963. Loss: 1.754 LR:0.000002
[Epoch 160] Validation accuracy:0.9185, Loss:0.340, f1 0.868479, score 0.884986
[Epoch 161] Train time:2.47, Training accuracy:0.9959. Loss: 1.752 LR:0.000002
[Epoch 161] Validation accuracy:0.9185, Loss:0.345, f1 0.869692, score 0.885799
[Epoch 162] Train time:2.46, Training accuracy:0.9959. Loss: 1.754 LR:0.000002
[Epoch 162] Validation accuracy:0.9195, Loss:0.341, f1 0.868519, score 0.885343
[Epoch 163] Train time:2.47, Training accuracy:0.9958. Loss: 1.757 LR:0.000002
[Epoch 163] Validation accuracy:0.9198, Loss:0.342, f1 0.871489, score 0.887432
[Epoch 164] Train time:2.46, Training accuracy:0.9968. Loss: 1.748 LR:0.000001
[Epoch 164] Validation accuracy:0.9188, Loss:0.346, f1 0.871119, score 0.886854
[Epoch 165] Train time:2.48, Training accuracy:0.9960. Loss: 1.752 LR:0.000001
[Epoch 165] Validation accuracy:0.9208, Loss:0.340, f1 0.870843, score 0.887329
[Epoch 166] Train time:2.47, Training accuracy:0.9966. Loss: 1.749 LR:0.000001
[Epoch 166] Validation accuracy:0.9224, Loss:0.341, f1 0.872990, score 0.889295
[Epoch 167] Train time:2.47, Training accuracy:0.9962. Loss: 1.751 LR:0.000001
[Epoch 167] Validation accuracy:0.9201, Loss:0.338, f1 0.873186, score 0.888668
[Epoch 168] Train time:2.46, Training accuracy:0.9965. Loss: 1.752 LR:0.000001
[Epoch 168] Validation accuracy:0.9169, Loss:0.348, f1 0.870919, score 0.886093
[Epoch 169] Train time:2.46, Training accuracy:0.9961. Loss: 1.752 LR:0.000001
[Epoch 169] Validation accuracy:0.9192, Loss:0.343, f1 0.870750, score 0.886739
[Epoch 170] Train time:2.46, Training accuracy:0.9972. Loss: 1.755 LR:0.000001
[Epoch 170] Validation accuracy:0.9182, Loss:0.342, f1 0.867166, score 0.884007
[Epoch 171] Train time:2.46, Training accuracy:0.9971. Loss: 1.747 LR:0.000001
[Epoch 171] Validation accuracy:0.9208, Loss:0.340, f1 0.871154, score 0.887537
[Epoch 172] Train time:2.46, Training accuracy:0.9967. Loss: 1.747 LR:0.000001
[Epoch 172] Validation accuracy:0.9211, Loss:0.343, f1 0.872065, score 0.888247
[Epoch 173] Train time:2.46, Training accuracy:0.9954. Loss: 1.756 LR:0.000001
[Epoch 173] Validation accuracy:0.9221, Loss:0.336, f1 0.871757, score 0.888371
[Epoch 174] Train time:2.46, Training accuracy:0.9962. Loss: 1.753 LR:0.000001
[Epoch 174] Validation accuracy:0.9208, Loss:0.337, f1 0.867662, score 0.885198
[Epoch 175] Train time:2.46, Training accuracy:0.9961. Loss: 1.751 LR:0.000001
[Epoch 175] Validation accuracy:0.9192, Loss:0.342, f1 0.869196, score 0.885697
[Epoch 176] Train time:2.46, Training accuracy:0.9968. Loss: 1.751 LR:0.000001
[Epoch 176] Validation accuracy:0.9188, Loss:0.338, f1 0.865109, score 0.882827
[Epoch 177] Train time:2.46, Training accuracy:0.9967. Loss: 1.752 LR:0.000001
[Epoch 177] Validation accuracy:0.9192, Loss:0.342, f1 0.866993, score 0.884222
[Epoch 178] Train time:2.46, Training accuracy:0.9966. Loss: 1.750 LR:0.000001
[Epoch 178] Validation accuracy:0.9198, Loss:0.342, f1 0.867945, score 0.885057
[Epoch 179] Train time:2.46, Training accuracy:0.9962. Loss: 1.750 LR:0.000001
[Epoch 179] Validation accuracy:0.9195, Loss:0.341, f1 0.868826, score 0.885548
[Epoch 180] Train time:2.47, Training accuracy:0.9970. Loss: 1.747 LR:0.000001
[Epoch 180] Validation accuracy:0.9214, Loss:0.338, f1 0.872466, score 0.888614
[Epoch 181] Train time:2.47, Training accuracy:0.9962. Loss: 1.759 LR:0.000001
[Epoch 181] Validation accuracy:0.9175, Loss:0.343, f1 0.867199, score 0.883799
[Epoch 182] Train time:2.47, Training accuracy:0.9970. Loss: 1.750 LR:0.000001
[Epoch 182] Validation accuracy:0.9201, Loss:0.339, f1 0.870978, score 0.887188
[Epoch 183] Train time:2.46, Training accuracy:0.9967. Loss: 1.748 LR:0.000001
[Epoch 183] Validation accuracy:0.9214, Loss:0.339, f1 0.870042, score 0.886990
[Epoch 184] Train time:2.46, Training accuracy:0.9967. Loss: 1.756 LR:0.000001
[Epoch 184] Validation accuracy:0.9221, Loss:0.340, f1 0.870724, score 0.887678
[Epoch 185] Train time:2.46, Training accuracy:0.9966. Loss: 1.747 LR:0.000001
[Epoch 185] Validation accuracy:0.9188, Loss:0.342, f1 0.869107, score 0.885506
[Epoch 186] Train time:2.46, Training accuracy:0.9965. Loss: 1.752 LR:0.000001
[Epoch 186] Validation accuracy:0.9231, Loss:0.337, f1 0.872266, score 0.889041
[Epoch 187] Train time:2.46, Training accuracy:0.9963. Loss: 1.752 LR:0.000001
[Epoch 187] Validation accuracy:0.9211, Loss:0.342, f1 0.870813, score 0.887407
[Epoch 188] Train time:2.47, Training accuracy:0.9969. Loss: 1.747 LR:0.000001
[Epoch 188] Validation accuracy:0.9224, Loss:0.342, f1 0.873921, score 0.889919
[Epoch 189] Train time:2.47, Training accuracy:0.9968. Loss: 1.746 LR:0.000001
[Epoch 189] Validation accuracy:0.9208, Loss:0.339, f1 0.870900, score 0.887367
[Epoch 190] Train time:2.46, Training accuracy:0.9960. Loss: 1.752 LR:0.000001
[Epoch 190] Validation accuracy:0.9228, Loss:0.342, f1 0.874104, score 0.890173
[Epoch 191] Train time:2.46, Training accuracy:0.9966. Loss: 1.752 LR:0.000001
[Epoch 191] Validation accuracy:0.9241, Loss:0.337, f1 0.876273, score 0.892056
Model saved.
best_acc:0.9241
[Epoch 192] Train time:2.46, Training accuracy:0.9956. Loss: 1.755 LR:0.000001
[Epoch 192] Validation accuracy:0.9201, Loss:0.341, f1 0.872686, score 0.888332
[Epoch 193] Train time:2.47, Training accuracy:0.9966. Loss: 1.749 LR:0.000001
[Epoch 193] Validation accuracy:0.9218, Loss:0.340, f1 0.871448, score 0.888064
[Epoch 194] Train time:2.46, Training accuracy:0.9963. Loss: 1.756 LR:0.000001
[Epoch 194] Validation accuracy:0.9228, Loss:0.339, f1 0.872153, score 0.888866
[Epoch 195] Train time:2.46, Training accuracy:0.9976. Loss: 1.742 LR:0.000001
[Epoch 195] Validation accuracy:0.9224, Loss:0.339, f1 0.873837, score 0.889863
[Epoch 196] Train time:2.46, Training accuracy:0.9967. Loss: 1.749 LR:0.000001
[Epoch 196] Validation accuracy:0.9205, Loss:0.343, f1 0.871590, score 0.887730
[Epoch 197] Train time:2.46, Training accuracy:0.9964. Loss: 1.747 LR:0.000001
[Epoch 197] Validation accuracy:0.9198, Loss:0.340, f1 0.872422, score 0.888057
[Epoch 198] Train time:2.46, Training accuracy:0.9963. Loss: 1.750 LR:0.000001
[Epoch 198] Validation accuracy:0.9214, Loss:0.345, f1 0.872149, score 0.888402
[Epoch 199] Train time:2.46, Training accuracy:0.9968. Loss: 1.748 LR:0.000001
[Epoch 199] Validation accuracy:0.9224, Loss:0.343, f1 0.874920, score 0.890588
[Epoch 200] Train time:2.47, Training accuracy:0.9958. Loss: 1.752 LR:0.000001
[Epoch 200] Validation accuracy:0.9228, Loss:0.345, f1 0.873114, score 0.889510
[Epoch 201] Train time:2.46, Training accuracy:0.9963. Loss: 1.750 LR:0.000001
[Epoch 201] Validation accuracy:0.9221, Loss:0.341, f1 0.871471, score 0.888179
[Epoch 202] Train time:2.46, Training accuracy:0.9972. Loss: 1.746 LR:0.000001
[Epoch 202] Validation accuracy:0.9214, Loss:0.341, f1 0.871829, score 0.888188
[Epoch 203] Train time:2.46, Training accuracy:0.9980. Loss: 1.742 LR:0.000001
[Epoch 203] Validation accuracy:0.9218, Loss:0.337, f1 0.874097, score 0.889839
[Epoch 204] Train time:2.47, Training accuracy:0.9973. Loss: 1.750 LR:0.000001
[Epoch 204] Validation accuracy:0.9192, Loss:0.337, f1 0.868397, score 0.885162
[Epoch 205] Train time:2.46, Training accuracy:0.9955. Loss: 1.756 LR:0.000001
[Epoch 205] Validation accuracy:0.9218, Loss:0.338, f1 0.873165, score 0.889215
[Epoch 206] Train time:2.46, Training accuracy:0.9967. Loss: 1.749 LR:0.000001
[Epoch 206] Validation accuracy:0.9224, Loss:0.342, f1 0.874371, score 0.890220
[Epoch 207] Train time:2.46, Training accuracy:0.9967. Loss: 1.745 LR:0.000001
[Epoch 207] Validation accuracy:0.9208, Loss:0.339, f1 0.870936, score 0.887391
[Epoch 208] Train time:2.46, Training accuracy:0.9973. Loss: 1.747 LR:0.000001
[Epoch 208] Validation accuracy:0.9224, Loss:0.340, f1 0.872312, score 0.888841
[Epoch 209] Train time:2.46, Training accuracy:0.9974. Loss: 1.747 LR:0.000001
[Epoch 209] Validation accuracy:0.9221, Loss:0.337, f1 0.874232, score 0.890028
[Epoch 210] Train time:2.46, Training accuracy:0.9964. Loss: 1.750 LR:0.000001
[Epoch 210] Validation accuracy:0.9224, Loss:0.338, f1 0.874418, score 0.890252
[Epoch 211] Train time:2.46, Training accuracy:0.9973. Loss: 1.745 LR:0.000001
[Epoch 211] Validation accuracy:0.9228, Loss:0.340, f1 0.874473, score 0.890421
[Epoch 212] Train time:2.47, Training accuracy:0.9977. Loss: 1.745 LR:0.000001
[Epoch 212] Validation accuracy:0.9244, Loss:0.337, f1 0.876230, score 0.892126
Model saved.
best_acc:0.9244
[Epoch 213] Train time:2.47, Training accuracy:0.9967. Loss: 1.752 LR:0.000001
[Epoch 213] Validation accuracy:0.9208, Loss:0.339, f1 0.870165, score 0.886875
[Epoch 214] Train time:2.47, Training accuracy:0.9969. Loss: 1.749 LR:0.000001
[Epoch 214] Validation accuracy:0.9231, Loss:0.340, f1 0.875379, score 0.891127
[Epoch 215] Train time:2.46, Training accuracy:0.9969. Loss: 1.747 LR:0.000001
[Epoch 215] Validation accuracy:0.9228, Loss:0.343, f1 0.873920, score 0.890050
[Epoch 216] Train time:2.47, Training accuracy:0.9967. Loss: 1.748 LR:0.000001
[Epoch 216] Validation accuracy:0.9224, Loss:0.339, f1 0.872341, score 0.888860
[Epoch 217] Train time:2.46, Training accuracy:0.9967. Loss: 1.749 LR:0.000001
[Epoch 217] Validation accuracy:0.9228, Loss:0.338, f1 0.873568, score 0.889815
[Epoch 218] Train time:2.47, Training accuracy:0.9967. Loss: 1.751 LR:0.000000
[Epoch 218] Validation accuracy:0.9221, Loss:0.339, f1 0.872976, score 0.889187
[Epoch 219] Train time:2.46, Training accuracy:0.9967. Loss: 1.748 LR:0.000000
[Epoch 219] Validation accuracy:0.9247, Loss:0.338, f1 0.877794, score 0.893273
Model saved.
best_acc:0.9247
[Epoch 220] Train time:2.48, Training accuracy:0.9969. Loss: 1.747 LR:0.000000
[Epoch 220] Validation accuracy:0.9228, Loss:0.337, f1 0.872907, score 0.889372
[Epoch 221] Train time:2.50, Training accuracy:0.9969. Loss: 1.748 LR:0.000000
[Epoch 221] Validation accuracy:0.9231, Loss:0.337, f1 0.873920, score 0.890150
[Epoch 222] Train time:2.52, Training accuracy:0.9963. Loss: 1.745 LR:0.000000
[Epoch 222] Validation accuracy:0.9231, Loss:0.339, f1 0.875202, score 0.891009
[Epoch 223] Train time:2.54, Training accuracy:0.9968. Loss: 1.752 LR:0.000000
[Epoch 223] Validation accuracy:0.9218, Loss:0.337, f1 0.874281, score 0.889962
[Epoch 224] Train time:2.52, Training accuracy:0.9966. Loss: 1.747 LR:0.000000
[Epoch 224] Validation accuracy:0.9211, Loss:0.339, f1 0.871646, score 0.887966
[Epoch 225] Train time:2.50, Training accuracy:0.9971. Loss: 1.746 LR:0.000000
[Epoch 225] Validation accuracy:0.9218, Loss:0.342, f1 0.872866, score 0.889014
[Epoch 226] Train time:2.54, Training accuracy:0.9965. Loss: 1.747 LR:0.000000
[Epoch 226] Validation accuracy:0.9211, Loss:0.341, f1 0.870397, score 0.887129
[Epoch 227] Train time:2.54, Training accuracy:0.9973. Loss: 1.744 LR:0.000000
[Epoch 227] Validation accuracy:0.9221, Loss:0.338, f1 0.874777, score 0.890393
[Epoch 228] Train time:2.52, Training accuracy:0.9971. Loss: 1.746 LR:0.000000
[Epoch 228] Validation accuracy:0.9205, Loss:0.339, f1 0.870601, score 0.887067
[Epoch 229] Train time:2.51, Training accuracy:0.9964. Loss: 1.752 LR:0.000000
[Epoch 229] Validation accuracy:0.9224, Loss:0.338, f1 0.876185, score 0.891436
[Epoch 230] Train time:2.47, Training accuracy:0.9967. Loss: 1.749 LR:0.000000
[Epoch 230] Validation accuracy:0.9214, Loss:0.338, f1 0.872362, score 0.888545
[Epoch 231] Train time:2.48, Training accuracy:0.9971. Loss: 1.746 LR:0.000000
[Epoch 231] Validation accuracy:0.9218, Loss:0.339, f1 0.871788, score 0.888292
[Epoch 232] Train time:2.49, Training accuracy:0.9966. Loss: 1.747 LR:0.000000
[Epoch 232] Validation accuracy:0.9214, Loss:0.338, f1 0.873410, score 0.889247
[Epoch 233] Train time:2.47, Training accuracy:0.9969. Loss: 1.749 LR:0.000000
[Epoch 233] Validation accuracy:0.9228, Loss:0.337, f1 0.874537, score 0.890463
[Epoch 234] Train time:2.47, Training accuracy:0.9973. Loss: 1.744 LR:0.000000
[Epoch 234] Validation accuracy:0.9218, Loss:0.337, f1 0.874860, score 0.890350
[Epoch 235] Train time:2.47, Training accuracy:0.9975. Loss: 1.743 LR:0.000000
[Epoch 235] Validation accuracy:0.9205, Loss:0.339, f1 0.871794, score 0.887867
[Epoch 236] Train time:2.48, Training accuracy:0.9963. Loss: 1.748 LR:0.000000
[Epoch 236] Validation accuracy:0.9234, Loss:0.339, f1 0.875190, score 0.891099
[Epoch 237] Train time:2.48, Training accuracy:0.9970. Loss: 1.745 LR:0.000000
[Epoch 237] Validation accuracy:0.9228, Loss:0.339, f1 0.874136, score 0.890195
[Epoch 238] Train time:2.48, Training accuracy:0.9976. Loss: 1.743 LR:0.000000
[Epoch 238] Validation accuracy:0.9214, Loss:0.342, f1 0.871928, score 0.888254
[Epoch 239] Train time:2.51, Training accuracy:0.9972. Loss: 1.747 LR:0.000000
[Epoch 239] Validation accuracy:0.9211, Loss:0.340, f1 0.872559, score 0.888578
[Epoch 240] Train time:2.48, Training accuracy:0.9972. Loss: 1.744 LR:0.000000
[Epoch 240] Validation accuracy:0.9218, Loss:0.337, f1 0.873398, score 0.889371
[Epoch 241] Train time:2.47, Training accuracy:0.9976. Loss: 1.745 LR:0.000000
[Epoch 241] Validation accuracy:0.9224, Loss:0.342, f1 0.874734, score 0.890464
[Epoch 242] Train time:2.49, Training accuracy:0.9962. Loss: 1.751 LR:0.000000
[Epoch 242] Validation accuracy:0.9228, Loss:0.339, f1 0.874145, score 0.890201
[Epoch 243] Train time:2.51, Training accuracy:0.9971. Loss: 1.745 LR:0.000000
[Epoch 243] Validation accuracy:0.9228, Loss:0.341, f1 0.877219, score 0.892261
[Epoch 244] Train time:2.48, Training accuracy:0.9967. Loss: 1.747 LR:0.000000
[Epoch 244] Validation accuracy:0.9241, Loss:0.339, f1 0.875948, score 0.891838
[Epoch 245] Train time:2.47, Training accuracy:0.9971. Loss: 1.746 LR:0.000000
[Epoch 245] Validation accuracy:0.9221, Loss:0.343, f1 0.874355, score 0.890111
[Epoch 246] Train time:2.47, Training accuracy:0.9971. Loss: 1.745 LR:0.000000
[Epoch 246] Validation accuracy:0.9234, Loss:0.339, f1 0.875633, score 0.891396
[Epoch 247] Train time:2.47, Training accuracy:0.9971. Loss: 1.744 LR:0.000000
[Epoch 247] Validation accuracy:0.9237, Loss:0.345, f1 0.876646, score 0.892174
[Epoch 248] Train time:2.47, Training accuracy:0.9977. Loss: 1.744 LR:0.000000
[Epoch 248] Validation accuracy:0.9214, Loss:0.343, f1 0.871396, score 0.887897
[Epoch 249] Train time:2.48, Training accuracy:0.9967. Loss: 1.746 LR:0.000000
[Epoch 249] Validation accuracy:0.9237, Loss:0.343, f1 0.876399, score 0.892008
[Epoch 250] Train time:2.52, Training accuracy:0.9971. Loss: 1.746 LR:0.000000
[Epoch 250] Validation accuracy:0.9221, Loss:0.339, f1 0.874811, score 0.890416
