Work on GPU:  0,1
load_weight 304
Train set size: 12271
Validation set size: 3068
batch_size: 120
Total Parameters: 71.238M
[Epoch 1] Train time:2.75, Training accuracy:0.6390. Loss: 3.984 LR:0.000040
[Epoch 1] Validation accuracy:0.8416, Loss:0.581, f1 0.746774, score 0.778066
best_acc:0.8416
[Epoch 2] Train time:2.74, Training accuracy:0.7946. Loss: 3.086 LR:0.000039
[Epoch 2] Validation accuracy:0.8719, Loss:0.479, f1 0.769849, score 0.803526
best_acc:0.8719
[Epoch 3] Train time:2.75, Training accuracy:0.8271. Loss: 2.880 LR:0.000038
[Epoch 3] Validation accuracy:0.8787, Loss:0.438, f1 0.815870, score 0.836604
best_acc:0.8787
[Epoch 4] Train time:2.75, Training accuracy:0.8523. Loss: 2.721 LR:0.000038
[Epoch 4] Validation accuracy:0.9035, Loss:0.412, f1 0.847593, score 0.866042
best_acc:0.9035
[Epoch 5] Train time:2.76, Training accuracy:0.8788. Loss: 2.576 LR:0.000037
[Epoch 5] Validation accuracy:0.9087, Loss:0.379, f1 0.844207, score 0.865489
Model saved.
best_acc:0.9087
[Epoch 6] Train time:2.75, Training accuracy:0.8946. Loss: 2.485 LR:0.000036
[Epoch 6] Validation accuracy:0.9068, Loss:0.383, f1 0.852261, score 0.870259
[Epoch 7] Train time:2.75, Training accuracy:0.9051. Loss: 2.408 LR:0.000035
[Epoch 7] Validation accuracy:0.9120, Loss:0.368, f1 0.857117, score 0.875228
Model saved.
best_acc:0.912
[Epoch 8] Train time:2.75, Training accuracy:0.9235. Loss: 2.318 LR:0.000035
[Epoch 8] Validation accuracy:0.9025, Loss:0.385, f1 0.845035, score 0.863998
[Epoch 9] Train time:2.75, Training accuracy:0.9294. Loss: 2.268 LR:0.000034
[Epoch 9] Validation accuracy:0.9110, Loss:0.360, f1 0.853707, score 0.872614
[Epoch 10] Train time:2.74, Training accuracy:0.9385. Loss: 2.227 LR:0.000033
[Epoch 10] Validation accuracy:0.9100, Loss:0.363, f1 0.857532, score 0.874847
[Epoch 11] Train time:2.75, Training accuracy:0.9478. Loss: 2.156 LR:0.000033
[Epoch 11] Validation accuracy:0.9051, Loss:0.359, f1 0.844759, score 0.864672
[Epoch 12] Train time:2.74, Training accuracy:0.9501. Loss: 2.130 LR:0.000032
[Epoch 12] Validation accuracy:0.9042, Loss:0.370, f1 0.848713, score 0.867024
[Epoch 13] Train time:2.75, Training accuracy:0.9546. Loss: 2.107 LR:0.000031
[Epoch 13] Validation accuracy:0.9136, Loss:0.355, f1 0.855766, score 0.874851
Model saved.
best_acc:0.9136
[Epoch 14] Train time:2.74, Training accuracy:0.9597. Loss: 2.075 LR:0.000031
[Epoch 14] Validation accuracy:0.9153, Loss:0.357, f1 0.862087, score 0.879647
Model saved.
best_acc:0.9153
[Epoch 15] Train time:2.74, Training accuracy:0.9617. Loss: 2.050 LR:0.000030
[Epoch 15] Validation accuracy:0.9019, Loss:0.377, f1 0.844675, score 0.863559
[Epoch 16] Train time:2.75, Training accuracy:0.9658. Loss: 2.029 LR:0.000030
[Epoch 16] Validation accuracy:0.9166, Loss:0.352, f1 0.865418, score 0.882308
Model saved.
best_acc:0.9166
[Epoch 17] Train time:2.75, Training accuracy:0.9675. Loss: 2.010 LR:0.000029
[Epoch 17] Validation accuracy:0.9123, Loss:0.366, f1 0.856895, score 0.875179
[Epoch 18] Train time:2.75, Training accuracy:0.9710. Loss: 1.991 LR:0.000028
[Epoch 18] Validation accuracy:0.9107, Loss:0.369, f1 0.856751, score 0.874554
[Epoch 19] Train time:2.75, Training accuracy:0.9713. Loss: 1.983 LR:0.000028
[Epoch 19] Validation accuracy:0.9140, Loss:0.358, f1 0.859575, score 0.877535
[Epoch 20] Train time:2.75, Training accuracy:0.9735. Loss: 1.975 LR:0.000027
[Epoch 20] Validation accuracy:0.9081, Loss:0.375, f1 0.844758, score 0.865661
[Epoch 21] Train time:2.75, Training accuracy:0.9733. Loss: 1.957 LR:0.000027
[Epoch 21] Validation accuracy:0.9120, Loss:0.356, f1 0.852287, score 0.871992
[Epoch 22] Train time:2.75, Training accuracy:0.9746. Loss: 1.959 LR:0.000026
[Epoch 22] Validation accuracy:0.9097, Loss:0.351, f1 0.851285, score 0.870562
[Epoch 23] Train time:2.75, Training accuracy:0.9757. Loss: 1.959 LR:0.000026
[Epoch 23] Validation accuracy:0.9133, Loss:0.354, f1 0.857908, score 0.876187
[Epoch 24] Train time:2.75, Training accuracy:0.9767. Loss: 1.941 LR:0.000025
[Epoch 24] Validation accuracy:0.9113, Loss:0.354, f1 0.851846, score 0.871466
[Epoch 25] Train time:2.75, Training accuracy:0.9778. Loss: 1.928 LR:0.000025
[Epoch 25] Validation accuracy:0.9097, Loss:0.348, f1 0.853141, score 0.871806
[Epoch 26] Train time:2.75, Training accuracy:0.9779. Loss: 1.930 LR:0.000024
[Epoch 26] Validation accuracy:0.9097, Loss:0.346, f1 0.852666, score 0.871487
[Epoch 27] Train time:2.75, Training accuracy:0.9777. Loss: 1.931 LR:0.000024
[Epoch 27] Validation accuracy:0.9094, Loss:0.360, f1 0.857595, score 0.874691
[Epoch 28] Train time:2.75, Training accuracy:0.9801. Loss: 1.911 LR:0.000023
[Epoch 28] Validation accuracy:0.9172, Loss:0.360, f1 0.864062, score 0.881598
Model saved.
best_acc:0.9172
[Epoch 29] Train time:2.75, Training accuracy:0.9781. Loss: 1.920 LR:0.000023
[Epoch 29] Validation accuracy:0.9133, Loss:0.349, f1 0.856073, score 0.874958
[Epoch 30] Train time:2.75, Training accuracy:0.9801. Loss: 1.904 LR:0.000022
[Epoch 30] Validation accuracy:0.9084, Loss:0.365, f1 0.848656, score 0.868372
[Epoch 31] Train time:2.75, Training accuracy:0.9785. Loss: 1.925 LR:0.000022
[Epoch 31] Validation accuracy:0.9110, Loss:0.364, f1 0.851577, score 0.871187
[Epoch 32] Train time:2.75, Training accuracy:0.9815. Loss: 1.896 LR:0.000021
[Epoch 32] Validation accuracy:0.9130, Loss:0.353, f1 0.858274, score 0.876334
[Epoch 33] Train time:2.75, Training accuracy:0.9810. Loss: 1.892 LR:0.000021
[Epoch 33] Validation accuracy:0.9071, Loss:0.355, f1 0.852244, score 0.870346
[Epoch 34] Train time:2.75, Training accuracy:0.9820. Loss: 1.888 LR:0.000021
[Epoch 34] Validation accuracy:0.9048, Loss:0.369, f1 0.846832, score 0.865961
[Epoch 35] Train time:2.75, Training accuracy:0.9834. Loss: 1.880 LR:0.000020
[Epoch 35] Validation accuracy:0.9140, Loss:0.359, f1 0.859148, score 0.877249
[Epoch 36] Train time:2.75, Training accuracy:0.9818. Loss: 1.883 LR:0.000020
[Epoch 36] Validation accuracy:0.9110, Loss:0.351, f1 0.852544, score 0.871834
[Epoch 37] Train time:2.75, Training accuracy:0.9842. Loss: 1.873 LR:0.000019
[Epoch 37] Validation accuracy:0.9084, Loss:0.367, f1 0.850427, score 0.869558
[Epoch 38] Train time:2.75, Training accuracy:0.9841. Loss: 1.867 LR:0.000019
[Epoch 38] Validation accuracy:0.9130, Loss:0.356, f1 0.854286, score 0.873662
[Epoch 39] Train time:2.75, Training accuracy:0.9834. Loss: 1.869 LR:0.000019
[Epoch 39] Validation accuracy:0.9188, Loss:0.355, f1 0.871416, score 0.887052
Model saved.
best_acc:0.9188
[Epoch 40] Train time:2.75, Training accuracy:0.9852. Loss: 1.861 LR:0.000018
[Epoch 40] Validation accuracy:0.9104, Loss:0.373, f1 0.856464, score 0.874263
[Epoch 41] Train time:2.75, Training accuracy:0.9852. Loss: 1.857 LR:0.000018
[Epoch 41] Validation accuracy:0.9136, Loss:0.347, f1 0.856791, score 0.875538
[Epoch 42] Train time:2.75, Training accuracy:0.9834. Loss: 1.873 LR:0.000017
[Epoch 42] Validation accuracy:0.9140, Loss:0.355, f1 0.860887, score 0.878415
[Epoch 43] Train time:2.75, Training accuracy:0.9844. Loss: 1.865 LR:0.000017
[Epoch 43] Validation accuracy:0.9188, Loss:0.346, f1 0.864372, score 0.882333
[Epoch 44] Train time:2.75, Training accuracy:0.9840. Loss: 1.860 LR:0.000017
[Epoch 44] Validation accuracy:0.9123, Loss:0.347, f1 0.855462, score 0.874219
[Epoch 45] Train time:2.75, Training accuracy:0.9859. Loss: 1.845 LR:0.000016
[Epoch 45] Validation accuracy:0.9169, Loss:0.346, f1 0.862714, score 0.880595
[Epoch 46] Train time:2.75, Training accuracy:0.9863. Loss: 1.850 LR:0.000016
[Epoch 46] Validation accuracy:0.9166, Loss:0.344, f1 0.858318, score 0.877551
[Epoch 47] Train time:2.75, Training accuracy:0.9869. Loss: 1.845 LR:0.000016
[Epoch 47] Validation accuracy:0.9104, Loss:0.350, f1 0.850320, score 0.870146
[Epoch 48] Train time:2.75, Training accuracy:0.9862. Loss: 1.844 LR:0.000015
[Epoch 48] Validation accuracy:0.9182, Loss:0.356, f1 0.858733, score 0.878357
[Epoch 49] Train time:2.75, Training accuracy:0.9872. Loss: 1.832 LR:0.000015
[Epoch 49] Validation accuracy:0.9188, Loss:0.340, f1 0.861233, score 0.880230
[Epoch 50] Train time:2.75, Training accuracy:0.9851. Loss: 1.847 LR:0.000015
[Epoch 50] Validation accuracy:0.9133, Loss:0.358, f1 0.858403, score 0.876519
[Epoch 51] Train time:2.75, Training accuracy:0.9870. Loss: 1.837 LR:0.000015
[Epoch 51] Validation accuracy:0.9198, Loss:0.342, f1 0.866172, score 0.883870
Model saved.
best_acc:0.9198
[Epoch 52] Train time:2.75, Training accuracy:0.9857. Loss: 1.836 LR:0.000014
[Epoch 52] Validation accuracy:0.9140, Loss:0.351, f1 0.861339, score 0.878717
[Epoch 53] Train time:2.75, Training accuracy:0.9879. Loss: 1.830 LR:0.000014
[Epoch 53] Validation accuracy:0.9182, Loss:0.345, f1 0.867969, score 0.884545
[Epoch 54] Train time:2.75, Training accuracy:0.9877. Loss: 1.833 LR:0.000014
[Epoch 54] Validation accuracy:0.9162, Loss:0.346, f1 0.857406, score 0.876808
[Epoch 55] Train time:2.75, Training accuracy:0.9883. Loss: 1.829 LR:0.000013
[Epoch 55] Validation accuracy:0.9172, Loss:0.353, f1 0.866808, score 0.883437
[Epoch 56] Train time:2.75, Training accuracy:0.9879. Loss: 1.830 LR:0.000013
[Epoch 56] Validation accuracy:0.9136, Loss:0.354, f1 0.857934, score 0.876304
[Epoch 57] Train time:2.75, Training accuracy:0.9890. Loss: 1.821 LR:0.000013
[Epoch 57] Validation accuracy:0.9140, Loss:0.346, f1 0.861208, score 0.878629
[Epoch 58] Train time:2.75, Training accuracy:0.9897. Loss: 1.815 LR:0.000013
[Epoch 58] Validation accuracy:0.9221, Loss:0.342, f1 0.874242, score 0.890035
Model saved.
best_acc:0.9221
[Epoch 59] Train time:2.75, Training accuracy:0.9871. Loss: 1.825 LR:0.000012
[Epoch 59] Validation accuracy:0.9156, Loss:0.344, f1 0.861956, score 0.879658
[Epoch 60] Train time:2.75, Training accuracy:0.9889. Loss: 1.820 LR:0.000012
[Epoch 60] Validation accuracy:0.9156, Loss:0.348, f1 0.860686, score 0.878808
[Epoch 61] Train time:2.75, Training accuracy:0.9881. Loss: 1.827 LR:0.000012
[Epoch 61] Validation accuracy:0.9146, Loss:0.347, f1 0.858023, score 0.876694
[Epoch 62] Train time:2.75, Training accuracy:0.9896. Loss: 1.811 LR:0.000012
[Epoch 62] Validation accuracy:0.9153, Loss:0.349, f1 0.862316, score 0.879801
[Epoch 63] Train time:2.75, Training accuracy:0.9892. Loss: 1.815 LR:0.000011
[Epoch 63] Validation accuracy:0.9126, Loss:0.361, f1 0.860328, score 0.877578
[Epoch 64] Train time:2.79, Training accuracy:0.9890. Loss: 1.817 LR:0.000011
[Epoch 64] Validation accuracy:0.9185, Loss:0.349, f1 0.865156, score 0.882760
[Epoch 65] Train time:2.85, Training accuracy:0.9903. Loss: 1.801 LR:0.000011
[Epoch 65] Validation accuracy:0.9133, Loss:0.353, f1 0.855113, score 0.874315
[Epoch 66] Train time:2.80, Training accuracy:0.9903. Loss: 1.809 LR:0.000011
[Epoch 66] Validation accuracy:0.9188, Loss:0.348, f1 0.868203, score 0.884900
[Epoch 67] Train time:2.84, Training accuracy:0.9902. Loss: 1.806 LR:0.000011
[Epoch 67] Validation accuracy:0.9159, Loss:0.352, f1 0.865497, score 0.882130
[Epoch 68] Train time:2.76, Training accuracy:0.9900. Loss: 1.809 LR:0.000010
[Epoch 68] Validation accuracy:0.9143, Loss:0.354, f1 0.859944, score 0.877882
[Epoch 69] Train time:2.77, Training accuracy:0.9883. Loss: 1.814 LR:0.000010
[Epoch 69] Validation accuracy:0.9195, Loss:0.348, f1 0.865525, score 0.883337
[Epoch 70] Train time:2.75, Training accuracy:0.9892. Loss: 1.816 LR:0.000010
[Epoch 70] Validation accuracy:0.9143, Loss:0.351, f1 0.864435, score 0.880890
[Epoch 71] Train time:2.78, Training accuracy:0.9911. Loss: 1.804 LR:0.000010
[Epoch 71] Validation accuracy:0.9149, Loss:0.352, f1 0.857867, score 0.876688
[Epoch 72] Train time:2.82, Training accuracy:0.9916. Loss: 1.796 LR:0.000010
[Epoch 72] Validation accuracy:0.9192, Loss:0.342, f1 0.866245, score 0.883720
[Epoch 73] Train time:2.83, Training accuracy:0.9923. Loss: 1.794 LR:0.000009
[Epoch 73] Validation accuracy:0.9146, Loss:0.352, f1 0.867353, score 0.882944
[Epoch 74] Train time:2.76, Training accuracy:0.9921. Loss: 1.789 LR:0.000009
[Epoch 74] Validation accuracy:0.9175, Loss:0.346, f1 0.867585, score 0.884057
[Epoch 75] Train time:2.76, Training accuracy:0.9908. Loss: 1.795 LR:0.000009
[Epoch 75] Validation accuracy:0.9136, Loss:0.356, f1 0.860498, score 0.878022
[Epoch 76] Train time:2.76, Training accuracy:0.9905. Loss: 1.796 LR:0.000009
[Epoch 76] Validation accuracy:0.9166, Loss:0.351, f1 0.866116, score 0.882775
[Epoch 77] Train time:2.76, Training accuracy:0.9923. Loss: 1.791 LR:0.000009
[Epoch 77] Validation accuracy:0.9188, Loss:0.349, f1 0.867548, score 0.884461
[Epoch 78] Train time:2.76, Training accuracy:0.9916. Loss: 1.797 LR:0.000008
[Epoch 78] Validation accuracy:0.9140, Loss:0.349, f1 0.860410, score 0.878095
[Epoch 79] Train time:2.76, Training accuracy:0.9907. Loss: 1.794 LR:0.000008
[Epoch 79] Validation accuracy:0.9143, Loss:0.350, f1 0.858921, score 0.877196
[Epoch 80] Train time:2.76, Training accuracy:0.9911. Loss: 1.788 LR:0.000008
[Epoch 80] Validation accuracy:0.9156, Loss:0.342, f1 0.859458, score 0.877985
[Epoch 81] Train time:2.76, Training accuracy:0.9914. Loss: 1.791 LR:0.000008
[Epoch 81] Validation accuracy:0.9172, Loss:0.344, f1 0.860063, score 0.878918
[Epoch 82] Train time:2.76, Training accuracy:0.9921. Loss: 1.791 LR:0.000008
[Epoch 82] Validation accuracy:0.9179, Loss:0.346, f1 0.867884, score 0.884389
[Epoch 83] Train time:2.76, Training accuracy:0.9919. Loss: 1.789 LR:0.000008
[Epoch 83] Validation accuracy:0.9159, Loss:0.351, f1 0.868534, score 0.884165
[Epoch 84] Train time:2.75, Training accuracy:0.9919. Loss: 1.788 LR:0.000007
[Epoch 84] Validation accuracy:0.9214, Loss:0.340, f1 0.871684, score 0.888090
[Epoch 85] Train time:2.76, Training accuracy:0.9923. Loss: 1.786 LR:0.000007
[Epoch 85] Validation accuracy:0.9172, Loss:0.343, f1 0.864787, score 0.882083
[Epoch 86] Train time:2.75, Training accuracy:0.9914. Loss: 1.792 LR:0.000007
[Epoch 86] Validation accuracy:0.9162, Loss:0.347, f1 0.865292, score 0.882092
[Epoch 87] Train time:2.76, Training accuracy:0.9913. Loss: 1.789 LR:0.000007
[Epoch 87] Validation accuracy:0.9143, Loss:0.351, f1 0.865071, score 0.881316
[Epoch 88] Train time:2.76, Training accuracy:0.9912. Loss: 1.790 LR:0.000007
[Epoch 88] Validation accuracy:0.9143, Loss:0.357, f1 0.860741, score 0.878415
[Epoch 89] Train time:2.76, Training accuracy:0.9919. Loss: 1.783 LR:0.000007
[Epoch 89] Validation accuracy:0.9140, Loss:0.344, f1 0.860694, score 0.878285
[Epoch 90] Train time:2.75, Training accuracy:0.9930. Loss: 1.777 LR:0.000007
[Epoch 90] Validation accuracy:0.9172, Loss:0.346, f1 0.860932, score 0.879501
[Epoch 91] Train time:2.76, Training accuracy:0.9911. Loss: 1.787 LR:0.000006
[Epoch 91] Validation accuracy:0.9195, Loss:0.340, f1 0.868537, score 0.885355
[Epoch 92] Train time:2.76, Training accuracy:0.9930. Loss: 1.777 LR:0.000006
[Epoch 92] Validation accuracy:0.9182, Loss:0.343, f1 0.865960, score 0.883199
[Epoch 93] Train time:2.76, Training accuracy:0.9925. Loss: 1.784 LR:0.000006
[Epoch 93] Validation accuracy:0.9153, Loss:0.348, f1 0.859842, score 0.878143
[Epoch 94] Train time:2.76, Training accuracy:0.9923. Loss: 1.780 LR:0.000006
[Epoch 94] Validation accuracy:0.9100, Loss:0.351, f1 0.854252, score 0.872649
[Epoch 95] Train time:2.75, Training accuracy:0.9930. Loss: 1.776 LR:0.000006
[Epoch 95] Validation accuracy:0.9162, Loss:0.348, f1 0.862855, score 0.880459
[Epoch 96] Train time:2.76, Training accuracy:0.9938. Loss: 1.774 LR:0.000006
[Epoch 96] Validation accuracy:0.9179, Loss:0.343, f1 0.863642, score 0.881547
[Epoch 97] Train time:2.76, Training accuracy:0.9921. Loss: 1.784 LR:0.000006
[Epoch 97] Validation accuracy:0.9179, Loss:0.346, f1 0.867062, score 0.883838
[Epoch 98] Train time:2.76, Training accuracy:0.9917. Loss: 1.781 LR:0.000006
[Epoch 98] Validation accuracy:0.9192, Loss:0.347, f1 0.866508, score 0.883896
[Epoch 99] Train time:2.76, Training accuracy:0.9921. Loss: 1.787 LR:0.000006
[Epoch 99] Validation accuracy:0.9140, Loss:0.352, f1 0.860480, score 0.878142
[Epoch 100] Train time:2.76, Training accuracy:0.9938. Loss: 1.772 LR:0.000005
[Epoch 100] Validation accuracy:0.9159, Loss:0.351, f1 0.859786, score 0.878304
[Epoch 101] Train time:2.75, Training accuracy:0.9925. Loss: 1.780 LR:0.000005
[Epoch 101] Validation accuracy:0.9198, Loss:0.347, f1 0.867973, score 0.885076
[Epoch 102] Train time:2.76, Training accuracy:0.9926. Loss: 1.776 LR:0.000005
[Epoch 102] Validation accuracy:0.9175, Loss:0.346, f1 0.864495, score 0.881986
[Epoch 103] Train time:2.76, Training accuracy:0.9924. Loss: 1.775 LR:0.000005
[Epoch 103] Validation accuracy:0.9156, Loss:0.346, f1 0.861291, score 0.879213
[Epoch 104] Train time:2.76, Training accuracy:0.9934. Loss: 1.773 LR:0.000005
[Epoch 104] Validation accuracy:0.9175, Loss:0.340, f1 0.863958, score 0.881627
[Epoch 105] Train time:2.76, Training accuracy:0.9938. Loss: 1.771 LR:0.000005
[Epoch 105] Validation accuracy:0.9198, Loss:0.339, f1 0.863171, score 0.881858
[Epoch 106] Train time:2.76, Training accuracy:0.9945. Loss: 1.767 LR:0.000005
[Epoch 106] Validation accuracy:0.9175, Loss:0.348, f1 0.864231, score 0.881810
[Epoch 107] Train time:2.76, Training accuracy:0.9937. Loss: 1.769 LR:0.000005
[Epoch 107] Validation accuracy:0.9172, Loss:0.345, f1 0.865714, score 0.882705
[Epoch 108] Train time:2.76, Training accuracy:0.9939. Loss: 1.767 LR:0.000005
[Epoch 108] Validation accuracy:0.9172, Loss:0.347, f1 0.861288, score 0.879739
[Epoch 109] Train time:2.76, Training accuracy:0.9936. Loss: 1.768 LR:0.000005
[Epoch 109] Validation accuracy:0.9198, Loss:0.343, f1 0.863880, score 0.882334
[Epoch 110] Train time:2.76, Training accuracy:0.9932. Loss: 1.771 LR:0.000004
[Epoch 110] Validation accuracy:0.9185, Loss:0.345, f1 0.861196, score 0.880106
[Epoch 111] Train time:2.76, Training accuracy:0.9943. Loss: 1.768 LR:0.000004
[Epoch 111] Validation accuracy:0.9149, Loss:0.351, f1 0.862414, score 0.879734
[Epoch 112] Train time:2.76, Training accuracy:0.9939. Loss: 1.770 LR:0.000004
[Epoch 112] Validation accuracy:0.9188, Loss:0.348, f1 0.870380, score 0.886359
[Epoch 113] Train time:2.76, Training accuracy:0.9936. Loss: 1.769 LR:0.000004
[Epoch 113] Validation accuracy:0.9146, Loss:0.349, f1 0.862786, score 0.879885
[Epoch 114] Train time:2.76, Training accuracy:0.9938. Loss: 1.769 LR:0.000004
[Epoch 114] Validation accuracy:0.9159, Loss:0.352, f1 0.866437, score 0.882760
[Epoch 115] Train time:2.76, Training accuracy:0.9938. Loss: 1.771 LR:0.000004
[Epoch 115] Validation accuracy:0.9133, Loss:0.352, f1 0.858441, score 0.876544
[Epoch 116] Train time:2.76, Training accuracy:0.9937. Loss: 1.765 LR:0.000004
[Epoch 116] Validation accuracy:0.9166, Loss:0.348, f1 0.864246, score 0.881523
[Epoch 117] Train time:2.76, Training accuracy:0.9939. Loss: 1.773 LR:0.000004
[Epoch 117] Validation accuracy:0.9172, Loss:0.350, f1 0.866782, score 0.883420
[Epoch 118] Train time:2.76, Training accuracy:0.9933. Loss: 1.771 LR:0.000004
[Epoch 118] Validation accuracy:0.9133, Loss:0.352, f1 0.862040, score 0.878956
[Epoch 119] Train time:2.76, Training accuracy:0.9940. Loss: 1.768 LR:0.000004
[Epoch 119] Validation accuracy:0.9198, Loss:0.339, f1 0.869026, score 0.885781
[Epoch 120] Train time:2.76, Training accuracy:0.9936. Loss: 1.769 LR:0.000004
[Epoch 120] Validation accuracy:0.9162, Loss:0.351, f1 0.863755, score 0.881062
[Epoch 121] Train time:2.76, Training accuracy:0.9941. Loss: 1.772 LR:0.000004
[Epoch 121] Validation accuracy:0.9208, Loss:0.348, f1 0.869120, score 0.886174
[Epoch 122] Train time:2.76, Training accuracy:0.9941. Loss: 1.768 LR:0.000003
[Epoch 122] Validation accuracy:0.9182, Loss:0.342, f1 0.862898, score 0.881148
[Epoch 123] Train time:2.76, Training accuracy:0.9941. Loss: 1.763 LR:0.000003
[Epoch 123] Validation accuracy:0.9201, Loss:0.342, f1 0.869229, score 0.886017
[Epoch 124] Train time:2.76, Training accuracy:0.9950. Loss: 1.760 LR:0.000003
[Epoch 124] Validation accuracy:0.9214, Loss:0.340, f1 0.872417, score 0.888581
[Epoch 125] Train time:2.76, Training accuracy:0.9954. Loss: 1.757 LR:0.000003
[Epoch 125] Validation accuracy:0.9192, Loss:0.343, f1 0.870318, score 0.886449
[Epoch 126] Train time:2.76, Training accuracy:0.9939. Loss: 1.763 LR:0.000003
[Epoch 126] Validation accuracy:0.9188, Loss:0.340, f1 0.865926, score 0.883374
[Epoch 127] Train time:2.76, Training accuracy:0.9940. Loss: 1.764 LR:0.000003
[Epoch 127] Validation accuracy:0.9195, Loss:0.338, f1 0.869068, score 0.885710
[Epoch 128] Train time:2.76, Training accuracy:0.9944. Loss: 1.761 LR:0.000003
[Epoch 128] Validation accuracy:0.9182, Loss:0.339, f1 0.864070, score 0.881933
[Epoch 129] Train time:2.76, Training accuracy:0.9948. Loss: 1.760 LR:0.000003
[Epoch 129] Validation accuracy:0.9195, Loss:0.340, f1 0.868778, score 0.885517
[Epoch 130] Train time:2.76, Training accuracy:0.9953. Loss: 1.760 LR:0.000003
[Epoch 130] Validation accuracy:0.9198, Loss:0.348, f1 0.865806, score 0.883624
[Epoch 131] Train time:2.76, Training accuracy:0.9949. Loss: 1.760 LR:0.000003
[Epoch 131] Validation accuracy:0.9192, Loss:0.337, f1 0.867014, score 0.884236
[Epoch 132] Train time:2.76, Training accuracy:0.9945. Loss: 1.760 LR:0.000003
[Epoch 132] Validation accuracy:0.9201, Loss:0.340, f1 0.867731, score 0.885013
[Epoch 133] Train time:2.76, Training accuracy:0.9949. Loss: 1.760 LR:0.000003
[Epoch 133] Validation accuracy:0.9211, Loss:0.339, f1 0.868983, score 0.886182
[Epoch 134] Train time:2.76, Training accuracy:0.9941. Loss: 1.766 LR:0.000003
[Epoch 134] Validation accuracy:0.9214, Loss:0.336, f1 0.866680, score 0.884738
[Epoch 135] Train time:2.76, Training accuracy:0.9945. Loss: 1.764 LR:0.000003
[Epoch 135] Validation accuracy:0.9182, Loss:0.342, f1 0.866957, score 0.883867
[Epoch 136] Train time:2.76, Training accuracy:0.9966. Loss: 1.752 LR:0.000003
[Epoch 136] Validation accuracy:0.9192, Loss:0.343, f1 0.868600, score 0.885298
[Epoch 137] Train time:2.76, Training accuracy:0.9950. Loss: 1.757 LR:0.000003
[Epoch 137] Validation accuracy:0.9172, Loss:0.343, f1 0.865655, score 0.882665
[Epoch 138] Train time:2.76, Training accuracy:0.9952. Loss: 1.753 LR:0.000003
[Epoch 138] Validation accuracy:0.9218, Loss:0.340, f1 0.869408, score 0.886697
[Epoch 139] Train time:2.76, Training accuracy:0.9945. Loss: 1.759 LR:0.000002
[Epoch 139] Validation accuracy:0.9208, Loss:0.340, f1 0.868526, score 0.885777
[Epoch 140] Train time:2.76, Training accuracy:0.9950. Loss: 1.756 LR:0.000002
[Epoch 140] Validation accuracy:0.9182, Loss:0.342, f1 0.866897, score 0.883827
[Epoch 141] Train time:2.76, Training accuracy:0.9947. Loss: 1.755 LR:0.000002
[Epoch 141] Validation accuracy:0.9205, Loss:0.340, f1 0.868732, score 0.885816
[Epoch 142] Train time:2.76, Training accuracy:0.9952. Loss: 1.754 LR:0.000002
[Epoch 142] Validation accuracy:0.9208, Loss:0.339, f1 0.869874, score 0.886680
[Epoch 143] Train time:2.76, Training accuracy:0.9957. Loss: 1.753 LR:0.000002
[Epoch 143] Validation accuracy:0.9188, Loss:0.347, f1 0.866196, score 0.883555
[Epoch 144] Train time:2.76, Training accuracy:0.9956. Loss: 1.754 LR:0.000002
[Epoch 144] Validation accuracy:0.9159, Loss:0.346, f1 0.861471, score 0.879433
[Epoch 145] Train time:2.76, Training accuracy:0.9954. Loss: 1.758 LR:0.000002
[Epoch 145] Validation accuracy:0.9185, Loss:0.343, f1 0.866003, score 0.883327
[Epoch 146] Train time:2.76, Training accuracy:0.9954. Loss: 1.756 LR:0.000002
[Epoch 146] Validation accuracy:0.9172, Loss:0.345, f1 0.865569, score 0.882607
[Epoch 147] Train time:2.76, Training accuracy:0.9957. Loss: 1.755 LR:0.000002
[Epoch 147] Validation accuracy:0.9195, Loss:0.340, f1 0.866100, score 0.883722
[Epoch 148] Train time:2.76, Training accuracy:0.9958. Loss: 1.757 LR:0.000002
[Epoch 148] Validation accuracy:0.9188, Loss:0.340, f1 0.867493, score 0.884424
[Epoch 149] Train time:2.76, Training accuracy:0.9954. Loss: 1.753 LR:0.000002
[Epoch 149] Validation accuracy:0.9192, Loss:0.343, f1 0.867150, score 0.884327
[Epoch 150] Train time:2.76, Training accuracy:0.9964. Loss: 1.752 LR:0.000002
[Epoch 150] Validation accuracy:0.9195, Loss:0.342, f1 0.867398, score 0.884592
[Epoch 151] Train time:2.76, Training accuracy:0.9954. Loss: 1.754 LR:0.000002
[Epoch 151] Validation accuracy:0.9188, Loss:0.346, f1 0.865750, score 0.883256
[Epoch 152] Train time:2.76, Training accuracy:0.9960. Loss: 1.750 LR:0.000002
[Epoch 152] Validation accuracy:0.9169, Loss:0.342, f1 0.863982, score 0.881445
[Epoch 153] Train time:2.76, Training accuracy:0.9961. Loss: 1.755 LR:0.000002
[Epoch 153] Validation accuracy:0.9211, Loss:0.341, f1 0.871631, score 0.887956
[Epoch 154] Train time:2.76, Training accuracy:0.9956. Loss: 1.754 LR:0.000002
[Epoch 154] Validation accuracy:0.9195, Loss:0.339, f1 0.864787, score 0.882842
[Epoch 155] Train time:2.76, Training accuracy:0.9963. Loss: 1.755 LR:0.000002
[Epoch 155] Validation accuracy:0.9175, Loss:0.343, f1 0.863870, score 0.881568
[Epoch 156] Train time:2.76, Training accuracy:0.9957. Loss: 1.755 LR:0.000002
[Epoch 156] Validation accuracy:0.9182, Loss:0.346, f1 0.866708, score 0.883700
[Epoch 157] Train time:2.76, Training accuracy:0.9961. Loss: 1.750 LR:0.000002
[Epoch 157] Validation accuracy:0.9169, Loss:0.350, f1 0.864861, score 0.882034
[Epoch 158] Train time:2.76, Training accuracy:0.9958. Loss: 1.748 LR:0.000002
[Epoch 158] Validation accuracy:0.9214, Loss:0.340, f1 0.871162, score 0.887740
[Epoch 159] Train time:2.76, Training accuracy:0.9958. Loss: 1.752 LR:0.000002
[Epoch 159] Validation accuracy:0.9182, Loss:0.343, f1 0.863734, score 0.881708
[Epoch 160] Train time:2.76, Training accuracy:0.9958. Loss: 1.752 LR:0.000002
[Epoch 160] Validation accuracy:0.9192, Loss:0.342, f1 0.866169, score 0.883669
[Epoch 161] Train time:2.76, Training accuracy:0.9954. Loss: 1.754 LR:0.000002
[Epoch 161] Validation accuracy:0.9182, Loss:0.342, f1 0.868287, score 0.884758
[Epoch 162] Train time:2.76, Training accuracy:0.9954. Loss: 1.757 LR:0.000002
[Epoch 162] Validation accuracy:0.9182, Loss:0.345, f1 0.866312, score 0.883435
[Epoch 163] Train time:2.76, Training accuracy:0.9958. Loss: 1.750 LR:0.000002
[Epoch 163] Validation accuracy:0.9175, Loss:0.344, f1 0.863942, score 0.881616
[Epoch 164] Train time:2.76, Training accuracy:0.9958. Loss: 1.756 LR:0.000001
[Epoch 164] Validation accuracy:0.9198, Loss:0.341, f1 0.867536, score 0.884783
[Epoch 165] Train time:2.76, Training accuracy:0.9949. Loss: 1.755 LR:0.000001
[Epoch 165] Validation accuracy:0.9175, Loss:0.350, f1 0.864376, score 0.881907
[Epoch 166] Train time:2.76, Training accuracy:0.9958. Loss: 1.754 LR:0.000001
[Epoch 166] Validation accuracy:0.9188, Loss:0.345, f1 0.866086, score 0.883482
[Epoch 167] Train time:2.76, Training accuracy:0.9962. Loss: 1.752 LR:0.000001
[Epoch 167] Validation accuracy:0.9192, Loss:0.344, f1 0.869857, score 0.886140
[Epoch 168] Train time:2.76, Training accuracy:0.9964. Loss: 1.748 LR:0.000001
[Epoch 168] Validation accuracy:0.9182, Loss:0.343, f1 0.866022, score 0.883241
[Epoch 169] Train time:2.76, Training accuracy:0.9949. Loss: 1.757 LR:0.000001
[Epoch 169] Validation accuracy:0.9188, Loss:0.346, f1 0.867590, score 0.884489
[Epoch 170] Train time:2.76, Training accuracy:0.9967. Loss: 1.745 LR:0.000001
[Epoch 170] Validation accuracy:0.9175, Loss:0.343, f1 0.866640, score 0.883424
[Epoch 171] Train time:2.76, Training accuracy:0.9962. Loss: 1.749 LR:0.000001
[Epoch 171] Validation accuracy:0.9185, Loss:0.343, f1 0.868046, score 0.884696
[Epoch 172] Train time:2.76, Training accuracy:0.9961. Loss: 1.751 LR:0.000001
[Epoch 172] Validation accuracy:0.9201, Loss:0.342, f1 0.869453, score 0.886166
[Epoch 173] Train time:2.76, Training accuracy:0.9971. Loss: 1.744 LR:0.000001
[Epoch 173] Validation accuracy:0.9179, Loss:0.342, f1 0.864890, score 0.882383
[Epoch 174] Train time:2.76, Training accuracy:0.9968. Loss: 1.746 LR:0.000001
[Epoch 174] Validation accuracy:0.9192, Loss:0.339, f1 0.867920, score 0.884842
[Epoch 175] Train time:2.76, Training accuracy:0.9960. Loss: 1.747 LR:0.000001
[Epoch 175] Validation accuracy:0.9175, Loss:0.344, f1 0.866523, score 0.883346
[Epoch 176] Train time:2.76, Training accuracy:0.9961. Loss: 1.752 LR:0.000001
[Epoch 176] Validation accuracy:0.9162, Loss:0.346, f1 0.862456, score 0.880192
[Epoch 177] Train time:2.76, Training accuracy:0.9970. Loss: 1.747 LR:0.000001
[Epoch 177] Validation accuracy:0.9188, Loss:0.345, f1 0.868168, score 0.884877
[Epoch 178] Train time:2.76, Training accuracy:0.9961. Loss: 1.748 LR:0.000001
[Epoch 178] Validation accuracy:0.9179, Loss:0.346, f1 0.864523, score 0.882138
[Epoch 179] Train time:2.76, Training accuracy:0.9961. Loss: 1.752 LR:0.000001
[Epoch 179] Validation accuracy:0.9201, Loss:0.345, f1 0.868918, score 0.885808
[Epoch 180] Train time:2.77, Training accuracy:0.9957. Loss: 1.750 LR:0.000001
[Epoch 180] Validation accuracy:0.9201, Loss:0.344, f1 0.870346, score 0.886765
[Epoch 181] Train time:2.76, Training accuracy:0.9968. Loss: 1.743 LR:0.000001
[Epoch 181] Validation accuracy:0.9185, Loss:0.344, f1 0.866184, score 0.883448
[Epoch 182] Train time:2.76, Training accuracy:0.9962. Loss: 1.750 LR:0.000001
[Epoch 182] Validation accuracy:0.9182, Loss:0.341, f1 0.864392, score 0.882149
[Epoch 183] Train time:2.76, Training accuracy:0.9968. Loss: 1.745 LR:0.000001
[Epoch 183] Validation accuracy:0.9188, Loss:0.342, f1 0.866611, score 0.883834
[Epoch 184] Train time:2.77, Training accuracy:0.9960. Loss: 1.750 LR:0.000001
[Epoch 184] Validation accuracy:0.9205, Loss:0.341, f1 0.867178, score 0.884774
[Epoch 185] Train time:2.76, Training accuracy:0.9954. Loss: 1.755 LR:0.000001
[Epoch 185] Validation accuracy:0.9205, Loss:0.344, f1 0.868892, score 0.885922
[Epoch 186] Train time:2.76, Training accuracy:0.9959. Loss: 1.752 LR:0.000001
[Epoch 186] Validation accuracy:0.9179, Loss:0.344, f1 0.864997, score 0.882455
[Epoch 187] Train time:2.76, Training accuracy:0.9969. Loss: 1.742 LR:0.000001
[Epoch 187] Validation accuracy:0.9172, Loss:0.347, f1 0.865651, score 0.882662
[Epoch 188] Train time:2.76, Training accuracy:0.9962. Loss: 1.747 LR:0.000001
[Epoch 188] Validation accuracy:0.9182, Loss:0.342, f1 0.865592, score 0.882952
[Epoch 189] Train time:2.76, Training accuracy:0.9958. Loss: 1.753 LR:0.000001
[Epoch 189] Validation accuracy:0.9188, Loss:0.342, f1 0.868336, score 0.884989
[Epoch 190] Train time:2.76, Training accuracy:0.9971. Loss: 1.740 LR:0.000001
[Epoch 190] Validation accuracy:0.9198, Loss:0.346, f1 0.867768, score 0.884939
[Epoch 191] Train time:2.76, Training accuracy:0.9958. Loss: 1.750 LR:0.000001
[Epoch 191] Validation accuracy:0.9179, Loss:0.346, f1 0.865632, score 0.882881
[Epoch 192] Train time:2.76, Training accuracy:0.9964. Loss: 1.747 LR:0.000001
[Epoch 192] Validation accuracy:0.9185, Loss:0.345, f1 0.866392, score 0.883588
[Epoch 193] Train time:2.76, Training accuracy:0.9966. Loss: 1.747 LR:0.000001
[Epoch 193] Validation accuracy:0.9188, Loss:0.349, f1 0.865689, score 0.883216
[Epoch 194] Train time:2.76, Training accuracy:0.9962. Loss: 1.748 LR:0.000001
[Epoch 194] Validation accuracy:0.9201, Loss:0.345, f1 0.867037, score 0.884548
[Epoch 195] Train time:2.76, Training accuracy:0.9963. Loss: 1.745 LR:0.000001
[Epoch 195] Validation accuracy:0.9198, Loss:0.342, f1 0.869415, score 0.886042
[Epoch 196] Train time:2.76, Training accuracy:0.9963. Loss: 1.749 LR:0.000001
[Epoch 196] Validation accuracy:0.9185, Loss:0.346, f1 0.865130, score 0.882742
[Epoch 197] Train time:2.77, Training accuracy:0.9966. Loss: 1.747 LR:0.000001
[Epoch 197] Validation accuracy:0.9205, Loss:0.338, f1 0.868648, score 0.885759
[Epoch 198] Train time:2.76, Training accuracy:0.9971. Loss: 1.741 LR:0.000001
[Epoch 198] Validation accuracy:0.9175, Loss:0.345, f1 0.863370, score 0.881233
[Epoch 199] Train time:2.76, Training accuracy:0.9972. Loss: 1.743 LR:0.000001
[Epoch 199] Validation accuracy:0.9192, Loss:0.345, f1 0.864871, score 0.882800
[Epoch 200] Train time:2.76, Training accuracy:0.9962. Loss: 1.748 LR:0.000001
[Epoch 200] Validation accuracy:0.9205, Loss:0.342, f1 0.868607, score 0.885732
[Epoch 201] Train time:2.76, Training accuracy:0.9967. Loss: 1.746 LR:0.000001
[Epoch 201] Validation accuracy:0.9182, Loss:0.345, f1 0.868567, score 0.884946
[Epoch 202] Train time:2.76, Training accuracy:0.9959. Loss: 1.748 LR:0.000001
[Epoch 202] Validation accuracy:0.9201, Loss:0.343, f1 0.867038, score 0.884548
[Epoch 203] Train time:2.76, Training accuracy:0.9971. Loss: 1.743 LR:0.000001
[Epoch 203] Validation accuracy:0.9195, Loss:0.342, f1 0.867753, score 0.884830
[Epoch 204] Train time:2.76, Training accuracy:0.9967. Loss: 1.745 LR:0.000001
[Epoch 204] Validation accuracy:0.9205, Loss:0.356, f1 0.867960, score 0.885298
[Epoch 205] Train time:2.76, Training accuracy:0.9968. Loss: 1.745 LR:0.000001
[Epoch 205] Validation accuracy:0.9169, Loss:0.347, f1 0.866229, score 0.882951
[Epoch 206] Train time:2.76, Training accuracy:0.9970. Loss: 1.746 LR:0.000001
[Epoch 206] Validation accuracy:0.9185, Loss:0.343, f1 0.862697, score 0.881112
[Epoch 207] Train time:2.76, Training accuracy:0.9971. Loss: 1.745 LR:0.000001
[Epoch 207] Validation accuracy:0.9182, Loss:0.346, f1 0.866033, score 0.883248
[Epoch 208] Train time:2.76, Training accuracy:0.9971. Loss: 1.742 LR:0.000001
[Epoch 208] Validation accuracy:0.9192, Loss:0.345, f1 0.864574, score 0.882601
[Epoch 209] Train time:2.76, Training accuracy:0.9968. Loss: 1.745 LR:0.000001
[Epoch 209] Validation accuracy:0.9192, Loss:0.344, f1 0.866830, score 0.884112
[Epoch 210] Train time:2.76, Training accuracy:0.9967. Loss: 1.747 LR:0.000001
[Epoch 210] Validation accuracy:0.9211, Loss:0.342, f1 0.868650, score 0.885958
[Epoch 211] Train time:2.76, Training accuracy:0.9958. Loss: 1.748 LR:0.000001
[Epoch 211] Validation accuracy:0.9214, Loss:0.343, f1 0.870010, score 0.886969
[Epoch 212] Train time:2.76, Training accuracy:0.9967. Loss: 1.744 LR:0.000001
[Epoch 212] Validation accuracy:0.9185, Loss:0.344, f1 0.867427, score 0.884281
[Epoch 213] Train time:2.76, Training accuracy:0.9968. Loss: 1.746 LR:0.000001
[Epoch 213] Validation accuracy:0.9211, Loss:0.343, f1 0.868905, score 0.886129
[Epoch 214] Train time:2.76, Training accuracy:0.9976. Loss: 1.738 LR:0.000001
[Epoch 214] Validation accuracy:0.9198, Loss:0.343, f1 0.867619, score 0.884839
[Epoch 215] Train time:2.76, Training accuracy:0.9962. Loss: 1.750 LR:0.000001
[Epoch 215] Validation accuracy:0.9179, Loss:0.343, f1 0.864931, score 0.882411
[Epoch 216] Train time:2.77, Training accuracy:0.9971. Loss: 1.742 LR:0.000001
[Epoch 216] Validation accuracy:0.9179, Loss:0.344, f1 0.865410, score 0.882732
[Epoch 217] Train time:2.76, Training accuracy:0.9969. Loss: 1.744 LR:0.000001
[Epoch 217] Validation accuracy:0.9195, Loss:0.341, f1 0.867015, score 0.884335
[Epoch 218] Train time:2.76, Training accuracy:0.9976. Loss: 1.743 LR:0.000000
[Epoch 218] Validation accuracy:0.9201, Loss:0.341, f1 0.868300, score 0.885394
[Epoch 219] Train time:2.77, Training accuracy:0.9962. Loss: 1.745 LR:0.000000
[Epoch 219] Validation accuracy:0.9188, Loss:0.348, f1 0.867452, score 0.884397
[Epoch 220] Train time:2.76, Training accuracy:0.9970. Loss: 1.745 LR:0.000000
[Epoch 220] Validation accuracy:0.9172, Loss:0.346, f1 0.863621, score 0.881302
[Epoch 221] Train time:2.76, Training accuracy:0.9965. Loss: 1.746 LR:0.000000
[Epoch 221] Validation accuracy:0.9179, Loss:0.344, f1 0.865869, score 0.883039
[Epoch 222] Train time:2.77, Training accuracy:0.9966. Loss: 1.745 LR:0.000000
[Epoch 222] Validation accuracy:0.9162, Loss:0.342, f1 0.863238, score 0.880715
[Epoch 223] Train time:2.76, Training accuracy:0.9965. Loss: 1.744 LR:0.000000
[Epoch 223] Validation accuracy:0.9179, Loss:0.343, f1 0.864721, score 0.882270
[Epoch 224] Train time:2.77, Training accuracy:0.9963. Loss: 1.752 LR:0.000000
[Epoch 224] Validation accuracy:0.9179, Loss:0.343, f1 0.866646, score 0.883560
[Epoch 225] Train time:2.76, Training accuracy:0.9961. Loss: 1.746 LR:0.000000
[Epoch 225] Validation accuracy:0.9188, Loss:0.344, f1 0.865549, score 0.883122
[Epoch 226] Train time:2.76, Training accuracy:0.9967. Loss: 1.741 LR:0.000000
[Epoch 226] Validation accuracy:0.9179, Loss:0.343, f1 0.866423, score 0.883410
[Epoch 227] Train time:2.76, Training accuracy:0.9962. Loss: 1.750 LR:0.000000
[Epoch 227] Validation accuracy:0.9175, Loss:0.345, f1 0.863833, score 0.881543
[Epoch 228] Train time:2.76, Training accuracy:0.9963. Loss: 1.748 LR:0.000000
[Epoch 228] Validation accuracy:0.9159, Loss:0.343, f1 0.860028, score 0.878466
[Epoch 229] Train time:2.76, Training accuracy:0.9959. Loss: 1.748 LR:0.000000
[Epoch 229] Validation accuracy:0.9166, Loss:0.342, f1 0.863029, score 0.880708
[Epoch 230] Train time:2.76, Training accuracy:0.9965. Loss: 1.750 LR:0.000000
[Epoch 230] Validation accuracy:0.9149, Loss:0.342, f1 0.862166, score 0.879568
[Epoch 231] Train time:2.76, Training accuracy:0.9970. Loss: 1.743 LR:0.000000
[Epoch 231] Validation accuracy:0.9182, Loss:0.342, f1 0.865466, score 0.882869
[Epoch 232] Train time:2.76, Training accuracy:0.9964. Loss: 1.745 LR:0.000000
[Epoch 232] Validation accuracy:0.9192, Loss:0.341, f1 0.865795, score 0.883419
[Epoch 233] Train time:2.76, Training accuracy:0.9967. Loss: 1.745 LR:0.000000
[Epoch 233] Validation accuracy:0.9179, Loss:0.342, f1 0.864465, score 0.882099
[Epoch 234] Train time:2.76, Training accuracy:0.9960. Loss: 1.746 LR:0.000000
[Epoch 234] Validation accuracy:0.9188, Loss:0.341, f1 0.865148, score 0.882853
[Epoch 235] Train time:2.77, Training accuracy:0.9963. Loss: 1.748 LR:0.000000
[Epoch 235] Validation accuracy:0.9179, Loss:0.343, f1 0.865118, score 0.882536
[Epoch 236] Train time:2.76, Training accuracy:0.9963. Loss: 1.748 LR:0.000000
[Epoch 236] Validation accuracy:0.9185, Loss:0.340, f1 0.864973, score 0.882637
[Epoch 237] Train time:2.76, Training accuracy:0.9968. Loss: 1.746 LR:0.000000
[Epoch 237] Validation accuracy:0.9192, Loss:0.340, f1 0.865581, score 0.883276
[Epoch 238] Train time:2.76, Training accuracy:0.9965. Loss: 1.749 LR:0.000000
[Epoch 238] Validation accuracy:0.9188, Loss:0.342, f1 0.866018, score 0.883436
[Epoch 239] Train time:2.76, Training accuracy:0.9956. Loss: 1.753 LR:0.000000
[Epoch 239] Validation accuracy:0.9159, Loss:0.343, f1 0.861816, score 0.879664
[Epoch 240] Train time:2.76, Training accuracy:0.9967. Loss: 1.747 LR:0.000000
[Epoch 240] Validation accuracy:0.9188, Loss:0.339, f1 0.864350, score 0.882319
[Epoch 241] Train time:2.76, Training accuracy:0.9973. Loss: 1.741 LR:0.000000
[Epoch 241] Validation accuracy:0.9195, Loss:0.340, f1 0.866892, score 0.884253
[Epoch 242] Train time:2.76, Training accuracy:0.9973. Loss: 1.746 LR:0.000000
[Epoch 242] Validation accuracy:0.9185, Loss:0.341, f1 0.863304, score 0.881518
[Epoch 243] Train time:2.76, Training accuracy:0.9976. Loss: 1.739 LR:0.000000
[Epoch 243] Validation accuracy:0.9182, Loss:0.343, f1 0.864945, score 0.882519
[Epoch 244] Train time:2.77, Training accuracy:0.9964. Loss: 1.746 LR:0.000000
[Epoch 244] Validation accuracy:0.9156, Loss:0.344, f1 0.861340, score 0.879246
[Epoch 245] Train time:2.76, Training accuracy:0.9967. Loss: 1.748 LR:0.000000
[Epoch 245] Validation accuracy:0.9169, Loss:0.340, f1 0.862874, score 0.880702
[Epoch 246] Train time:2.76, Training accuracy:0.9971. Loss: 1.743 LR:0.000000
[Epoch 246] Validation accuracy:0.9179, Loss:0.344, f1 0.864092, score 0.881848
[Epoch 247] Train time:2.76, Training accuracy:0.9970. Loss: 1.745 LR:0.000000
[Epoch 247] Validation accuracy:0.9166, Loss:0.343, f1 0.864304, score 0.881562
[Epoch 248] Train time:2.76, Training accuracy:0.9976. Loss: 1.740 LR:0.000000
[Epoch 248] Validation accuracy:0.9153, Loss:0.344, f1 0.861878, score 0.879507
[Epoch 249] Train time:2.77, Training accuracy:0.9967. Loss: 1.746 LR:0.000000
[Epoch 249] Validation accuracy:0.9192, Loss:0.346, f1 0.866316, score 0.883768
[Epoch 250] Train time:2.77, Training accuracy:0.9965. Loss: 1.744 LR:0.000000
[Epoch 250] Validation accuracy:0.9185, Loss:0.341, f1 0.866658, score 0.883766
