Work on GPU:  0,1
load_weight 304
Train set size: 12271
Validation set size: 3068
batch_size: 120
Total Parameters: 51.353M
[Epoch 1] Train time:2.12, Training accuracy:0.6476. Loss: 3.922 LR:0.000040
[Epoch 1] Validation accuracy:0.8543, Loss:0.569, f1 0.743850, score 0.780298
best_acc:0.8543
[Epoch 2] Train time:2.15, Training accuracy:0.7941. Loss: 3.080 LR:0.000039
[Epoch 2] Validation accuracy:0.8729, Loss:0.456, f1 0.803473, score 0.826384
best_acc:0.8729
[Epoch 3] Train time:2.11, Training accuracy:0.8355. Loss: 2.831 LR:0.000038
[Epoch 3] Validation accuracy:0.8771, Loss:0.460, f1 0.811087, score 0.832871
best_acc:0.8771
[Epoch 4] Train time:2.11, Training accuracy:0.8629. Loss: 2.661 LR:0.000038
[Epoch 4] Validation accuracy:0.8960, Loss:0.413, f1 0.830461, score 0.852089
best_acc:0.896
[Epoch 5] Train time:2.11, Training accuracy:0.8831. Loss: 2.538 LR:0.000037
[Epoch 5] Validation accuracy:0.8931, Loss:0.398, f1 0.826927, score 0.848764
[Epoch 6] Train time:2.11, Training accuracy:0.9002. Loss: 2.447 LR:0.000036
[Epoch 6] Validation accuracy:0.8941, Loss:0.388, f1 0.831547, score 0.852190
[Epoch 7] Train time:2.11, Training accuracy:0.9148. Loss: 2.357 LR:0.000035
[Epoch 7] Validation accuracy:0.8957, Loss:0.414, f1 0.839555, score 0.858083
[Epoch 8] Train time:2.11, Training accuracy:0.9264. Loss: 2.296 LR:0.000035
[Epoch 8] Validation accuracy:0.9084, Loss:0.374, f1 0.857019, score 0.873975
Model saved.
best_acc:0.9084
[Epoch 9] Train time:2.11, Training accuracy:0.9403. Loss: 2.215 LR:0.000034
[Epoch 9] Validation accuracy:0.9107, Loss:0.367, f1 0.854381, score 0.872967
Model saved.
best_acc:0.9107
[Epoch 10] Train time:2.11, Training accuracy:0.9441. Loss: 2.180 LR:0.000033
[Epoch 10] Validation accuracy:0.9071, Loss:0.371, f1 0.851837, score 0.870074
[Epoch 11] Train time:2.11, Training accuracy:0.9507. Loss: 2.137 LR:0.000033
[Epoch 11] Validation accuracy:0.9084, Loss:0.373, f1 0.857056, score 0.873999
[Epoch 12] Train time:2.11, Training accuracy:0.9572. Loss: 2.105 LR:0.000032
[Epoch 12] Validation accuracy:0.9192, Loss:0.364, f1 0.874398, score 0.889182
Model saved.
best_acc:0.9192
[Epoch 13] Train time:2.11, Training accuracy:0.9583. Loss: 2.078 LR:0.000031
[Epoch 13] Validation accuracy:0.9162, Loss:0.343, f1 0.859813, score 0.878420
[Epoch 14] Train time:2.11, Training accuracy:0.9648. Loss: 2.040 LR:0.000031
[Epoch 14] Validation accuracy:0.9123, Loss:0.368, f1 0.854634, score 0.873664
[Epoch 15] Train time:2.11, Training accuracy:0.9676. Loss: 2.030 LR:0.000030
[Epoch 15] Validation accuracy:0.9162, Loss:0.359, f1 0.868018, score 0.883918
[Epoch 16] Train time:2.11, Training accuracy:0.9688. Loss: 2.013 LR:0.000030
[Epoch 16] Validation accuracy:0.9091, Loss:0.369, f1 0.859713, score 0.876011
[Epoch 17] Train time:2.11, Training accuracy:0.9703. Loss: 2.000 LR:0.000029
[Epoch 17] Validation accuracy:0.9179, Loss:0.356, f1 0.864095, score 0.881851
[Epoch 18] Train time:2.11, Training accuracy:0.9706. Loss: 1.985 LR:0.000028
[Epoch 18] Validation accuracy:0.9140, Loss:0.362, f1 0.860671, score 0.878270
[Epoch 19] Train time:2.11, Training accuracy:0.9743. Loss: 1.962 LR:0.000028
[Epoch 19] Validation accuracy:0.9143, Loss:0.361, f1 0.860752, score 0.878423
[Epoch 20] Train time:2.11, Training accuracy:0.9754. Loss: 1.963 LR:0.000027
[Epoch 20] Validation accuracy:0.9087, Loss:0.363, f1 0.856135, score 0.873481
[Epoch 21] Train time:2.11, Training accuracy:0.9761. Loss: 1.957 LR:0.000027
[Epoch 21] Validation accuracy:0.9149, Loss:0.351, f1 0.866829, score 0.882692
[Epoch 22] Train time:2.11, Training accuracy:0.9781. Loss: 1.938 LR:0.000026
[Epoch 22] Validation accuracy:0.9166, Loss:0.349, f1 0.871499, score 0.886383
[Epoch 23] Train time:2.11, Training accuracy:0.9761. Loss: 1.951 LR:0.000026
[Epoch 23] Validation accuracy:0.9153, Loss:0.357, f1 0.868134, score 0.883699
[Epoch 24] Train time:2.11, Training accuracy:0.9772. Loss: 1.935 LR:0.000025
[Epoch 24] Validation accuracy:0.9084, Loss:0.364, f1 0.862723, score 0.877797
[Epoch 25] Train time:2.11, Training accuracy:0.9822. Loss: 1.907 LR:0.000025
[Epoch 25] Validation accuracy:0.9136, Loss:0.355, f1 0.861692, score 0.878822
[Epoch 26] Train time:2.11, Training accuracy:0.9799. Loss: 1.906 LR:0.000024
[Epoch 26] Validation accuracy:0.9172, Loss:0.354, f1 0.869986, score 0.885566
[Epoch 27] Train time:2.11, Training accuracy:0.9795. Loss: 1.913 LR:0.000024
[Epoch 27] Validation accuracy:0.9094, Loss:0.368, f1 0.861391, score 0.877234
[Epoch 28] Train time:2.11, Training accuracy:0.9817. Loss: 1.906 LR:0.000023
[Epoch 28] Validation accuracy:0.9179, Loss:0.351, f1 0.867922, score 0.884415
[Epoch 29] Train time:2.11, Training accuracy:0.9831. Loss: 1.895 LR:0.000023
[Epoch 29] Validation accuracy:0.9136, Loss:0.357, f1 0.863115, score 0.879775
[Epoch 30] Train time:2.11, Training accuracy:0.9830. Loss: 1.885 LR:0.000022
[Epoch 30] Validation accuracy:0.9153, Loss:0.352, f1 0.862276, score 0.879774
[Epoch 31] Train time:2.11, Training accuracy:0.9818. Loss: 1.893 LR:0.000022
[Epoch 31] Validation accuracy:0.9188, Loss:0.355, f1 0.875300, score 0.889655
[Epoch 32] Train time:2.11, Training accuracy:0.9839. Loss: 1.874 LR:0.000021
[Epoch 32] Validation accuracy:0.9159, Loss:0.352, f1 0.866231, score 0.882622
[Epoch 33] Train time:2.11, Training accuracy:0.9829. Loss: 1.881 LR:0.000021
[Epoch 33] Validation accuracy:0.9175, Loss:0.350, f1 0.865921, score 0.882942
[Epoch 34] Train time:2.11, Training accuracy:0.9822. Loss: 1.893 LR:0.000021
[Epoch 34] Validation accuracy:0.9166, Loss:0.352, f1 0.861886, score 0.879942
[Epoch 35] Train time:2.11, Training accuracy:0.9841. Loss: 1.878 LR:0.000020
[Epoch 35] Validation accuracy:0.9143, Loss:0.353, f1 0.863155, score 0.880033
[Epoch 36] Train time:2.11, Training accuracy:0.9852. Loss: 1.868 LR:0.000020
[Epoch 36] Validation accuracy:0.9159, Loss:0.352, f1 0.868379, score 0.884061
[Epoch 37] Train time:2.11, Training accuracy:0.9855. Loss: 1.867 LR:0.000019
[Epoch 37] Validation accuracy:0.9117, Loss:0.354, f1 0.862221, score 0.878549
[Epoch 38] Train time:2.11, Training accuracy:0.9850. Loss: 1.863 LR:0.000019
[Epoch 38] Validation accuracy:0.9140, Loss:0.353, f1 0.857126, score 0.875894
[Epoch 39] Train time:2.11, Training accuracy:0.9848. Loss: 1.861 LR:0.000019
[Epoch 39] Validation accuracy:0.9110, Loss:0.357, f1 0.863236, score 0.878998
[Epoch 40] Train time:2.11, Training accuracy:0.9850. Loss: 1.862 LR:0.000018
[Epoch 40] Validation accuracy:0.9169, Loss:0.351, f1 0.868568, score 0.884517
[Epoch 41] Train time:2.11, Training accuracy:0.9845. Loss: 1.862 LR:0.000018
[Epoch 41] Validation accuracy:0.9100, Loss:0.365, f1 0.859709, score 0.876305
[Epoch 42] Train time:2.11, Training accuracy:0.9856. Loss: 1.855 LR:0.000017
[Epoch 42] Validation accuracy:0.9110, Loss:0.349, f1 0.858633, score 0.875914
[Epoch 43] Train time:2.11, Training accuracy:0.9858. Loss: 1.855 LR:0.000017
[Epoch 43] Validation accuracy:0.9120, Loss:0.356, f1 0.860319, score 0.877374
[Epoch 44] Train time:2.11, Training accuracy:0.9865. Loss: 1.848 LR:0.000017
[Epoch 44] Validation accuracy:0.9117, Loss:0.352, f1 0.860467, score 0.877374
[Epoch 45] Train time:2.11, Training accuracy:0.9862. Loss: 1.854 LR:0.000016
[Epoch 45] Validation accuracy:0.9104, Loss:0.359, f1 0.857050, score 0.874655
[Epoch 46] Train time:2.11, Training accuracy:0.9870. Loss: 1.846 LR:0.000016
[Epoch 46] Validation accuracy:0.9113, Loss:0.351, f1 0.857411, score 0.875194
[Epoch 47] Train time:2.11, Training accuracy:0.9869. Loss: 1.849 LR:0.000016
[Epoch 47] Validation accuracy:0.9153, Loss:0.353, f1 0.863116, score 0.880337
[Epoch 48] Train time:2.11, Training accuracy:0.9879. Loss: 1.846 LR:0.000015
[Epoch 48] Validation accuracy:0.9130, Loss:0.356, f1 0.863128, score 0.879586
[Epoch 49] Train time:2.11, Training accuracy:0.9877. Loss: 1.840 LR:0.000015
[Epoch 49] Validation accuracy:0.9117, Loss:0.358, f1 0.860673, score 0.877512
[Epoch 50] Train time:2.11, Training accuracy:0.9881. Loss: 1.836 LR:0.000015
[Epoch 50] Validation accuracy:0.9156, Loss:0.347, f1 0.867062, score 0.883079
[Epoch 51] Train time:2.11, Training accuracy:0.9877. Loss: 1.833 LR:0.000015
[Epoch 51] Validation accuracy:0.9126, Loss:0.354, f1 0.857420, score 0.875629
[Epoch 52] Train time:2.11, Training accuracy:0.9888. Loss: 1.831 LR:0.000014
[Epoch 52] Validation accuracy:0.9130, Loss:0.362, f1 0.862842, score 0.879394
[Epoch 53] Train time:2.11, Training accuracy:0.9879. Loss: 1.824 LR:0.000014
[Epoch 53] Validation accuracy:0.9169, Loss:0.347, f1 0.870755, score 0.885983
[Epoch 54] Train time:2.11, Training accuracy:0.9897. Loss: 1.821 LR:0.000014
[Epoch 54] Validation accuracy:0.9156, Loss:0.347, f1 0.868614, score 0.884119
[Epoch 55] Train time:2.11, Training accuracy:0.9874. Loss: 1.838 LR:0.000013
[Epoch 55] Validation accuracy:0.9156, Loss:0.359, f1 0.859683, score 0.878135
[Epoch 56] Train time:2.11, Training accuracy:0.9897. Loss: 1.824 LR:0.000013
[Epoch 56] Validation accuracy:0.9175, Loss:0.351, f1 0.866243, score 0.883158
[Epoch 57] Train time:2.11, Training accuracy:0.9875. Loss: 1.831 LR:0.000013
[Epoch 57] Validation accuracy:0.9153, Loss:0.358, f1 0.864651, score 0.881365
[Epoch 58] Train time:2.11, Training accuracy:0.9894. Loss: 1.820 LR:0.000013
[Epoch 58] Validation accuracy:0.9156, Loss:0.353, f1 0.863348, score 0.880591
[Epoch 59] Train time:2.11, Training accuracy:0.9888. Loss: 1.827 LR:0.000012
[Epoch 59] Validation accuracy:0.9159, Loss:0.348, f1 0.866513, score 0.882811
[Epoch 60] Train time:2.11, Training accuracy:0.9901. Loss: 1.816 LR:0.000012
[Epoch 60] Validation accuracy:0.9149, Loss:0.354, f1 0.863837, score 0.880688
[Epoch 61] Train time:2.11, Training accuracy:0.9898. Loss: 1.820 LR:0.000012
[Epoch 61] Validation accuracy:0.9169, Loss:0.343, f1 0.865804, score 0.882666
[Epoch 62] Train time:2.11, Training accuracy:0.9900. Loss: 1.813 LR:0.000012
[Epoch 62] Validation accuracy:0.9169, Loss:0.353, f1 0.864972, score 0.882108
[Epoch 63] Train time:2.11, Training accuracy:0.9902. Loss: 1.811 LR:0.000011
[Epoch 63] Validation accuracy:0.9133, Loss:0.356, f1 0.860150, score 0.877690
[Epoch 64] Train time:2.11, Training accuracy:0.9905. Loss: 1.809 LR:0.000011
[Epoch 64] Validation accuracy:0.9146, Loss:0.353, f1 0.860463, score 0.878328
[Epoch 65] Train time:2.11, Training accuracy:0.9901. Loss: 1.810 LR:0.000011
[Epoch 65] Validation accuracy:0.9169, Loss:0.355, f1 0.866979, score 0.883453
[Epoch 66] Train time:2.11, Training accuracy:0.9901. Loss: 1.811 LR:0.000011
[Epoch 66] Validation accuracy:0.9162, Loss:0.351, f1 0.863399, score 0.880823
[Epoch 67] Train time:2.11, Training accuracy:0.9907. Loss: 1.817 LR:0.000011
[Epoch 67] Validation accuracy:0.9166, Loss:0.354, f1 0.863879, score 0.881277
[Epoch 68] Train time:2.11, Training accuracy:0.9897. Loss: 1.813 LR:0.000010
[Epoch 68] Validation accuracy:0.9185, Loss:0.351, f1 0.869251, score 0.885503
[Epoch 69] Train time:2.11, Training accuracy:0.9907. Loss: 1.805 LR:0.000010
[Epoch 69] Validation accuracy:0.9166, Loss:0.355, f1 0.863574, score 0.881073
[Epoch 70] Train time:2.12, Training accuracy:0.9904. Loss: 1.802 LR:0.000010
[Epoch 70] Validation accuracy:0.9166, Loss:0.349, f1 0.867243, score 0.883531
[Epoch 71] Train time:2.11, Training accuracy:0.9921. Loss: 1.798 LR:0.000010
[Epoch 71] Validation accuracy:0.9130, Loss:0.344, f1 0.863200, score 0.879634
[Epoch 72] Train time:2.11, Training accuracy:0.9908. Loss: 1.805 LR:0.000010
[Epoch 72] Validation accuracy:0.9159, Loss:0.347, f1 0.864384, score 0.881384
[Epoch 73] Train time:2.11, Training accuracy:0.9918. Loss: 1.799 LR:0.000009
[Epoch 73] Validation accuracy:0.9159, Loss:0.351, f1 0.866749, score 0.882969
[Epoch 74] Train time:2.11, Training accuracy:0.9916. Loss: 1.800 LR:0.000009
[Epoch 74] Validation accuracy:0.9175, Loss:0.351, f1 0.866542, score 0.883358
[Epoch 75] Train time:2.11, Training accuracy:0.9924. Loss: 1.798 LR:0.000009
[Epoch 75] Validation accuracy:0.9146, Loss:0.353, f1 0.863963, score 0.880673
[Epoch 76] Train time:2.11, Training accuracy:0.9919. Loss: 1.797 LR:0.000009
[Epoch 76] Validation accuracy:0.9153, Loss:0.352, f1 0.867682, score 0.883396
[Epoch 77] Train time:2.12, Training accuracy:0.9936. Loss: 1.785 LR:0.000009
[Epoch 77] Validation accuracy:0.9182, Loss:0.343, f1 0.870209, score 0.886046
[Epoch 78] Train time:2.11, Training accuracy:0.9920. Loss: 1.799 LR:0.000008
[Epoch 78] Validation accuracy:0.9166, Loss:0.347, f1 0.868132, score 0.884127
[Epoch 79] Train time:2.11, Training accuracy:0.9921. Loss: 1.799 LR:0.000008
[Epoch 79] Validation accuracy:0.9188, Loss:0.348, f1 0.868431, score 0.885053
[Epoch 80] Train time:2.11, Training accuracy:0.9920. Loss: 1.797 LR:0.000008
[Epoch 80] Validation accuracy:0.9185, Loss:0.342, f1 0.870182, score 0.886127
[Epoch 81] Train time:2.11, Training accuracy:0.9915. Loss: 1.794 LR:0.000008
[Epoch 81] Validation accuracy:0.9195, Loss:0.347, f1 0.875805, score 0.890224
Model saved.
best_acc:0.9195
[Epoch 82] Train time:2.11, Training accuracy:0.9916. Loss: 1.793 LR:0.000008
[Epoch 82] Validation accuracy:0.9166, Loss:0.354, f1 0.870658, score 0.885819
[Epoch 83] Train time:2.11, Training accuracy:0.9923. Loss: 1.793 LR:0.000008
[Epoch 83] Validation accuracy:0.9166, Loss:0.349, f1 0.867645, score 0.883800
[Epoch 84] Train time:2.12, Training accuracy:0.9920. Loss: 1.787 LR:0.000007
[Epoch 84] Validation accuracy:0.9175, Loss:0.348, f1 0.870206, score 0.885813
[Epoch 85] Train time:2.11, Training accuracy:0.9930. Loss: 1.788 LR:0.000007
[Epoch 85] Validation accuracy:0.9156, Loss:0.355, f1 0.874050, score 0.887761
[Epoch 86] Train time:2.11, Training accuracy:0.9920. Loss: 1.796 LR:0.000007
[Epoch 86] Validation accuracy:0.9153, Loss:0.353, f1 0.869966, score 0.884926
[Epoch 87] Train time:2.11, Training accuracy:0.9926. Loss: 1.786 LR:0.000007
[Epoch 87] Validation accuracy:0.9185, Loss:0.353, f1 0.873454, score 0.888319
[Epoch 88] Train time:2.11, Training accuracy:0.9927. Loss: 1.787 LR:0.000007
[Epoch 88] Validation accuracy:0.9185, Loss:0.347, f1 0.874765, score 0.889197
[Epoch 89] Train time:2.12, Training accuracy:0.9942. Loss: 1.777 LR:0.000007
[Epoch 89] Validation accuracy:0.9143, Loss:0.347, f1 0.866218, score 0.882085
[Epoch 90] Train time:2.11, Training accuracy:0.9931. Loss: 1.777 LR:0.000007
[Epoch 90] Validation accuracy:0.9179, Loss:0.344, f1 0.867925, score 0.884417
[Epoch 91] Train time:2.11, Training accuracy:0.9932. Loss: 1.781 LR:0.000006
[Epoch 91] Validation accuracy:0.9195, Loss:0.344, f1 0.873812, score 0.888889
[Epoch 92] Train time:2.11, Training accuracy:0.9932. Loss: 1.780 LR:0.000006
[Epoch 92] Validation accuracy:0.9140, Loss:0.354, f1 0.865198, score 0.881303
[Epoch 93] Train time:2.12, Training accuracy:0.9927. Loss: 1.786 LR:0.000006
[Epoch 93] Validation accuracy:0.9201, Loss:0.349, f1 0.875541, score 0.890246
Model saved.
best_acc:0.9201
[Epoch 94] Train time:2.11, Training accuracy:0.9936. Loss: 1.776 LR:0.000006
[Epoch 94] Validation accuracy:0.9166, Loss:0.351, f1 0.872389, score 0.886979
[Epoch 95] Train time:2.11, Training accuracy:0.9940. Loss: 1.778 LR:0.000006
[Epoch 95] Validation accuracy:0.9188, Loss:0.347, f1 0.873748, score 0.888615
[Epoch 96] Train time:2.12, Training accuracy:0.9936. Loss: 1.780 LR:0.000006
[Epoch 96] Validation accuracy:0.9208, Loss:0.346, f1 0.881178, score 0.894253
Model saved.
best_acc:0.9208
[Epoch 97] Train time:2.11, Training accuracy:0.9935. Loss: 1.779 LR:0.000006
[Epoch 97] Validation accuracy:0.9162, Loss:0.348, f1 0.869344, score 0.884806
[Epoch 98] Train time:2.12, Training accuracy:0.9936. Loss: 1.779 LR:0.000006
[Epoch 98] Validation accuracy:0.9185, Loss:0.345, f1 0.871906, score 0.887282
[Epoch 99] Train time:2.12, Training accuracy:0.9944. Loss: 1.774 LR:0.000006
[Epoch 99] Validation accuracy:0.9188, Loss:0.342, f1 0.874933, score 0.889409
[Epoch 100] Train time:2.11, Training accuracy:0.9944. Loss: 1.772 LR:0.000005
[Epoch 100] Validation accuracy:0.9162, Loss:0.343, f1 0.865608, score 0.882303
[Epoch 101] Train time:2.11, Training accuracy:0.9941. Loss: 1.776 LR:0.000005
[Epoch 101] Validation accuracy:0.9172, Loss:0.347, f1 0.868695, score 0.884702
[Epoch 102] Train time:2.12, Training accuracy:0.9944. Loss: 1.771 LR:0.000005
[Epoch 102] Validation accuracy:0.9130, Loss:0.346, f1 0.862244, score 0.878993
[Epoch 103] Train time:2.12, Training accuracy:0.9940. Loss: 1.773 LR:0.000005
[Epoch 103] Validation accuracy:0.9179, Loss:0.339, f1 0.869234, score 0.885294
[Epoch 104] Train time:2.12, Training accuracy:0.9944. Loss: 1.769 LR:0.000005
[Epoch 104] Validation accuracy:0.9136, Loss:0.348, f1 0.861130, score 0.878445
[Epoch 105] Train time:2.11, Training accuracy:0.9923. Loss: 1.782 LR:0.000005
[Epoch 105] Validation accuracy:0.9126, Loss:0.354, f1 0.858757, score 0.876525
[Epoch 106] Train time:2.11, Training accuracy:0.9930. Loss: 1.780 LR:0.000005
[Epoch 106] Validation accuracy:0.9169, Loss:0.345, f1 0.866914, score 0.883410
[Epoch 107] Train time:2.12, Training accuracy:0.9944. Loss: 1.769 LR:0.000005
[Epoch 107] Validation accuracy:0.9175, Loss:0.343, f1 0.869935, score 0.885632
[Epoch 108] Train time:2.11, Training accuracy:0.9941. Loss: 1.775 LR:0.000005
[Epoch 108] Validation accuracy:0.9172, Loss:0.346, f1 0.869668, score 0.885354
[Epoch 109] Train time:2.11, Training accuracy:0.9955. Loss: 1.767 LR:0.000005
[Epoch 109] Validation accuracy:0.9175, Loss:0.345, f1 0.868511, score 0.884678
[Epoch 110] Train time:2.11, Training accuracy:0.9953. Loss: 1.769 LR:0.000004
[Epoch 110] Validation accuracy:0.9175, Loss:0.341, f1 0.867080, score 0.883719
[Epoch 111] Train time:2.11, Training accuracy:0.9941. Loss: 1.770 LR:0.000004
[Epoch 111] Validation accuracy:0.9198, Loss:0.344, f1 0.873402, score 0.888714
[Epoch 112] Train time:2.11, Training accuracy:0.9942. Loss: 1.770 LR:0.000004
[Epoch 112] Validation accuracy:0.9182, Loss:0.342, f1 0.869915, score 0.885849
[Epoch 113] Train time:2.11, Training accuracy:0.9937. Loss: 1.769 LR:0.000004
[Epoch 113] Validation accuracy:0.9195, Loss:0.340, f1 0.870708, score 0.886810
[Epoch 114] Train time:2.12, Training accuracy:0.9948. Loss: 1.768 LR:0.000004
[Epoch 114] Validation accuracy:0.9166, Loss:0.345, f1 0.864836, score 0.881918
[Epoch 115] Train time:2.12, Training accuracy:0.9950. Loss: 1.766 LR:0.000004
[Epoch 115] Validation accuracy:0.9162, Loss:0.345, f1 0.866103, score 0.882635
[Epoch 116] Train time:2.12, Training accuracy:0.9946. Loss: 1.770 LR:0.000004
[Epoch 116] Validation accuracy:0.9159, Loss:0.344, f1 0.862051, score 0.879821
[Epoch 117] Train time:2.12, Training accuracy:0.9945. Loss: 1.769 LR:0.000004
[Epoch 117] Validation accuracy:0.9166, Loss:0.340, f1 0.862870, score 0.880601
[Epoch 118] Train time:2.11, Training accuracy:0.9945. Loss: 1.766 LR:0.000004
[Epoch 118] Validation accuracy:0.9146, Loss:0.344, f1 0.865834, score 0.881927
[Epoch 119] Train time:2.11, Training accuracy:0.9957. Loss: 1.763 LR:0.000004
[Epoch 119] Validation accuracy:0.9172, Loss:0.350, f1 0.865602, score 0.882629
[Epoch 120] Train time:2.12, Training accuracy:0.9955. Loss: 1.764 LR:0.000004
[Epoch 120] Validation accuracy:0.9182, Loss:0.345, f1 0.872688, score 0.887707
[Epoch 121] Train time:2.12, Training accuracy:0.9951. Loss: 1.767 LR:0.000004
[Epoch 121] Validation accuracy:0.9198, Loss:0.347, f1 0.871842, score 0.887668
[Epoch 122] Train time:2.12, Training accuracy:0.9944. Loss: 1.769 LR:0.000003
[Epoch 122] Validation accuracy:0.9185, Loss:0.341, f1 0.872444, score 0.887642
[Epoch 123] Train time:2.12, Training accuracy:0.9953. Loss: 1.766 LR:0.000003
[Epoch 123] Validation accuracy:0.9169, Loss:0.344, f1 0.867171, score 0.883582
[Epoch 124] Train time:2.12, Training accuracy:0.9945. Loss: 1.769 LR:0.000003
[Epoch 124] Validation accuracy:0.9169, Loss:0.347, f1 0.869106, score 0.884878
[Epoch 125] Train time:2.12, Training accuracy:0.9946. Loss: 1.767 LR:0.000003
[Epoch 125] Validation accuracy:0.9179, Loss:0.346, f1 0.872647, score 0.887580
[Epoch 126] Train time:2.12, Training accuracy:0.9948. Loss: 1.768 LR:0.000003
[Epoch 126] Validation accuracy:0.9185, Loss:0.344, f1 0.873150, score 0.888115
[Epoch 127] Train time:2.12, Training accuracy:0.9956. Loss: 1.763 LR:0.000003
[Epoch 127] Validation accuracy:0.9182, Loss:0.339, f1 0.875135, score 0.889346
[Epoch 128] Train time:2.11, Training accuracy:0.9944. Loss: 1.766 LR:0.000003
[Epoch 128] Validation accuracy:0.9195, Loss:0.339, f1 0.874641, score 0.889444
[Epoch 129] Train time:2.12, Training accuracy:0.9945. Loss: 1.763 LR:0.000003
[Epoch 129] Validation accuracy:0.9205, Loss:0.341, f1 0.875057, score 0.890053
[Epoch 130] Train time:2.11, Training accuracy:0.9954. Loss: 1.760 LR:0.000003
[Epoch 130] Validation accuracy:0.9192, Loss:0.338, f1 0.872677, score 0.888030
[Epoch 131] Train time:2.11, Training accuracy:0.9953. Loss: 1.761 LR:0.000003
[Epoch 131] Validation accuracy:0.9188, Loss:0.340, f1 0.871819, score 0.887323
[Epoch 132] Train time:2.12, Training accuracy:0.9954. Loss: 1.761 LR:0.000003
[Epoch 132] Validation accuracy:0.9192, Loss:0.340, f1 0.873233, score 0.888402
[Epoch 133] Train time:2.12, Training accuracy:0.9952. Loss: 1.759 LR:0.000003
[Epoch 133] Validation accuracy:0.9182, Loss:0.341, f1 0.873166, score 0.888027
[Epoch 134] Train time:2.11, Training accuracy:0.9960. Loss: 1.756 LR:0.000003
[Epoch 134] Validation accuracy:0.9201, Loss:0.343, f1 0.873399, score 0.888810
[Epoch 135] Train time:2.12, Training accuracy:0.9954. Loss: 1.759 LR:0.000003
[Epoch 135] Validation accuracy:0.9205, Loss:0.341, f1 0.874341, score 0.889573
[Epoch 136] Train time:2.12, Training accuracy:0.9954. Loss: 1.759 LR:0.000003
[Epoch 136] Validation accuracy:0.9192, Loss:0.344, f1 0.871577, score 0.887293
[Epoch 137] Train time:2.12, Training accuracy:0.9961. Loss: 1.756 LR:0.000003
[Epoch 137] Validation accuracy:0.9201, Loss:0.344, f1 0.873184, score 0.888666
[Epoch 138] Train time:2.12, Training accuracy:0.9951. Loss: 1.761 LR:0.000003
[Epoch 138] Validation accuracy:0.9198, Loss:0.343, f1 0.870379, score 0.886688
[Epoch 139] Train time:2.12, Training accuracy:0.9953. Loss: 1.760 LR:0.000002
[Epoch 139] Validation accuracy:0.9201, Loss:0.342, f1 0.874000, score 0.889213
[Epoch 140] Train time:2.12, Training accuracy:0.9958. Loss: 1.759 LR:0.000002
[Epoch 140] Validation accuracy:0.9185, Loss:0.345, f1 0.870970, score 0.886655
[Epoch 141] Train time:2.11, Training accuracy:0.9964. Loss: 1.754 LR:0.000002
[Epoch 141] Validation accuracy:0.9146, Loss:0.348, f1 0.867779, score 0.883230
[Epoch 142] Train time:2.12, Training accuracy:0.9953. Loss: 1.763 LR:0.000002
[Epoch 142] Validation accuracy:0.9192, Loss:0.345, f1 0.872444, score 0.887873
[Epoch 143] Train time:2.11, Training accuracy:0.9952. Loss: 1.759 LR:0.000002
[Epoch 143] Validation accuracy:0.9195, Loss:0.343, f1 0.872649, score 0.888110
[Epoch 144] Train time:2.12, Training accuracy:0.9966. Loss: 1.756 LR:0.000002
[Epoch 144] Validation accuracy:0.9205, Loss:0.342, f1 0.874572, score 0.889728
[Epoch 145] Train time:2.12, Training accuracy:0.9958. Loss: 1.758 LR:0.000002
[Epoch 145] Validation accuracy:0.9214, Loss:0.341, f1 0.876069, score 0.891028
Model saved.
best_acc:0.9214
[Epoch 146] Train time:2.12, Training accuracy:0.9959. Loss: 1.760 LR:0.000002
[Epoch 146] Validation accuracy:0.9185, Loss:0.343, f1 0.872919, score 0.887961
[Epoch 147] Train time:2.12, Training accuracy:0.9957. Loss: 1.760 LR:0.000002
[Epoch 147] Validation accuracy:0.9179, Loss:0.344, f1 0.871235, score 0.886634
[Epoch 148] Train time:2.12, Training accuracy:0.9953. Loss: 1.758 LR:0.000002
[Epoch 148] Validation accuracy:0.9188, Loss:0.344, f1 0.873145, score 0.888211
[Epoch 149] Train time:2.12, Training accuracy:0.9958. Loss: 1.756 LR:0.000002
[Epoch 149] Validation accuracy:0.9192, Loss:0.342, f1 0.874240, score 0.889077
[Epoch 150] Train time:2.11, Training accuracy:0.9953. Loss: 1.756 LR:0.000002
[Epoch 150] Validation accuracy:0.9175, Loss:0.343, f1 0.871355, score 0.886583
[Epoch 151] Train time:2.12, Training accuracy:0.9957. Loss: 1.754 LR:0.000002
[Epoch 151] Validation accuracy:0.9198, Loss:0.344, f1 0.872809, score 0.888316
[Epoch 152] Train time:2.12, Training accuracy:0.9954. Loss: 1.760 LR:0.000002
[Epoch 152] Validation accuracy:0.9201, Loss:0.348, f1 0.870369, score 0.886780
[Epoch 153] Train time:2.12, Training accuracy:0.9955. Loss: 1.757 LR:0.000002
[Epoch 153] Validation accuracy:0.9208, Loss:0.346, f1 0.874695, score 0.889910
[Epoch 154] Train time:2.12, Training accuracy:0.9965. Loss: 1.752 LR:0.000002
[Epoch 154] Validation accuracy:0.9192, Loss:0.343, f1 0.874594, score 0.889314
[Epoch 155] Train time:2.12, Training accuracy:0.9963. Loss: 1.756 LR:0.000002
[Epoch 155] Validation accuracy:0.9182, Loss:0.345, f1 0.872721, score 0.887729
[Epoch 156] Train time:2.12, Training accuracy:0.9955. Loss: 1.758 LR:0.000002
[Epoch 156] Validation accuracy:0.9182, Loss:0.345, f1 0.871403, score 0.886846
[Epoch 157] Train time:2.12, Training accuracy:0.9963. Loss: 1.752 LR:0.000002
[Epoch 157] Validation accuracy:0.9205, Loss:0.350, f1 0.872209, score 0.888145
[Epoch 158] Train time:2.12, Training accuracy:0.9958. Loss: 1.758 LR:0.000002
[Epoch 158] Validation accuracy:0.9175, Loss:0.342, f1 0.872897, score 0.887616
[Epoch 159] Train time:2.11, Training accuracy:0.9957. Loss: 1.759 LR:0.000002
[Epoch 159] Validation accuracy:0.9192, Loss:0.341, f1 0.875782, score 0.890110
[Epoch 160] Train time:2.12, Training accuracy:0.9954. Loss: 1.761 LR:0.000002
[Epoch 160] Validation accuracy:0.9201, Loss:0.344, f1 0.877537, score 0.891583
[Epoch 161] Train time:2.12, Training accuracy:0.9958. Loss: 1.757 LR:0.000002
[Epoch 161] Validation accuracy:0.9175, Loss:0.343, f1 0.873492, score 0.888015
[Epoch 162] Train time:2.12, Training accuracy:0.9957. Loss: 1.760 LR:0.000002
[Epoch 162] Validation accuracy:0.9182, Loss:0.342, f1 0.874399, score 0.888854
[Epoch 163] Train time:2.12, Training accuracy:0.9971. Loss: 1.749 LR:0.000002
[Epoch 163] Validation accuracy:0.9201, Loss:0.341, f1 0.877512, score 0.891566
[Epoch 164] Train time:2.12, Training accuracy:0.9972. Loss: 1.745 LR:0.000001
[Epoch 164] Validation accuracy:0.9228, Loss:0.342, f1 0.880294, score 0.894321
Model saved.
best_acc:0.9228
[Epoch 165] Train time:2.12, Training accuracy:0.9963. Loss: 1.753 LR:0.000001
[Epoch 165] Validation accuracy:0.9205, Loss:0.345, f1 0.875781, score 0.890538
[Epoch 166] Train time:2.12, Training accuracy:0.9964. Loss: 1.754 LR:0.000001
[Epoch 166] Validation accuracy:0.9195, Loss:0.336, f1 0.875251, score 0.889853
[Epoch 167] Train time:2.12, Training accuracy:0.9967. Loss: 1.750 LR:0.000001
[Epoch 167] Validation accuracy:0.9198, Loss:0.345, f1 0.875542, score 0.890147
[Epoch 168] Train time:2.12, Training accuracy:0.9969. Loss: 1.748 LR:0.000001
[Epoch 168] Validation accuracy:0.9201, Loss:0.344, f1 0.875382, score 0.890139
[Epoch 169] Train time:2.12, Training accuracy:0.9963. Loss: 1.752 LR:0.000001
[Epoch 169] Validation accuracy:0.9208, Loss:0.345, f1 0.876484, score 0.891109
[Epoch 170] Train time:2.12, Training accuracy:0.9961. Loss: 1.755 LR:0.000001
[Epoch 170] Validation accuracy:0.9192, Loss:0.342, f1 0.873329, score 0.888467
[Epoch 171] Train time:2.12, Training accuracy:0.9960. Loss: 1.756 LR:0.000001
[Epoch 171] Validation accuracy:0.9198, Loss:0.346, f1 0.875869, score 0.890366
[Epoch 172] Train time:2.12, Training accuracy:0.9965. Loss: 1.753 LR:0.000001
[Epoch 172] Validation accuracy:0.9188, Loss:0.342, f1 0.873519, score 0.888462
[Epoch 173] Train time:2.12, Training accuracy:0.9963. Loss: 1.754 LR:0.000001
[Epoch 173] Validation accuracy:0.9214, Loss:0.342, f1 0.879610, score 0.893401
[Epoch 174] Train time:2.12, Training accuracy:0.9967. Loss: 1.752 LR:0.000001
[Epoch 174] Validation accuracy:0.9208, Loss:0.344, f1 0.877472, score 0.891770
[Epoch 175] Train time:2.12, Training accuracy:0.9960. Loss: 1.755 LR:0.000001
[Epoch 175] Validation accuracy:0.9201, Loss:0.342, f1 0.876338, score 0.890779
[Epoch 176] Train time:2.12, Training accuracy:0.9963. Loss: 1.751 LR:0.000001
[Epoch 176] Validation accuracy:0.9211, Loss:0.343, f1 0.877758, score 0.892061
[Epoch 177] Train time:2.12, Training accuracy:0.9967. Loss: 1.750 LR:0.000001
[Epoch 177] Validation accuracy:0.9179, Loss:0.343, f1 0.871419, score 0.886758
[Epoch 178] Train time:2.12, Training accuracy:0.9963. Loss: 1.750 LR:0.000001
[Epoch 178] Validation accuracy:0.9218, Loss:0.351, f1 0.875980, score 0.891101
[Epoch 179] Train time:2.12, Training accuracy:0.9960. Loss: 1.751 LR:0.000001
[Epoch 179] Validation accuracy:0.9195, Loss:0.344, f1 0.874134, score 0.889105
[Epoch 180] Train time:2.12, Training accuracy:0.9958. Loss: 1.754 LR:0.000001
[Epoch 180] Validation accuracy:0.9185, Loss:0.342, f1 0.873627, score 0.888435
[Epoch 181] Train time:2.12, Training accuracy:0.9958. Loss: 1.754 LR:0.000001
[Epoch 181] Validation accuracy:0.9218, Loss:0.344, f1 0.877457, score 0.892090
[Epoch 182] Train time:2.12, Training accuracy:0.9966. Loss: 1.752 LR:0.000001
[Epoch 182] Validation accuracy:0.9192, Loss:0.341, f1 0.874787, score 0.889443
[Epoch 183] Train time:2.12, Training accuracy:0.9959. Loss: 1.759 LR:0.000001
[Epoch 183] Validation accuracy:0.9205, Loss:0.343, f1 0.876375, score 0.890936
[Epoch 184] Train time:2.12, Training accuracy:0.9961. Loss: 1.753 LR:0.000001
[Epoch 184] Validation accuracy:0.9195, Loss:0.341, f1 0.873876, score 0.888932
[Epoch 185] Train time:2.12, Training accuracy:0.9961. Loss: 1.751 LR:0.000001
[Epoch 185] Validation accuracy:0.9208, Loss:0.344, f1 0.874746, score 0.889944
[Epoch 186] Train time:2.12, Training accuracy:0.9970. Loss: 1.749 LR:0.000001
[Epoch 186] Validation accuracy:0.9192, Loss:0.339, f1 0.874260, score 0.889090
[Epoch 187] Train time:2.12, Training accuracy:0.9971. Loss: 1.743 LR:0.000001
[Epoch 187] Validation accuracy:0.9192, Loss:0.346, f1 0.873904, score 0.888852
[Epoch 188] Train time:2.12, Training accuracy:0.9968. Loss: 1.753 LR:0.000001
[Epoch 188] Validation accuracy:0.9185, Loss:0.341, f1 0.871194, score 0.886805
[Epoch 189] Train time:2.12, Training accuracy:0.9958. Loss: 1.751 LR:0.000001
[Epoch 189] Validation accuracy:0.9205, Loss:0.343, f1 0.874165, score 0.889456
[Epoch 190] Train time:2.12, Training accuracy:0.9968. Loss: 1.747 LR:0.000001
[Epoch 190] Validation accuracy:0.9192, Loss:0.342, f1 0.874264, score 0.889093
[Epoch 191] Train time:2.12, Training accuracy:0.9967. Loss: 1.749 LR:0.000001
[Epoch 191] Validation accuracy:0.9234, Loss:0.341, f1 0.877857, score 0.892886
Model saved.
best_acc:0.9234
[Epoch 192] Train time:2.12, Training accuracy:0.9963. Loss: 1.755 LR:0.000001
[Epoch 192] Validation accuracy:0.9195, Loss:0.343, f1 0.874020, score 0.889028
[Epoch 193] Train time:2.12, Training accuracy:0.9961. Loss: 1.754 LR:0.000001
[Epoch 193] Validation accuracy:0.9201, Loss:0.342, f1 0.873169, score 0.888656
[Epoch 194] Train time:2.12, Training accuracy:0.9972. Loss: 1.748 LR:0.000001
[Epoch 194] Validation accuracy:0.9228, Loss:0.339, f1 0.877812, score 0.892658
[Epoch 195] Train time:2.12, Training accuracy:0.9963. Loss: 1.751 LR:0.000001
[Epoch 195] Validation accuracy:0.9185, Loss:0.342, f1 0.873449, score 0.888316
[Epoch 196] Train time:2.12, Training accuracy:0.9967. Loss: 1.748 LR:0.000001
[Epoch 196] Validation accuracy:0.9198, Loss:0.344, f1 0.876715, score 0.890933
[Epoch 197] Train time:2.12, Training accuracy:0.9967. Loss: 1.753 LR:0.000001
[Epoch 197] Validation accuracy:0.9192, Loss:0.342, f1 0.874953, score 0.889554
[Epoch 198] Train time:2.12, Training accuracy:0.9967. Loss: 1.750 LR:0.000001
[Epoch 198] Validation accuracy:0.9192, Loss:0.340, f1 0.875212, score 0.889728
[Epoch 199] Train time:2.12, Training accuracy:0.9969. Loss: 1.747 LR:0.000001
[Epoch 199] Validation accuracy:0.9211, Loss:0.342, f1 0.878985, score 0.892883
[Epoch 200] Train time:2.12, Training accuracy:0.9967. Loss: 1.749 LR:0.000001
[Epoch 200] Validation accuracy:0.9175, Loss:0.340, f1 0.871980, score 0.887001
[Epoch 201] Train time:2.12, Training accuracy:0.9963. Loss: 1.751 LR:0.000001
[Epoch 201] Validation accuracy:0.9195, Loss:0.342, f1 0.874942, score 0.889646
[Epoch 202] Train time:2.12, Training accuracy:0.9968. Loss: 1.747 LR:0.000001
[Epoch 202] Validation accuracy:0.9224, Loss:0.343, f1 0.876239, score 0.891472
[Epoch 203] Train time:2.12, Training accuracy:0.9967. Loss: 1.751 LR:0.000001
[Epoch 203] Validation accuracy:0.9185, Loss:0.341, f1 0.873065, score 0.888059
[Epoch 204] Train time:2.12, Training accuracy:0.9971. Loss: 1.744 LR:0.000001
[Epoch 204] Validation accuracy:0.9208, Loss:0.342, f1 0.878233, score 0.892280
[Epoch 205] Train time:2.12, Training accuracy:0.9968. Loss: 1.749 LR:0.000001
[Epoch 205] Validation accuracy:0.9198, Loss:0.343, f1 0.875618, score 0.890198
[Epoch 206] Train time:2.12, Training accuracy:0.9971. Loss: 1.745 LR:0.000001
[Epoch 206] Validation accuracy:0.9211, Loss:0.342, f1 0.878780, score 0.892745
[Epoch 207] Train time:2.12, Training accuracy:0.9971. Loss: 1.748 LR:0.000001
[Epoch 207] Validation accuracy:0.9211, Loss:0.345, f1 0.876030, score 0.890903
[Epoch 208] Train time:2.12, Training accuracy:0.9967. Loss: 1.750 LR:0.000001
[Epoch 208] Validation accuracy:0.9208, Loss:0.350, f1 0.874777, score 0.889965
[Epoch 209] Train time:2.12, Training accuracy:0.9963. Loss: 1.751 LR:0.000001
[Epoch 209] Validation accuracy:0.9214, Loss:0.342, f1 0.874606, score 0.890048
[Epoch 210] Train time:2.12, Training accuracy:0.9962. Loss: 1.748 LR:0.000001
[Epoch 210] Validation accuracy:0.9208, Loss:0.349, f1 0.875004, score 0.890116
[Epoch 211] Train time:2.12, Training accuracy:0.9971. Loss: 1.747 LR:0.000001
[Epoch 211] Validation accuracy:0.9185, Loss:0.342, f1 0.872354, score 0.887582
[Epoch 212] Train time:2.12, Training accuracy:0.9958. Loss: 1.754 LR:0.000001
[Epoch 212] Validation accuracy:0.9188, Loss:0.342, f1 0.873210, score 0.888255
[Epoch 213] Train time:2.12, Training accuracy:0.9962. Loss: 1.751 LR:0.000001
[Epoch 213] Validation accuracy:0.9218, Loss:0.343, f1 0.875681, score 0.890901
[Epoch 214] Train time:2.12, Training accuracy:0.9966. Loss: 1.751 LR:0.000001
[Epoch 214] Validation accuracy:0.9179, Loss:0.343, f1 0.873083, score 0.887872
[Epoch 215] Train time:2.12, Training accuracy:0.9964. Loss: 1.749 LR:0.000001
[Epoch 215] Validation accuracy:0.9188, Loss:0.344, f1 0.874138, score 0.888876
[Epoch 216] Train time:2.12, Training accuracy:0.9965. Loss: 1.752 LR:0.000001
[Epoch 216] Validation accuracy:0.9179, Loss:0.343, f1 0.872967, score 0.887795
[Epoch 217] Train time:2.12, Training accuracy:0.9967. Loss: 1.746 LR:0.000001
[Epoch 217] Validation accuracy:0.9179, Loss:0.340, f1 0.872648, score 0.887581
[Epoch 218] Train time:2.12, Training accuracy:0.9964. Loss: 1.749 LR:0.000000
[Epoch 218] Validation accuracy:0.9201, Loss:0.345, f1 0.876687, score 0.891013
[Epoch 219] Train time:2.12, Training accuracy:0.9958. Loss: 1.751 LR:0.000000
[Epoch 219] Validation accuracy:0.9169, Loss:0.343, f1 0.868461, score 0.884446
[Epoch 220] Train time:2.12, Training accuracy:0.9964. Loss: 1.753 LR:0.000000
[Epoch 220] Validation accuracy:0.9195, Loss:0.341, f1 0.873132, score 0.888433
[Epoch 221] Train time:2.12, Training accuracy:0.9971. Loss: 1.748 LR:0.000000
[Epoch 221] Validation accuracy:0.9182, Loss:0.340, f1 0.873675, score 0.888369
[Epoch 222] Train time:2.12, Training accuracy:0.9974. Loss: 1.746 LR:0.000000
[Epoch 222] Validation accuracy:0.9188, Loss:0.344, f1 0.872903, score 0.888049
[Epoch 223] Train time:2.12, Training accuracy:0.9968. Loss: 1.747 LR:0.000000
[Epoch 223] Validation accuracy:0.9192, Loss:0.343, f1 0.871886, score 0.887500
[Epoch 224] Train time:2.12, Training accuracy:0.9976. Loss: 1.745 LR:0.000000
[Epoch 224] Validation accuracy:0.9175, Loss:0.340, f1 0.871016, score 0.886356
[Epoch 225] Train time:2.12, Training accuracy:0.9961. Loss: 1.753 LR:0.000000
[Epoch 225] Validation accuracy:0.9179, Loss:0.346, f1 0.871343, score 0.886707
[Epoch 226] Train time:2.12, Training accuracy:0.9966. Loss: 1.748 LR:0.000000
[Epoch 226] Validation accuracy:0.9192, Loss:0.340, f1 0.875402, score 0.889855
[Epoch 227] Train time:2.12, Training accuracy:0.9972. Loss: 1.746 LR:0.000000
[Epoch 227] Validation accuracy:0.9211, Loss:0.340, f1 0.874384, score 0.889800
[Epoch 228] Train time:2.12, Training accuracy:0.9968. Loss: 1.752 LR:0.000000
[Epoch 228] Validation accuracy:0.9195, Loss:0.342, f1 0.874834, score 0.889574
[Epoch 229] Train time:2.12, Training accuracy:0.9967. Loss: 1.752 LR:0.000000
[Epoch 229] Validation accuracy:0.9192, Loss:0.340, f1 0.872573, score 0.887960
[Epoch 230] Train time:2.12, Training accuracy:0.9974. Loss: 1.742 LR:0.000000
[Epoch 230] Validation accuracy:0.9201, Loss:0.343, f1 0.876068, score 0.890599
[Epoch 231] Train time:2.12, Training accuracy:0.9965. Loss: 1.752 LR:0.000000
[Epoch 231] Validation accuracy:0.9192, Loss:0.343, f1 0.874300, score 0.889117
[Epoch 232] Train time:2.12, Training accuracy:0.9964. Loss: 1.750 LR:0.000000
[Epoch 232] Validation accuracy:0.9188, Loss:0.344, f1 0.872504, score 0.887781
[Epoch 233] Train time:2.12, Training accuracy:0.9963. Loss: 1.750 LR:0.000000
[Epoch 233] Validation accuracy:0.9192, Loss:0.343, f1 0.872852, score 0.888147
[Epoch 234] Train time:2.12, Training accuracy:0.9968. Loss: 1.750 LR:0.000000
[Epoch 234] Validation accuracy:0.9201, Loss:0.344, f1 0.874843, score 0.889778
[Epoch 235] Train time:2.12, Training accuracy:0.9967. Loss: 1.749 LR:0.000000
[Epoch 235] Validation accuracy:0.9175, Loss:0.345, f1 0.869393, score 0.885268
[Epoch 236] Train time:2.12, Training accuracy:0.9967. Loss: 1.749 LR:0.000000
[Epoch 236] Validation accuracy:0.9214, Loss:0.345, f1 0.876387, score 0.891241
[Epoch 237] Train time:2.12, Training accuracy:0.9964. Loss: 1.750 LR:0.000000
[Epoch 237] Validation accuracy:0.9201, Loss:0.342, f1 0.874040, score 0.889240
[Epoch 238] Train time:2.12, Training accuracy:0.9960. Loss: 1.754 LR:0.000000
[Epoch 238] Validation accuracy:0.9188, Loss:0.341, f1 0.871554, score 0.887145
[Epoch 239] Train time:2.12, Training accuracy:0.9972. Loss: 1.744 LR:0.000000
[Epoch 239] Validation accuracy:0.9185, Loss:0.342, f1 0.873932, score 0.888640
[Epoch 240] Train time:2.12, Training accuracy:0.9969. Loss: 1.747 LR:0.000000
[Epoch 240] Validation accuracy:0.9188, Loss:0.342, f1 0.870382, score 0.886360
[Epoch 241] Train time:2.12, Training accuracy:0.9973. Loss: 1.749 LR:0.000000
[Epoch 241] Validation accuracy:0.9214, Loss:0.346, f1 0.876430, score 0.891270
[Epoch 242] Train time:2.12, Training accuracy:0.9967. Loss: 1.747 LR:0.000000
[Epoch 242] Validation accuracy:0.9201, Loss:0.342, f1 0.874449, score 0.889514
[Epoch 243] Train time:2.12, Training accuracy:0.9963. Loss: 1.750 LR:0.000000
[Epoch 243] Validation accuracy:0.9188, Loss:0.342, f1 0.871673, score 0.887225
[Epoch 244] Train time:2.12, Training accuracy:0.9976. Loss: 1.743 LR:0.000000
[Epoch 244] Validation accuracy:0.9182, Loss:0.341, f1 0.872985, score 0.887906
[Epoch 245] Train time:2.12, Training accuracy:0.9965. Loss: 1.748 LR:0.000000
[Epoch 245] Validation accuracy:0.9205, Loss:0.340, f1 0.875936, score 0.890642
[Epoch 246] Train time:2.12, Training accuracy:0.9960. Loss: 1.753 LR:0.000000
[Epoch 246] Validation accuracy:0.9228, Loss:0.342, f1 0.877406, score 0.892386
[Epoch 247] Train time:2.12, Training accuracy:0.9957. Loss: 1.754 LR:0.000000
[Epoch 247] Validation accuracy:0.9198, Loss:0.342, f1 0.873965, score 0.889091
[Epoch 248] Train time:2.12, Training accuracy:0.9970. Loss: 1.746 LR:0.000000
[Epoch 248] Validation accuracy:0.9214, Loss:0.342, f1 0.877818, score 0.892200
[Epoch 249] Train time:2.12, Training accuracy:0.9964. Loss: 1.750 LR:0.000000
[Epoch 249] Validation accuracy:0.9221, Loss:0.341, f1 0.876586, score 0.891606
[Epoch 250] Train time:2.12, Training accuracy:0.9972. Loss: 1.746 LR:0.000000
[Epoch 250] Validation accuracy:0.9192, Loss:0.336, f1 0.873693, score 0.888711
