Work on GPU:  0,1
load_weight 304
Namespace(dataset='rafdb', checkpoint=None, batch_size=120, val_batch_size=32, modeltype='base', optimizer='adam', lr=4e-05, momentum=0.9, workers=2, epochs=250, gpu='0,1', head_type='simple')
Train set size: 12271
Validation set size: 3068
GFLOPs: 14.62
GMacs: 7.31
Params: 61.03M
batch_size: 120
Total Parameters: 61.033M
[Epoch 1] Train time:2.48, Training accuracy:0.6584. Loss: 3.754 LR:0.000040
[Epoch 1] Validation accuracy:0.8347, Loss:0.536, f1 0.694637, score 0.740858
best_acc:0.8347
[Epoch 2] Train time:2.44, Training accuracy:0.8056. Loss: 2.883 LR:0.000039
[Epoch 2] Validation accuracy:0.8719, Loss:0.447, f1 0.787531, score 0.815373
best_acc:0.8719
[Epoch 3] Train time:2.49, Training accuracy:0.8474. Loss: 2.636 LR:0.000038
[Epoch 3] Validation accuracy:0.8895, Loss:0.418, f1 0.808268, score 0.835075
best_acc:0.8895
[Epoch 4] Train time:2.49, Training accuracy:0.8781. Loss: 2.472 LR:0.000038
[Epoch 4] Validation accuracy:0.9120, Loss:0.371, f1 0.854288, score 0.873333
Model saved.
best_acc:0.912
[Epoch 5] Train time:2.43, Training accuracy:0.9051. Loss: 2.311 LR:0.000037
[Epoch 5] Validation accuracy:0.9065, Loss:0.372, f1 0.835117, score 0.858673
[Epoch 6] Train time:2.42, Training accuracy:0.9212. Loss: 2.217 LR:0.000036
[Epoch 6] Validation accuracy:0.9140, Loss:0.362, f1 0.854444, score 0.874097
Model saved.
best_acc:0.914
[Epoch 7] Train time:2.40, Training accuracy:0.9424. Loss: 2.102 LR:0.000035
[Epoch 7] Validation accuracy:0.9071, Loss:0.360, f1 0.847102, score 0.866901
[Epoch 8] Train time:2.41, Training accuracy:0.9486. Loss: 2.059 LR:0.000035
[Epoch 8] Validation accuracy:0.9074, Loss:0.363, f1 0.850972, score 0.869593
[Epoch 9] Train time:2.40, Training accuracy:0.9576. Loss: 1.991 LR:0.000034
[Epoch 9] Validation accuracy:0.9025, Loss:0.366, f1 0.847170, score 0.865429
[Epoch 10] Train time:2.40, Training accuracy:0.9610. Loss: 1.969 LR:0.000033
[Epoch 10] Validation accuracy:0.9130, Loss:0.342, f1 0.862921, score 0.879447
[Epoch 11] Train time:2.40, Training accuracy:0.9707. Loss: 1.909 LR:0.000033
[Epoch 11] Validation accuracy:0.9120, Loss:0.340, f1 0.855227, score 0.873962
[Epoch 12] Train time:2.40, Training accuracy:0.9708. Loss: 1.903 LR:0.000032
[Epoch 12] Validation accuracy:0.9188, Loss:0.345, f1 0.865523, score 0.883104
Model saved.
best_acc:0.9188
[Epoch 13] Train time:2.40, Training accuracy:0.9712. Loss: 1.900 LR:0.000031
[Epoch 13] Validation accuracy:0.9117, Loss:0.346, f1 0.854078, score 0.873093
[Epoch 14] Train time:2.40, Training accuracy:0.9746. Loss: 1.876 LR:0.000031
[Epoch 14] Validation accuracy:0.9162, Loss:0.347, f1 0.863959, score 0.881199
[Epoch 15] Train time:2.40, Training accuracy:0.9772. Loss: 1.866 LR:0.000030
[Epoch 15] Validation accuracy:0.9188, Loss:0.337, f1 0.870516, score 0.886450
[Epoch 16] Train time:2.40, Training accuracy:0.9764. Loss: 1.865 LR:0.000030
[Epoch 16] Validation accuracy:0.9156, Loss:0.345, f1 0.864652, score 0.881465
[Epoch 17] Train time:2.40, Training accuracy:0.9777. Loss: 1.847 LR:0.000029
[Epoch 17] Validation accuracy:0.9140, Loss:0.341, f1 0.866482, score 0.882163
[Epoch 18] Train time:2.40, Training accuracy:0.9798. Loss: 1.837 LR:0.000028
[Epoch 18] Validation accuracy:0.9162, Loss:0.339, f1 0.864963, score 0.881871
[Epoch 19] Train time:2.40, Training accuracy:0.9781. Loss: 1.850 LR:0.000028
[Epoch 19] Validation accuracy:0.9123, Loss:0.339, f1 0.856375, score 0.874830
[Epoch 20] Train time:2.40, Training accuracy:0.9802. Loss: 1.831 LR:0.000027
[Epoch 20] Validation accuracy:0.9149, Loss:0.342, f1 0.859512, score 0.877790
[Epoch 21] Train time:2.40, Training accuracy:0.9781. Loss: 1.842 LR:0.000027
[Epoch 21] Validation accuracy:0.9133, Loss:0.345, f1 0.859757, score 0.877427
[Epoch 22] Train time:2.40, Training accuracy:0.9820. Loss: 1.823 LR:0.000026
[Epoch 22] Validation accuracy:0.9107, Loss:0.348, f1 0.857962, score 0.875366
[Epoch 23] Train time:2.40, Training accuracy:0.9802. Loss: 1.828 LR:0.000026
[Epoch 23] Validation accuracy:0.9094, Loss:0.351, f1 0.856964, score 0.874268
[Epoch 24] Train time:2.40, Training accuracy:0.9828. Loss: 1.812 LR:0.000025
[Epoch 24] Validation accuracy:0.9162, Loss:0.339, f1 0.863333, score 0.880779
[Epoch 25] Train time:2.40, Training accuracy:0.9828. Loss: 1.806 LR:0.000025
[Epoch 25] Validation accuracy:0.9153, Loss:0.342, f1 0.857577, score 0.876625
[Epoch 26] Train time:2.40, Training accuracy:0.9820. Loss: 1.820 LR:0.000024
[Epoch 26] Validation accuracy:0.9136, Loss:0.347, f1 0.860165, score 0.877799
[Epoch 27] Train time:2.40, Training accuracy:0.9839. Loss: 1.802 LR:0.000024
[Epoch 27] Validation accuracy:0.9113, Loss:0.352, f1 0.858891, score 0.876186
[Epoch 28] Train time:2.40, Training accuracy:0.9845. Loss: 1.805 LR:0.000023
[Epoch 28] Validation accuracy:0.9117, Loss:0.341, f1 0.858829, score 0.876277
[Epoch 29] Train time:2.40, Training accuracy:0.9832. Loss: 1.807 LR:0.000023
[Epoch 29] Validation accuracy:0.9123, Loss:0.343, f1 0.859302, score 0.876791
[Epoch 30] Train time:2.40, Training accuracy:0.9837. Loss: 1.801 LR:0.000022
[Epoch 30] Validation accuracy:0.9130, Loss:0.342, f1 0.854281, score 0.873658
[Epoch 31] Train time:2.41, Training accuracy:0.9839. Loss: 1.799 LR:0.000022
[Epoch 31] Validation accuracy:0.9143, Loss:0.342, f1 0.861112, score 0.878664
[Epoch 32] Train time:2.40, Training accuracy:0.9852. Loss: 1.792 LR:0.000021
[Epoch 32] Validation accuracy:0.9140, Loss:0.345, f1 0.861284, score 0.878680
[Epoch 33] Train time:2.40, Training accuracy:0.9852. Loss: 1.800 LR:0.000021
[Epoch 33] Validation accuracy:0.9143, Loss:0.347, f1 0.856918, score 0.875854
[Epoch 34] Train time:2.40, Training accuracy:0.9841. Loss: 1.797 LR:0.000021
[Epoch 34] Validation accuracy:0.9123, Loss:0.346, f1 0.859723, score 0.877073
[Epoch 35] Train time:2.40, Training accuracy:0.9848. Loss: 1.794 LR:0.000020
[Epoch 35] Validation accuracy:0.9169, Loss:0.345, f1 0.863482, score 0.881110
[Epoch 36] Train time:2.40, Training accuracy:0.9852. Loss: 1.790 LR:0.000020
[Epoch 36] Validation accuracy:0.9110, Loss:0.349, f1 0.852817, score 0.872018
[Epoch 37] Train time:2.40, Training accuracy:0.9849. Loss: 1.795 LR:0.000019
[Epoch 37] Validation accuracy:0.9172, Loss:0.338, f1 0.863598, score 0.881287
[Epoch 38] Train time:2.41, Training accuracy:0.9868. Loss: 1.788 LR:0.000019
[Epoch 38] Validation accuracy:0.9159, Loss:0.338, f1 0.865789, score 0.882326
[Epoch 39] Train time:2.40, Training accuracy:0.9864. Loss: 1.786 LR:0.000019
[Epoch 39] Validation accuracy:0.9146, Loss:0.347, f1 0.866918, score 0.882653
[Epoch 40] Train time:2.40, Training accuracy:0.9858. Loss: 1.785 LR:0.000018
[Epoch 40] Validation accuracy:0.9117, Loss:0.342, f1 0.858657, score 0.876161
[Epoch 41] Train time:2.40, Training accuracy:0.9864. Loss: 1.780 LR:0.000018
[Epoch 41] Validation accuracy:0.9130, Loss:0.346, f1 0.858095, score 0.876214
[Epoch 42] Train time:2.40, Training accuracy:0.9874. Loss: 1.778 LR:0.000017
[Epoch 42] Validation accuracy:0.9123, Loss:0.347, f1 0.859975, score 0.877242
[Epoch 43] Train time:2.40, Training accuracy:0.9883. Loss: 1.773 LR:0.000017
[Epoch 43] Validation accuracy:0.9094, Loss:0.344, f1 0.850785, score 0.870128
[Epoch 44] Train time:2.40, Training accuracy:0.9873. Loss: 1.779 LR:0.000017
[Epoch 44] Validation accuracy:0.9136, Loss:0.340, f1 0.862551, score 0.879397
[Epoch 45] Train time:2.41, Training accuracy:0.9856. Loss: 1.777 LR:0.000016
[Epoch 45] Validation accuracy:0.9100, Loss:0.340, f1 0.857293, score 0.874686
[Epoch 46] Train time:2.40, Training accuracy:0.9881. Loss: 1.774 LR:0.000016
[Epoch 46] Validation accuracy:0.9201, Loss:0.337, f1 0.868958, score 0.885835
Model saved.
best_acc:0.9201
[Epoch 47] Train time:2.40, Training accuracy:0.9875. Loss: 1.776 LR:0.000016
[Epoch 47] Validation accuracy:0.9162, Loss:0.341, f1 0.864423, score 0.881510
[Epoch 48] Train time:2.40, Training accuracy:0.9882. Loss: 1.769 LR:0.000015
[Epoch 48] Validation accuracy:0.9182, Loss:0.336, f1 0.866065, score 0.883270
[Epoch 49] Train time:2.40, Training accuracy:0.9877. Loss: 1.770 LR:0.000015
[Epoch 49] Validation accuracy:0.9179, Loss:0.340, f1 0.869152, score 0.885239
[Epoch 50] Train time:2.40, Training accuracy:0.9887. Loss: 1.765 LR:0.000015
[Epoch 50] Validation accuracy:0.9185, Loss:0.345, f1 0.871228, score 0.886828
[Epoch 51] Train time:2.40, Training accuracy:0.9883. Loss: 1.768 LR:0.000015
[Epoch 51] Validation accuracy:0.9214, Loss:0.335, f1 0.871630, score 0.888054
Model saved.
best_acc:0.9214
[Epoch 52] Train time:2.40, Training accuracy:0.9879. Loss: 1.771 LR:0.000014
[Epoch 52] Validation accuracy:0.9188, Loss:0.334, f1 0.870454, score 0.886408
[Epoch 53] Train time:2.40, Training accuracy:0.9885. Loss: 1.765 LR:0.000014
[Epoch 53] Validation accuracy:0.9195, Loss:0.341, f1 0.871969, score 0.887654
[Epoch 54] Train time:2.40, Training accuracy:0.9875. Loss: 1.771 LR:0.000014
[Epoch 54] Validation accuracy:0.9146, Loss:0.343, f1 0.858525, score 0.877030
[Epoch 55] Train time:2.41, Training accuracy:0.9883. Loss: 1.768 LR:0.000013
[Epoch 55] Validation accuracy:0.9162, Loss:0.340, f1 0.863499, score 0.880890
[Epoch 56] Train time:2.40, Training accuracy:0.9882. Loss: 1.765 LR:0.000013
[Epoch 56] Validation accuracy:0.9162, Loss:0.340, f1 0.862962, score 0.880531
[Epoch 57] Train time:2.40, Training accuracy:0.9872. Loss: 1.772 LR:0.000013
[Epoch 57] Validation accuracy:0.9149, Loss:0.341, f1 0.863132, score 0.880216
[Epoch 58] Train time:2.41, Training accuracy:0.9886. Loss: 1.764 LR:0.000013
[Epoch 58] Validation accuracy:0.9172, Loss:0.343, f1 0.864360, score 0.881797
[Epoch 59] Train time:2.41, Training accuracy:0.9883. Loss: 1.763 LR:0.000012
[Epoch 59] Validation accuracy:0.9126, Loss:0.343, f1 0.861235, score 0.878185
[Epoch 60] Train time:2.40, Training accuracy:0.9887. Loss: 1.765 LR:0.000012
[Epoch 60] Validation accuracy:0.9166, Loss:0.344, f1 0.861035, score 0.879371
[Epoch 61] Train time:2.40, Training accuracy:0.9889. Loss: 1.759 LR:0.000012
[Epoch 61] Validation accuracy:0.9172, Loss:0.342, f1 0.864413, score 0.881832
[Epoch 62] Train time:2.41, Training accuracy:0.9883. Loss: 1.761 LR:0.000012
[Epoch 62] Validation accuracy:0.9156, Loss:0.336, f1 0.862079, score 0.879741
[Epoch 63] Train time:2.40, Training accuracy:0.9902. Loss: 1.752 LR:0.000011
[Epoch 63] Validation accuracy:0.9175, Loss:0.336, f1 0.866251, score 0.883163
[Epoch 64] Train time:2.40, Training accuracy:0.9895. Loss: 1.756 LR:0.000011
[Epoch 64] Validation accuracy:0.9182, Loss:0.336, f1 0.865137, score 0.882648
[Epoch 65] Train time:2.40, Training accuracy:0.9895. Loss: 1.760 LR:0.000011
[Epoch 65] Validation accuracy:0.9140, Loss:0.341, f1 0.859653, score 0.877588
[Epoch 66] Train time:2.41, Training accuracy:0.9894. Loss: 1.757 LR:0.000011
[Epoch 66] Validation accuracy:0.9156, Loss:0.336, f1 0.864559, score 0.881402
[Epoch 67] Train time:2.41, Training accuracy:0.9888. Loss: 1.763 LR:0.000011
[Epoch 67] Validation accuracy:0.9185, Loss:0.344, f1 0.872263, score 0.887521
[Epoch 68] Train time:2.40, Training accuracy:0.9898. Loss: 1.754 LR:0.000010
[Epoch 68] Validation accuracy:0.9195, Loss:0.337, f1 0.871267, score 0.887184
[Epoch 69] Train time:2.41, Training accuracy:0.9907. Loss: 1.749 LR:0.000010
[Epoch 69] Validation accuracy:0.9185, Loss:0.336, f1 0.868728, score 0.885153
[Epoch 70] Train time:2.40, Training accuracy:0.9903. Loss: 1.749 LR:0.000010
[Epoch 70] Validation accuracy:0.9136, Loss:0.343, f1 0.860476, score 0.878007
[Epoch 71] Train time:2.41, Training accuracy:0.9897. Loss: 1.755 LR:0.000010
[Epoch 71] Validation accuracy:0.9156, Loss:0.343, f1 0.858529, score 0.877362
[Epoch 72] Train time:2.40, Training accuracy:0.9905. Loss: 1.750 LR:0.000010
[Epoch 72] Validation accuracy:0.9195, Loss:0.337, f1 0.868133, score 0.885084
[Epoch 73] Train time:2.41, Training accuracy:0.9910. Loss: 1.745 LR:0.000009
[Epoch 73] Validation accuracy:0.9192, Loss:0.335, f1 0.867994, score 0.884892
[Epoch 74] Train time:2.41, Training accuracy:0.9903. Loss: 1.749 LR:0.000009
[Epoch 74] Validation accuracy:0.9228, Loss:0.335, f1 0.871951, score 0.888731
Model saved.
best_acc:0.9228
[Epoch 75] Train time:2.40, Training accuracy:0.9911. Loss: 1.748 LR:0.000009
[Epoch 75] Validation accuracy:0.9169, Loss:0.339, f1 0.861570, score 0.879829
[Epoch 76] Train time:2.41, Training accuracy:0.9897. Loss: 1.751 LR:0.000009
[Epoch 76] Validation accuracy:0.9166, Loss:0.339, f1 0.861299, score 0.879548
[Epoch 77] Train time:2.40, Training accuracy:0.9917. Loss: 1.742 LR:0.000009
[Epoch 77] Validation accuracy:0.9208, Loss:0.331, f1 0.870225, score 0.886915
[Epoch 78] Train time:2.41, Training accuracy:0.9902. Loss: 1.750 LR:0.000008
[Epoch 78] Validation accuracy:0.9211, Loss:0.329, f1 0.866476, score 0.884502
[Epoch 79] Train time:2.41, Training accuracy:0.9909. Loss: 1.746 LR:0.000008
[Epoch 79] Validation accuracy:0.9198, Loss:0.333, f1 0.870144, score 0.886530
[Epoch 80] Train time:2.41, Training accuracy:0.9907. Loss: 1.748 LR:0.000008
[Epoch 80] Validation accuracy:0.9195, Loss:0.334, f1 0.865212, score 0.883127
[Epoch 81] Train time:2.40, Training accuracy:0.9915. Loss: 1.743 LR:0.000008
[Epoch 81] Validation accuracy:0.9214, Loss:0.331, f1 0.872752, score 0.888806
[Epoch 82] Train time:2.41, Training accuracy:0.9903. Loss: 1.743 LR:0.000008
[Epoch 82] Validation accuracy:0.9185, Loss:0.336, f1 0.868553, score 0.885036
[Epoch 83] Train time:2.41, Training accuracy:0.9919. Loss: 1.736 LR:0.000008
[Epoch 83] Validation accuracy:0.9179, Loss:0.336, f1 0.861570, score 0.880159
[Epoch 84] Train time:2.40, Training accuracy:0.9917. Loss: 1.738 LR:0.000007
[Epoch 84] Validation accuracy:0.9175, Loss:0.337, f1 0.867371, score 0.883913
[Epoch 85] Train time:2.40, Training accuracy:0.9907. Loss: 1.746 LR:0.000007
[Epoch 85] Validation accuracy:0.9198, Loss:0.337, f1 0.866657, score 0.884194
[Epoch 86] Train time:2.41, Training accuracy:0.9914. Loss: 1.740 LR:0.000007
[Epoch 86] Validation accuracy:0.9153, Loss:0.338, f1 0.861729, score 0.879407
[Epoch 87] Train time:2.40, Training accuracy:0.9916. Loss: 1.739 LR:0.000007
[Epoch 87] Validation accuracy:0.9162, Loss:0.336, f1 0.859561, score 0.878252
[Epoch 88] Train time:2.41, Training accuracy:0.9917. Loss: 1.735 LR:0.000007
[Epoch 88] Validation accuracy:0.9162, Loss:0.337, f1 0.866788, score 0.883094
[Epoch 89] Train time:2.41, Training accuracy:0.9922. Loss: 1.735 LR:0.000007
[Epoch 89] Validation accuracy:0.9153, Loss:0.343, f1 0.859670, score 0.878028
[Epoch 90] Train time:2.41, Training accuracy:0.9917. Loss: 1.738 LR:0.000007
[Epoch 90] Validation accuracy:0.9182, Loss:0.338, f1 0.867800, score 0.884432
[Epoch 91] Train time:2.41, Training accuracy:0.9917. Loss: 1.741 LR:0.000006
[Epoch 91] Validation accuracy:0.9234, Loss:0.331, f1 0.873684, score 0.890090
Model saved.
best_acc:0.9234
[Epoch 92] Train time:2.41, Training accuracy:0.9910. Loss: 1.741 LR:0.000006
[Epoch 92] Validation accuracy:0.9198, Loss:0.333, f1 0.868081, score 0.885148
[Epoch 93] Train time:2.41, Training accuracy:0.9923. Loss: 1.732 LR:0.000006
[Epoch 93] Validation accuracy:0.9208, Loss:0.330, f1 0.868186, score 0.885548
[Epoch 94] Train time:2.40, Training accuracy:0.9926. Loss: 1.737 LR:0.000006
[Epoch 94] Validation accuracy:0.9198, Loss:0.333, f1 0.868322, score 0.885310
[Epoch 95] Train time:2.41, Training accuracy:0.9921. Loss: 1.737 LR:0.000006
[Epoch 95] Validation accuracy:0.9198, Loss:0.334, f1 0.866395, score 0.884019
[Epoch 96] Train time:2.40, Training accuracy:0.9922. Loss: 1.735 LR:0.000006
[Epoch 96] Validation accuracy:0.9201, Loss:0.334, f1 0.865377, score 0.883435
[Epoch 97] Train time:2.40, Training accuracy:0.9913. Loss: 1.738 LR:0.000006
[Epoch 97] Validation accuracy:0.9195, Loss:0.332, f1 0.865764, score 0.883497
[Epoch 98] Train time:2.41, Training accuracy:0.9923. Loss: 1.732 LR:0.000006
[Epoch 98] Validation accuracy:0.9205, Loss:0.336, f1 0.868861, score 0.885902
[Epoch 99] Train time:2.41, Training accuracy:0.9932. Loss: 1.730 LR:0.000006
[Epoch 99] Validation accuracy:0.9201, Loss:0.335, f1 0.868689, score 0.885655
[Epoch 100] Train time:2.41, Training accuracy:0.9923. Loss: 1.734 LR:0.000005
[Epoch 100] Validation accuracy:0.9198, Loss:0.337, f1 0.866375, score 0.884005
[Epoch 101] Train time:2.40, Training accuracy:0.9926. Loss: 1.731 LR:0.000005
[Epoch 101] Validation accuracy:0.9211, Loss:0.335, f1 0.868114, score 0.885600
[Epoch 102] Train time:2.41, Training accuracy:0.9930. Loss: 1.729 LR:0.000005
[Epoch 102] Validation accuracy:0.9188, Loss:0.339, f1 0.867666, score 0.884540
[Epoch 103] Train time:2.41, Training accuracy:0.9922. Loss: 1.734 LR:0.000005
[Epoch 103] Validation accuracy:0.9182, Loss:0.339, f1 0.866343, score 0.883456
[Epoch 104] Train time:2.41, Training accuracy:0.9918. Loss: 1.737 LR:0.000005
[Epoch 104] Validation accuracy:0.9195, Loss:0.338, f1 0.865796, score 0.883518
[Epoch 105] Train time:2.41, Training accuracy:0.9927. Loss: 1.730 LR:0.000005
[Epoch 105] Validation accuracy:0.9211, Loss:0.336, f1 0.867578, score 0.885240
[Epoch 106] Train time:2.40, Training accuracy:0.9920. Loss: 1.734 LR:0.000005
[Epoch 106] Validation accuracy:0.9201, Loss:0.336, f1 0.867560, score 0.884898
[Epoch 107] Train time:2.41, Training accuracy:0.9934. Loss: 1.730 LR:0.000005
[Epoch 107] Validation accuracy:0.9224, Loss:0.331, f1 0.873953, score 0.889941
[Epoch 108] Train time:2.40, Training accuracy:0.9929. Loss: 1.733 LR:0.000005
[Epoch 108] Validation accuracy:0.9231, Loss:0.332, f1 0.870490, score 0.887851
[Epoch 109] Train time:2.41, Training accuracy:0.9930. Loss: 1.727 LR:0.000005
[Epoch 109] Validation accuracy:0.9244, Loss:0.334, f1 0.875497, score 0.891635
Model saved.
best_acc:0.9244
[Epoch 110] Train time:2.41, Training accuracy:0.9920. Loss: 1.735 LR:0.000004
[Epoch 110] Validation accuracy:0.9218, Loss:0.337, f1 0.867577, score 0.885471
[Epoch 111] Train time:2.41, Training accuracy:0.9929. Loss: 1.730 LR:0.000004
[Epoch 111] Validation accuracy:0.9195, Loss:0.337, f1 0.870518, score 0.886682
[Epoch 112] Train time:2.41, Training accuracy:0.9926. Loss: 1.732 LR:0.000004
[Epoch 112] Validation accuracy:0.9228, Loss:0.334, f1 0.871439, score 0.888388
[Epoch 113] Train time:2.40, Training accuracy:0.9923. Loss: 1.730 LR:0.000004
[Epoch 113] Validation accuracy:0.9192, Loss:0.335, f1 0.871084, score 0.886962
[Epoch 114] Train time:2.41, Training accuracy:0.9916. Loss: 1.732 LR:0.000004
[Epoch 114] Validation accuracy:0.9228, Loss:0.333, f1 0.873640, score 0.889863
[Epoch 115] Train time:2.41, Training accuracy:0.9923. Loss: 1.731 LR:0.000004
[Epoch 115] Validation accuracy:0.9228, Loss:0.333, f1 0.871716, score 0.888573
[Epoch 116] Train time:2.41, Training accuracy:0.9929. Loss: 1.730 LR:0.000004
[Epoch 116] Validation accuracy:0.9250, Loss:0.332, f1 0.876349, score 0.892404
Model saved.
best_acc:0.925
[Epoch 117] Train time:2.41, Training accuracy:0.9931. Loss: 1.726 LR:0.000004
[Epoch 117] Validation accuracy:0.9254, Loss:0.331, f1 0.876301, score 0.892503
Model saved.
best_acc:0.9254
[Epoch 118] Train time:2.41, Training accuracy:0.9926. Loss: 1.728 LR:0.000004
[Epoch 118] Validation accuracy:0.9260, Loss:0.329, f1 0.878417, score 0.894120
Model saved.
best_acc:0.926
[Epoch 119] Train time:2.41, Training accuracy:0.9922. Loss: 1.730 LR:0.000004
[Epoch 119] Validation accuracy:0.9237, Loss:0.331, f1 0.875618, score 0.891485
[Epoch 120] Train time:2.41, Training accuracy:0.9927. Loss: 1.729 LR:0.000004
[Epoch 120] Validation accuracy:0.9224, Loss:0.330, f1 0.872971, score 0.889282
[Epoch 121] Train time:2.40, Training accuracy:0.9927. Loss: 1.728 LR:0.000004
[Epoch 121] Validation accuracy:0.9214, Loss:0.332, f1 0.871616, score 0.888045
[Epoch 122] Train time:2.40, Training accuracy:0.9930. Loss: 1.728 LR:0.000003
[Epoch 122] Validation accuracy:0.9208, Loss:0.334, f1 0.870337, score 0.886990
[Epoch 123] Train time:2.41, Training accuracy:0.9932. Loss: 1.729 LR:0.000003
[Epoch 123] Validation accuracy:0.9221, Loss:0.332, f1 0.869801, score 0.887060
[Epoch 124] Train time:2.41, Training accuracy:0.9931. Loss: 1.728 LR:0.000003
[Epoch 124] Validation accuracy:0.9221, Loss:0.331, f1 0.871965, score 0.888509
[Epoch 125] Train time:2.41, Training accuracy:0.9927. Loss: 1.728 LR:0.000003
[Epoch 125] Validation accuracy:0.9221, Loss:0.331, f1 0.871687, score 0.888323
[Epoch 126] Train time:2.41, Training accuracy:0.9932. Loss: 1.730 LR:0.000003
[Epoch 126] Validation accuracy:0.9250, Loss:0.330, f1 0.876054, score 0.892206
[Epoch 127] Train time:2.41, Training accuracy:0.9929. Loss: 1.728 LR:0.000003
[Epoch 127] Validation accuracy:0.9270, Loss:0.331, f1 0.879114, score 0.894917
Model saved.
best_acc:0.927
[Epoch 128] Train time:2.41, Training accuracy:0.9932. Loss: 1.726 LR:0.000003
[Epoch 128] Validation accuracy:0.9231, Loss:0.334, f1 0.872970, score 0.889513
[Epoch 129] Train time:2.41, Training accuracy:0.9920. Loss: 1.729 LR:0.000003
[Epoch 129] Validation accuracy:0.9244, Loss:0.333, f1 0.874821, score 0.891182
[Epoch 130] Train time:2.41, Training accuracy:0.9927. Loss: 1.727 LR:0.000003
[Epoch 130] Validation accuracy:0.9231, Loss:0.333, f1 0.872624, score 0.889281
[Epoch 131] Train time:2.41, Training accuracy:0.9926. Loss: 1.729 LR:0.000003
[Epoch 131] Validation accuracy:0.9228, Loss:0.334, f1 0.872203, score 0.888900
[Epoch 132] Train time:2.41, Training accuracy:0.9934. Loss: 1.724 LR:0.000003
[Epoch 132] Validation accuracy:0.9231, Loss:0.333, f1 0.872236, score 0.889021
[Epoch 133] Train time:2.41, Training accuracy:0.9939. Loss: 1.723 LR:0.000003
[Epoch 133] Validation accuracy:0.9228, Loss:0.333, f1 0.872097, score 0.888829
[Epoch 134] Train time:2.41, Training accuracy:0.9931. Loss: 1.726 LR:0.000003
[Epoch 134] Validation accuracy:0.9241, Loss:0.330, f1 0.874790, score 0.891062
[Epoch 135] Train time:2.41, Training accuracy:0.9929. Loss: 1.730 LR:0.000003
[Epoch 135] Validation accuracy:0.9231, Loss:0.331, f1 0.872632, score 0.889286
[Epoch 136] Train time:2.41, Training accuracy:0.9932. Loss: 1.727 LR:0.000003
[Epoch 136] Validation accuracy:0.9214, Loss:0.332, f1 0.868077, score 0.885674
[Epoch 137] Train time:2.41, Training accuracy:0.9933. Loss: 1.725 LR:0.000003
[Epoch 137] Validation accuracy:0.9224, Loss:0.333, f1 0.872495, score 0.888964
[Epoch 138] Train time:2.41, Training accuracy:0.9932. Loss: 1.725 LR:0.000003
[Epoch 138] Validation accuracy:0.9234, Loss:0.331, f1 0.872420, score 0.889244
[Epoch 139] Train time:2.41, Training accuracy:0.9927. Loss: 1.729 LR:0.000002
[Epoch 139] Validation accuracy:0.9221, Loss:0.332, f1 0.872365, score 0.888778
[Epoch 140] Train time:2.41, Training accuracy:0.9934. Loss: 1.723 LR:0.000002
[Epoch 140] Validation accuracy:0.9205, Loss:0.332, f1 0.869524, score 0.886346
[Epoch 141] Train time:2.41, Training accuracy:0.9942. Loss: 1.722 LR:0.000002
[Epoch 141] Validation accuracy:0.9237, Loss:0.332, f1 0.875152, score 0.891173
[Epoch 142] Train time:2.41, Training accuracy:0.9936. Loss: 1.722 LR:0.000002
[Epoch 142] Validation accuracy:0.9237, Loss:0.333, f1 0.873475, score 0.890049
[Epoch 143] Train time:2.41, Training accuracy:0.9936. Loss: 1.724 LR:0.000002
[Epoch 143] Validation accuracy:0.9198, Loss:0.333, f1 0.872232, score 0.887929
[Epoch 144] Train time:2.41, Training accuracy:0.9939. Loss: 1.721 LR:0.000002
[Epoch 144] Validation accuracy:0.9214, Loss:0.334, f1 0.874359, score 0.889882
[Epoch 145] Train time:2.41, Training accuracy:0.9941. Loss: 1.720 LR:0.000002
[Epoch 145] Validation accuracy:0.9201, Loss:0.333, f1 0.871275, score 0.887387
[Epoch 146] Train time:2.41, Training accuracy:0.9933. Loss: 1.725 LR:0.000002
[Epoch 146] Validation accuracy:0.9208, Loss:0.334, f1 0.870720, score 0.887246
[Epoch 147] Train time:2.41, Training accuracy:0.9927. Loss: 1.725 LR:0.000002
[Epoch 147] Validation accuracy:0.9208, Loss:0.331, f1 0.870176, score 0.886882
[Epoch 148] Train time:2.41, Training accuracy:0.9939. Loss: 1.724 LR:0.000002
[Epoch 148] Validation accuracy:0.9195, Loss:0.333, f1 0.870128, score 0.886420
[Epoch 149] Train time:2.41, Training accuracy:0.9935. Loss: 1.722 LR:0.000002
[Epoch 149] Validation accuracy:0.9208, Loss:0.331, f1 0.870500, score 0.887099
[Epoch 150] Train time:2.41, Training accuracy:0.9936. Loss: 1.720 LR:0.000002
[Epoch 150] Validation accuracy:0.9224, Loss:0.330, f1 0.872300, score 0.888833
[Epoch 151] Train time:2.41, Training accuracy:0.9938. Loss: 1.721 LR:0.000002
[Epoch 151] Validation accuracy:0.9221, Loss:0.332, f1 0.870577, score 0.887580
[Epoch 152] Train time:2.41, Training accuracy:0.9944. Loss: 1.719 LR:0.000002
[Epoch 152] Validation accuracy:0.9224, Loss:0.331, f1 0.871106, score 0.888033
[Epoch 153] Train time:2.41, Training accuracy:0.9941. Loss: 1.718 LR:0.000002
[Epoch 153] Validation accuracy:0.9228, Loss:0.332, f1 0.871755, score 0.888600
[Epoch 154] Train time:2.41, Training accuracy:0.9941. Loss: 1.720 LR:0.000002
[Epoch 154] Validation accuracy:0.9237, Loss:0.331, f1 0.875835, score 0.891631
[Epoch 155] Train time:2.41, Training accuracy:0.9923. Loss: 1.726 LR:0.000002
[Epoch 155] Validation accuracy:0.9234, Loss:0.328, f1 0.872621, score 0.889378
[Epoch 156] Train time:2.41, Training accuracy:0.9941. Loss: 1.721 LR:0.000002
[Epoch 156] Validation accuracy:0.9228, Loss:0.331, f1 0.873070, score 0.889481
[Epoch 157] Train time:2.41, Training accuracy:0.9936. Loss: 1.726 LR:0.000002
[Epoch 157] Validation accuracy:0.9241, Loss:0.328, f1 0.874221, score 0.890681
[Epoch 158] Train time:2.41, Training accuracy:0.9934. Loss: 1.723 LR:0.000002
[Epoch 158] Validation accuracy:0.9228, Loss:0.329, f1 0.871950, score 0.888730
[Epoch 159] Train time:2.41, Training accuracy:0.9943. Loss: 1.723 LR:0.000002
[Epoch 159] Validation accuracy:0.9244, Loss:0.329, f1 0.873720, score 0.890445
[Epoch 160] Train time:2.41, Training accuracy:0.9937. Loss: 1.720 LR:0.000002
[Epoch 160] Validation accuracy:0.9234, Loss:0.328, f1 0.874521, score 0.890651
[Epoch 161] Train time:2.41, Training accuracy:0.9949. Loss: 1.715 LR:0.000002
[Epoch 161] Validation accuracy:0.9241, Loss:0.327, f1 0.874362, score 0.890775
[Epoch 162] Train time:2.41, Training accuracy:0.9939. Loss: 1.720 LR:0.000002
[Epoch 162] Validation accuracy:0.9260, Loss:0.327, f1 0.877306, score 0.893375
[Epoch 163] Train time:2.41, Training accuracy:0.9937. Loss: 1.722 LR:0.000002
[Epoch 163] Validation accuracy:0.9224, Loss:0.330, f1 0.872524, score 0.888983
[Epoch 164] Train time:2.41, Training accuracy:0.9938. Loss: 1.723 LR:0.000001
[Epoch 164] Validation accuracy:0.9244, Loss:0.329, f1 0.874430, score 0.890920
[Epoch 165] Train time:2.41, Training accuracy:0.9941. Loss: 1.721 LR:0.000001
[Epoch 165] Validation accuracy:0.9234, Loss:0.330, f1 0.873227, score 0.889784
[Epoch 166] Train time:2.41, Training accuracy:0.9944. Loss: 1.719 LR:0.000001
[Epoch 166] Validation accuracy:0.9221, Loss:0.331, f1 0.869498, score 0.886857
[Epoch 167] Train time:2.41, Training accuracy:0.9938. Loss: 1.721 LR:0.000001
[Epoch 167] Validation accuracy:0.9257, Loss:0.328, f1 0.876312, score 0.892610
[Epoch 168] Train time:2.41, Training accuracy:0.9947. Loss: 1.718 LR:0.000001
[Epoch 168] Validation accuracy:0.9237, Loss:0.328, f1 0.874490, score 0.890730
[Epoch 169] Train time:2.41, Training accuracy:0.9938. Loss: 1.720 LR:0.000001
[Epoch 169] Validation accuracy:0.9254, Loss:0.330, f1 0.875793, score 0.892163
[Epoch 170] Train time:2.41, Training accuracy:0.9935. Loss: 1.722 LR:0.000001
[Epoch 170] Validation accuracy:0.9221, Loss:0.330, f1 0.871156, score 0.887968
[Epoch 171] Train time:2.41, Training accuracy:0.9948. Loss: 1.716 LR:0.000001
[Epoch 171] Validation accuracy:0.9244, Loss:0.330, f1 0.875724, score 0.891787
[Epoch 172] Train time:2.41, Training accuracy:0.9935. Loss: 1.722 LR:0.000001
[Epoch 172] Validation accuracy:0.9241, Loss:0.330, f1 0.874141, score 0.890627
[Epoch 173] Train time:2.41, Training accuracy:0.9941. Loss: 1.720 LR:0.000001
[Epoch 173] Validation accuracy:0.9224, Loss:0.330, f1 0.873186, score 0.889427
[Epoch 174] Train time:2.41, Training accuracy:0.9939. Loss: 1.721 LR:0.000001
[Epoch 174] Validation accuracy:0.9250, Loss:0.329, f1 0.875224, score 0.891650
[Epoch 175] Train time:2.41, Training accuracy:0.9938. Loss: 1.718 LR:0.000001
[Epoch 175] Validation accuracy:0.9250, Loss:0.331, f1 0.876061, score 0.892211
[Epoch 176] Train time:2.41, Training accuracy:0.9938. Loss: 1.718 LR:0.000001
[Epoch 176] Validation accuracy:0.9260, Loss:0.330, f1 0.877979, score 0.893826
[Epoch 177] Train time:2.41, Training accuracy:0.9934. Loss: 1.723 LR:0.000001
[Epoch 177] Validation accuracy:0.9237, Loss:0.331, f1 0.875799, score 0.891606
[Epoch 178] Train time:2.41, Training accuracy:0.9945. Loss: 1.717 LR:0.000001
[Epoch 178] Validation accuracy:0.9234, Loss:0.330, f1 0.873709, score 0.890107
[Epoch 179] Train time:2.41, Training accuracy:0.9947. Loss: 1.716 LR:0.000001
[Epoch 179] Validation accuracy:0.9237, Loss:0.331, f1 0.875189, score 0.891197
[Epoch 180] Train time:2.41, Training accuracy:0.9940. Loss: 1.720 LR:0.000001
[Epoch 180] Validation accuracy:0.9241, Loss:0.330, f1 0.873721, score 0.890346
[Epoch 181] Train time:2.41, Training accuracy:0.9934. Loss: 1.726 LR:0.000001
[Epoch 181] Validation accuracy:0.9241, Loss:0.329, f1 0.873814, score 0.890408
[Epoch 182] Train time:2.41, Training accuracy:0.9941. Loss: 1.721 LR:0.000001
[Epoch 182] Validation accuracy:0.9257, Loss:0.329, f1 0.875295, score 0.891929
[Epoch 183] Train time:2.41, Training accuracy:0.9945. Loss: 1.718 LR:0.000001
[Epoch 183] Validation accuracy:0.9257, Loss:0.328, f1 0.875235, score 0.891888
[Epoch 184] Train time:2.41, Training accuracy:0.9943. Loss: 1.717 LR:0.000001
[Epoch 184] Validation accuracy:0.9241, Loss:0.329, f1 0.873185, score 0.889987
[Epoch 185] Train time:2.41, Training accuracy:0.9939. Loss: 1.717 LR:0.000001
[Epoch 185] Validation accuracy:0.9244, Loss:0.330, f1 0.872910, score 0.889902
[Epoch 186] Train time:2.41, Training accuracy:0.9944. Loss: 1.717 LR:0.000001
[Epoch 186] Validation accuracy:0.9257, Loss:0.329, f1 0.875437, score 0.892024
[Epoch 187] Train time:2.41, Training accuracy:0.9941. Loss: 1.720 LR:0.000001
[Epoch 187] Validation accuracy:0.9257, Loss:0.329, f1 0.875037, score 0.891756
[Epoch 188] Train time:2.41, Training accuracy:0.9941. Loss: 1.720 LR:0.000001
[Epoch 188] Validation accuracy:0.9257, Loss:0.328, f1 0.874537, score 0.891421
[Epoch 189] Train time:2.41, Training accuracy:0.9941. Loss: 1.719 LR:0.000001
[Epoch 189] Validation accuracy:0.9247, Loss:0.328, f1 0.874030, score 0.890751
[Epoch 190] Train time:2.41, Training accuracy:0.9945. Loss: 1.717 LR:0.000001
[Epoch 190] Validation accuracy:0.9244, Loss:0.328, f1 0.872809, score 0.889834
[Epoch 191] Train time:2.41, Training accuracy:0.9945. Loss: 1.716 LR:0.000001
[Epoch 191] Validation accuracy:0.9263, Loss:0.328, f1 0.877155, score 0.893373
[Epoch 192] Train time:2.41, Training accuracy:0.9945. Loss: 1.716 LR:0.000001
[Epoch 192] Validation accuracy:0.9244, Loss:0.328, f1 0.874072, score 0.890680
[Epoch 193] Train time:2.41, Training accuracy:0.9939. Loss: 1.719 LR:0.000001
[Epoch 193] Validation accuracy:0.9244, Loss:0.329, f1 0.873840, score 0.890525
[Epoch 194] Train time:2.41, Training accuracy:0.9942. Loss: 1.720 LR:0.000001
[Epoch 194] Validation accuracy:0.9234, Loss:0.328, f1 0.872914, score 0.889575
[Epoch 195] Train time:2.41, Training accuracy:0.9952. Loss: 1.716 LR:0.000001
[Epoch 195] Validation accuracy:0.9254, Loss:0.329, f1 0.875877, score 0.892220
[Epoch 196] Train time:2.41, Training accuracy:0.9935. Loss: 1.723 LR:0.000001
[Epoch 196] Validation accuracy:0.9247, Loss:0.329, f1 0.875721, score 0.891884
[Epoch 197] Train time:2.41, Training accuracy:0.9932. Loss: 1.721 LR:0.000001
[Epoch 197] Validation accuracy:0.9244, Loss:0.330, f1 0.875781, score 0.891825
[Epoch 198] Train time:2.41, Training accuracy:0.9945. Loss: 1.720 LR:0.000001
[Epoch 198] Validation accuracy:0.9254, Loss:0.329, f1 0.877918, score 0.893587
[Epoch 199] Train time:2.41, Training accuracy:0.9945. Loss: 1.716 LR:0.000001
[Epoch 199] Validation accuracy:0.9234, Loss:0.330, f1 0.872821, score 0.889512
[Epoch 200] Train time:2.41, Training accuracy:0.9944. Loss: 1.718 LR:0.000001
[Epoch 200] Validation accuracy:0.9247, Loss:0.329, f1 0.875047, score 0.891432
[Epoch 201] Train time:2.41, Training accuracy:0.9935. Loss: 1.720 LR:0.000001
[Epoch 201] Validation accuracy:0.9250, Loss:0.329, f1 0.874647, score 0.891263
[Epoch 202] Train time:2.41, Training accuracy:0.9940. Loss: 1.719 LR:0.000001
[Epoch 202] Validation accuracy:0.9218, Loss:0.331, f1 0.871242, score 0.887926
[Epoch 203] Train time:2.41, Training accuracy:0.9933. Loss: 1.723 LR:0.000001
[Epoch 203] Validation accuracy:0.9237, Loss:0.329, f1 0.871869, score 0.888973
[Epoch 204] Train time:2.41, Training accuracy:0.9936. Loss: 1.719 LR:0.000001
[Epoch 204] Validation accuracy:0.9237, Loss:0.328, f1 0.873558, score 0.890105
[Epoch 205] Train time:2.41, Training accuracy:0.9942. Loss: 1.717 LR:0.000001
[Epoch 205] Validation accuracy:0.9267, Loss:0.328, f1 0.878204, score 0.894208
[Epoch 206] Train time:2.41, Training accuracy:0.9949. Loss: 1.716 LR:0.000001
[Epoch 206] Validation accuracy:0.9247, Loss:0.328, f1 0.874640, score 0.891160
[Epoch 207] Train time:2.41, Training accuracy:0.9942. Loss: 1.719 LR:0.000001
[Epoch 207] Validation accuracy:0.9234, Loss:0.328, f1 0.874217, score 0.890447
[Epoch 208] Train time:2.41, Training accuracy:0.9938. Loss: 1.721 LR:0.000001
[Epoch 208] Validation accuracy:0.9254, Loss:0.328, f1 0.875445, score 0.891930
[Epoch 209] Train time:2.41, Training accuracy:0.9942. Loss: 1.720 LR:0.000001
[Epoch 209] Validation accuracy:0.9237, Loss:0.329, f1 0.873702, score 0.890201
[Epoch 210] Train time:2.41, Training accuracy:0.9938. Loss: 1.720 LR:0.000001
[Epoch 210] Validation accuracy:0.9250, Loss:0.329, f1 0.875151, score 0.891601
[Epoch 211] Train time:2.41, Training accuracy:0.9949. Loss: 1.717 LR:0.000001
[Epoch 211] Validation accuracy:0.9257, Loss:0.328, f1 0.876148, score 0.892500
[Epoch 212] Train time:2.41, Training accuracy:0.9941. Loss: 1.717 LR:0.000001
[Epoch 212] Validation accuracy:0.9257, Loss:0.329, f1 0.875642, score 0.892161
[Epoch 213] Train time:2.41, Training accuracy:0.9947. Loss: 1.715 LR:0.000001
[Epoch 213] Validation accuracy:0.9260, Loss:0.328, f1 0.876748, score 0.893001
[Epoch 214] Train time:2.41, Training accuracy:0.9949. Loss: 1.716 LR:0.000001
[Epoch 214] Validation accuracy:0.9250, Loss:0.329, f1 0.877169, score 0.892954
[Epoch 215] Train time:2.41, Training accuracy:0.9937. Loss: 1.721 LR:0.000001
[Epoch 215] Validation accuracy:0.9257, Loss:0.329, f1 0.876194, score 0.892531
[Epoch 216] Train time:2.41, Training accuracy:0.9939. Loss: 1.722 LR:0.000001
[Epoch 216] Validation accuracy:0.9273, Loss:0.328, f1 0.879050, score 0.894973
Model saved.
best_acc:0.9273
[Epoch 217] Train time:2.41, Training accuracy:0.9934. Loss: 1.718 LR:0.000001
[Epoch 217] Validation accuracy:0.9254, Loss:0.329, f1 0.877233, score 0.893128
[Epoch 218] Train time:2.41, Training accuracy:0.9942. Loss: 1.720 LR:0.000000
[Epoch 218] Validation accuracy:0.9263, Loss:0.329, f1 0.878038, score 0.893964
[Epoch 219] Train time:2.41, Training accuracy:0.9954. Loss: 1.715 LR:0.000000
[Epoch 219] Validation accuracy:0.9254, Loss:0.328, f1 0.876103, score 0.892371
[Epoch 220] Train time:2.41, Training accuracy:0.9946. Loss: 1.716 LR:0.000000
[Epoch 220] Validation accuracy:0.9267, Loss:0.328, f1 0.878103, score 0.894140
[Epoch 221] Train time:2.41, Training accuracy:0.9936. Loss: 1.721 LR:0.000000
[Epoch 221] Validation accuracy:0.9267, Loss:0.328, f1 0.877770, score 0.893917
[Epoch 222] Train time:2.41, Training accuracy:0.9949. Loss: 1.715 LR:0.000000
[Epoch 222] Validation accuracy:0.9276, Loss:0.328, f1 0.879355, score 0.895276
Model saved.
best_acc:0.9276
[Epoch 223] Train time:2.41, Training accuracy:0.9942. Loss: 1.720 LR:0.000000
[Epoch 223] Validation accuracy:0.9270, Loss:0.329, f1 0.878378, score 0.894423
[Epoch 224] Train time:2.41, Training accuracy:0.9944. Loss: 1.714 LR:0.000000
[Epoch 224] Validation accuracy:0.9267, Loss:0.329, f1 0.878588, score 0.894465
[Epoch 225] Train time:2.41, Training accuracy:0.9947. Loss: 1.717 LR:0.000000
[Epoch 225] Validation accuracy:0.9270, Loss:0.328, f1 0.879505, score 0.895178
[Epoch 226] Train time:2.42, Training accuracy:0.9948. Loss: 1.714 LR:0.000000
[Epoch 226] Validation accuracy:0.9250, Loss:0.328, f1 0.876959, score 0.892812
[Epoch 227] Train time:2.41, Training accuracy:0.9942. Loss: 1.718 LR:0.000000
[Epoch 227] Validation accuracy:0.9260, Loss:0.329, f1 0.878077, score 0.893891
[Epoch 228] Train time:2.41, Training accuracy:0.9948. Loss: 1.715 LR:0.000000
[Epoch 228] Validation accuracy:0.9263, Loss:0.329, f1 0.878360, score 0.894180
[Epoch 229] Train time:2.41, Training accuracy:0.9948. Loss: 1.714 LR:0.000000
[Epoch 229] Validation accuracy:0.9267, Loss:0.329, f1 0.876417, score 0.893010
[Epoch 230] Train time:2.41, Training accuracy:0.9951. Loss: 1.713 LR:0.000000
[Epoch 230] Validation accuracy:0.9270, Loss:0.329, f1 0.878800, score 0.894706
[Epoch 231] Train time:2.41, Training accuracy:0.9945. Loss: 1.715 LR:0.000000
[Epoch 231] Validation accuracy:0.9244, Loss:0.330, f1 0.875126, score 0.891387
[Epoch 232] Train time:2.41, Training accuracy:0.9946. Loss: 1.717 LR:0.000000
[Epoch 232] Validation accuracy:0.9260, Loss:0.330, f1 0.876976, score 0.893154
[Epoch 233] Train time:2.41, Training accuracy:0.9944. Loss: 1.719 LR:0.000000
[Epoch 233] Validation accuracy:0.9260, Loss:0.329, f1 0.877536, score 0.893529
[Epoch 234] Train time:2.41, Training accuracy:0.9938. Loss: 1.717 LR:0.000000
[Epoch 234] Validation accuracy:0.9257, Loss:0.329, f1 0.875753, score 0.892236
[Epoch 235] Train time:2.41, Training accuracy:0.9945. Loss: 1.717 LR:0.000000
[Epoch 235] Validation accuracy:0.9263, Loss:0.328, f1 0.876297, score 0.892798
[Epoch 236] Train time:2.41, Training accuracy:0.9939. Loss: 1.720 LR:0.000000
[Epoch 236] Validation accuracy:0.9267, Loss:0.329, f1 0.877612, score 0.893811
[Epoch 237] Train time:2.41, Training accuracy:0.9949. Loss: 1.716 LR:0.000000
[Epoch 237] Validation accuracy:0.9254, Loss:0.330, f1 0.875971, score 0.892282
[Epoch 238] Train time:2.41, Training accuracy:0.9952. Loss: 1.715 LR:0.000000
[Epoch 238] Validation accuracy:0.9267, Loss:0.329, f1 0.878683, score 0.894529
[Epoch 239] Train time:2.41, Training accuracy:0.9946. Loss: 1.715 LR:0.000000
[Epoch 239] Validation accuracy:0.9267, Loss:0.329, f1 0.877706, score 0.893874
[Epoch 240] Train time:2.42, Training accuracy:0.9945. Loss: 1.717 LR:0.000000
[Epoch 240] Validation accuracy:0.9257, Loss:0.330, f1 0.877584, score 0.893462
[Epoch 241] Train time:2.41, Training accuracy:0.9952. Loss: 1.713 LR:0.000000
[Epoch 241] Validation accuracy:0.9270, Loss:0.328, f1 0.878572, score 0.894553
[Epoch 242] Train time:2.41, Training accuracy:0.9945. Loss: 1.717 LR:0.000000
[Epoch 242] Validation accuracy:0.9263, Loss:0.330, f1 0.877863, score 0.893847
[Epoch 243] Train time:2.42, Training accuracy:0.9949. Loss: 1.714 LR:0.000000
[Epoch 243] Validation accuracy:0.9263, Loss:0.329, f1 0.878224, score 0.894089
[Epoch 244] Train time:2.41, Training accuracy:0.9944. Loss: 1.716 LR:0.000000
[Epoch 244] Validation accuracy:0.9280, Loss:0.328, f1 0.881022, score 0.896525
Model saved.
best_acc:0.928
[Epoch 245] Train time:2.41, Training accuracy:0.9941. Loss: 1.718 LR:0.000000
[Epoch 245] Validation accuracy:0.9250, Loss:0.329, f1 0.875093, score 0.891562
[Epoch 246] Train time:2.41, Training accuracy:0.9941. Loss: 1.717 LR:0.000000
[Epoch 246] Validation accuracy:0.9250, Loss:0.329, f1 0.876841, score 0.892733
[Epoch 247] Train time:2.41, Training accuracy:0.9940. Loss: 1.718 LR:0.000000
[Epoch 247] Validation accuracy:0.9244, Loss:0.330, f1 0.874123, score 0.890714
[Epoch 248] Train time:2.41, Training accuracy:0.9946. Loss: 1.716 LR:0.000000
[Epoch 248] Validation accuracy:0.9260, Loss:0.329, f1 0.877196, score 0.893301
[Epoch 249] Train time:2.42, Training accuracy:0.9943. Loss: 1.715 LR:0.000000
[Epoch 249] Validation accuracy:0.9250, Loss:0.329, f1 0.877738, score 0.893335
[Epoch 250] Train time:2.41, Training accuracy:0.9938. Loss: 1.718 LR:0.000000
[Epoch 250] Validation accuracy:0.9254, Loss:0.330, f1 0.874716, score 0.891442
