Work on GPU:  0,1
load_weight 304
Namespace(dataset='rafdb', checkpoint=None, batch_size=120, val_batch_size=32, modeltype='base', optimizer='adam', lr=4e-05, momentum=0.9, workers=2, epochs=250, gpu='0,1', head_type='enhanced_v1')
Train set size: 12271
Validation set size: 3068
GFLOPs: 14.62
GMacs: 7.31
Params: 61.16M
batch_size: 120
Total Parameters: 61.164M
[Epoch 1] Train time:2.43, Training accuracy:0.6594. Loss: 3.889 LR:0.000040
[Epoch 1] Validation accuracy:0.8605, Loss:0.529, f1 0.742216, score 0.781250
best_acc:0.8605
[Epoch 2] Train time:2.42, Training accuracy:0.7999. Loss: 3.034 LR:0.000039
[Epoch 2] Validation accuracy:0.8817, Loss:0.463, f1 0.802377, score 0.828554
best_acc:0.8817
[Epoch 3] Train time:2.41, Training accuracy:0.8381. Loss: 2.822 LR:0.000038
[Epoch 3] Validation accuracy:0.8840, Loss:0.467, f1 0.824533, score 0.844157
best_acc:0.884
[Epoch 4] Train time:2.41, Training accuracy:0.8620. Loss: 2.690 LR:0.000038
[Epoch 4] Validation accuracy:0.8954, Loss:0.423, f1 0.837072, score 0.856321
best_acc:0.8954
[Epoch 5] Train time:2.41, Training accuracy:0.8822. Loss: 2.542 LR:0.000037
[Epoch 5] Validation accuracy:0.8947, Loss:0.412, f1 0.836674, score 0.855823
[Epoch 6] Train time:2.41, Training accuracy:0.9020. Loss: 2.441 LR:0.000036
[Epoch 6] Validation accuracy:0.9094, Loss:0.387, f1 0.855542, score 0.873315
Model saved.
best_acc:0.9094
[Epoch 7] Train time:2.41, Training accuracy:0.9177. Loss: 2.360 LR:0.000035
[Epoch 7] Validation accuracy:0.9149, Loss:0.366, f1 0.862811, score 0.880000
Model saved.
best_acc:0.9149
[Epoch 8] Train time:2.41, Training accuracy:0.9268. Loss: 2.295 LR:0.000035
[Epoch 8] Validation accuracy:0.9016, Loss:0.383, f1 0.840897, score 0.860929
[Epoch 9] Train time:2.41, Training accuracy:0.9353. Loss: 2.237 LR:0.000034
[Epoch 9] Validation accuracy:0.9149, Loss:0.357, f1 0.864185, score 0.880921
[Epoch 10] Train time:2.41, Training accuracy:0.9425. Loss: 2.186 LR:0.000033
[Epoch 10] Validation accuracy:0.9104, Loss:0.382, f1 0.855066, score 0.873326
[Epoch 11] Train time:2.41, Training accuracy:0.9540. Loss: 2.128 LR:0.000033
[Epoch 11] Validation accuracy:0.9100, Loss:0.356, f1 0.853110, score 0.871884
[Epoch 12] Train time:2.41, Training accuracy:0.9549. Loss: 2.104 LR:0.000032
[Epoch 12] Validation accuracy:0.9104, Loss:0.366, f1 0.852367, score 0.871518
[Epoch 13] Train time:2.41, Training accuracy:0.9595. Loss: 2.078 LR:0.000031
[Epoch 13] Validation accuracy:0.9091, Loss:0.369, f1 0.857664, score 0.874638
[Epoch 14] Train time:2.41, Training accuracy:0.9616. Loss: 2.064 LR:0.000031
[Epoch 14] Validation accuracy:0.9126, Loss:0.363, f1 0.867576, score 0.882434
[Epoch 15] Train time:2.41, Training accuracy:0.9626. Loss: 2.045 LR:0.000030
[Epoch 15] Validation accuracy:0.9123, Loss:0.356, f1 0.859329, score 0.876810
[Epoch 16] Train time:2.41, Training accuracy:0.9691. Loss: 2.015 LR:0.000030
[Epoch 16] Validation accuracy:0.9156, Loss:0.358, f1 0.863583, score 0.880748
Model saved.
best_acc:0.9156
[Epoch 17] Train time:2.41, Training accuracy:0.9712. Loss: 1.989 LR:0.000029
[Epoch 17] Validation accuracy:0.9136, Loss:0.350, f1 0.859285, score 0.877209
[Epoch 18] Train time:2.41, Training accuracy:0.9712. Loss: 1.991 LR:0.000028
[Epoch 18] Validation accuracy:0.9140, Loss:0.356, f1 0.859468, score 0.877464
[Epoch 19] Train time:2.41, Training accuracy:0.9738. Loss: 1.977 LR:0.000028
[Epoch 19] Validation accuracy:0.9117, Loss:0.358, f1 0.863822, score 0.879622
[Epoch 20] Train time:2.41, Training accuracy:0.9739. Loss: 1.963 LR:0.000027
[Epoch 20] Validation accuracy:0.9146, Loss:0.359, f1 0.860292, score 0.878214
[Epoch 21] Train time:2.41, Training accuracy:0.9755. Loss: 1.947 LR:0.000027
[Epoch 21] Validation accuracy:0.9179, Loss:0.355, f1 0.859285, score 0.878628
Model saved.
best_acc:0.9179
[Epoch 22] Train time:2.41, Training accuracy:0.9769. Loss: 1.942 LR:0.000026
[Epoch 22] Validation accuracy:0.9153, Loss:0.357, f1 0.868498, score 0.883943
[Epoch 23] Train time:2.41, Training accuracy:0.9776. Loss: 1.945 LR:0.000026
[Epoch 23] Validation accuracy:0.9172, Loss:0.361, f1 0.864191, score 0.881684
[Epoch 24] Train time:2.42, Training accuracy:0.9775. Loss: 1.935 LR:0.000025
[Epoch 24] Validation accuracy:0.9140, Loss:0.350, f1 0.860916, score 0.878434
[Epoch 25] Train time:2.41, Training accuracy:0.9808. Loss: 1.910 LR:0.000025
[Epoch 25] Validation accuracy:0.9143, Loss:0.354, f1 0.860147, score 0.878017
[Epoch 26] Train time:2.43, Training accuracy:0.9817. Loss: 1.899 LR:0.000024
[Epoch 26] Validation accuracy:0.9120, Loss:0.362, f1 0.854309, score 0.873347
[Epoch 27] Train time:2.45, Training accuracy:0.9819. Loss: 1.903 LR:0.000024
[Epoch 27] Validation accuracy:0.9153, Loss:0.351, f1 0.866287, score 0.882461
[Epoch 28] Train time:2.44, Training accuracy:0.9797. Loss: 1.907 LR:0.000023
[Epoch 28] Validation accuracy:0.9048, Loss:0.369, f1 0.843091, score 0.863455
[Epoch 29] Train time:2.43, Training accuracy:0.9829. Loss: 1.892 LR:0.000023
[Epoch 29] Validation accuracy:0.9146, Loss:0.356, f1 0.865005, score 0.881371
[Epoch 30] Train time:2.45, Training accuracy:0.9835. Loss: 1.890 LR:0.000022
[Epoch 30] Validation accuracy:0.9100, Loss:0.356, f1 0.854813, score 0.873025
[Epoch 31] Train time:2.45, Training accuracy:0.9834. Loss: 1.888 LR:0.000022
[Epoch 31] Validation accuracy:0.9153, Loss:0.360, f1 0.859762, score 0.878090
[Epoch 32] Train time:2.43, Training accuracy:0.9835. Loss: 1.887 LR:0.000021
[Epoch 32] Validation accuracy:0.9123, Loss:0.355, f1 0.858264, score 0.876096
[Epoch 33] Train time:2.45, Training accuracy:0.9843. Loss: 1.883 LR:0.000021
[Epoch 33] Validation accuracy:0.9097, Loss:0.359, f1 0.855392, score 0.873314
[Epoch 34] Train time:2.43, Training accuracy:0.9840. Loss: 1.884 LR:0.000021
[Epoch 34] Validation accuracy:0.9117, Loss:0.358, f1 0.854647, score 0.873474
[Epoch 35] Train time:2.43, Training accuracy:0.9841. Loss: 1.878 LR:0.000020
[Epoch 35] Validation accuracy:0.9136, Loss:0.354, f1 0.862108, score 0.879100
[Epoch 36] Train time:2.43, Training accuracy:0.9840. Loss: 1.870 LR:0.000020
[Epoch 36] Validation accuracy:0.9198, Loss:0.358, f1 0.867887, score 0.885018
Model saved.
best_acc:0.9198
[Epoch 37] Train time:2.42, Training accuracy:0.9856. Loss: 1.868 LR:0.000019
[Epoch 37] Validation accuracy:0.9162, Loss:0.364, f1 0.866877, score 0.883154
[Epoch 38] Train time:2.42, Training accuracy:0.9856. Loss: 1.862 LR:0.000019
[Epoch 38] Validation accuracy:0.9172, Loss:0.364, f1 0.866881, score 0.883486
[Epoch 39] Train time:2.42, Training accuracy:0.9883. Loss: 1.848 LR:0.000019
[Epoch 39] Validation accuracy:0.9172, Loss:0.350, f1 0.863892, score 0.881484
[Epoch 40] Train time:2.42, Training accuracy:0.9858. Loss: 1.858 LR:0.000018
[Epoch 40] Validation accuracy:0.9172, Loss:0.350, f1 0.867437, score 0.883859
[Epoch 41] Train time:2.42, Training accuracy:0.9864. Loss: 1.854 LR:0.000018
[Epoch 41] Validation accuracy:0.9166, Loss:0.349, f1 0.859271, score 0.878190
[Epoch 42] Train time:2.42, Training accuracy:0.9848. Loss: 1.860 LR:0.000017
[Epoch 42] Validation accuracy:0.9162, Loss:0.356, f1 0.858097, score 0.877271
[Epoch 43] Train time:2.46, Training accuracy:0.9865. Loss: 1.847 LR:0.000017
[Epoch 43] Validation accuracy:0.9136, Loss:0.353, f1 0.856351, score 0.875243
[Epoch 44] Train time:2.45, Training accuracy:0.9886. Loss: 1.841 LR:0.000017
[Epoch 44] Validation accuracy:0.9126, Loss:0.357, f1 0.853624, score 0.873086
[Epoch 45] Train time:2.44, Training accuracy:0.9877. Loss: 1.841 LR:0.000016
[Epoch 45] Validation accuracy:0.9149, Loss:0.357, f1 0.864508, score 0.881137
[Epoch 46] Train time:2.43, Training accuracy:0.9878. Loss: 1.842 LR:0.000016
[Epoch 46] Validation accuracy:0.9133, Loss:0.362, f1 0.863398, score 0.879866
[Epoch 47] Train time:2.42, Training accuracy:0.9880. Loss: 1.837 LR:0.000016
[Epoch 47] Validation accuracy:0.9133, Loss:0.354, f1 0.862324, score 0.879146
[Epoch 48] Train time:2.42, Training accuracy:0.9871. Loss: 1.842 LR:0.000015
[Epoch 48] Validation accuracy:0.9140, Loss:0.356, f1 0.858771, score 0.876997
[Epoch 49] Train time:2.43, Training accuracy:0.9870. Loss: 1.839 LR:0.000015
[Epoch 49] Validation accuracy:0.9123, Loss:0.362, f1 0.861858, score 0.878504
[Epoch 50] Train time:2.42, Training accuracy:0.9878. Loss: 1.832 LR:0.000015
[Epoch 50] Validation accuracy:0.9110, Loss:0.359, f1 0.862681, score 0.878626
[Epoch 51] Train time:2.42, Training accuracy:0.9889. Loss: 1.828 LR:0.000015
[Epoch 51] Validation accuracy:0.9126, Loss:0.352, f1 0.859669, score 0.877136
[Epoch 52] Train time:2.42, Training accuracy:0.9871. Loss: 1.833 LR:0.000014
[Epoch 52] Validation accuracy:0.9074, Loss:0.359, f1 0.854345, score 0.871853
[Epoch 53] Train time:2.44, Training accuracy:0.9889. Loss: 1.821 LR:0.000014
[Epoch 53] Validation accuracy:0.9120, Loss:0.362, f1 0.858293, score 0.876017
[Epoch 54] Train time:2.46, Training accuracy:0.9888. Loss: 1.831 LR:0.000014
[Epoch 54] Validation accuracy:0.9143, Loss:0.362, f1 0.866756, score 0.882445
[Epoch 55] Train time:2.46, Training accuracy:0.9895. Loss: 1.821 LR:0.000013
[Epoch 55] Validation accuracy:0.9153, Loss:0.356, f1 0.864574, score 0.881313
[Epoch 56] Train time:2.47, Training accuracy:0.9898. Loss: 1.822 LR:0.000013
[Epoch 56] Validation accuracy:0.9068, Loss:0.373, f1 0.852694, score 0.870549
[Epoch 57] Train time:2.48, Training accuracy:0.9891. Loss: 1.824 LR:0.000013
[Epoch 57] Validation accuracy:0.9149, Loss:0.348, f1 0.860413, score 0.878394
[Epoch 58] Train time:2.48, Training accuracy:0.9905. Loss: 1.815 LR:0.000013
[Epoch 58] Validation accuracy:0.9110, Loss:0.359, f1 0.857802, score 0.875358
[Epoch 59] Train time:2.46, Training accuracy:0.9914. Loss: 1.806 LR:0.000012
[Epoch 59] Validation accuracy:0.9169, Loss:0.359, f1 0.868939, score 0.884766
[Epoch 60] Train time:2.46, Training accuracy:0.9879. Loss: 1.824 LR:0.000012
[Epoch 60] Validation accuracy:0.9192, Loss:0.344, f1 0.871467, score 0.887219
[Epoch 61] Train time:2.46, Training accuracy:0.9876. Loss: 1.824 LR:0.000012
[Epoch 61] Validation accuracy:0.9172, Loss:0.354, f1 0.870640, score 0.886005
[Epoch 62] Train time:2.48, Training accuracy:0.9909. Loss: 1.811 LR:0.000012
[Epoch 62] Validation accuracy:0.9110, Loss:0.367, f1 0.860401, score 0.877099
[Epoch 63] Train time:2.48, Training accuracy:0.9890. Loss: 1.819 LR:0.000011
[Epoch 63] Validation accuracy:0.9094, Loss:0.360, f1 0.855746, score 0.873452
[Epoch 64] Train time:2.47, Training accuracy:0.9904. Loss: 1.813 LR:0.000011
[Epoch 64] Validation accuracy:0.9120, Loss:0.359, f1 0.862172, score 0.878615
[Epoch 65] Train time:2.59, Training accuracy:0.9897. Loss: 1.810 LR:0.000011
[Epoch 65] Validation accuracy:0.9120, Loss:0.355, f1 0.855995, score 0.874477
[Epoch 66] Train time:2.47, Training accuracy:0.9913. Loss: 1.806 LR:0.000011
[Epoch 66] Validation accuracy:0.9166, Loss:0.350, f1 0.867095, score 0.883432
[Epoch 67] Train time:2.46, Training accuracy:0.9899. Loss: 1.814 LR:0.000011
[Epoch 67] Validation accuracy:0.9143, Loss:0.357, f1 0.860119, score 0.877999
[Epoch 68] Train time:2.46, Training accuracy:0.9907. Loss: 1.799 LR:0.000010
[Epoch 68] Validation accuracy:0.9159, Loss:0.351, f1 0.861444, score 0.879415
[Epoch 69] Train time:2.45, Training accuracy:0.9920. Loss: 1.800 LR:0.000010
[Epoch 69] Validation accuracy:0.9133, Loss:0.351, f1 0.860702, score 0.878060
[Epoch 70] Train time:2.48, Training accuracy:0.9920. Loss: 1.796 LR:0.000010
[Epoch 70] Validation accuracy:0.9166, Loss:0.347, f1 0.865812, score 0.882572
[Epoch 71] Train time:2.48, Training accuracy:0.9921. Loss: 1.796 LR:0.000010
[Epoch 71] Validation accuracy:0.9172, Loss:0.347, f1 0.864167, score 0.881668
[Epoch 72] Train time:2.60, Training accuracy:0.9914. Loss: 1.802 LR:0.000010
[Epoch 72] Validation accuracy:0.9149, Loss:0.349, f1 0.862262, score 0.879632
[Epoch 73] Train time:2.47, Training accuracy:0.9906. Loss: 1.803 LR:0.000009
[Epoch 73] Validation accuracy:0.9117, Loss:0.351, f1 0.861217, score 0.877877
[Epoch 74] Train time:2.45, Training accuracy:0.9924. Loss: 1.792 LR:0.000009
[Epoch 74] Validation accuracy:0.9166, Loss:0.345, f1 0.865843, score 0.882593
[Epoch 75] Train time:2.47, Training accuracy:0.9924. Loss: 1.793 LR:0.000009
[Epoch 75] Validation accuracy:0.9100, Loss:0.363, f1 0.850730, score 0.870289
[Epoch 76] Train time:2.76, Training accuracy:0.9914. Loss: 1.796 LR:0.000009
[Epoch 76] Validation accuracy:0.9159, Loss:0.354, f1 0.865017, score 0.881808
[Epoch 77] Train time:2.45, Training accuracy:0.9915. Loss: 1.794 LR:0.000009
[Epoch 77] Validation accuracy:0.9117, Loss:0.353, f1 0.854425, score 0.873326
[Epoch 78] Train time:2.45, Training accuracy:0.9916. Loss: 1.792 LR:0.000008
[Epoch 78] Validation accuracy:0.9192, Loss:0.342, f1 0.867380, score 0.884481
[Epoch 79] Train time:2.44, Training accuracy:0.9921. Loss: 1.795 LR:0.000008
[Epoch 79] Validation accuracy:0.9188, Loss:0.345, f1 0.865357, score 0.882993
[Epoch 80] Train time:2.44, Training accuracy:0.9914. Loss: 1.789 LR:0.000008
[Epoch 80] Validation accuracy:0.9179, Loss:0.347, f1 0.869295, score 0.885335
[Epoch 81] Train time:2.42, Training accuracy:0.9920. Loss: 1.790 LR:0.000008
[Epoch 81] Validation accuracy:0.9182, Loss:0.344, f1 0.863185, score 0.881340
[Epoch 82] Train time:2.42, Training accuracy:0.9932. Loss: 1.784 LR:0.000008
[Epoch 82] Validation accuracy:0.9146, Loss:0.349, f1 0.859687, score 0.877809
[Epoch 83] Train time:2.42, Training accuracy:0.9930. Loss: 1.782 LR:0.000008
[Epoch 83] Validation accuracy:0.9146, Loss:0.355, f1 0.864003, score 0.880700
[Epoch 84] Train time:2.42, Training accuracy:0.9929. Loss: 1.782 LR:0.000007
[Epoch 84] Validation accuracy:0.9113, Loss:0.353, f1 0.855339, score 0.873806
[Epoch 85] Train time:2.42, Training accuracy:0.9926. Loss: 1.784 LR:0.000007
[Epoch 85] Validation accuracy:0.9175, Loss:0.344, f1 0.865728, score 0.882812
[Epoch 86] Train time:2.42, Training accuracy:0.9913. Loss: 1.793 LR:0.000007
[Epoch 86] Validation accuracy:0.9172, Loss:0.345, f1 0.863174, score 0.881002
[Epoch 87] Train time:2.42, Training accuracy:0.9932. Loss: 1.784 LR:0.000007
[Epoch 87] Validation accuracy:0.9198, Loss:0.343, f1 0.871960, score 0.887747
[Epoch 88] Train time:2.42, Training accuracy:0.9926. Loss: 1.781 LR:0.000007
[Epoch 88] Validation accuracy:0.9159, Loss:0.350, f1 0.870006, score 0.885151
[Epoch 89] Train time:2.43, Training accuracy:0.9927. Loss: 1.790 LR:0.000007
[Epoch 89] Validation accuracy:0.9133, Loss:0.343, f1 0.857013, score 0.875588
[Epoch 90] Train time:2.47, Training accuracy:0.9925. Loss: 1.783 LR:0.000007
[Epoch 90] Validation accuracy:0.9182, Loss:0.343, f1 0.867167, score 0.884008
[Epoch 91] Train time:2.45, Training accuracy:0.9929. Loss: 1.785 LR:0.000006
[Epoch 91] Validation accuracy:0.9188, Loss:0.342, f1 0.869833, score 0.885992
[Epoch 92] Train time:2.46, Training accuracy:0.9939. Loss: 1.778 LR:0.000006
[Epoch 92] Validation accuracy:0.9172, Loss:0.344, f1 0.864346, score 0.881788
[Epoch 93] Train time:2.44, Training accuracy:0.9935. Loss: 1.777 LR:0.000006
[Epoch 93] Validation accuracy:0.9156, Loss:0.353, f1 0.864407, score 0.881301
[Epoch 94] Train time:2.44, Training accuracy:0.9936. Loss: 1.777 LR:0.000006
[Epoch 94] Validation accuracy:0.9130, Loss:0.354, f1 0.865180, score 0.880961
[Epoch 95] Train time:2.42, Training accuracy:0.9924. Loss: 1.785 LR:0.000006
[Epoch 95] Validation accuracy:0.9182, Loss:0.339, f1 0.868008, score 0.884572
[Epoch 96] Train time:2.42, Training accuracy:0.9934. Loss: 1.776 LR:0.000006
[Epoch 96] Validation accuracy:0.9162, Loss:0.347, f1 0.866185, score 0.882690
[Epoch 97] Train time:2.42, Training accuracy:0.9947. Loss: 1.768 LR:0.000006
[Epoch 97] Validation accuracy:0.9169, Loss:0.343, f1 0.866172, score 0.882913
[Epoch 98] Train time:2.42, Training accuracy:0.9940. Loss: 1.775 LR:0.000006
[Epoch 98] Validation accuracy:0.9153, Loss:0.344, f1 0.864867, score 0.881510
[Epoch 99] Train time:2.43, Training accuracy:0.9937. Loss: 1.771 LR:0.000006
[Epoch 99] Validation accuracy:0.9179, Loss:0.347, f1 0.866924, score 0.883746
[Epoch 100] Train time:2.42, Training accuracy:0.9938. Loss: 1.777 LR:0.000005
[Epoch 100] Validation accuracy:0.9185, Loss:0.343, f1 0.871128, score 0.886761
[Epoch 101] Train time:2.42, Training accuracy:0.9935. Loss: 1.773 LR:0.000005
[Epoch 101] Validation accuracy:0.9192, Loss:0.340, f1 0.871343, score 0.887136
[Epoch 102] Train time:2.42, Training accuracy:0.9944. Loss: 1.769 LR:0.000005
[Epoch 102] Validation accuracy:0.9179, Loss:0.344, f1 0.869715, score 0.885616
[Epoch 103] Train time:2.42, Training accuracy:0.9949. Loss: 1.765 LR:0.000005
[Epoch 103] Validation accuracy:0.9192, Loss:0.341, f1 0.871045, score 0.886936
[Epoch 104] Train time:2.42, Training accuracy:0.9944. Loss: 1.768 LR:0.000005
[Epoch 104] Validation accuracy:0.9188, Loss:0.343, f1 0.871136, score 0.886865
[Epoch 105] Train time:2.43, Training accuracy:0.9938. Loss: 1.775 LR:0.000005
[Epoch 105] Validation accuracy:0.9188, Loss:0.345, f1 0.871574, score 0.887159
[Epoch 106] Train time:2.41, Training accuracy:0.9947. Loss: 1.769 LR:0.000005
[Epoch 106] Validation accuracy:0.9192, Loss:0.340, f1 0.869858, score 0.886141
[Epoch 107] Train time:2.41, Training accuracy:0.9949. Loss: 1.764 LR:0.000005
[Epoch 107] Validation accuracy:0.9140, Loss:0.358, f1 0.863986, score 0.880491
[Epoch 108] Train time:2.41, Training accuracy:0.9948. Loss: 1.766 LR:0.000005
[Epoch 108] Validation accuracy:0.9192, Loss:0.346, f1 0.873692, score 0.888710
[Epoch 109] Train time:2.41, Training accuracy:0.9952. Loss: 1.763 LR:0.000005
[Epoch 109] Validation accuracy:0.9192, Loss:0.343, f1 0.873793, score 0.888777
[Epoch 110] Train time:2.41, Training accuracy:0.9948. Loss: 1.770 LR:0.000004
[Epoch 110] Validation accuracy:0.9162, Loss:0.343, f1 0.866442, score 0.882862
[Epoch 111] Train time:2.41, Training accuracy:0.9949. Loss: 1.764 LR:0.000004
[Epoch 111] Validation accuracy:0.9156, Loss:0.345, f1 0.866634, score 0.882793
[Epoch 112] Train time:2.41, Training accuracy:0.9946. Loss: 1.766 LR:0.000004
[Epoch 112] Validation accuracy:0.9182, Loss:0.344, f1 0.871633, score 0.887000
[Epoch 113] Train time:2.41, Training accuracy:0.9937. Loss: 1.770 LR:0.000004
[Epoch 113] Validation accuracy:0.9172, Loss:0.346, f1 0.867156, score 0.883671
[Epoch 114] Train time:2.41, Training accuracy:0.9950. Loss: 1.762 LR:0.000004
[Epoch 114] Validation accuracy:0.9211, Loss:0.342, f1 0.873131, score 0.888961
Model saved.
best_acc:0.9211
[Epoch 115] Train time:2.42, Training accuracy:0.9941. Loss: 1.774 LR:0.000004
[Epoch 115] Validation accuracy:0.9182, Loss:0.348, f1 0.871091, score 0.886637
[Epoch 116] Train time:2.41, Training accuracy:0.9947. Loss: 1.768 LR:0.000004
[Epoch 116] Validation accuracy:0.9188, Loss:0.343, f1 0.868042, score 0.884792
[Epoch 117] Train time:2.41, Training accuracy:0.9947. Loss: 1.765 LR:0.000004
[Epoch 117] Validation accuracy:0.9166, Loss:0.343, f1 0.867751, score 0.883871
[Epoch 118] Train time:2.41, Training accuracy:0.9949. Loss: 1.766 LR:0.000004
[Epoch 118] Validation accuracy:0.9175, Loss:0.347, f1 0.870301, score 0.885877
[Epoch 119] Train time:2.42, Training accuracy:0.9952. Loss: 1.765 LR:0.000004
[Epoch 119] Validation accuracy:0.9188, Loss:0.347, f1 0.871709, score 0.887249
[Epoch 120] Train time:2.41, Training accuracy:0.9945. Loss: 1.767 LR:0.000004
[Epoch 120] Validation accuracy:0.9169, Loss:0.347, f1 0.868212, score 0.884279
[Epoch 121] Train time:2.41, Training accuracy:0.9949. Loss: 1.763 LR:0.000004
[Epoch 121] Validation accuracy:0.9153, Loss:0.347, f1 0.867757, score 0.883446
[Epoch 122] Train time:2.41, Training accuracy:0.9940. Loss: 1.772 LR:0.000003
[Epoch 122] Validation accuracy:0.9169, Loss:0.342, f1 0.865632, score 0.882550
[Epoch 123] Train time:2.41, Training accuracy:0.9955. Loss: 1.761 LR:0.000003
[Epoch 123] Validation accuracy:0.9146, Loss:0.344, f1 0.866870, score 0.882621
[Epoch 124] Train time:2.41, Training accuracy:0.9963. Loss: 1.754 LR:0.000003
[Epoch 124] Validation accuracy:0.9175, Loss:0.347, f1 0.868159, score 0.884441
[Epoch 125] Train time:2.41, Training accuracy:0.9953. Loss: 1.765 LR:0.000003
[Epoch 125] Validation accuracy:0.9146, Loss:0.355, f1 0.866737, score 0.882532
[Epoch 126] Train time:2.41, Training accuracy:0.9956. Loss: 1.762 LR:0.000003
[Epoch 126] Validation accuracy:0.9169, Loss:0.352, f1 0.867104, score 0.883537
[Epoch 127] Train time:2.41, Training accuracy:0.9954. Loss: 1.757 LR:0.000003
[Epoch 127] Validation accuracy:0.9153, Loss:0.341, f1 0.865765, score 0.882112
[Epoch 128] Train time:2.41, Training accuracy:0.9941. Loss: 1.765 LR:0.000003
[Epoch 128] Validation accuracy:0.9162, Loss:0.343, f1 0.868664, score 0.884351
[Epoch 129] Train time:2.41, Training accuracy:0.9958. Loss: 1.757 LR:0.000003
[Epoch 129] Validation accuracy:0.9179, Loss:0.344, f1 0.870549, score 0.886175
[Epoch 130] Train time:2.41, Training accuracy:0.9950. Loss: 1.761 LR:0.000003
[Epoch 130] Validation accuracy:0.9166, Loss:0.342, f1 0.870532, score 0.885735
[Epoch 131] Train time:2.41, Training accuracy:0.9955. Loss: 1.762 LR:0.000003
[Epoch 131] Validation accuracy:0.9172, Loss:0.348, f1 0.870956, score 0.886217
[Epoch 132] Train time:2.41, Training accuracy:0.9954. Loss: 1.759 LR:0.000003
[Epoch 132] Validation accuracy:0.9198, Loss:0.343, f1 0.874856, score 0.889688
[Epoch 133] Train time:2.41, Training accuracy:0.9961. Loss: 1.758 LR:0.000003
[Epoch 133] Validation accuracy:0.9166, Loss:0.352, f1 0.869795, score 0.885241
[Epoch 134] Train time:2.41, Training accuracy:0.9953. Loss: 1.767 LR:0.000003
[Epoch 134] Validation accuracy:0.9172, Loss:0.343, f1 0.870143, score 0.885672
[Epoch 135] Train time:2.41, Training accuracy:0.9965. Loss: 1.753 LR:0.000003
[Epoch 135] Validation accuracy:0.9182, Loss:0.340, f1 0.870943, score 0.886538
[Epoch 136] Train time:2.41, Training accuracy:0.9954. Loss: 1.756 LR:0.000003
[Epoch 136] Validation accuracy:0.9175, Loss:0.345, f1 0.868030, score 0.884355
[Epoch 137] Train time:2.41, Training accuracy:0.9951. Loss: 1.760 LR:0.000003
[Epoch 137] Validation accuracy:0.9185, Loss:0.343, f1 0.871285, score 0.886866
[Epoch 138] Train time:2.41, Training accuracy:0.9952. Loss: 1.765 LR:0.000003
[Epoch 138] Validation accuracy:0.9188, Loss:0.344, f1 0.872133, score 0.887533
[Epoch 139] Train time:2.41, Training accuracy:0.9949. Loss: 1.761 LR:0.000002
[Epoch 139] Validation accuracy:0.9195, Loss:0.343, f1 0.872139, score 0.887768
[Epoch 140] Train time:2.42, Training accuracy:0.9954. Loss: 1.758 LR:0.000002
[Epoch 140] Validation accuracy:0.9185, Loss:0.343, f1 0.870338, score 0.886232
[Epoch 141] Train time:2.41, Training accuracy:0.9958. Loss: 1.757 LR:0.000002
[Epoch 141] Validation accuracy:0.9188, Loss:0.344, f1 0.871552, score 0.887144
[Epoch 142] Train time:2.41, Training accuracy:0.9952. Loss: 1.760 LR:0.000002
[Epoch 142] Validation accuracy:0.9182, Loss:0.341, f1 0.870580, score 0.886295
[Epoch 143] Train time:2.41, Training accuracy:0.9965. Loss: 1.750 LR:0.000002
[Epoch 143] Validation accuracy:0.9198, Loss:0.344, f1 0.872009, score 0.887780
[Epoch 144] Train time:2.41, Training accuracy:0.9956. Loss: 1.758 LR:0.000002
[Epoch 144] Validation accuracy:0.9179, Loss:0.342, f1 0.871087, score 0.886535
[Epoch 145] Train time:2.41, Training accuracy:0.9953. Loss: 1.757 LR:0.000002
[Epoch 145] Validation accuracy:0.9188, Loss:0.342, f1 0.871479, score 0.887095
[Epoch 146] Train time:2.41, Training accuracy:0.9966. Loss: 1.752 LR:0.000002
[Epoch 146] Validation accuracy:0.9159, Loss:0.343, f1 0.866666, score 0.882913
[Epoch 147] Train time:2.42, Training accuracy:0.9960. Loss: 1.756 LR:0.000002
[Epoch 147] Validation accuracy:0.9179, Loss:0.344, f1 0.869306, score 0.885342
[Epoch 148] Train time:2.41, Training accuracy:0.9962. Loss: 1.758 LR:0.000002
[Epoch 148] Validation accuracy:0.9201, Loss:0.340, f1 0.871425, score 0.887488
[Epoch 149] Train time:2.41, Training accuracy:0.9954. Loss: 1.755 LR:0.000002
[Epoch 149] Validation accuracy:0.9179, Loss:0.341, f1 0.868248, score 0.884633
[Epoch 150] Train time:2.41, Training accuracy:0.9956. Loss: 1.756 LR:0.000002
[Epoch 150] Validation accuracy:0.9192, Loss:0.339, f1 0.870368, score 0.886483
[Epoch 151] Train time:2.42, Training accuracy:0.9957. Loss: 1.757 LR:0.000002
[Epoch 151] Validation accuracy:0.9192, Loss:0.340, f1 0.870062, score 0.886277
[Epoch 152] Train time:2.41, Training accuracy:0.9959. Loss: 1.758 LR:0.000002
[Epoch 152] Validation accuracy:0.9159, Loss:0.344, f1 0.864955, score 0.881767
[Epoch 153] Train time:2.41, Training accuracy:0.9958. Loss: 1.754 LR:0.000002
[Epoch 153] Validation accuracy:0.9195, Loss:0.343, f1 0.869470, score 0.885980
[Epoch 154] Train time:2.41, Training accuracy:0.9956. Loss: 1.756 LR:0.000002
[Epoch 154] Validation accuracy:0.9208, Loss:0.341, f1 0.874157, score 0.889549
[Epoch 155] Train time:2.42, Training accuracy:0.9957. Loss: 1.754 LR:0.000002
[Epoch 155] Validation accuracy:0.9214, Loss:0.343, f1 0.872364, score 0.888546
Model saved.
best_acc:0.9214
[Epoch 156] Train time:2.41, Training accuracy:0.9953. Loss: 1.764 LR:0.000002
[Epoch 156] Validation accuracy:0.9201, Loss:0.341, f1 0.872261, score 0.888048
[Epoch 157] Train time:2.41, Training accuracy:0.9961. Loss: 1.754 LR:0.000002
[Epoch 157] Validation accuracy:0.9182, Loss:0.344, f1 0.867817, score 0.884444
[Epoch 158] Train time:2.41, Training accuracy:0.9946. Loss: 1.761 LR:0.000002
[Epoch 158] Validation accuracy:0.9195, Loss:0.340, f1 0.870094, score 0.886398
[Epoch 159] Train time:2.42, Training accuracy:0.9961. Loss: 1.751 LR:0.000002
[Epoch 159] Validation accuracy:0.9192, Loss:0.340, f1 0.869957, score 0.886207
[Epoch 160] Train time:2.41, Training accuracy:0.9967. Loss: 1.754 LR:0.000002
[Epoch 160] Validation accuracy:0.9179, Loss:0.342, f1 0.872263, score 0.887323
[Epoch 161] Train time:2.41, Training accuracy:0.9970. Loss: 1.747 LR:0.000002
[Epoch 161] Validation accuracy:0.9205, Loss:0.344, f1 0.873464, score 0.888986
[Epoch 162] Train time:2.41, Training accuracy:0.9963. Loss: 1.750 LR:0.000002
[Epoch 162] Validation accuracy:0.9201, Loss:0.343, f1 0.872526, score 0.888226
[Epoch 163] Train time:2.41, Training accuracy:0.9955. Loss: 1.757 LR:0.000002
[Epoch 163] Validation accuracy:0.9218, Loss:0.343, f1 0.874516, score 0.890120
Model saved.
best_acc:0.9218
[Epoch 164] Train time:2.42, Training accuracy:0.9966. Loss: 1.749 LR:0.000001
[Epoch 164] Validation accuracy:0.9188, Loss:0.344, f1 0.870258, score 0.886277
[Epoch 165] Train time:2.41, Training accuracy:0.9961. Loss: 1.751 LR:0.000001
[Epoch 165] Validation accuracy:0.9198, Loss:0.338, f1 0.872133, score 0.887863
[Epoch 166] Train time:2.41, Training accuracy:0.9968. Loss: 1.747 LR:0.000001
[Epoch 166] Validation accuracy:0.9214, Loss:0.339, f1 0.876475, score 0.891300
[Epoch 167] Train time:2.41, Training accuracy:0.9962. Loss: 1.753 LR:0.000001
[Epoch 167] Validation accuracy:0.9188, Loss:0.339, f1 0.872287, score 0.887636
[Epoch 168] Train time:2.42, Training accuracy:0.9960. Loss: 1.755 LR:0.000001
[Epoch 168] Validation accuracy:0.9188, Loss:0.349, f1 0.872190, score 0.887571
[Epoch 169] Train time:2.42, Training accuracy:0.9961. Loss: 1.751 LR:0.000001
[Epoch 169] Validation accuracy:0.9179, Loss:0.343, f1 0.869786, score 0.885663
[Epoch 170] Train time:2.41, Training accuracy:0.9965. Loss: 1.755 LR:0.000001
[Epoch 170] Validation accuracy:0.9198, Loss:0.342, f1 0.870972, score 0.887085
[Epoch 171] Train time:2.41, Training accuracy:0.9970. Loss: 1.748 LR:0.000001
[Epoch 171] Validation accuracy:0.9208, Loss:0.341, f1 0.874315, score 0.889655
[Epoch 172] Train time:2.41, Training accuracy:0.9964. Loss: 1.750 LR:0.000001
[Epoch 172] Validation accuracy:0.9188, Loss:0.342, f1 0.871438, score 0.887067
[Epoch 173] Train time:2.41, Training accuracy:0.9954. Loss: 1.757 LR:0.000001
[Epoch 173] Validation accuracy:0.9214, Loss:0.336, f1 0.874046, score 0.889673
[Epoch 174] Train time:2.42, Training accuracy:0.9958. Loss: 1.756 LR:0.000001
[Epoch 174] Validation accuracy:0.9175, Loss:0.341, f1 0.869442, score 0.885301
[Epoch 175] Train time:2.41, Training accuracy:0.9966. Loss: 1.749 LR:0.000001
[Epoch 175] Validation accuracy:0.9179, Loss:0.345, f1 0.872336, score 0.887372
[Epoch 176] Train time:2.41, Training accuracy:0.9969. Loss: 1.751 LR:0.000001
[Epoch 176] Validation accuracy:0.9185, Loss:0.339, f1 0.870593, score 0.886402
[Epoch 177] Train time:2.41, Training accuracy:0.9963. Loss: 1.751 LR:0.000001
[Epoch 177] Validation accuracy:0.9198, Loss:0.343, f1 0.871147, score 0.887203
[Epoch 178] Train time:2.41, Training accuracy:0.9961. Loss: 1.753 LR:0.000001
[Epoch 178] Validation accuracy:0.9205, Loss:0.340, f1 0.875723, score 0.890499
[Epoch 179] Train time:2.41, Training accuracy:0.9965. Loss: 1.749 LR:0.000001
[Epoch 179] Validation accuracy:0.9198, Loss:0.339, f1 0.874133, score 0.889203
[Epoch 180] Train time:2.41, Training accuracy:0.9968. Loss: 1.746 LR:0.000001
[Epoch 180] Validation accuracy:0.9198, Loss:0.337, f1 0.872498, score 0.888107
[Epoch 181] Train time:2.42, Training accuracy:0.9966. Loss: 1.754 LR:0.000001
[Epoch 181] Validation accuracy:0.9198, Loss:0.342, f1 0.876058, score 0.890493
[Epoch 182] Train time:2.42, Training accuracy:0.9969. Loss: 1.749 LR:0.000001
[Epoch 182] Validation accuracy:0.9214, Loss:0.338, f1 0.875030, score 0.890332
[Epoch 183] Train time:2.42, Training accuracy:0.9970. Loss: 1.748 LR:0.000001
[Epoch 183] Validation accuracy:0.9214, Loss:0.337, f1 0.876418, score 0.891262
[Epoch 184] Train time:2.42, Training accuracy:0.9965. Loss: 1.755 LR:0.000001
[Epoch 184] Validation accuracy:0.9211, Loss:0.337, f1 0.874167, score 0.889655
[Epoch 185] Train time:2.41, Training accuracy:0.9967. Loss: 1.748 LR:0.000001
[Epoch 185] Validation accuracy:0.9201, Loss:0.339, f1 0.871667, score 0.887650
[Epoch 186] Train time:2.42, Training accuracy:0.9967. Loss: 1.750 LR:0.000001
[Epoch 186] Validation accuracy:0.9218, Loss:0.335, f1 0.875598, score 0.890844
[Epoch 187] Train time:2.42, Training accuracy:0.9961. Loss: 1.755 LR:0.000001
[Epoch 187] Validation accuracy:0.9211, Loss:0.339, f1 0.874368, score 0.889790
[Epoch 188] Train time:2.42, Training accuracy:0.9968. Loss: 1.747 LR:0.000001
[Epoch 188] Validation accuracy:0.9208, Loss:0.341, f1 0.870360, score 0.887006
[Epoch 189] Train time:2.42, Training accuracy:0.9967. Loss: 1.748 LR:0.000001
[Epoch 189] Validation accuracy:0.9214, Loss:0.337, f1 0.874037, score 0.889667
[Epoch 190] Train time:2.42, Training accuracy:0.9963. Loss: 1.751 LR:0.000001
[Epoch 190] Validation accuracy:0.9198, Loss:0.340, f1 0.872725, score 0.888260
[Epoch 191] Train time:2.42, Training accuracy:0.9970. Loss: 1.748 LR:0.000001
[Epoch 191] Validation accuracy:0.9205, Loss:0.336, f1 0.872987, score 0.888666
[Epoch 192] Train time:2.42, Training accuracy:0.9961. Loss: 1.753 LR:0.000001
[Epoch 192] Validation accuracy:0.9211, Loss:0.338, f1 0.873871, score 0.889456
[Epoch 193] Train time:2.42, Training accuracy:0.9971. Loss: 1.748 LR:0.000001
[Epoch 193] Validation accuracy:0.9198, Loss:0.339, f1 0.870590, score 0.886829
[Epoch 194] Train time:2.42, Training accuracy:0.9963. Loss: 1.752 LR:0.000001
[Epoch 194] Validation accuracy:0.9211, Loss:0.338, f1 0.872530, score 0.888558
[Epoch 195] Train time:2.42, Training accuracy:0.9980. Loss: 1.742 LR:0.000001
[Epoch 195] Validation accuracy:0.9188, Loss:0.339, f1 0.870237, score 0.886263
[Epoch 196] Train time:2.42, Training accuracy:0.9963. Loss: 1.748 LR:0.000001
[Epoch 196] Validation accuracy:0.9218, Loss:0.340, f1 0.875665, score 0.890890
[Epoch 197] Train time:2.42, Training accuracy:0.9966. Loss: 1.745 LR:0.000001
[Epoch 197] Validation accuracy:0.9205, Loss:0.338, f1 0.874140, score 0.889439
[Epoch 198] Train time:2.42, Training accuracy:0.9965. Loss: 1.751 LR:0.000001
[Epoch 198] Validation accuracy:0.9214, Loss:0.342, f1 0.873343, score 0.889202
[Epoch 199] Train time:2.42, Training accuracy:0.9962. Loss: 1.751 LR:0.000001
[Epoch 199] Validation accuracy:0.9188, Loss:0.342, f1 0.871855, score 0.887347
[Epoch 200] Train time:2.42, Training accuracy:0.9958. Loss: 1.750 LR:0.000001
[Epoch 200] Validation accuracy:0.9214, Loss:0.343, f1 0.874457, score 0.889948
[Epoch 201] Train time:2.42, Training accuracy:0.9967. Loss: 1.748 LR:0.000001
[Epoch 201] Validation accuracy:0.9208, Loss:0.339, f1 0.871774, score 0.887953
[Epoch 202] Train time:2.42, Training accuracy:0.9972. Loss: 1.744 LR:0.000001
[Epoch 202] Validation accuracy:0.9195, Loss:0.338, f1 0.872600, score 0.888077
[Epoch 203] Train time:2.42, Training accuracy:0.9974. Loss: 1.745 LR:0.000001
[Epoch 203] Validation accuracy:0.9205, Loss:0.336, f1 0.872822, score 0.888556
[Epoch 204] Train time:2.42, Training accuracy:0.9973. Loss: 1.751 LR:0.000001
[Epoch 204] Validation accuracy:0.9195, Loss:0.338, f1 0.871810, score 0.887547
[Epoch 205] Train time:2.42, Training accuracy:0.9960. Loss: 1.753 LR:0.000001
[Epoch 205] Validation accuracy:0.9195, Loss:0.337, f1 0.871760, score 0.887514
[Epoch 206] Train time:2.42, Training accuracy:0.9970. Loss: 1.749 LR:0.000001
[Epoch 206] Validation accuracy:0.9205, Loss:0.342, f1 0.873214, score 0.888818
[Epoch 207] Train time:2.42, Training accuracy:0.9967. Loss: 1.745 LR:0.000001
[Epoch 207] Validation accuracy:0.9198, Loss:0.340, f1 0.872960, score 0.888417
[Epoch 208] Train time:2.42, Training accuracy:0.9972. Loss: 1.746 LR:0.000001
[Epoch 208] Validation accuracy:0.9208, Loss:0.338, f1 0.872072, score 0.888152
[Epoch 209] Train time:2.42, Training accuracy:0.9968. Loss: 1.749 LR:0.000001
[Epoch 209] Validation accuracy:0.9195, Loss:0.337, f1 0.870709, score 0.886810
[Epoch 210] Train time:2.41, Training accuracy:0.9971. Loss: 1.748 LR:0.000001
[Epoch 210] Validation accuracy:0.9214, Loss:0.338, f1 0.873726, score 0.889458
[Epoch 211] Train time:2.41, Training accuracy:0.9969. Loss: 1.748 LR:0.000001
[Epoch 211] Validation accuracy:0.9185, Loss:0.341, f1 0.870648, score 0.886439
[Epoch 212] Train time:2.41, Training accuracy:0.9976. Loss: 1.745 LR:0.000001
[Epoch 212] Validation accuracy:0.9198, Loss:0.338, f1 0.872038, score 0.887799
[Epoch 213] Train time:2.41, Training accuracy:0.9968. Loss: 1.751 LR:0.000001
[Epoch 213] Validation accuracy:0.9198, Loss:0.340, f1 0.871554, score 0.887475
[Epoch 214] Train time:2.41, Training accuracy:0.9964. Loss: 1.751 LR:0.000001
[Epoch 214] Validation accuracy:0.9192, Loss:0.341, f1 0.871717, score 0.887386
[Epoch 215] Train time:2.41, Training accuracy:0.9967. Loss: 1.747 LR:0.000001
[Epoch 215] Validation accuracy:0.9179, Loss:0.342, f1 0.869373, score 0.885387
[Epoch 216] Train time:2.41, Training accuracy:0.9973. Loss: 1.745 LR:0.000001
[Epoch 216] Validation accuracy:0.9205, Loss:0.337, f1 0.873415, score 0.888953
[Epoch 217] Train time:2.42, Training accuracy:0.9967. Loss: 1.747 LR:0.000001
[Epoch 217] Validation accuracy:0.9185, Loss:0.337, f1 0.870775, score 0.886524
[Epoch 218] Train time:2.42, Training accuracy:0.9973. Loss: 1.747 LR:0.000000
[Epoch 218] Validation accuracy:0.9175, Loss:0.338, f1 0.867979, score 0.884321
[Epoch 219] Train time:2.42, Training accuracy:0.9969. Loss: 1.747 LR:0.000000
[Epoch 219] Validation accuracy:0.9188, Loss:0.337, f1 0.870466, score 0.886416
[Epoch 220] Train time:2.41, Training accuracy:0.9969. Loss: 1.744 LR:0.000000
[Epoch 220] Validation accuracy:0.9195, Loss:0.337, f1 0.871238, score 0.887165
[Epoch 221] Train time:2.42, Training accuracy:0.9975. Loss: 1.745 LR:0.000000
[Epoch 221] Validation accuracy:0.9198, Loss:0.337, f1 0.872960, score 0.888417
[Epoch 222] Train time:2.42, Training accuracy:0.9968. Loss: 1.743 LR:0.000000
[Epoch 222] Validation accuracy:0.9205, Loss:0.340, f1 0.873362, score 0.888917
[Epoch 223] Train time:2.42, Training accuracy:0.9971. Loss: 1.747 LR:0.000000
[Epoch 223] Validation accuracy:0.9182, Loss:0.338, f1 0.871307, score 0.886781
[Epoch 224] Train time:2.41, Training accuracy:0.9964. Loss: 1.749 LR:0.000000
[Epoch 224] Validation accuracy:0.9218, Loss:0.339, f1 0.875813, score 0.890989
[Epoch 225] Train time:2.41, Training accuracy:0.9966. Loss: 1.747 LR:0.000000
[Epoch 225] Validation accuracy:0.9172, Loss:0.343, f1 0.867089, score 0.883626
[Epoch 226] Train time:2.42, Training accuracy:0.9966. Loss: 1.748 LR:0.000000
[Epoch 226] Validation accuracy:0.9205, Loss:0.342, f1 0.872714, score 0.888483
[Epoch 227] Train time:2.42, Training accuracy:0.9967. Loss: 1.747 LR:0.000000
[Epoch 227] Validation accuracy:0.9205, Loss:0.340, f1 0.873072, score 0.888723
[Epoch 228] Train time:2.42, Training accuracy:0.9968. Loss: 1.747 LR:0.000000
[Epoch 228] Validation accuracy:0.9169, Loss:0.341, f1 0.870328, score 0.885696
[Epoch 229] Train time:2.42, Training accuracy:0.9967. Loss: 1.750 LR:0.000000
[Epoch 229] Validation accuracy:0.9192, Loss:0.339, f1 0.870888, score 0.886831
[Epoch 230] Train time:2.42, Training accuracy:0.9971. Loss: 1.748 LR:0.000000
[Epoch 230] Validation accuracy:0.9205, Loss:0.337, f1 0.872676, score 0.888458
[Epoch 231] Train time:2.42, Training accuracy:0.9972. Loss: 1.746 LR:0.000000
[Epoch 231] Validation accuracy:0.9211, Loss:0.340, f1 0.873129, score 0.888960
[Epoch 232] Train time:2.42, Training accuracy:0.9970. Loss: 1.746 LR:0.000000
[Epoch 232] Validation accuracy:0.9179, Loss:0.340, f1 0.869028, score 0.885156
[Epoch 233] Train time:2.42, Training accuracy:0.9968. Loss: 1.749 LR:0.000000
[Epoch 233] Validation accuracy:0.9208, Loss:0.338, f1 0.873616, score 0.889187
[Epoch 234] Train time:2.42, Training accuracy:0.9971. Loss: 1.746 LR:0.000000
[Epoch 234] Validation accuracy:0.9195, Loss:0.337, f1 0.870283, score 0.886525
[Epoch 235] Train time:2.42, Training accuracy:0.9979. Loss: 1.742 LR:0.000000
[Epoch 235] Validation accuracy:0.9192, Loss:0.340, f1 0.872240, score 0.887737
[Epoch 236] Train time:2.42, Training accuracy:0.9963. Loss: 1.750 LR:0.000000
[Epoch 236] Validation accuracy:0.9198, Loss:0.338, f1 0.871822, score 0.887654
[Epoch 237] Train time:2.42, Training accuracy:0.9969. Loss: 1.745 LR:0.000000
[Epoch 237] Validation accuracy:0.9211, Loss:0.340, f1 0.872610, score 0.888612
[Epoch 238] Train time:2.42, Training accuracy:0.9973. Loss: 1.744 LR:0.000000
[Epoch 238] Validation accuracy:0.9201, Loss:0.342, f1 0.871593, score 0.887601
[Epoch 239] Train time:2.42, Training accuracy:0.9967. Loss: 1.749 LR:0.000000
[Epoch 239] Validation accuracy:0.9195, Loss:0.339, f1 0.871507, score 0.887345
[Epoch 240] Train time:2.42, Training accuracy:0.9972. Loss: 1.745 LR:0.000000
[Epoch 240] Validation accuracy:0.9208, Loss:0.337, f1 0.873284, score 0.888964
[Epoch 241] Train time:2.42, Training accuracy:0.9972. Loss: 1.743 LR:0.000000
[Epoch 241] Validation accuracy:0.9195, Loss:0.341, f1 0.873349, score 0.888579
[Epoch 242] Train time:2.42, Training accuracy:0.9961. Loss: 1.750 LR:0.000000
[Epoch 242] Validation accuracy:0.9228, Loss:0.338, f1 0.876891, score 0.892041
Model saved.
best_acc:0.9228
[Epoch 243] Train time:2.42, Training accuracy:0.9967. Loss: 1.750 LR:0.000000
[Epoch 243] Validation accuracy:0.9192, Loss:0.341, f1 0.871265, score 0.887084
[Epoch 244] Train time:2.41, Training accuracy:0.9963. Loss: 1.748 LR:0.000000
[Epoch 244] Validation accuracy:0.9198, Loss:0.339, f1 0.871536, score 0.887463
[Epoch 245] Train time:2.42, Training accuracy:0.9973. Loss: 1.746 LR:0.000000
[Epoch 245] Validation accuracy:0.9205, Loss:0.343, f1 0.871356, score 0.887573
[Epoch 246] Train time:2.42, Training accuracy:0.9974. Loss: 1.745 LR:0.000000
[Epoch 246] Validation accuracy:0.9182, Loss:0.339, f1 0.869387, score 0.885495
[Epoch 247] Train time:2.42, Training accuracy:0.9971. Loss: 1.745 LR:0.000000
[Epoch 247] Validation accuracy:0.9211, Loss:0.346, f1 0.872416, score 0.888482
[Epoch 248] Train time:2.41, Training accuracy:0.9975. Loss: 1.744 LR:0.000000
[Epoch 248] Validation accuracy:0.9211, Loss:0.343, f1 0.871630, score 0.887955
[Epoch 249] Train time:2.42, Training accuracy:0.9962. Loss: 1.748 LR:0.000000
[Epoch 249] Validation accuracy:0.9214, Loss:0.343, f1 0.872567, score 0.888682
[Epoch 250] Train time:2.42, Training accuracy:0.9973. Loss: 1.746 LR:0.000000
[Epoch 250] Validation accuracy:0.9175, Loss:0.339, f1 0.869331, score 0.885227
