nohup: ignoring input
Work on GPU:  0
load_weight 304
Train set size: 12271
Validation set size: 3068
batch_size: 120
Total Parameters: 70.843M
[Epoch 1] Train time:68.84, Training accuracy:0.6521. Loss: 3.740 LR:0.000040
[Epoch 1] Validation accuracy:0.8576, Loss:0.511, f1 0.713239, score 0.760878
best_acc:0.8576
[Epoch 2] Train time:6.07, Training accuracy:0.8082. Loss: 2.860 LR:0.000039
[Epoch 2] Validation accuracy:0.8840, Loss:0.441, f1 0.810865, score 0.835000
best_acc:0.884
[Epoch 3] Train time:6.04, Training accuracy:0.8490. Loss: 2.625 LR:0.000038
[Epoch 3] Validation accuracy:0.9009, Loss:0.402, f1 0.837849, score 0.858656
best_acc:0.9009
[Epoch 4] Train time:6.03, Training accuracy:0.8835. Loss: 2.426 LR:0.000038
[Epoch 4] Validation accuracy:0.8794, Loss:0.430, f1 0.815450, score 0.836553
[Epoch 5] Train time:6.05, Training accuracy:0.9007. Loss: 2.324 LR:0.000037
[Epoch 5] Validation accuracy:0.9016, Loss:0.383, f1 0.844666, score 0.863454
best_acc:0.9016
[Epoch 6] Train time:6.05, Training accuracy:0.9268. Loss: 2.178 LR:0.000036
[Epoch 6] Validation accuracy:0.9117, Loss:0.344, f1 0.848398, score 0.869287
Model saved.
best_acc:0.9117
[Epoch 7] Train time:6.05, Training accuracy:0.9429. Loss: 2.097 LR:0.000035
[Epoch 7] Validation accuracy:0.9130, Loss:0.358, f1 0.856910, score 0.875419
Model saved.
best_acc:0.913
[Epoch 8] Train time:6.04, Training accuracy:0.9523. Loss: 2.033 LR:0.000035
[Epoch 8] Validation accuracy:0.9143, Loss:0.355, f1 0.859552, score 0.877619
Model saved.
best_acc:0.9143
[Epoch 9] Train time:6.03, Training accuracy:0.9583. Loss: 1.993 LR:0.000034
[Epoch 9] Validation accuracy:0.9081, Loss:0.357, f1 0.847080, score 0.867217
[Epoch 10] Train time:6.03, Training accuracy:0.9637. Loss: 1.954 LR:0.000033
[Epoch 10] Validation accuracy:0.9159, Loss:0.347, f1 0.861812, score 0.879661
Model saved.
best_acc:0.9159
[Epoch 11] Train time:6.05, Training accuracy:0.9679. Loss: 1.930 LR:0.000033
[Epoch 11] Validation accuracy:0.9133, Loss:0.353, f1 0.862377, score 0.879181
[Epoch 12] Train time:6.04, Training accuracy:0.9709. Loss: 1.899 LR:0.000032
[Epoch 12] Validation accuracy:0.9143, Loss:0.347, f1 0.856908, score 0.875847
[Epoch 13] Train time:6.04, Training accuracy:0.9715. Loss: 1.900 LR:0.000031
[Epoch 13] Validation accuracy:0.9136, Loss:0.346, f1 0.857406, score 0.875950
[Epoch 14] Train time:6.04, Training accuracy:0.9747. Loss: 1.885 LR:0.000031
[Epoch 14] Validation accuracy:0.9123, Loss:0.351, f1 0.853875, score 0.873156
[Epoch 15] Train time:6.04, Training accuracy:0.9770. Loss: 1.863 LR:0.000030
[Epoch 15] Validation accuracy:0.9195, Loss:0.336, f1 0.867622, score 0.884742
Model saved.
best_acc:0.9195
[Epoch 16] Train time:6.04, Training accuracy:0.9789. Loss: 1.852 LR:0.000030
[Epoch 16] Validation accuracy:0.9175, Loss:0.339, f1 0.863736, score 0.881478
[Epoch 17] Train time:6.05, Training accuracy:0.9791. Loss: 1.848 LR:0.000029
[Epoch 17] Validation accuracy:0.9162, Loss:0.342, f1 0.865529, score 0.882250
[Epoch 18] Train time:6.04, Training accuracy:0.9798. Loss: 1.835 LR:0.000028
[Epoch 18] Validation accuracy:0.9175, Loss:0.337, f1 0.863534, score 0.881343
[Epoch 19] Train time:6.04, Training accuracy:0.9784. Loss: 1.841 LR:0.000028
[Epoch 19] Validation accuracy:0.9188, Loss:0.334, f1 0.866573, score 0.883808
[Epoch 20] Train time:6.05, Training accuracy:0.9786. Loss: 1.845 LR:0.000027
[Epoch 20] Validation accuracy:0.9166, Loss:0.344, f1 0.865576, score 0.882414
[Epoch 21] Train time:6.05, Training accuracy:0.9795. Loss: 1.834 LR:0.000027
[Epoch 21] Validation accuracy:0.9110, Loss:0.351, f1 0.842956, score 0.865410
[Epoch 22] Train time:6.04, Training accuracy:0.9824. Loss: 1.820 LR:0.000026
[Epoch 22] Validation accuracy:0.9185, Loss:0.344, f1 0.868513, score 0.885009
[Epoch 23] Train time:6.06, Training accuracy:0.9821. Loss: 1.824 LR:0.000026
[Epoch 23] Validation accuracy:0.9110, Loss:0.352, f1 0.854199, score 0.872943
[Epoch 24] Train time:6.04, Training accuracy:0.9813. Loss: 1.821 LR:0.000025
[Epoch 24] Validation accuracy:0.9146, Loss:0.343, f1 0.862325, score 0.879576
[Epoch 25] Train time:6.04, Training accuracy:0.9819. Loss: 1.811 LR:0.000025
[Epoch 25] Validation accuracy:0.9179, Loss:0.346, f1 0.871411, score 0.886752
[Epoch 26] Train time:6.03, Training accuracy:0.9835. Loss: 1.809 LR:0.000024
[Epoch 26] Validation accuracy:0.9156, Loss:0.338, f1 0.866907, score 0.882976
[Epoch 27] Train time:6.04, Training accuracy:0.9835. Loss: 1.810 LR:0.000024
[Epoch 27] Validation accuracy:0.9140, Loss:0.346, f1 0.860956, score 0.878460
[Epoch 28] Train time:6.05, Training accuracy:0.9848. Loss: 1.807 LR:0.000023
[Epoch 28] Validation accuracy:0.9123, Loss:0.355, f1 0.863460, score 0.879577
[Epoch 29] Train time:6.04, Training accuracy:0.9843. Loss: 1.805 LR:0.000023
[Epoch 29] Validation accuracy:0.9097, Loss:0.348, f1 0.859954, score 0.876370
[Epoch 30] Train time:6.04, Training accuracy:0.9825. Loss: 1.806 LR:0.000022
[Epoch 30] Validation accuracy:0.9133, Loss:0.348, f1 0.863889, score 0.880195
[Epoch 31] Train time:6.05, Training accuracy:0.9841. Loss: 1.801 LR:0.000022
[Epoch 31] Validation accuracy:0.9130, Loss:0.346, f1 0.863646, score 0.879933
[Epoch 32] Train time:6.04, Training accuracy:0.9847. Loss: 1.801 LR:0.000021
[Epoch 32] Validation accuracy:0.9175, Loss:0.342, f1 0.866337, score 0.883221
[Epoch 33] Train time:6.03, Training accuracy:0.9851. Loss: 1.797 LR:0.000021
[Epoch 33] Validation accuracy:0.9149, Loss:0.342, f1 0.863302, score 0.880329
[Epoch 34] Train time:6.05, Training accuracy:0.9846. Loss: 1.800 LR:0.000021
[Epoch 34] Validation accuracy:0.9120, Loss:0.352, f1 0.862960, score 0.879143
[Epoch 35] Train time:6.05, Training accuracy:0.9845. Loss: 1.795 LR:0.000020
[Epoch 35] Validation accuracy:0.9175, Loss:0.338, f1 0.863344, score 0.881215
[Epoch 36] Train time:6.04, Training accuracy:0.9858. Loss: 1.789 LR:0.000020
[Epoch 36] Validation accuracy:0.9159, Loss:0.343, f1 0.865417, score 0.882077
[Epoch 37] Train time:6.05, Training accuracy:0.9838. Loss: 1.797 LR:0.000019
[Epoch 37] Validation accuracy:0.9169, Loss:0.343, f1 0.868286, score 0.884329
[Epoch 38] Train time:6.05, Training accuracy:0.9855. Loss: 1.794 LR:0.000019
[Epoch 38] Validation accuracy:0.9143, Loss:0.347, f1 0.862306, score 0.879464
[Epoch 39] Train time:6.04, Training accuracy:0.9862. Loss: 1.786 LR:0.000019
[Epoch 39] Validation accuracy:0.9126, Loss:0.353, f1 0.859074, score 0.876737
[Epoch 40] Train time:6.05, Training accuracy:0.9855. Loss: 1.786 LR:0.000018
[Epoch 40] Validation accuracy:0.9166, Loss:0.341, f1 0.867530, score 0.883723
[Epoch 41] Train time:6.03, Training accuracy:0.9868. Loss: 1.774 LR:0.000018
[Epoch 41] Validation accuracy:0.9185, Loss:0.339, f1 0.868043, score 0.884694
[Epoch 42] Train time:6.04, Training accuracy:0.9875. Loss: 1.775 LR:0.000017
[Epoch 42] Validation accuracy:0.9126, Loss:0.355, f1 0.858112, score 0.876093
[Epoch 43] Train time:6.05, Training accuracy:0.9876. Loss: 1.778 LR:0.000017
[Epoch 43] Validation accuracy:0.9195, Loss:0.343, f1 0.870625, score 0.886754
[Epoch 44] Train time:6.04, Training accuracy:0.9865. Loss: 1.782 LR:0.000017
[Epoch 44] Validation accuracy:0.9117, Loss:0.350, f1 0.859502, score 0.876727
[Epoch 45] Train time:6.04, Training accuracy:0.9870. Loss: 1.774 LR:0.000016
[Epoch 45] Validation accuracy:0.9159, Loss:0.342, f1 0.857052, score 0.876472
[Epoch 46] Train time:6.04, Training accuracy:0.9877. Loss: 1.776 LR:0.000016
[Epoch 46] Validation accuracy:0.9123, Loss:0.351, f1 0.854204, score 0.873376
[Epoch 47] Train time:6.03, Training accuracy:0.9879. Loss: 1.773 LR:0.000016
[Epoch 47] Validation accuracy:0.9192, Loss:0.342, f1 0.863112, score 0.881621
[Epoch 48] Train time:6.04, Training accuracy:0.9889. Loss: 1.768 LR:0.000015
[Epoch 48] Validation accuracy:0.9198, Loss:0.339, f1 0.867624, score 0.884842
Model saved.
best_acc:0.9198
[Epoch 49] Train time:6.05, Training accuracy:0.9870. Loss: 1.771 LR:0.000015
[Epoch 49] Validation accuracy:0.9205, Loss:0.339, f1 0.870930, score 0.887288
Model saved.
best_acc:0.9205
[Epoch 50] Train time:6.04, Training accuracy:0.9884. Loss: 1.772 LR:0.000015
[Epoch 50] Validation accuracy:0.9195, Loss:0.344, f1 0.867026, score 0.884342
[Epoch 51] Train time:6.04, Training accuracy:0.9886. Loss: 1.765 LR:0.000015
[Epoch 51] Validation accuracy:0.9169, Loss:0.343, f1 0.866319, score 0.883011
[Epoch 52] Train time:6.03, Training accuracy:0.9871. Loss: 1.769 LR:0.000014
[Epoch 52] Validation accuracy:0.9172, Loss:0.339, f1 0.858540, score 0.877898
[Epoch 53] Train time:6.04, Training accuracy:0.9874. Loss: 1.773 LR:0.000014
[Epoch 53] Validation accuracy:0.9169, Loss:0.340, f1 0.864363, score 0.881700
[Epoch 54] Train time:6.04, Training accuracy:0.9880. Loss: 1.769 LR:0.000014
[Epoch 54] Validation accuracy:0.9198, Loss:0.340, f1 0.871532, score 0.887461
[Epoch 55] Train time:6.04, Training accuracy:0.9888. Loss: 1.764 LR:0.000013
[Epoch 55] Validation accuracy:0.9195, Loss:0.334, f1 0.870442, score 0.886631
[Epoch 56] Train time:6.04, Training accuracy:0.9883. Loss: 1.766 LR:0.000013
[Epoch 56] Validation accuracy:0.9192, Loss:0.345, f1 0.867427, score 0.884512
[Epoch 57] Train time:6.04, Training accuracy:0.9887. Loss: 1.759 LR:0.000013
[Epoch 57] Validation accuracy:0.9153, Loss:0.338, f1 0.866773, score 0.882787
[Epoch 58] Train time:6.03, Training accuracy:0.9889. Loss: 1.762 LR:0.000013
[Epoch 58] Validation accuracy:0.9156, Loss:0.344, f1 0.866018, score 0.882380
[Epoch 59] Train time:6.05, Training accuracy:0.9898. Loss: 1.757 LR:0.000012
[Epoch 59] Validation accuracy:0.9182, Loss:0.341, f1 0.870943, score 0.886538
[Epoch 60] Train time:6.04, Training accuracy:0.9892. Loss: 1.756 LR:0.000012
[Epoch 60] Validation accuracy:0.9149, Loss:0.347, f1 0.861462, score 0.879097
[Epoch 61] Train time:6.04, Training accuracy:0.9892. Loss: 1.759 LR:0.000012
[Epoch 61] Validation accuracy:0.9198, Loss:0.341, f1 0.871479, score 0.887425
[Epoch 62] Train time:6.06, Training accuracy:0.9899. Loss: 1.754 LR:0.000012
[Epoch 62] Validation accuracy:0.9175, Loss:0.339, f1 0.866336, score 0.883220
[Epoch 63] Train time:6.04, Training accuracy:0.9888. Loss: 1.759 LR:0.000011
[Epoch 63] Validation accuracy:0.9188, Loss:0.337, f1 0.867765, score 0.884607
[Epoch 64] Train time:6.05, Training accuracy:0.9887. Loss: 1.758 LR:0.000011
[Epoch 64] Validation accuracy:0.9162, Loss:0.342, f1 0.867090, score 0.883296
[Epoch 65] Train time:6.05, Training accuracy:0.9898. Loss: 1.753 LR:0.000011
[Epoch 65] Validation accuracy:0.9192, Loss:0.339, f1 0.868166, score 0.885007
[Epoch 66] Train time:6.04, Training accuracy:0.9900. Loss: 1.750 LR:0.000011
[Epoch 66] Validation accuracy:0.9136, Loss:0.345, f1 0.855980, score 0.874994
[Epoch 67] Train time:6.03, Training accuracy:0.9901. Loss: 1.752 LR:0.000011
[Epoch 67] Validation accuracy:0.9153, Loss:0.340, f1 0.863285, score 0.880450
[Epoch 68] Train time:6.03, Training accuracy:0.9904. Loss: 1.749 LR:0.000010
[Epoch 68] Validation accuracy:0.9175, Loss:0.337, f1 0.866773, score 0.883513
[Epoch 69] Train time:6.04, Training accuracy:0.9901. Loss: 1.751 LR:0.000010
[Epoch 69] Validation accuracy:0.9185, Loss:0.335, f1 0.867356, score 0.884234
[Epoch 70] Train time:6.04, Training accuracy:0.9901. Loss: 1.748 LR:0.000010
[Epoch 70] Validation accuracy:0.9208, Loss:0.332, f1 0.869920, score 0.886710
Model saved.
best_acc:0.9208
[Epoch 71] Train time:6.04, Training accuracy:0.9910. Loss: 1.748 LR:0.000010
[Epoch 71] Validation accuracy:0.9195, Loss:0.334, f1 0.866681, score 0.884111
[Epoch 72] Train time:6.04, Training accuracy:0.9905. Loss: 1.749 LR:0.000010
[Epoch 72] Validation accuracy:0.9205, Loss:0.335, f1 0.872508, score 0.888346
[Epoch 73] Train time:6.06, Training accuracy:0.9902. Loss: 1.747 LR:0.000009
[Epoch 73] Validation accuracy:0.9166, Loss:0.336, f1 0.865533, score 0.882385
[Epoch 74] Train time:6.04, Training accuracy:0.9898. Loss: 1.752 LR:0.000009
[Epoch 74] Validation accuracy:0.9188, Loss:0.342, f1 0.867838, score 0.884656
[Epoch 75] Train time:6.04, Training accuracy:0.9906. Loss: 1.745 LR:0.000009
[Epoch 75] Validation accuracy:0.9126, Loss:0.348, f1 0.863191, score 0.879496
[Epoch 76] Train time:6.04, Training accuracy:0.9906. Loss: 1.747 LR:0.000009
[Epoch 76] Validation accuracy:0.9188, Loss:0.338, f1 0.868664, score 0.885209
[Epoch 77] Train time:6.04, Training accuracy:0.9902. Loss: 1.745 LR:0.000009
[Epoch 77] Validation accuracy:0.9208, Loss:0.336, f1 0.875325, score 0.890332
[Epoch 78] Train time:6.04, Training accuracy:0.9910. Loss: 1.746 LR:0.000008
[Epoch 78] Validation accuracy:0.9192, Loss:0.339, f1 0.866335, score 0.883780
[Epoch 79] Train time:6.04, Training accuracy:0.9904. Loss: 1.748 LR:0.000008
[Epoch 79] Validation accuracy:0.9172, Loss:0.340, f1 0.866624, score 0.883314
[Epoch 80] Train time:6.05, Training accuracy:0.9914. Loss: 1.739 LR:0.000008
[Epoch 80] Validation accuracy:0.9192, Loss:0.339, f1 0.870074, score 0.886286
[Epoch 81] Train time:6.04, Training accuracy:0.9917. Loss: 1.741 LR:0.000008
[Epoch 81] Validation accuracy:0.9169, Loss:0.336, f1 0.864027, score 0.881475
[Epoch 82] Train time:6.03, Training accuracy:0.9914. Loss: 1.741 LR:0.000008
[Epoch 82] Validation accuracy:0.9156, Loss:0.337, f1 0.860328, score 0.878568
[Epoch 83] Train time:6.04, Training accuracy:0.9910. Loss: 1.742 LR:0.000008
[Epoch 83] Validation accuracy:0.9172, Loss:0.337, f1 0.867950, score 0.884203
[Epoch 84] Train time:6.05, Training accuracy:0.9912. Loss: 1.739 LR:0.000007
[Epoch 84] Validation accuracy:0.9166, Loss:0.336, f1 0.863553, score 0.881058
[Epoch 85] Train time:6.05, Training accuracy:0.9914. Loss: 1.742 LR:0.000007
[Epoch 85] Validation accuracy:0.9198, Loss:0.336, f1 0.865125, score 0.883168
[Epoch 86] Train time:6.04, Training accuracy:0.9915. Loss: 1.739 LR:0.000007
[Epoch 86] Validation accuracy:0.9208, Loss:0.336, f1 0.868657, score 0.885864
[Epoch 87] Train time:6.04, Training accuracy:0.9929. Loss: 1.731 LR:0.000007
[Epoch 87] Validation accuracy:0.9205, Loss:0.335, f1 0.868670, score 0.885774
[Epoch 88] Train time:6.05, Training accuracy:0.9918. Loss: 1.741 LR:0.000007
[Epoch 88] Validation accuracy:0.9192, Loss:0.335, f1 0.866580, score 0.883945
[Epoch 89] Train time:6.05, Training accuracy:0.9919. Loss: 1.739 LR:0.000007
[Epoch 89] Validation accuracy:0.9201, Loss:0.333, f1 0.869610, score 0.886272
[Epoch 90] Train time:6.05, Training accuracy:0.9923. Loss: 1.736 LR:0.000007
[Epoch 90] Validation accuracy:0.9169, Loss:0.337, f1 0.863470, score 0.881102
[Epoch 91] Train time:6.04, Training accuracy:0.9914. Loss: 1.738 LR:0.000006
[Epoch 91] Validation accuracy:0.9218, Loss:0.335, f1 0.869707, score 0.886897
Model saved.
best_acc:0.9218
[Epoch 92] Train time:6.05, Training accuracy:0.9912. Loss: 1.736 LR:0.000006
[Epoch 92] Validation accuracy:0.9224, Loss:0.335, f1 0.870271, score 0.887473
Model saved.
best_acc:0.9224
[Epoch 93] Train time:6.05, Training accuracy:0.9907. Loss: 1.740 LR:0.000006
[Epoch 93] Validation accuracy:0.9182, Loss:0.337, f1 0.868265, score 0.884744
[Epoch 94] Train time:6.03, Training accuracy:0.9910. Loss: 1.742 LR:0.000006
[Epoch 94] Validation accuracy:0.9185, Loss:0.339, f1 0.865107, score 0.882727
[Epoch 95] Train time:6.04, Training accuracy:0.9923. Loss: 1.732 LR:0.000006
[Epoch 95] Validation accuracy:0.9201, Loss:0.333, f1 0.866140, score 0.883947
[Epoch 96] Train time:6.05, Training accuracy:0.9923. Loss: 1.733 LR:0.000006
[Epoch 96] Validation accuracy:0.9201, Loss:0.336, f1 0.866900, score 0.884456
[Epoch 97] Train time:6.06, Training accuracy:0.9923. Loss: 1.732 LR:0.000006
[Epoch 97] Validation accuracy:0.9198, Loss:0.333, f1 0.868230, score 0.885248
[Epoch 98] Train time:6.04, Training accuracy:0.9930. Loss: 1.733 LR:0.000006
[Epoch 98] Validation accuracy:0.9182, Loss:0.333, f1 0.865686, score 0.883016
[Epoch 99] Train time:6.05, Training accuracy:0.9921. Loss: 1.735 LR:0.000006
[Epoch 99] Validation accuracy:0.9182, Loss:0.333, f1 0.866620, score 0.883641
[Epoch 100] Train time:6.04, Training accuracy:0.9914. Loss: 1.737 LR:0.000005
[Epoch 100] Validation accuracy:0.9149, Loss:0.335, f1 0.862225, score 0.879607
[Epoch 101] Train time:6.04, Training accuracy:0.9913. Loss: 1.739 LR:0.000005
[Epoch 101] Validation accuracy:0.9169, Loss:0.339, f1 0.865123, score 0.882210
[Epoch 102] Train time:6.09, Training accuracy:0.9919. Loss: 1.736 LR:0.000005
[Epoch 102] Validation accuracy:0.9162, Loss:0.338, f1 0.863460, score 0.880864
[Epoch 103] Train time:6.06, Training accuracy:0.9920. Loss: 1.734 LR:0.000005
[Epoch 103] Validation accuracy:0.9192, Loss:0.336, f1 0.867843, score 0.884791
[Epoch 104] Train time:6.05, Training accuracy:0.9919. Loss: 1.734 LR:0.000005
[Epoch 104] Validation accuracy:0.9175, Loss:0.337, f1 0.866918, score 0.883610
[Epoch 105] Train time:6.04, Training accuracy:0.9927. Loss: 1.731 LR:0.000005
[Epoch 105] Validation accuracy:0.9182, Loss:0.334, f1 0.866812, score 0.883770
[Epoch 106] Train time:6.05, Training accuracy:0.9928. Loss: 1.733 LR:0.000005
[Epoch 106] Validation accuracy:0.9159, Loss:0.338, f1 0.861888, score 0.879712
[Epoch 107] Train time:6.03, Training accuracy:0.9925. Loss: 1.730 LR:0.000005
[Epoch 107] Validation accuracy:0.9166, Loss:0.336, f1 0.863423, score 0.880972
[Epoch 108] Train time:6.04, Training accuracy:0.9924. Loss: 1.735 LR:0.000005
[Epoch 108] Validation accuracy:0.9192, Loss:0.334, f1 0.864606, score 0.882622
[Epoch 109] Train time:6.04, Training accuracy:0.9929. Loss: 1.730 LR:0.000005
[Epoch 109] Validation accuracy:0.9179, Loss:0.333, f1 0.863933, score 0.881742
[Epoch 110] Train time:6.05, Training accuracy:0.9926. Loss: 1.730 LR:0.000004
[Epoch 110] Validation accuracy:0.9211, Loss:0.334, f1 0.869866, score 0.886773
[Epoch 111] Train time:6.04, Training accuracy:0.9918. Loss: 1.731 LR:0.000004
[Epoch 111] Validation accuracy:0.9192, Loss:0.336, f1 0.867278, score 0.884412
[Epoch 112] Train time:6.05, Training accuracy:0.9935. Loss: 1.727 LR:0.000004
[Epoch 112] Validation accuracy:0.9172, Loss:0.335, f1 0.865663, score 0.882670
[Epoch 113] Train time:6.06, Training accuracy:0.9923. Loss: 1.730 LR:0.000004
[Epoch 113] Validation accuracy:0.9198, Loss:0.332, f1 0.870766, score 0.886947
[Epoch 114] Train time:6.06, Training accuracy:0.9923. Loss: 1.729 LR:0.000004
[Epoch 114] Validation accuracy:0.9182, Loss:0.332, f1 0.863936, score 0.881843
[Epoch 115] Train time:6.06, Training accuracy:0.9929. Loss: 1.729 LR:0.000004
[Epoch 115] Validation accuracy:0.9195, Loss:0.334, f1 0.866386, score 0.883914
[Epoch 116] Train time:6.05, Training accuracy:0.9925. Loss: 1.726 LR:0.000004
[Epoch 116] Validation accuracy:0.9201, Loss:0.333, f1 0.869986, score 0.886524
[Epoch 117] Train time:6.05, Training accuracy:0.9939. Loss: 1.728 LR:0.000004
[Epoch 117] Validation accuracy:0.9182, Loss:0.333, f1 0.866710, score 0.883702
[Epoch 118] Train time:6.05, Training accuracy:0.9932. Loss: 1.728 LR:0.000004
[Epoch 118] Validation accuracy:0.9188, Loss:0.333, f1 0.868937, score 0.885392
[Epoch 119] Train time:6.07, Training accuracy:0.9920. Loss: 1.731 LR:0.000004
[Epoch 119] Validation accuracy:0.9214, Loss:0.331, f1 0.869690, score 0.886754
[Epoch 120] Train time:6.06, Training accuracy:0.9923. Loss: 1.734 LR:0.000004
[Epoch 120] Validation accuracy:0.9205, Loss:0.335, f1 0.867009, score 0.884661
[Epoch 121] Train time:6.04, Training accuracy:0.9927. Loss: 1.729 LR:0.000004
[Epoch 121] Validation accuracy:0.9166, Loss:0.335, f1 0.862850, score 0.880588
[Epoch 122] Train time:6.05, Training accuracy:0.9931. Loss: 1.726 LR:0.000003
[Epoch 122] Validation accuracy:0.9188, Loss:0.335, f1 0.867439, score 0.884388
[Epoch 123] Train time:6.05, Training accuracy:0.9941. Loss: 1.721 LR:0.000003
[Epoch 123] Validation accuracy:0.9185, Loss:0.332, f1 0.862985, score 0.881305
[Epoch 124] Train time:6.04, Training accuracy:0.9941. Loss: 1.722 LR:0.000003
[Epoch 124] Validation accuracy:0.9205, Loss:0.333, f1 0.868602, score 0.885728
[Epoch 125] Train time:6.05, Training accuracy:0.9928. Loss: 1.726 LR:0.000003
[Epoch 125] Validation accuracy:0.9192, Loss:0.336, f1 0.865289, score 0.883080
[Epoch 126] Train time:6.04, Training accuracy:0.9929. Loss: 1.729 LR:0.000003
[Epoch 126] Validation accuracy:0.9172, Loss:0.334, f1 0.863318, score 0.881099
[Epoch 127] Train time:6.06, Training accuracy:0.9927. Loss: 1.727 LR:0.000003
[Epoch 127] Validation accuracy:0.9185, Loss:0.333, f1 0.866935, score 0.883952
[Epoch 128] Train time:6.05, Training accuracy:0.9934. Loss: 1.723 LR:0.000003
[Epoch 128] Validation accuracy:0.9179, Loss:0.337, f1 0.865365, score 0.882702
[Epoch 129] Train time:6.05, Training accuracy:0.9935. Loss: 1.727 LR:0.000003
[Epoch 129] Validation accuracy:0.9192, Loss:0.335, f1 0.868079, score 0.884949
[Epoch 130] Train time:6.06, Training accuracy:0.9940. Loss: 1.723 LR:0.000003
[Epoch 130] Validation accuracy:0.9195, Loss:0.337, f1 0.867171, score 0.884439
[Epoch 131] Train time:6.05, Training accuracy:0.9929. Loss: 1.727 LR:0.000003
[Epoch 131] Validation accuracy:0.9185, Loss:0.336, f1 0.867405, score 0.884267
[Epoch 132] Train time:6.06, Training accuracy:0.9927. Loss: 1.726 LR:0.000003
[Epoch 132] Validation accuracy:0.9214, Loss:0.334, f1 0.870206, score 0.887100
[Epoch 133] Train time:6.07, Training accuracy:0.9930. Loss: 1.724 LR:0.000003
[Epoch 133] Validation accuracy:0.9205, Loss:0.335, f1 0.867195, score 0.884786
[Epoch 134] Train time:6.06, Training accuracy:0.9934. Loss: 1.724 LR:0.000003
[Epoch 134] Validation accuracy:0.9195, Loss:0.334, f1 0.865772, score 0.883502
[Epoch 135] Train time:6.06, Training accuracy:0.9939. Loss: 1.722 LR:0.000003
[Epoch 135] Validation accuracy:0.9185, Loss:0.336, f1 0.866706, score 0.883798
[Epoch 136] Train time:6.05, Training accuracy:0.9940. Loss: 1.722 LR:0.000003
[Epoch 136] Validation accuracy:0.9185, Loss:0.332, f1 0.863824, score 0.881867
[Epoch 137] Train time:6.07, Training accuracy:0.9931. Loss: 1.728 LR:0.000003
[Epoch 137] Validation accuracy:0.9146, Loss:0.335, f1 0.859461, score 0.877657
[Epoch 138] Train time:6.05, Training accuracy:0.9940. Loss: 1.722 LR:0.000003
[Epoch 138] Validation accuracy:0.9185, Loss:0.337, f1 0.863931, score 0.881939
[Epoch 139] Train time:6.06, Training accuracy:0.9936. Loss: 1.724 LR:0.000002
[Epoch 139] Validation accuracy:0.9201, Loss:0.335, f1 0.865936, score 0.883810
[Epoch 140] Train time:6.06, Training accuracy:0.9937. Loss: 1.722 LR:0.000002
[Epoch 140] Validation accuracy:0.9166, Loss:0.337, f1 0.860620, score 0.879093
[Epoch 141] Train time:6.05, Training accuracy:0.9941. Loss: 1.718 LR:0.000002
[Epoch 141] Validation accuracy:0.9195, Loss:0.334, f1 0.866554, score 0.884026
[Epoch 142] Train time:6.08, Training accuracy:0.9925. Loss: 1.729 LR:0.000002
[Epoch 142] Validation accuracy:0.9195, Loss:0.337, f1 0.866893, score 0.884253
[Epoch 143] Train time:6.07, Training accuracy:0.9944. Loss: 1.721 LR:0.000002
[Epoch 143] Validation accuracy:0.9214, Loss:0.336, f1 0.866899, score 0.884884
[Epoch 144] Train time:6.06, Training accuracy:0.9936. Loss: 1.722 LR:0.000002
[Epoch 144] Validation accuracy:0.9221, Loss:0.334, f1 0.869981, score 0.887180
[Epoch 145] Train time:6.05, Training accuracy:0.9938. Loss: 1.721 LR:0.000002
[Epoch 145] Validation accuracy:0.9208, Loss:0.333, f1 0.868270, score 0.885605
[Epoch 146] Train time:6.05, Training accuracy:0.9945. Loss: 1.720 LR:0.000002
[Epoch 146] Validation accuracy:0.9182, Loss:0.335, f1 0.862094, score 0.880609
[Epoch 147] Train time:6.07, Training accuracy:0.9941. Loss: 1.719 LR:0.000002
[Epoch 147] Validation accuracy:0.9198, Loss:0.333, f1 0.865422, score 0.883367
[Epoch 148] Train time:6.05, Training accuracy:0.9940. Loss: 1.720 LR:0.000002
[Epoch 148] Validation accuracy:0.9185, Loss:0.336, f1 0.863714, score 0.881793
[Epoch 149] Train time:6.06, Training accuracy:0.9941. Loss: 1.721 LR:0.000002
[Epoch 149] Validation accuracy:0.9185, Loss:0.335, f1 0.864240, score 0.882146
[Epoch 150] Train time:6.06, Training accuracy:0.9944. Loss: 1.721 LR:0.000002
[Epoch 150] Validation accuracy:0.9221, Loss:0.334, f1 0.869701, score 0.886992
[Epoch 151] Train time:6.06, Training accuracy:0.9936. Loss: 1.723 LR:0.000002
[Epoch 151] Validation accuracy:0.9185, Loss:0.334, f1 0.864968, score 0.882634
[Epoch 152] Train time:6.05, Training accuracy:0.9936. Loss: 1.722 LR:0.000002
[Epoch 152] Validation accuracy:0.9185, Loss:0.335, f1 0.863572, score 0.881698
[Epoch 153] Train time:6.05, Training accuracy:0.9941. Loss: 1.719 LR:0.000002
[Epoch 153] Validation accuracy:0.9198, Loss:0.335, f1 0.867974, score 0.885077
[Epoch 154] Train time:6.06, Training accuracy:0.9940. Loss: 1.722 LR:0.000002
[Epoch 154] Validation accuracy:0.9211, Loss:0.333, f1 0.870312, score 0.887072
[Epoch 155] Train time:6.07, Training accuracy:0.9926. Loss: 1.728 LR:0.000002
[Epoch 155] Validation accuracy:0.9192, Loss:0.334, f1 0.864418, score 0.882496
[Epoch 156] Train time:6.05, Training accuracy:0.9945. Loss: 1.720 LR:0.000002
[Epoch 156] Validation accuracy:0.9188, Loss:0.331, f1 0.866436, score 0.883716
[Epoch 157] Train time:6.05, Training accuracy:0.9938. Loss: 1.721 LR:0.000002
[Epoch 157] Validation accuracy:0.9208, Loss:0.331, f1 0.869861, score 0.886671
[Epoch 158] Train time:6.07, Training accuracy:0.9939. Loss: 1.720 LR:0.000002
[Epoch 158] Validation accuracy:0.9201, Loss:0.330, f1 0.867372, score 0.884772
[Epoch 159] Train time:6.05, Training accuracy:0.9944. Loss: 1.716 LR:0.000002
[Epoch 159] Validation accuracy:0.9228, Loss:0.333, f1 0.871432, score 0.888383
Model saved.
best_acc:0.9228
[Epoch 160] Train time:6.06, Training accuracy:0.9941. Loss: 1.718 LR:0.000002
[Epoch 160] Validation accuracy:0.9198, Loss:0.332, f1 0.867161, score 0.884532
[Epoch 161] Train time:6.06, Training accuracy:0.9942. Loss: 1.719 LR:0.000002
[Epoch 161] Validation accuracy:0.9166, Loss:0.331, f1 0.862517, score 0.880364
[Epoch 162] Train time:6.05, Training accuracy:0.9948. Loss: 1.719 LR:0.000002
[Epoch 162] Validation accuracy:0.9195, Loss:0.331, f1 0.863975, score 0.882298
[Epoch 163] Train time:6.05, Training accuracy:0.9941. Loss: 1.723 LR:0.000002
[Epoch 163] Validation accuracy:0.9195, Loss:0.331, f1 0.866287, score 0.883847
[Epoch 164] Train time:6.06, Training accuracy:0.9938. Loss: 1.721 LR:0.000001
[Epoch 164] Validation accuracy:0.9218, Loss:0.332, f1 0.873226, score 0.889256
[Epoch 165] Train time:6.05, Training accuracy:0.9932. Loss: 1.726 LR:0.000001
[Epoch 165] Validation accuracy:0.9198, Loss:0.331, f1 0.868324, score 0.885311
[Epoch 166] Train time:6.06, Training accuracy:0.9936. Loss: 1.721 LR:0.000001
[Epoch 166] Validation accuracy:0.9185, Loss:0.332, f1 0.867364, score 0.884239
[Epoch 167] Train time:6.05, Training accuracy:0.9945. Loss: 1.716 LR:0.000001
[Epoch 167] Validation accuracy:0.9169, Loss:0.333, f1 0.864694, score 0.881922
[Epoch 168] Train time:6.04, Training accuracy:0.9949. Loss: 1.719 LR:0.000001
[Epoch 168] Validation accuracy:0.9195, Loss:0.332, f1 0.866944, score 0.884287
[Epoch 169] Train time:6.06, Training accuracy:0.9936. Loss: 1.722 LR:0.000001
[Epoch 169] Validation accuracy:0.9188, Loss:0.333, f1 0.866173, score 0.883540
[Epoch 170] Train time:6.05, Training accuracy:0.9941. Loss: 1.716 LR:0.000001
[Epoch 170] Validation accuracy:0.9188, Loss:0.332, f1 0.865544, score 0.883119
[Epoch 171] Train time:6.05, Training accuracy:0.9940. Loss: 1.721 LR:0.000001
[Epoch 171] Validation accuracy:0.9214, Loss:0.333, f1 0.869026, score 0.886310
[Epoch 172] Train time:6.06, Training accuracy:0.9946. Loss: 1.718 LR:0.000001
[Epoch 172] Validation accuracy:0.9211, Loss:0.332, f1 0.871467, score 0.887846
[Epoch 173] Train time:6.06, Training accuracy:0.9933. Loss: 1.721 LR:0.000001
[Epoch 173] Validation accuracy:0.9224, Loss:0.331, f1 0.871659, score 0.888404
[Epoch 174] Train time:6.07, Training accuracy:0.9943. Loss: 1.718 LR:0.000001
[Epoch 174] Validation accuracy:0.9208, Loss:0.331, f1 0.870273, score 0.886947
[Epoch 175] Train time:6.06, Training accuracy:0.9938. Loss: 1.719 LR:0.000001
[Epoch 175] Validation accuracy:0.9224, Loss:0.331, f1 0.869999, score 0.887291
[Epoch 176] Train time:6.05, Training accuracy:0.9932. Loss: 1.726 LR:0.000001
[Epoch 176] Validation accuracy:0.9205, Loss:0.332, f1 0.868231, score 0.885480
[Epoch 177] Train time:6.07, Training accuracy:0.9941. Loss: 1.718 LR:0.000001
[Epoch 177] Validation accuracy:0.9211, Loss:0.331, f1 0.867771, score 0.885370
[Epoch 178] Train time:6.06, Training accuracy:0.9935. Loss: 1.720 LR:0.000001
[Epoch 178] Validation accuracy:0.9208, Loss:0.332, f1 0.865934, score 0.884040
[Epoch 179] Train time:6.06, Training accuracy:0.9949. Loss: 1.716 LR:0.000001
[Epoch 179] Validation accuracy:0.9214, Loss:0.333, f1 0.867846, score 0.885519
[Epoch 180] Train time:6.05, Training accuracy:0.9942. Loss: 1.721 LR:0.000001
[Epoch 180] Validation accuracy:0.9211, Loss:0.332, f1 0.870596, score 0.887263
[Epoch 181] Train time:6.05, Training accuracy:0.9944. Loss: 1.715 LR:0.000001
[Epoch 181] Validation accuracy:0.9205, Loss:0.332, f1 0.869419, score 0.886276
[Epoch 182] Train time:6.05, Training accuracy:0.9948. Loss: 1.718 LR:0.000001
[Epoch 182] Validation accuracy:0.9198, Loss:0.331, f1 0.867348, score 0.884657
[Epoch 183] Train time:6.05, Training accuracy:0.9943. Loss: 1.716 LR:0.000001
[Epoch 183] Validation accuracy:0.9201, Loss:0.332, f1 0.866735, score 0.884345
[Epoch 184] Train time:6.05, Training accuracy:0.9936. Loss: 1.720 LR:0.000001
[Epoch 184] Validation accuracy:0.9211, Loss:0.332, f1 0.869396, score 0.886458
[Epoch 185] Train time:6.06, Training accuracy:0.9941. Loss: 1.718 LR:0.000001
[Epoch 185] Validation accuracy:0.9205, Loss:0.333, f1 0.868026, score 0.885342
[Epoch 186] Train time:6.06, Training accuracy:0.9936. Loss: 1.719 LR:0.000001
[Epoch 186] Validation accuracy:0.9182, Loss:0.332, f1 0.863223, score 0.881365
[Epoch 187] Train time:6.06, Training accuracy:0.9950. Loss: 1.716 LR:0.000001
[Epoch 187] Validation accuracy:0.9195, Loss:0.332, f1 0.867424, score 0.884609
[Epoch 188] Train time:6.07, Training accuracy:0.9942. Loss: 1.718 LR:0.000001
[Epoch 188] Validation accuracy:0.9185, Loss:0.332, f1 0.863239, score 0.881475
[Epoch 189] Train time:6.06, Training accuracy:0.9941. Loss: 1.719 LR:0.000001
[Epoch 189] Validation accuracy:0.9201, Loss:0.332, f1 0.866347, score 0.884085
[Epoch 190] Train time:6.06, Training accuracy:0.9945. Loss: 1.717 LR:0.000001
[Epoch 190] Validation accuracy:0.9201, Loss:0.331, f1 0.865325, score 0.883401
[Epoch 191] Train time:6.07, Training accuracy:0.9945. Loss: 1.714 LR:0.000001
[Epoch 191] Validation accuracy:0.9185, Loss:0.331, f1 0.864492, score 0.882315
[Epoch 192] Train time:6.08, Training accuracy:0.9936. Loss: 1.721 LR:0.000001
[Epoch 192] Validation accuracy:0.9185, Loss:0.333, f1 0.865464, score 0.882966
[Epoch 193] Train time:6.05, Training accuracy:0.9940. Loss: 1.720 LR:0.000001
[Epoch 193] Validation accuracy:0.9198, Loss:0.332, f1 0.866211, score 0.883895
[Epoch 194] Train time:6.05, Training accuracy:0.9941. Loss: 1.717 LR:0.000001
[Epoch 194] Validation accuracy:0.9214, Loss:0.333, f1 0.868999, score 0.886291
[Epoch 195] Train time:6.06, Training accuracy:0.9957. Loss: 1.709 LR:0.000001
[Epoch 195] Validation accuracy:0.9195, Loss:0.332, f1 0.865261, score 0.883160
[Epoch 196] Train time:6.05, Training accuracy:0.9946. Loss: 1.717 LR:0.000001
[Epoch 196] Validation accuracy:0.9201, Loss:0.332, f1 0.867606, score 0.884929
[Epoch 197] Train time:6.06, Training accuracy:0.9950. Loss: 1.713 LR:0.000001
[Epoch 197] Validation accuracy:0.9211, Loss:0.331, f1 0.869166, score 0.886304
[Epoch 198] Train time:6.05, Training accuracy:0.9946. Loss: 1.715 LR:0.000001
[Epoch 198] Validation accuracy:0.9211, Loss:0.331, f1 0.868330, score 0.885744
[Epoch 199] Train time:6.06, Training accuracy:0.9945. Loss: 1.719 LR:0.000001
[Epoch 199] Validation accuracy:0.9195, Loss:0.331, f1 0.864208, score 0.882455
[Epoch 200] Train time:6.06, Training accuracy:0.9943. Loss: 1.715 LR:0.000001
[Epoch 200] Validation accuracy:0.9205, Loss:0.331, f1 0.867035, score 0.884679
[Epoch 201] Train time:6.05, Training accuracy:0.9948. Loss: 1.716 LR:0.000001
[Epoch 201] Validation accuracy:0.9221, Loss:0.330, f1 0.869482, score 0.886846
[Epoch 202] Train time:6.05, Training accuracy:0.9944. Loss: 1.716 LR:0.000001
[Epoch 202] Validation accuracy:0.9234, Loss:0.331, f1 0.870995, score 0.888289
Model saved.
best_acc:0.9234
[Epoch 203] Train time:6.07, Training accuracy:0.9944. Loss: 1.716 LR:0.000001
[Epoch 203] Validation accuracy:0.9228, Loss:0.331, f1 0.872950, score 0.889400
[Epoch 204] Train time:6.06, Training accuracy:0.9953. Loss: 1.715 LR:0.000001
[Epoch 204] Validation accuracy:0.9234, Loss:0.333, f1 0.871084, score 0.888348
[Epoch 205] Train time:6.07, Training accuracy:0.9942. Loss: 1.717 LR:0.000001
[Epoch 205] Validation accuracy:0.9241, Loss:0.332, f1 0.872722, score 0.889677
Model saved.
best_acc:0.9241
[Epoch 206] Train time:6.07, Training accuracy:0.9947. Loss: 1.715 LR:0.000001
[Epoch 206] Validation accuracy:0.9221, Loss:0.331, f1 0.871045, score 0.887893
[Epoch 207] Train time:6.07, Training accuracy:0.9946. Loss: 1.715 LR:0.000001
[Epoch 207] Validation accuracy:0.9201, Loss:0.331, f1 0.868769, score 0.885708
[Epoch 208] Train time:6.07, Training accuracy:0.9938. Loss: 1.721 LR:0.000001
[Epoch 208] Validation accuracy:0.9205, Loss:0.331, f1 0.868812, score 0.885869
[Epoch 209] Train time:6.06, Training accuracy:0.9945. Loss: 1.717 LR:0.000001
[Epoch 209] Validation accuracy:0.9211, Loss:0.331, f1 0.867555, score 0.885225
[Epoch 210] Train time:6.07, Training accuracy:0.9946. Loss: 1.717 LR:0.000001
[Epoch 210] Validation accuracy:0.9201, Loss:0.331, f1 0.867612, score 0.884933
[Epoch 211] Train time:6.07, Training accuracy:0.9947. Loss: 1.716 LR:0.000001
[Epoch 211] Validation accuracy:0.9208, Loss:0.330, f1 0.868904, score 0.886029
