Work on GPU:  0,1
load_weight 304
Train set size: 12271
Validation set size: 3068
batch_size: 120
Total Parameters: 70.974M
[Epoch 1] Train time:2.76, Training accuracy:0.6627. Loss: 3.849 LR:0.000040
[Epoch 1] Validation accuracy:0.8566, Loss:0.499, f1 0.764750, score 0.795061
best_acc:0.8566
[Epoch 2] Train time:2.73, Training accuracy:0.7975. Loss: 3.043 LR:0.000039
[Epoch 2] Validation accuracy:0.8657, Loss:0.484, f1 0.793974, score 0.817644
best_acc:0.8657
[Epoch 3] Train time:2.73, Training accuracy:0.8360. Loss: 2.820 LR:0.000038
[Epoch 3] Validation accuracy:0.8781, Loss:0.430, f1 0.792148, score 0.820512
best_acc:0.8781
[Epoch 4] Train time:2.73, Training accuracy:0.8576. Loss: 2.678 LR:0.000038
[Epoch 4] Validation accuracy:0.8849, Loss:0.412, f1 0.807950, score 0.833344
best_acc:0.8849
[Epoch 5] Train time:2.73, Training accuracy:0.8813. Loss: 2.547 LR:0.000037
[Epoch 5] Validation accuracy:0.9038, Loss:0.395, f1 0.849116, score 0.867162
best_acc:0.9038
[Epoch 6] Train time:2.74, Training accuracy:0.9017. Loss: 2.440 LR:0.000036
[Epoch 6] Validation accuracy:0.9117, Loss:0.366, f1 0.857774, score 0.875570
Model saved.
best_acc:0.9117
[Epoch 7] Train time:2.74, Training accuracy:0.9153. Loss: 2.353 LR:0.000035
[Epoch 7] Validation accuracy:0.9159, Loss:0.370, f1 0.857307, score 0.876643
Model saved.
best_acc:0.9159
[Epoch 8] Train time:2.73, Training accuracy:0.9300. Loss: 2.271 LR:0.000035
[Epoch 8] Validation accuracy:0.9091, Loss:0.374, f1 0.851363, score 0.870416
[Epoch 9] Train time:2.74, Training accuracy:0.9339. Loss: 2.232 LR:0.000034
[Epoch 9] Validation accuracy:0.9084, Loss:0.366, f1 0.853763, score 0.871793
[Epoch 10] Train time:2.74, Training accuracy:0.9434. Loss: 2.179 LR:0.000033
[Epoch 10] Validation accuracy:0.9146, Loss:0.346, f1 0.860602, score 0.878422
[Epoch 11] Train time:2.74, Training accuracy:0.9498. Loss: 2.141 LR:0.000033
[Epoch 11] Validation accuracy:0.9169, Loss:0.350, f1 0.860201, score 0.878911
Model saved.
best_acc:0.9169
[Epoch 12] Train time:2.74, Training accuracy:0.9584. Loss: 2.090 LR:0.000032
[Epoch 12] Validation accuracy:0.9136, Loss:0.345, f1 0.859059, score 0.877058
[Epoch 13] Train time:2.74, Training accuracy:0.9588. Loss: 2.071 LR:0.000031
[Epoch 13] Validation accuracy:0.9159, Loss:0.349, f1 0.862637, score 0.880214
[Epoch 14] Train time:2.74, Training accuracy:0.9646. Loss: 2.045 LR:0.000031
[Epoch 14] Validation accuracy:0.9179, Loss:0.343, f1 0.865858, score 0.883032
Model saved.
best_acc:0.9179
[Epoch 15] Train time:2.74, Training accuracy:0.9658. Loss: 2.032 LR:0.000030
[Epoch 15] Validation accuracy:0.9104, Loss:0.340, f1 0.849643, score 0.869693
[Epoch 16] Train time:2.74, Training accuracy:0.9674. Loss: 2.022 LR:0.000030
[Epoch 16] Validation accuracy:0.9117, Loss:0.344, f1 0.857033, score 0.875073
[Epoch 17] Train time:2.74, Training accuracy:0.9717. Loss: 1.984 LR:0.000029
[Epoch 17] Validation accuracy:0.9201, Loss:0.334, f1 0.867770, score 0.885039
Model saved.
best_acc:0.9201
[Epoch 18] Train time:2.74, Training accuracy:0.9726. Loss: 1.985 LR:0.000028
[Epoch 18] Validation accuracy:0.9143, Loss:0.357, f1 0.854994, score 0.874565
[Epoch 19] Train time:2.74, Training accuracy:0.9717. Loss: 1.983 LR:0.000028
[Epoch 19] Validation accuracy:0.9182, Loss:0.345, f1 0.866561, score 0.883602
[Epoch 20] Train time:2.74, Training accuracy:0.9742. Loss: 1.959 LR:0.000027
[Epoch 20] Validation accuracy:0.9175, Loss:0.340, f1 0.866806, score 0.883535
[Epoch 21] Train time:2.74, Training accuracy:0.9764. Loss: 1.949 LR:0.000027
[Epoch 21] Validation accuracy:0.9192, Loss:0.353, f1 0.868260, score 0.885070
[Epoch 22] Train time:2.74, Training accuracy:0.9782. Loss: 1.927 LR:0.000026
[Epoch 22] Validation accuracy:0.9140, Loss:0.342, f1 0.862732, score 0.879650
[Epoch 23] Train time:2.74, Training accuracy:0.9792. Loss: 1.929 LR:0.000026
[Epoch 23] Validation accuracy:0.9153, Loss:0.342, f1 0.861063, score 0.878961
[Epoch 24] Train time:2.74, Training accuracy:0.9769. Loss: 1.931 LR:0.000025
[Epoch 24] Validation accuracy:0.9149, Loss:0.348, f1 0.862195, score 0.879587
[Epoch 25] Train time:2.74, Training accuracy:0.9787. Loss: 1.926 LR:0.000025
[Epoch 25] Validation accuracy:0.9094, Loss:0.347, f1 0.851277, score 0.870458
[Epoch 26] Train time:2.74, Training accuracy:0.9793. Loss: 1.921 LR:0.000024
[Epoch 26] Validation accuracy:0.9156, Loss:0.333, f1 0.862891, score 0.880285
[Epoch 27] Train time:2.74, Training accuracy:0.9786. Loss: 1.930 LR:0.000024
[Epoch 27] Validation accuracy:0.9117, Loss:0.357, f1 0.860932, score 0.877685
[Epoch 28] Train time:2.74, Training accuracy:0.9791. Loss: 1.916 LR:0.000023
[Epoch 28] Validation accuracy:0.9162, Loss:0.341, f1 0.861189, score 0.879343
[Epoch 29] Train time:2.74, Training accuracy:0.9785. Loss: 1.916 LR:0.000023
[Epoch 29] Validation accuracy:0.9130, Loss:0.351, f1 0.860355, score 0.877728
[Epoch 30] Train time:2.74, Training accuracy:0.9778. Loss: 1.917 LR:0.000022
[Epoch 30] Validation accuracy:0.9130, Loss:0.351, f1 0.859489, score 0.877147
[Epoch 31] Train time:2.74, Training accuracy:0.9820. Loss: 1.895 LR:0.000022
[Epoch 31] Validation accuracy:0.9117, Loss:0.351, f1 0.858558, score 0.876095
[Epoch 32] Train time:2.74, Training accuracy:0.9809. Loss: 1.894 LR:0.000021
[Epoch 32] Validation accuracy:0.9169, Loss:0.339, f1 0.864363, score 0.881700
[Epoch 33] Train time:2.74, Training accuracy:0.9815. Loss: 1.889 LR:0.000021
[Epoch 33] Validation accuracy:0.9120, Loss:0.356, f1 0.854003, score 0.873142
[Epoch 34] Train time:2.74, Training accuracy:0.9839. Loss: 1.868 LR:0.000021
[Epoch 34] Validation accuracy:0.9084, Loss:0.358, f1 0.852365, score 0.870856
[Epoch 35] Train time:2.74, Training accuracy:0.9819. Loss: 1.885 LR:0.000020
[Epoch 35] Validation accuracy:0.9120, Loss:0.355, f1 0.858113, score 0.875896
[Epoch 36] Train time:2.74, Training accuracy:0.9841. Loss: 1.873 LR:0.000020
[Epoch 36] Validation accuracy:0.9120, Loss:0.351, f1 0.855248, score 0.873976
[Epoch 37] Train time:2.74, Training accuracy:0.9853. Loss: 1.865 LR:0.000019
[Epoch 37] Validation accuracy:0.9107, Loss:0.365, f1 0.851615, score 0.871113
[Epoch 38] Train time:2.74, Training accuracy:0.9850. Loss: 1.862 LR:0.000019
[Epoch 38] Validation accuracy:0.9133, Loss:0.358, f1 0.852838, score 0.872790
[Epoch 39] Train time:2.74, Training accuracy:0.9832. Loss: 1.869 LR:0.000019
[Epoch 39] Validation accuracy:0.9153, Loss:0.341, f1 0.859437, score 0.877872
[Epoch 40] Train time:2.74, Training accuracy:0.9841. Loss: 1.860 LR:0.000018
[Epoch 40] Validation accuracy:0.9100, Loss:0.352, f1 0.849331, score 0.869352
[Epoch 41] Train time:2.73, Training accuracy:0.9863. Loss: 1.853 LR:0.000018
[Epoch 41] Validation accuracy:0.9179, Loss:0.348, f1 0.863581, score 0.881507
[Epoch 42] Train time:2.74, Training accuracy:0.9847. Loss: 1.862 LR:0.000017
[Epoch 42] Validation accuracy:0.9169, Loss:0.347, f1 0.866771, score 0.883314
[Epoch 43] Train time:2.74, Training accuracy:0.9868. Loss: 1.844 LR:0.000017
[Epoch 43] Validation accuracy:0.9166, Loss:0.349, f1 0.860998, score 0.879347
[Epoch 44] Train time:2.74, Training accuracy:0.9852. Loss: 1.851 LR:0.000017
[Epoch 44] Validation accuracy:0.9126, Loss:0.347, f1 0.860613, score 0.877769
[Epoch 45] Train time:2.74, Training accuracy:0.9873. Loss: 1.843 LR:0.000016
[Epoch 45] Validation accuracy:0.9195, Loss:0.337, f1 0.868019, score 0.885007
[Epoch 46] Train time:2.74, Training accuracy:0.9875. Loss: 1.837 LR:0.000016
[Epoch 46] Validation accuracy:0.9182, Loss:0.343, f1 0.861259, score 0.880049
[Epoch 47] Train time:2.74, Training accuracy:0.9867. Loss: 1.835 LR:0.000016
[Epoch 47] Validation accuracy:0.9153, Loss:0.347, f1 0.861409, score 0.879193
[Epoch 48] Train time:2.74, Training accuracy:0.9875. Loss: 1.834 LR:0.000015
[Epoch 48] Validation accuracy:0.9140, Loss:0.342, f1 0.862644, score 0.879591
[Epoch 49] Train time:2.74, Training accuracy:0.9882. Loss: 1.841 LR:0.000015
[Epoch 49] Validation accuracy:0.9136, Loss:0.359, f1 0.862343, score 0.879258
[Epoch 50] Train time:2.74, Training accuracy:0.9875. Loss: 1.839 LR:0.000015
[Epoch 50] Validation accuracy:0.9159, Loss:0.340, f1 0.861931, score 0.879741
[Epoch 51] Train time:2.74, Training accuracy:0.9877. Loss: 1.831 LR:0.000015
[Epoch 51] Validation accuracy:0.9188, Loss:0.337, f1 0.866981, score 0.884081
[Epoch 52] Train time:2.74, Training accuracy:0.9870. Loss: 1.834 LR:0.000014
[Epoch 52] Validation accuracy:0.9179, Loss:0.340, f1 0.866271, score 0.883309
[Epoch 53] Train time:2.74, Training accuracy:0.9880. Loss: 1.829 LR:0.000014
[Epoch 53] Validation accuracy:0.9117, Loss:0.349, f1 0.857510, score 0.875393
[Epoch 54] Train time:2.74, Training accuracy:0.9891. Loss: 1.822 LR:0.000014
[Epoch 54] Validation accuracy:0.9195, Loss:0.338, f1 0.862389, score 0.881235
[Epoch 55] Train time:2.74, Training accuracy:0.9889. Loss: 1.816 LR:0.000013
[Epoch 55] Validation accuracy:0.9166, Loss:0.343, f1 0.863567, score 0.881068
[Epoch 56] Train time:2.74, Training accuracy:0.9897. Loss: 1.821 LR:0.000013
[Epoch 56] Validation accuracy:0.9110, Loss:0.359, f1 0.861172, score 0.877615
[Epoch 57] Train time:2.74, Training accuracy:0.9892. Loss: 1.819 LR:0.000013
[Epoch 57] Validation accuracy:0.9104, Loss:0.362, f1 0.854784, score 0.873137
[Epoch 58] Train time:2.74, Training accuracy:0.9893. Loss: 1.813 LR:0.000013
[Epoch 58] Validation accuracy:0.9149, Loss:0.341, f1 0.857894, score 0.876706
[Epoch 59] Train time:2.74, Training accuracy:0.9888. Loss: 1.821 LR:0.000012
[Epoch 59] Validation accuracy:0.9146, Loss:0.349, f1 0.860724, score 0.878503
[Epoch 60] Train time:2.74, Training accuracy:0.9892. Loss: 1.818 LR:0.000012
[Epoch 60] Validation accuracy:0.9188, Loss:0.339, f1 0.865381, score 0.883009
[Epoch 61] Train time:2.74, Training accuracy:0.9897. Loss: 1.811 LR:0.000012
[Epoch 61] Validation accuracy:0.9123, Loss:0.348, f1 0.852612, score 0.872309
[Epoch 62] Train time:2.74, Training accuracy:0.9905. Loss: 1.808 LR:0.000012
[Epoch 62] Validation accuracy:0.9153, Loss:0.338, f1 0.860846, score 0.878816
[Epoch 63] Train time:2.74, Training accuracy:0.9888. Loss: 1.823 LR:0.000011
[Epoch 63] Validation accuracy:0.9143, Loss:0.344, f1 0.860059, score 0.877958
[Epoch 64] Train time:2.74, Training accuracy:0.9904. Loss: 1.809 LR:0.000011
[Epoch 64] Validation accuracy:0.9188, Loss:0.344, f1 0.868288, score 0.884957
[Epoch 65] Train time:2.74, Training accuracy:0.9918. Loss: 1.803 LR:0.000011
[Epoch 65] Validation accuracy:0.9146, Loss:0.346, f1 0.859457, score 0.877654
[Epoch 66] Train time:2.74, Training accuracy:0.9910. Loss: 1.806 LR:0.000011
[Epoch 66] Validation accuracy:0.9185, Loss:0.341, f1 0.861421, score 0.880257
[Epoch 67] Train time:2.74, Training accuracy:0.9910. Loss: 1.801 LR:0.000011
[Epoch 67] Validation accuracy:0.9113, Loss:0.349, f1 0.858136, score 0.875680
[Epoch 68] Train time:2.74, Training accuracy:0.9905. Loss: 1.802 LR:0.000010
[Epoch 68] Validation accuracy:0.9179, Loss:0.341, f1 0.866537, score 0.883487
[Epoch 69] Train time:2.74, Training accuracy:0.9914. Loss: 1.803 LR:0.000010
[Epoch 69] Validation accuracy:0.9179, Loss:0.338, f1 0.862372, score 0.880696
[Epoch 70] Train time:2.74, Training accuracy:0.9914. Loss: 1.802 LR:0.000010
[Epoch 70] Validation accuracy:0.9185, Loss:0.344, f1 0.864734, score 0.882477
[Epoch 71] Train time:2.74, Training accuracy:0.9900. Loss: 1.807 LR:0.000010
[Epoch 71] Validation accuracy:0.9156, Loss:0.343, f1 0.860362, score 0.878591
[Epoch 72] Train time:2.74, Training accuracy:0.9914. Loss: 1.797 LR:0.000010
[Epoch 72] Validation accuracy:0.9143, Loss:0.343, f1 0.858556, score 0.876952
[Epoch 73] Train time:2.74, Training accuracy:0.9920. Loss: 1.796 LR:0.000009
[Epoch 73] Validation accuracy:0.9146, Loss:0.345, f1 0.856335, score 0.875563
[Epoch 74] Train time:2.74, Training accuracy:0.9911. Loss: 1.797 LR:0.000009
[Epoch 74] Validation accuracy:0.9172, Loss:0.342, f1 0.865118, score 0.882305
[Epoch 75] Train time:2.74, Training accuracy:0.9925. Loss: 1.790 LR:0.000009
[Epoch 75] Validation accuracy:0.9205, Loss:0.339, f1 0.868773, score 0.885843
Model saved.
best_acc:0.9205
[Epoch 76] Train time:2.74, Training accuracy:0.9920. Loss: 1.792 LR:0.000009
[Epoch 76] Validation accuracy:0.9172, Loss:0.341, f1 0.861089, score 0.879606
[Epoch 77] Train time:2.74, Training accuracy:0.9913. Loss: 1.796 LR:0.000009
[Epoch 77] Validation accuracy:0.9146, Loss:0.344, f1 0.857956, score 0.876648
[Epoch 78] Train time:2.74, Training accuracy:0.9919. Loss: 1.792 LR:0.000008
[Epoch 78] Validation accuracy:0.9182, Loss:0.340, f1 0.866729, score 0.883715
[Epoch 79] Train time:2.74, Training accuracy:0.9923. Loss: 1.785 LR:0.000008
[Epoch 79] Validation accuracy:0.9205, Loss:0.338, f1 0.867403, score 0.884925
[Epoch 80] Train time:2.74, Training accuracy:0.9914. Loss: 1.795 LR:0.000008
[Epoch 80] Validation accuracy:0.9218, Loss:0.336, f1 0.865444, score 0.884041
Model saved.
best_acc:0.9218
[Epoch 81] Train time:2.74, Training accuracy:0.9904. Loss: 1.802 LR:0.000008
[Epoch 81] Validation accuracy:0.9195, Loss:0.344, f1 0.866499, score 0.883989
[Epoch 82] Train time:2.74, Training accuracy:0.9923. Loss: 1.791 LR:0.000008
[Epoch 82] Validation accuracy:0.9172, Loss:0.348, f1 0.861640, score 0.879975
[Epoch 83] Train time:2.74, Training accuracy:0.9930. Loss: 1.783 LR:0.000008
[Epoch 83] Validation accuracy:0.9146, Loss:0.347, f1 0.860732, score 0.878508
[Epoch 84] Train time:2.74, Training accuracy:0.9914. Loss: 1.791 LR:0.000007
[Epoch 84] Validation accuracy:0.9159, Loss:0.344, f1 0.862082, score 0.879842
[Epoch 85] Train time:2.74, Training accuracy:0.9932. Loss: 1.784 LR:0.000007
[Epoch 85] Validation accuracy:0.9166, Loss:0.340, f1 0.862861, score 0.880595
[Epoch 86] Train time:2.74, Training accuracy:0.9920. Loss: 1.790 LR:0.000007
[Epoch 86] Validation accuracy:0.9208, Loss:0.339, f1 0.868333, score 0.885647
[Epoch 87] Train time:2.74, Training accuracy:0.9924. Loss: 1.789 LR:0.000007
[Epoch 87] Validation accuracy:0.9185, Loss:0.340, f1 0.867040, score 0.884022
[Epoch 88] Train time:2.74, Training accuracy:0.9931. Loss: 1.781 LR:0.000007
[Epoch 88] Validation accuracy:0.9166, Loss:0.346, f1 0.863807, score 0.881229
[Epoch 89] Train time:2.74, Training accuracy:0.9939. Loss: 1.776 LR:0.000007
[Epoch 89] Validation accuracy:0.9172, Loss:0.337, f1 0.861380, score 0.879801
[Epoch 90] Train time:2.74, Training accuracy:0.9939. Loss: 1.782 LR:0.000007
[Epoch 90] Validation accuracy:0.9211, Loss:0.336, f1 0.870399, score 0.887131
[Epoch 91] Train time:2.74, Training accuracy:0.9934. Loss: 1.774 LR:0.000006
[Epoch 91] Validation accuracy:0.9182, Loss:0.343, f1 0.870354, score 0.886143
[Epoch 92] Train time:2.74, Training accuracy:0.9921. Loss: 1.790 LR:0.000006
[Epoch 92] Validation accuracy:0.9169, Loss:0.343, f1 0.861544, score 0.879811
[Epoch 93] Train time:2.74, Training accuracy:0.9947. Loss: 1.771 LR:0.000006
[Epoch 93] Validation accuracy:0.9172, Loss:0.341, f1 0.860565, score 0.879255
[Epoch 94] Train time:2.74, Training accuracy:0.9934. Loss: 1.779 LR:0.000006
[Epoch 94] Validation accuracy:0.9153, Loss:0.345, f1 0.860688, score 0.878710
[Epoch 95] Train time:2.74, Training accuracy:0.9932. Loss: 1.779 LR:0.000006
[Epoch 95] Validation accuracy:0.9149, Loss:0.345, f1 0.861810, score 0.879329
[Epoch 96] Train time:2.74, Training accuracy:0.9936. Loss: 1.772 LR:0.000006
[Epoch 96] Validation accuracy:0.9149, Loss:0.345, f1 0.858113, score 0.876853
[Epoch 97] Train time:2.74, Training accuracy:0.9936. Loss: 1.775 LR:0.000006
[Epoch 97] Validation accuracy:0.9126, Loss:0.360, f1 0.858700, score 0.876487
[Epoch 98] Train time:2.74, Training accuracy:0.9929. Loss: 1.781 LR:0.000006
[Epoch 98] Validation accuracy:0.9205, Loss:0.337, f1 0.870099, score 0.886731
[Epoch 99] Train time:2.74, Training accuracy:0.9942. Loss: 1.771 LR:0.000006
[Epoch 99] Validation accuracy:0.9172, Loss:0.342, f1 0.865238, score 0.882385
[Epoch 100] Train time:2.74, Training accuracy:0.9940. Loss: 1.775 LR:0.000005
[Epoch 100] Validation accuracy:0.9162, Loss:0.342, f1 0.864433, score 0.881516
[Epoch 101] Train time:2.74, Training accuracy:0.9940. Loss: 1.777 LR:0.000005
[Epoch 101] Validation accuracy:0.9166, Loss:0.345, f1 0.864318, score 0.881571
[Epoch 102] Train time:2.74, Training accuracy:0.9949. Loss: 1.770 LR:0.000005
[Epoch 102] Validation accuracy:0.9211, Loss:0.334, f1 0.871525, score 0.887885
[Epoch 103] Train time:2.74, Training accuracy:0.9939. Loss: 1.774 LR:0.000005
[Epoch 103] Validation accuracy:0.9214, Loss:0.338, f1 0.869637, score 0.886719
[Epoch 104] Train time:2.74, Training accuracy:0.9941. Loss: 1.776 LR:0.000005
[Epoch 104] Validation accuracy:0.9195, Loss:0.337, f1 0.870784, score 0.886860
[Epoch 105] Train time:2.74, Training accuracy:0.9941. Loss: 1.773 LR:0.000005
[Epoch 105] Validation accuracy:0.9218, Loss:0.337, f1 0.874122, score 0.889856
[Epoch 106] Train time:2.74, Training accuracy:0.9944. Loss: 1.768 LR:0.000005
[Epoch 106] Validation accuracy:0.9205, Loss:0.340, f1 0.874046, score 0.889376
[Epoch 107] Train time:2.74, Training accuracy:0.9941. Loss: 1.771 LR:0.000005
[Epoch 107] Validation accuracy:0.9185, Loss:0.347, f1 0.867187, score 0.884120
[Epoch 108] Train time:2.74, Training accuracy:0.9942. Loss: 1.769 LR:0.000005
[Epoch 108] Validation accuracy:0.9175, Loss:0.340, f1 0.864386, score 0.881914
[Epoch 109] Train time:2.74, Training accuracy:0.9953. Loss: 1.765 LR:0.000005
[Epoch 109] Validation accuracy:0.9192, Loss:0.337, f1 0.864488, score 0.882543
[Epoch 110] Train time:2.75, Training accuracy:0.9951. Loss: 1.767 LR:0.000004
[Epoch 110] Validation accuracy:0.9149, Loss:0.347, f1 0.863081, score 0.880181
[Epoch 111] Train time:2.74, Training accuracy:0.9945. Loss: 1.770 LR:0.000004
[Epoch 111] Validation accuracy:0.9201, Loss:0.339, f1 0.868396, score 0.885458
[Epoch 112] Train time:2.74, Training accuracy:0.9932. Loss: 1.776 LR:0.000004
[Epoch 112] Validation accuracy:0.9198, Loss:0.335, f1 0.866811, score 0.884298
[Epoch 113] Train time:2.74, Training accuracy:0.9949. Loss: 1.768 LR:0.000004
[Epoch 113] Validation accuracy:0.9195, Loss:0.338, f1 0.867033, score 0.884347
[Epoch 114] Train time:2.75, Training accuracy:0.9943. Loss: 1.771 LR:0.000004
[Epoch 114] Validation accuracy:0.9185, Loss:0.336, f1 0.865495, score 0.882987
[Epoch 115] Train time:2.74, Training accuracy:0.9948. Loss: 1.773 LR:0.000004
[Epoch 115] Validation accuracy:0.9159, Loss:0.345, f1 0.862846, score 0.880354
[Epoch 116] Train time:2.74, Training accuracy:0.9938. Loss: 1.770 LR:0.000004
[Epoch 116] Validation accuracy:0.9185, Loss:0.341, f1 0.864124, score 0.882068
[Epoch 117] Train time:2.74, Training accuracy:0.9946. Loss: 1.763 LR:0.000004
[Epoch 117] Validation accuracy:0.9162, Loss:0.342, f1 0.858947, score 0.877840
[Epoch 118] Train time:2.74, Training accuracy:0.9948. Loss: 1.765 LR:0.000004
[Epoch 118] Validation accuracy:0.9195, Loss:0.345, f1 0.865603, score 0.883389
[Epoch 119] Train time:2.74, Training accuracy:0.9951. Loss: 1.766 LR:0.000004
[Epoch 119] Validation accuracy:0.9182, Loss:0.341, f1 0.863567, score 0.881596
[Epoch 120] Train time:2.74, Training accuracy:0.9949. Loss: 1.765 LR:0.000004
[Epoch 120] Validation accuracy:0.9179, Loss:0.338, f1 0.863491, score 0.881446
[Epoch 121] Train time:2.74, Training accuracy:0.9946. Loss: 1.767 LR:0.000004
[Epoch 121] Validation accuracy:0.9228, Loss:0.339, f1 0.874606, score 0.890510
Model saved.
best_acc:0.9228
[Epoch 122] Train time:2.74, Training accuracy:0.9949. Loss: 1.760 LR:0.000003
[Epoch 122] Validation accuracy:0.9182, Loss:0.341, f1 0.862696, score 0.881012
[Epoch 123] Train time:2.74, Training accuracy:0.9948. Loss: 1.764 LR:0.000003
[Epoch 123] Validation accuracy:0.9201, Loss:0.335, f1 0.871241, score 0.887364
[Epoch 124] Train time:2.74, Training accuracy:0.9948. Loss: 1.763 LR:0.000003
[Epoch 124] Validation accuracy:0.9175, Loss:0.336, f1 0.865835, score 0.882885
[Epoch 125] Train time:2.74, Training accuracy:0.9941. Loss: 1.770 LR:0.000003
[Epoch 125] Validation accuracy:0.9159, Loss:0.342, f1 0.862322, score 0.880003
[Epoch 126] Train time:2.74, Training accuracy:0.9949. Loss: 1.761 LR:0.000003
[Epoch 126] Validation accuracy:0.9185, Loss:0.343, f1 0.863896, score 0.881915
[Epoch 127] Train time:2.74, Training accuracy:0.9946. Loss: 1.767 LR:0.000003
[Epoch 127] Validation accuracy:0.9182, Loss:0.340, f1 0.867984, score 0.884555
[Epoch 128] Train time:2.75, Training accuracy:0.9957. Loss: 1.757 LR:0.000003
[Epoch 128] Validation accuracy:0.9188, Loss:0.340, f1 0.865555, score 0.883126
[Epoch 129] Train time:2.74, Training accuracy:0.9954. Loss: 1.763 LR:0.000003
[Epoch 129] Validation accuracy:0.9214, Loss:0.343, f1 0.872829, score 0.888858
[Epoch 130] Train time:2.74, Training accuracy:0.9954. Loss: 1.758 LR:0.000003
[Epoch 130] Validation accuracy:0.9195, Loss:0.338, f1 0.869469, score 0.885979
[Epoch 131] Train time:2.74, Training accuracy:0.9953. Loss: 1.760 LR:0.000003
[Epoch 131] Validation accuracy:0.9205, Loss:0.340, f1 0.869627, score 0.886415
[Epoch 132] Train time:2.75, Training accuracy:0.9952. Loss: 1.765 LR:0.000003
[Epoch 132] Validation accuracy:0.9192, Loss:0.339, f1 0.867324, score 0.884443
[Epoch 133] Train time:2.74, Training accuracy:0.9949. Loss: 1.763 LR:0.000003
[Epoch 133] Validation accuracy:0.9218, Loss:0.341, f1 0.872034, score 0.888457
[Epoch 134] Train time:2.74, Training accuracy:0.9954. Loss: 1.756 LR:0.000003
[Epoch 134] Validation accuracy:0.9201, Loss:0.339, f1 0.869509, score 0.886204
[Epoch 135] Train time:2.74, Training accuracy:0.9944. Loss: 1.769 LR:0.000003
[Epoch 135] Validation accuracy:0.9214, Loss:0.336, f1 0.867773, score 0.885470
[Epoch 136] Train time:2.74, Training accuracy:0.9958. Loss: 1.758 LR:0.000003
[Epoch 136] Validation accuracy:0.9234, Loss:0.336, f1 0.873034, score 0.889655
Model saved.
best_acc:0.9234
[Epoch 137] Train time:2.75, Training accuracy:0.9954. Loss: 1.762 LR:0.000003
[Epoch 137] Validation accuracy:0.9188, Loss:0.336, f1 0.867002, score 0.884095
[Epoch 138] Train time:2.74, Training accuracy:0.9953. Loss: 1.758 LR:0.000003
[Epoch 138] Validation accuracy:0.9188, Loss:0.336, f1 0.868011, score 0.884772
[Epoch 139] Train time:2.75, Training accuracy:0.9955. Loss: 1.770 LR:0.000002
[Epoch 139] Validation accuracy:0.9208, Loss:0.331, f1 0.867420, score 0.885035
[Epoch 140] Train time:2.74, Training accuracy:0.9961. Loss: 1.755 LR:0.000002
[Epoch 140] Validation accuracy:0.9198, Loss:0.332, f1 0.865906, score 0.883691
[Epoch 141] Train time:2.74, Training accuracy:0.9949. Loss: 1.763 LR:0.000002
[Epoch 141] Validation accuracy:0.9188, Loss:0.335, f1 0.866770, score 0.883940
[Epoch 142] Train time:2.74, Training accuracy:0.9950. Loss: 1.759 LR:0.000002
[Epoch 142] Validation accuracy:0.9198, Loss:0.333, f1 0.863574, score 0.882128
[Epoch 143] Train time:2.75, Training accuracy:0.9947. Loss: 1.761 LR:0.000002
[Epoch 143] Validation accuracy:0.9179, Loss:0.343, f1 0.862599, score 0.880848
[Epoch 144] Train time:2.75, Training accuracy:0.9949. Loss: 1.761 LR:0.000002
[Epoch 144] Validation accuracy:0.9179, Loss:0.337, f1 0.863064, score 0.881160
[Epoch 145] Train time:2.74, Training accuracy:0.9963. Loss: 1.753 LR:0.000002
[Epoch 145] Validation accuracy:0.9172, Loss:0.338, f1 0.864340, score 0.881784
[Epoch 146] Train time:2.75, Training accuracy:0.9941. Loss: 1.763 LR:0.000002
[Epoch 146] Validation accuracy:0.9185, Loss:0.336, f1 0.864095, score 0.882048
[Epoch 147] Train time:2.74, Training accuracy:0.9961. Loss: 1.753 LR:0.000002
[Epoch 147] Validation accuracy:0.9224, Loss:0.335, f1 0.869542, score 0.886985
[Epoch 148] Train time:2.74, Training accuracy:0.9955. Loss: 1.758 LR:0.000002
[Epoch 148] Validation accuracy:0.9228, Loss:0.335, f1 0.869993, score 0.887419
[Epoch 149] Train time:2.74, Training accuracy:0.9967. Loss: 1.751 LR:0.000002
[Epoch 149] Validation accuracy:0.9198, Loss:0.336, f1 0.866448, score 0.884054
[Epoch 150] Train time:2.74, Training accuracy:0.9946. Loss: 1.760 LR:0.000002
[Epoch 150] Validation accuracy:0.9208, Loss:0.338, f1 0.865320, score 0.883629
[Epoch 151] Train time:2.75, Training accuracy:0.9958. Loss: 1.759 LR:0.000002
[Epoch 151] Validation accuracy:0.9198, Loss:0.336, f1 0.868289, score 0.885288
[Epoch 152] Train time:2.74, Training accuracy:0.9966. Loss: 1.753 LR:0.000002
[Epoch 152] Validation accuracy:0.9218, Loss:0.339, f1 0.869566, score 0.886803
[Epoch 153] Train time:2.75, Training accuracy:0.9963. Loss: 1.757 LR:0.000002
[Epoch 153] Validation accuracy:0.9208, Loss:0.338, f1 0.866322, score 0.884300
[Epoch 154] Train time:2.74, Training accuracy:0.9952. Loss: 1.758 LR:0.000002
[Epoch 154] Validation accuracy:0.9234, Loss:0.335, f1 0.871120, score 0.888372
[Epoch 155] Train time:2.74, Training accuracy:0.9956. Loss: 1.757 LR:0.000002
[Epoch 155] Validation accuracy:0.9231, Loss:0.335, f1 0.869721, score 0.887336
[Epoch 156] Train time:2.74, Training accuracy:0.9953. Loss: 1.757 LR:0.000002
[Epoch 156] Validation accuracy:0.9231, Loss:0.333, f1 0.871262, score 0.888368
[Epoch 157] Train time:2.75, Training accuracy:0.9957. Loss: 1.752 LR:0.000002
[Epoch 157] Validation accuracy:0.9205, Loss:0.334, f1 0.866202, score 0.884120
[Epoch 158] Train time:2.74, Training accuracy:0.9961. Loss: 1.754 LR:0.000002
[Epoch 158] Validation accuracy:0.9201, Loss:0.336, f1 0.864456, score 0.882819
[Epoch 159] Train time:2.75, Training accuracy:0.9963. Loss: 1.752 LR:0.000002
[Epoch 159] Validation accuracy:0.9214, Loss:0.333, f1 0.867704, score 0.885423
[Epoch 160] Train time:2.75, Training accuracy:0.9967. Loss: 1.753 LR:0.000002
[Epoch 160] Validation accuracy:0.9211, Loss:0.336, f1 0.869052, score 0.886228
[Epoch 161] Train time:2.75, Training accuracy:0.9963. Loss: 1.752 LR:0.000002
[Epoch 161] Validation accuracy:0.9201, Loss:0.333, f1 0.866033, score 0.883875
[Epoch 162] Train time:2.75, Training accuracy:0.9957. Loss: 1.756 LR:0.000002
[Epoch 162] Validation accuracy:0.9188, Loss:0.334, f1 0.864881, score 0.882674
[Epoch 163] Train time:2.75, Training accuracy:0.9965. Loss: 1.754 LR:0.000002
[Epoch 163] Validation accuracy:0.9205, Loss:0.335, f1 0.866617, score 0.884399
[Epoch 164] Train time:2.75, Training accuracy:0.9963. Loss: 1.753 LR:0.000001
[Epoch 164] Validation accuracy:0.9211, Loss:0.332, f1 0.865667, score 0.883960
[Epoch 165] Train time:2.75, Training accuracy:0.9957. Loss: 1.753 LR:0.000001
[Epoch 165] Validation accuracy:0.9208, Loss:0.337, f1 0.868538, score 0.885784
[Epoch 166] Train time:2.75, Training accuracy:0.9967. Loss: 1.751 LR:0.000001
[Epoch 166] Validation accuracy:0.9228, Loss:0.337, f1 0.869357, score 0.886993
[Epoch 167] Train time:2.75, Training accuracy:0.9964. Loss: 1.753 LR:0.000001
[Epoch 167] Validation accuracy:0.9208, Loss:0.337, f1 0.869948, score 0.886729
[Epoch 168] Train time:2.75, Training accuracy:0.9958. Loss: 1.758 LR:0.000001
[Epoch 168] Validation accuracy:0.9224, Loss:0.332, f1 0.870386, score 0.887551
[Epoch 169] Train time:2.75, Training accuracy:0.9961. Loss: 1.752 LR:0.000001
[Epoch 169] Validation accuracy:0.9234, Loss:0.339, f1 0.873469, score 0.889946
[Epoch 170] Train time:2.75, Training accuracy:0.9973. Loss: 1.749 LR:0.000001
[Epoch 170] Validation accuracy:0.9214, Loss:0.335, f1 0.869104, score 0.886362
[Epoch 171] Train time:2.74, Training accuracy:0.9958. Loss: 1.754 LR:0.000001
[Epoch 171] Validation accuracy:0.9218, Loss:0.336, f1 0.871008, score 0.887769
[Epoch 172] Train time:2.75, Training accuracy:0.9962. Loss: 1.751 LR:0.000001
[Epoch 172] Validation accuracy:0.9224, Loss:0.335, f1 0.870292, score 0.887487
[Epoch 173] Train time:2.75, Training accuracy:0.9969. Loss: 1.750 LR:0.000001
[Epoch 173] Validation accuracy:0.9218, Loss:0.339, f1 0.871587, score 0.888157
[Epoch 174] Train time:2.75, Training accuracy:0.9962. Loss: 1.749 LR:0.000001
[Epoch 174] Validation accuracy:0.9211, Loss:0.336, f1 0.867910, score 0.885463
[Epoch 175] Train time:2.75, Training accuracy:0.9960. Loss: 1.755 LR:0.000001
[Epoch 175] Validation accuracy:0.9211, Loss:0.334, f1 0.868204, score 0.885660
[Epoch 176] Train time:2.74, Training accuracy:0.9962. Loss: 1.754 LR:0.000001
[Epoch 176] Validation accuracy:0.9234, Loss:0.333, f1 0.871066, score 0.888336
[Epoch 177] Train time:2.75, Training accuracy:0.9964. Loss: 1.752 LR:0.000001
[Epoch 177] Validation accuracy:0.9228, Loss:0.333, f1 0.870377, score 0.887677
[Epoch 178] Train time:2.75, Training accuracy:0.9965. Loss: 1.750 LR:0.000001
[Epoch 178] Validation accuracy:0.9208, Loss:0.337, f1 0.870479, score 0.887085
[Epoch 179] Train time:2.75, Training accuracy:0.9968. Loss: 1.750 LR:0.000001
[Epoch 179] Validation accuracy:0.9218, Loss:0.332, f1 0.869404, score 0.886695
[Epoch 180] Train time:2.75, Training accuracy:0.9971. Loss: 1.746 LR:0.000001
[Epoch 180] Validation accuracy:0.9224, Loss:0.334, f1 0.872437, score 0.888924
[Epoch 181] Train time:2.74, Training accuracy:0.9968. Loss: 1.747 LR:0.000001
[Epoch 181] Validation accuracy:0.9228, Loss:0.331, f1 0.869039, score 0.886780
[Epoch 182] Train time:2.75, Training accuracy:0.9956. Loss: 1.753 LR:0.000001
[Epoch 182] Validation accuracy:0.9214, Loss:0.333, f1 0.867954, score 0.885591
[Epoch 183] Train time:2.75, Training accuracy:0.9961. Loss: 1.754 LR:0.000001
[Epoch 183] Validation accuracy:0.9192, Loss:0.336, f1 0.866675, score 0.884008
[Epoch 184] Train time:2.75, Training accuracy:0.9966. Loss: 1.751 LR:0.000001
[Epoch 184] Validation accuracy:0.9224, Loss:0.333, f1 0.870279, score 0.887479
[Epoch 185] Train time:2.74, Training accuracy:0.9959. Loss: 1.753 LR:0.000001
[Epoch 185] Validation accuracy:0.9185, Loss:0.334, f1 0.865705, score 0.883127
[Epoch 186] Train time:2.75, Training accuracy:0.9964. Loss: 1.750 LR:0.000001
[Epoch 186] Validation accuracy:0.9205, Loss:0.335, f1 0.869079, score 0.886048
[Epoch 187] Train time:2.74, Training accuracy:0.9965. Loss: 1.752 LR:0.000001
[Epoch 187] Validation accuracy:0.9254, Loss:0.332, f1 0.873399, score 0.890559
Model saved.
best_acc:0.9254
[Epoch 188] Train time:2.75, Training accuracy:0.9971. Loss: 1.749 LR:0.000001
[Epoch 188] Validation accuracy:0.9214, Loss:0.335, f1 0.867361, score 0.885194
[Epoch 189] Train time:2.75, Training accuracy:0.9968. Loss: 1.751 LR:0.000001
[Epoch 189] Validation accuracy:0.9211, Loss:0.333, f1 0.869152, score 0.886295
[Epoch 190] Train time:2.75, Training accuracy:0.9973. Loss: 1.743 LR:0.000001
[Epoch 190] Validation accuracy:0.9208, Loss:0.332, f1 0.867347, score 0.884986
[Epoch 191] Train time:2.75, Training accuracy:0.9959. Loss: 1.754 LR:0.000001
[Epoch 191] Validation accuracy:0.9208, Loss:0.332, f1 0.866321, score 0.884299
[Epoch 192] Train time:2.75, Training accuracy:0.9965. Loss: 1.752 LR:0.000001
[Epoch 192] Validation accuracy:0.9201, Loss:0.340, f1 0.866275, score 0.884037
[Epoch 193] Train time:2.75, Training accuracy:0.9963. Loss: 1.750 LR:0.000001
[Epoch 193] Validation accuracy:0.9214, Loss:0.334, f1 0.869564, score 0.886670
[Epoch 194] Train time:2.75, Training accuracy:0.9967. Loss: 1.749 LR:0.000001
[Epoch 194] Validation accuracy:0.9182, Loss:0.341, f1 0.867017, score 0.883907
[Epoch 195] Train time:2.75, Training accuracy:0.9969. Loss: 1.745 LR:0.000001
[Epoch 195] Validation accuracy:0.9208, Loss:0.333, f1 0.868976, score 0.886078
[Epoch 196] Train time:2.74, Training accuracy:0.9967. Loss: 1.750 LR:0.000001
[Epoch 196] Validation accuracy:0.9214, Loss:0.334, f1 0.868871, score 0.886205
[Epoch 197] Train time:2.75, Training accuracy:0.9961. Loss: 1.752 LR:0.000001
[Epoch 197] Validation accuracy:0.9218, Loss:0.333, f1 0.868931, score 0.886378
[Epoch 198] Train time:2.75, Training accuracy:0.9960. Loss: 1.752 LR:0.000001
[Epoch 198] Validation accuracy:0.9195, Loss:0.334, f1 0.868288, score 0.885188
[Epoch 199] Train time:2.75, Training accuracy:0.9974. Loss: 1.742 LR:0.000001
[Epoch 199] Validation accuracy:0.9198, Loss:0.334, f1 0.867985, score 0.885084
[Epoch 200] Train time:2.75, Training accuracy:0.9966. Loss: 1.748 LR:0.000001
[Epoch 200] Validation accuracy:0.9192, Loss:0.336, f1 0.866445, score 0.883854
[Epoch 201] Train time:2.75, Training accuracy:0.9963. Loss: 1.750 LR:0.000001
[Epoch 201] Validation accuracy:0.9218, Loss:0.336, f1 0.871695, score 0.888230
[Epoch 202] Train time:2.75, Training accuracy:0.9966. Loss: 1.754 LR:0.000001
[Epoch 202] Validation accuracy:0.9201, Loss:0.334, f1 0.867725, score 0.885009
[Epoch 203] Train time:2.74, Training accuracy:0.9965. Loss: 1.746 LR:0.000001
[Epoch 203] Validation accuracy:0.9221, Loss:0.334, f1 0.869423, score 0.886806
[Epoch 204] Train time:2.75, Training accuracy:0.9961. Loss: 1.752 LR:0.000001
[Epoch 204] Validation accuracy:0.9237, Loss:0.340, f1 0.872229, score 0.889215
[Epoch 205] Train time:2.75, Training accuracy:0.9971. Loss: 1.750 LR:0.000001
[Epoch 205] Validation accuracy:0.9201, Loss:0.334, f1 0.867015, score 0.884533
[Epoch 206] Train time:2.75, Training accuracy:0.9971. Loss: 1.747 LR:0.000001
[Epoch 206] Validation accuracy:0.9221, Loss:0.333, f1 0.871465, score 0.888175
[Epoch 207] Train time:2.75, Training accuracy:0.9970. Loss: 1.744 LR:0.000001
[Epoch 207] Validation accuracy:0.9228, Loss:0.335, f1 0.871146, score 0.888192
[Epoch 208] Train time:2.75, Training accuracy:0.9970. Loss: 1.746 LR:0.000001
[Epoch 208] Validation accuracy:0.9231, Loss:0.339, f1 0.872333, score 0.889086
[Epoch 209] Train time:2.75, Training accuracy:0.9966. Loss: 1.751 LR:0.000001
[Epoch 209] Validation accuracy:0.9231, Loss:0.335, f1 0.872349, score 0.889097
[Epoch 210] Train time:2.75, Training accuracy:0.9973. Loss: 1.745 LR:0.000001
[Epoch 210] Validation accuracy:0.9214, Loss:0.335, f1 0.869785, score 0.886818
[Epoch 211] Train time:2.75, Training accuracy:0.9967. Loss: 1.751 LR:0.000001
[Epoch 211] Validation accuracy:0.9214, Loss:0.333, f1 0.869829, score 0.886848
[Epoch 212] Train time:2.75, Training accuracy:0.9971. Loss: 1.745 LR:0.000001
[Epoch 212] Validation accuracy:0.9234, Loss:0.333, f1 0.871146, score 0.888390
[Epoch 213] Train time:2.75, Training accuracy:0.9964. Loss: 1.750 LR:0.000001
[Epoch 213] Validation accuracy:0.9228, Loss:0.334, f1 0.872026, score 0.888781
[Epoch 214] Train time:2.75, Training accuracy:0.9971. Loss: 1.748 LR:0.000001
[Epoch 214] Validation accuracy:0.9228, Loss:0.333, f1 0.872179, score 0.888884
[Epoch 215] Train time:2.75, Training accuracy:0.9968. Loss: 1.749 LR:0.000001
[Epoch 215] Validation accuracy:0.9241, Loss:0.336, f1 0.875529, score 0.891557
[Epoch 216] Train time:2.75, Training accuracy:0.9965. Loss: 1.751 LR:0.000001
[Epoch 216] Validation accuracy:0.9241, Loss:0.333, f1 0.874478, score 0.890853
[Epoch 217] Train time:2.75, Training accuracy:0.9971. Loss: 1.747 LR:0.000001
[Epoch 217] Validation accuracy:0.9221, Loss:0.333, f1 0.871008, score 0.887868
[Epoch 218] Train time:2.75, Training accuracy:0.9961. Loss: 1.753 LR:0.000000
[Epoch 218] Validation accuracy:0.9231, Loss:0.333, f1 0.872716, score 0.889342
[Epoch 219] Train time:2.75, Training accuracy:0.9970. Loss: 1.745 LR:0.000000
[Epoch 219] Validation accuracy:0.9231, Loss:0.334, f1 0.872051, score 0.888897
[Epoch 220] Train time:2.75, Training accuracy:0.9966. Loss: 1.750 LR:0.000000
[Epoch 220] Validation accuracy:0.9228, Loss:0.332, f1 0.870750, score 0.887926
[Epoch 221] Train time:2.75, Training accuracy:0.9967. Loss: 1.752 LR:0.000000
[Epoch 221] Validation accuracy:0.9201, Loss:0.334, f1 0.870842, score 0.887097
[Epoch 222] Train time:2.75, Training accuracy:0.9966. Loss: 1.752 LR:0.000000
[Epoch 222] Validation accuracy:0.9218, Loss:0.331, f1 0.872110, score 0.888508
[Epoch 223] Train time:2.75, Training accuracy:0.9981. Loss: 1.741 LR:0.000000
[Epoch 223] Validation accuracy:0.9228, Loss:0.336, f1 0.871703, score 0.888565
[Epoch 224] Train time:2.75, Training accuracy:0.9972. Loss: 1.750 LR:0.000000
[Epoch 224] Validation accuracy:0.9205, Loss:0.333, f1 0.870951, score 0.887302
[Epoch 225] Train time:2.75, Training accuracy:0.9970. Loss: 1.746 LR:0.000000
[Epoch 225] Validation accuracy:0.9211, Loss:0.333, f1 0.870465, score 0.887175
[Epoch 226] Train time:2.74, Training accuracy:0.9979. Loss: 1.740 LR:0.000000
[Epoch 226] Validation accuracy:0.9214, Loss:0.336, f1 0.870935, score 0.887588
[Epoch 227] Train time:2.75, Training accuracy:0.9971. Loss: 1.745 LR:0.000000
[Epoch 227] Validation accuracy:0.9221, Loss:0.331, f1 0.870369, score 0.887440
[Epoch 228] Train time:2.75, Training accuracy:0.9973. Loss: 1.749 LR:0.000000
[Epoch 228] Validation accuracy:0.9195, Loss:0.333, f1 0.865588, score 0.883379
[Epoch 229] Train time:2.75, Training accuracy:0.9971. Loss: 1.746 LR:0.000000
[Epoch 229] Validation accuracy:0.9221, Loss:0.335, f1 0.869905, score 0.887129
[Epoch 230] Train time:2.75, Training accuracy:0.9972. Loss: 1.744 LR:0.000000
[Epoch 230] Validation accuracy:0.9224, Loss:0.334, f1 0.872835, score 0.889192
[Epoch 231] Train time:2.75, Training accuracy:0.9967. Loss: 1.747 LR:0.000000
[Epoch 231] Validation accuracy:0.9234, Loss:0.334, f1 0.872576, score 0.889348
[Epoch 232] Train time:2.75, Training accuracy:0.9970. Loss: 1.745 LR:0.000000
[Epoch 232] Validation accuracy:0.9221, Loss:0.335, f1 0.870244, score 0.887356
[Epoch 233] Train time:2.75, Training accuracy:0.9969. Loss: 1.750 LR:0.000000
[Epoch 233] Validation accuracy:0.9218, Loss:0.334, f1 0.872850, score 0.889004
[Epoch 234] Train time:2.75, Training accuracy:0.9971. Loss: 1.748 LR:0.000000
[Epoch 234] Validation accuracy:0.9234, Loss:0.336, f1 0.873062, score 0.889673
[Epoch 235] Train time:2.75, Training accuracy:0.9967. Loss: 1.747 LR:0.000000
[Epoch 235] Validation accuracy:0.9218, Loss:0.333, f1 0.871335, score 0.887989
[Epoch 236] Train time:2.75, Training accuracy:0.9968. Loss: 1.747 LR:0.000000
[Epoch 236] Validation accuracy:0.9218, Loss:0.336, f1 0.872738, score 0.888929
[Epoch 237] Train time:2.75, Training accuracy:0.9960. Loss: 1.754 LR:0.000000
[Epoch 237] Validation accuracy:0.9214, Loss:0.334, f1 0.870484, score 0.887287
[Epoch 238] Train time:2.75, Training accuracy:0.9967. Loss: 1.747 LR:0.000000
[Epoch 238] Validation accuracy:0.9224, Loss:0.333, f1 0.873641, score 0.889731
[Epoch 239] Train time:2.75, Training accuracy:0.9969. Loss: 1.748 LR:0.000000
[Epoch 239] Validation accuracy:0.9211, Loss:0.332, f1 0.871888, score 0.888128
[Epoch 240] Train time:2.75, Training accuracy:0.9965. Loss: 1.750 LR:0.000000
[Epoch 240] Validation accuracy:0.9221, Loss:0.334, f1 0.871539, score 0.888224
[Epoch 241] Train time:2.75, Training accuracy:0.9968. Loss: 1.748 LR:0.000000
[Epoch 241] Validation accuracy:0.9231, Loss:0.332, f1 0.871196, score 0.888325
[Epoch 242] Train time:2.75, Training accuracy:0.9972. Loss: 1.745 LR:0.000000
[Epoch 242] Validation accuracy:0.9214, Loss:0.332, f1 0.869256, score 0.886463
[Epoch 243] Train time:2.75, Training accuracy:0.9977. Loss: 1.743 LR:0.000000
[Epoch 243] Validation accuracy:0.9221, Loss:0.334, f1 0.871875, score 0.888449
[Epoch 244] Train time:2.75, Training accuracy:0.9973. Loss: 1.745 LR:0.000000
[Epoch 244] Validation accuracy:0.9214, Loss:0.339, f1 0.870546, score 0.887328
[Epoch 245] Train time:2.75, Training accuracy:0.9968. Loss: 1.746 LR:0.000000
[Epoch 245] Validation accuracy:0.9224, Loss:0.333, f1 0.871956, score 0.888603
[Epoch 246] Train time:2.75, Training accuracy:0.9969. Loss: 1.745 LR:0.000000
[Epoch 246] Validation accuracy:0.9221, Loss:0.331, f1 0.872455, score 0.888838
[Epoch 247] Train time:2.75, Training accuracy:0.9973. Loss: 1.747 LR:0.000000
[Epoch 247] Validation accuracy:0.9211, Loss:0.330, f1 0.870236, score 0.887021
[Epoch 248] Train time:2.75, Training accuracy:0.9962. Loss: 1.748 LR:0.000000
[Epoch 248] Validation accuracy:0.9234, Loss:0.334, f1 0.874777, score 0.890823
[Epoch 249] Train time:2.75, Training accuracy:0.9967. Loss: 1.749 LR:0.000000
[Epoch 249] Validation accuracy:0.9221, Loss:0.334, f1 0.871693, score 0.888327
[Epoch 250] Train time:2.75, Training accuracy:0.9967. Loss: 1.748 LR:0.000000
[Epoch 250] Validation accuracy:0.9231, Loss:0.339, f1 0.872594, score 0.889261
