Work on GPU:  0,1
load_weight 304
Namespace(dataset='rafdb', checkpoint=None, batch_size=120, val_batch_size=32, modeltype='small', optimizer='adam', lr=4e-05, momentum=0.9, workers=2, epochs=250, gpu='0,1', head_type='simple')
Train set size: 12271
Validation set size: 3068
GFLOPs: 13.59
GMacs: 6.79
Params: 51.22M
batch_size: 120
Total Parameters: 51.222M
[Epoch 1] Train time:2.19, Training accuracy:0.6343. Loss: 3.833 LR:0.000040
[Epoch 1] Validation accuracy:0.8478, Loss:0.560, f1 0.736936, score 0.773521
best_acc:0.8478
[Epoch 2] Train time:2.17, Training accuracy:0.7993. Loss: 2.897 LR:0.000039
[Epoch 2] Validation accuracy:0.8735, Loss:0.476, f1 0.778590, score 0.809910
best_acc:0.8735
[Epoch 3] Train time:2.10, Training accuracy:0.8433. Loss: 2.644 LR:0.000038
[Epoch 3] Validation accuracy:0.8791, Loss:0.451, f1 0.816496, score 0.837155
best_acc:0.8791
[Epoch 4] Train time:2.10, Training accuracy:0.8757. Loss: 2.471 LR:0.000038
[Epoch 4] Validation accuracy:0.8895, Loss:0.399, f1 0.803286, score 0.831736
best_acc:0.8895
[Epoch 5] Train time:2.08, Training accuracy:0.9016. Loss: 2.332 LR:0.000037
[Epoch 5] Validation accuracy:0.9065, Loss:0.365, f1 0.835916, score 0.859209
best_acc:0.9065
[Epoch 6] Train time:2.08, Training accuracy:0.9218. Loss: 2.217 LR:0.000036
[Epoch 6] Validation accuracy:0.9104, Loss:0.360, f1 0.849368, score 0.869509
Model saved.
best_acc:0.9104
[Epoch 7] Train time:2.08, Training accuracy:0.9342. Loss: 2.141 LR:0.000035
[Epoch 7] Validation accuracy:0.9123, Loss:0.357, f1 0.853606, score 0.872975
Model saved.
best_acc:0.9123
[Epoch 8] Train time:2.07, Training accuracy:0.9477. Loss: 2.064 LR:0.000035
[Epoch 8] Validation accuracy:0.9123, Loss:0.347, f1 0.856915, score 0.875192
[Epoch 9] Train time:2.08, Training accuracy:0.9571. Loss: 2.003 LR:0.000034
[Epoch 9] Validation accuracy:0.9048, Loss:0.371, f1 0.841267, score 0.862233
[Epoch 10] Train time:2.08, Training accuracy:0.9637. Loss: 1.958 LR:0.000033
[Epoch 10] Validation accuracy:0.9104, Loss:0.347, f1 0.853673, score 0.872393
[Epoch 11] Train time:2.08, Training accuracy:0.9672. Loss: 1.933 LR:0.000033
[Epoch 11] Validation accuracy:0.9081, Loss:0.352, f1 0.847092, score 0.867225
[Epoch 12] Train time:2.08, Training accuracy:0.9693. Loss: 1.917 LR:0.000032
[Epoch 12] Validation accuracy:0.9117, Loss:0.348, f1 0.855079, score 0.873764
[Epoch 13] Train time:2.08, Training accuracy:0.9734. Loss: 1.889 LR:0.000031
[Epoch 13] Validation accuracy:0.9136, Loss:0.350, f1 0.853402, score 0.873267
Model saved.
best_acc:0.9136
[Epoch 14] Train time:2.08, Training accuracy:0.9753. Loss: 1.879 LR:0.000031
[Epoch 14] Validation accuracy:0.9120, Loss:0.355, f1 0.853730, score 0.872959
[Epoch 15] Train time:2.08, Training accuracy:0.9754. Loss: 1.870 LR:0.000030
[Epoch 15] Validation accuracy:0.9120, Loss:0.353, f1 0.853223, score 0.872620
[Epoch 16] Train time:2.08, Training accuracy:0.9769. Loss: 1.861 LR:0.000030
[Epoch 16] Validation accuracy:0.9169, Loss:0.342, f1 0.858283, score 0.877626
Model saved.
best_acc:0.9169
[Epoch 17] Train time:2.08, Training accuracy:0.9780. Loss: 1.852 LR:0.000029
[Epoch 17] Validation accuracy:0.9081, Loss:0.360, f1 0.848877, score 0.868421
[Epoch 18] Train time:2.08, Training accuracy:0.9786. Loss: 1.844 LR:0.000028
[Epoch 18] Validation accuracy:0.9136, Loss:0.354, f1 0.863887, score 0.880292
[Epoch 19] Train time:2.08, Training accuracy:0.9782. Loss: 1.844 LR:0.000028
[Epoch 19] Validation accuracy:0.9107, Loss:0.352, f1 0.854173, score 0.872827
[Epoch 20] Train time:2.08, Training accuracy:0.9791. Loss: 1.844 LR:0.000027
[Epoch 20] Validation accuracy:0.9110, Loss:0.351, f1 0.849972, score 0.870111
[Epoch 21] Train time:2.08, Training accuracy:0.9778. Loss: 1.847 LR:0.000027
[Epoch 21] Validation accuracy:0.9143, Loss:0.347, f1 0.855206, score 0.874707
[Epoch 22] Train time:2.08, Training accuracy:0.9799. Loss: 1.834 LR:0.000026
[Epoch 22] Validation accuracy:0.9133, Loss:0.350, f1 0.853355, score 0.873137
[Epoch 23] Train time:2.08, Training accuracy:0.9813. Loss: 1.827 LR:0.000026
[Epoch 23] Validation accuracy:0.9185, Loss:0.344, f1 0.864107, score 0.882057
Model saved.
best_acc:0.9185
[Epoch 24] Train time:2.08, Training accuracy:0.9820. Loss: 1.816 LR:0.000025
[Epoch 24] Validation accuracy:0.9153, Loss:0.349, f1 0.858322, score 0.877124
[Epoch 25] Train time:2.08, Training accuracy:0.9830. Loss: 1.811 LR:0.000025
[Epoch 25] Validation accuracy:0.9149, Loss:0.348, f1 0.855614, score 0.875179
[Epoch 26] Train time:2.08, Training accuracy:0.9832. Loss: 1.806 LR:0.000024
[Epoch 26] Validation accuracy:0.9146, Loss:0.349, f1 0.858597, score 0.877078
[Epoch 27] Train time:2.08, Training accuracy:0.9837. Loss: 1.811 LR:0.000024
[Epoch 27] Validation accuracy:0.9087, Loss:0.363, f1 0.848270, score 0.868212
[Epoch 28] Train time:2.08, Training accuracy:0.9823. Loss: 1.812 LR:0.000023
[Epoch 28] Validation accuracy:0.9143, Loss:0.348, f1 0.852869, score 0.873141
[Epoch 29] Train time:2.08, Training accuracy:0.9822. Loss: 1.804 LR:0.000023
[Epoch 29] Validation accuracy:0.9146, Loss:0.352, f1 0.857539, score 0.876369
[Epoch 30] Train time:2.08, Training accuracy:0.9840. Loss: 1.804 LR:0.000022
[Epoch 30] Validation accuracy:0.9175, Loss:0.349, f1 0.858937, score 0.878263
[Epoch 31] Train time:2.08, Training accuracy:0.9843. Loss: 1.797 LR:0.000022
[Epoch 31] Validation accuracy:0.9123, Loss:0.353, f1 0.855904, score 0.874515
[Epoch 32] Train time:2.08, Training accuracy:0.9839. Loss: 1.803 LR:0.000021
[Epoch 32] Validation accuracy:0.9149, Loss:0.345, f1 0.858996, score 0.877444
[Epoch 33] Train time:2.08, Training accuracy:0.9848. Loss: 1.793 LR:0.000021
[Epoch 33] Validation accuracy:0.9175, Loss:0.346, f1 0.862213, score 0.880458
[Epoch 34] Train time:2.08, Training accuracy:0.9841. Loss: 1.801 LR:0.000021
[Epoch 34] Validation accuracy:0.9117, Loss:0.358, f1 0.856406, score 0.874653
[Epoch 35] Train time:2.08, Training accuracy:0.9854. Loss: 1.788 LR:0.000020
[Epoch 35] Validation accuracy:0.9153, Loss:0.347, f1 0.859709, score 0.878054
[Epoch 36] Train time:2.08, Training accuracy:0.9851. Loss: 1.791 LR:0.000020
[Epoch 36] Validation accuracy:0.9188, Loss:0.344, f1 0.865724, score 0.883239
Model saved.
best_acc:0.9188
[Epoch 37] Train time:2.08, Training accuracy:0.9847. Loss: 1.791 LR:0.000019
[Epoch 37] Validation accuracy:0.9126, Loss:0.351, f1 0.856569, score 0.875059
[Epoch 38] Train time:2.08, Training accuracy:0.9863. Loss: 1.784 LR:0.000019
[Epoch 38] Validation accuracy:0.9146, Loss:0.346, f1 0.858473, score 0.876995
[Epoch 39] Train time:2.08, Training accuracy:0.9859. Loss: 1.785 LR:0.000019
[Epoch 39] Validation accuracy:0.9130, Loss:0.350, f1 0.853238, score 0.872959
[Epoch 40] Train time:2.08, Training accuracy:0.9857. Loss: 1.790 LR:0.000018
[Epoch 40] Validation accuracy:0.9172, Loss:0.346, f1 0.866554, score 0.883267
[Epoch 41] Train time:2.08, Training accuracy:0.9861. Loss: 1.781 LR:0.000018
[Epoch 41] Validation accuracy:0.9153, Loss:0.344, f1 0.860933, score 0.878874
[Epoch 42] Train time:2.08, Training accuracy:0.9850. Loss: 1.785 LR:0.000017
[Epoch 42] Validation accuracy:0.9162, Loss:0.348, f1 0.861796, score 0.879750
[Epoch 43] Train time:2.08, Training accuracy:0.9873. Loss: 1.778 LR:0.000017
[Epoch 43] Validation accuracy:0.9166, Loss:0.347, f1 0.859925, score 0.878628
[Epoch 44] Train time:2.08, Training accuracy:0.9862. Loss: 1.782 LR:0.000017
[Epoch 44] Validation accuracy:0.9166, Loss:0.347, f1 0.860187, score 0.878804
[Epoch 45] Train time:2.08, Training accuracy:0.9863. Loss: 1.781 LR:0.000016
[Epoch 45] Validation accuracy:0.9156, Loss:0.348, f1 0.863498, score 0.880691
[Epoch 46] Train time:2.08, Training accuracy:0.9879. Loss: 1.774 LR:0.000016
[Epoch 46] Validation accuracy:0.9201, Loss:0.338, f1 0.868852, score 0.885764
Model saved.
best_acc:0.9201
[Epoch 47] Train time:2.08, Training accuracy:0.9866. Loss: 1.773 LR:0.000016
[Epoch 47] Validation accuracy:0.9136, Loss:0.350, f1 0.856459, score 0.875316
[Epoch 48] Train time:2.08, Training accuracy:0.9863. Loss: 1.777 LR:0.000015
[Epoch 48] Validation accuracy:0.9143, Loss:0.349, f1 0.857780, score 0.876431
[Epoch 49] Train time:2.08, Training accuracy:0.9870. Loss: 1.775 LR:0.000015
[Epoch 49] Validation accuracy:0.9159, Loss:0.344, f1 0.863153, score 0.880560
[Epoch 50] Train time:2.08, Training accuracy:0.9877. Loss: 1.771 LR:0.000015
[Epoch 50] Validation accuracy:0.9182, Loss:0.345, f1 0.863199, score 0.881349
[Epoch 51] Train time:2.08, Training accuracy:0.9891. Loss: 1.763 LR:0.000015
[Epoch 51] Validation accuracy:0.9208, Loss:0.346, f1 0.869202, score 0.886229
Model saved.
best_acc:0.9208
[Epoch 52] Train time:2.08, Training accuracy:0.9888. Loss: 1.762 LR:0.000014
[Epoch 52] Validation accuracy:0.9172, Loss:0.346, f1 0.862778, score 0.880737
[Epoch 53] Train time:2.08, Training accuracy:0.9879. Loss: 1.769 LR:0.000014
[Epoch 53] Validation accuracy:0.9175, Loss:0.346, f1 0.862857, score 0.880889
[Epoch 54] Train time:2.08, Training accuracy:0.9881. Loss: 1.764 LR:0.000014
[Epoch 54] Validation accuracy:0.9201, Loss:0.340, f1 0.865927, score 0.883804
[Epoch 55] Train time:2.08, Training accuracy:0.9882. Loss: 1.767 LR:0.000013
[Epoch 55] Validation accuracy:0.9205, Loss:0.341, f1 0.865004, score 0.883318
[Epoch 56] Train time:2.08, Training accuracy:0.9883. Loss: 1.768 LR:0.000013
[Epoch 56] Validation accuracy:0.9185, Loss:0.340, f1 0.866549, score 0.883693
[Epoch 57] Train time:2.08, Training accuracy:0.9890. Loss: 1.759 LR:0.000013
[Epoch 57] Validation accuracy:0.9149, Loss:0.343, f1 0.858965, score 0.877424
[Epoch 58] Train time:2.08, Training accuracy:0.9882. Loss: 1.763 LR:0.000013
[Epoch 58] Validation accuracy:0.9146, Loss:0.345, f1 0.862411, score 0.879633
[Epoch 59] Train time:2.08, Training accuracy:0.9887. Loss: 1.764 LR:0.000012
[Epoch 59] Validation accuracy:0.9172, Loss:0.339, f1 0.863754, score 0.881391
[Epoch 60] Train time:2.08, Training accuracy:0.9888. Loss: 1.761 LR:0.000012
[Epoch 60] Validation accuracy:0.9159, Loss:0.344, f1 0.865528, score 0.882151
[Epoch 61] Train time:2.08, Training accuracy:0.9889. Loss: 1.761 LR:0.000012
[Epoch 61] Validation accuracy:0.9159, Loss:0.350, f1 0.859800, score 0.878313
[Epoch 62] Train time:2.08, Training accuracy:0.9892. Loss: 1.757 LR:0.000012
[Epoch 62] Validation accuracy:0.9211, Loss:0.338, f1 0.869447, score 0.886493
Model saved.
best_acc:0.9211
[Epoch 63] Train time:2.08, Training accuracy:0.9900. Loss: 1.752 LR:0.000011
[Epoch 63] Validation accuracy:0.9166, Loss:0.345, f1 0.865521, score 0.882377
[Epoch 64] Train time:2.08, Training accuracy:0.9901. Loss: 1.752 LR:0.000011
[Epoch 64] Validation accuracy:0.9149, Loss:0.346, f1 0.861304, score 0.878991
[Epoch 65] Train time:2.08, Training accuracy:0.9901. Loss: 1.753 LR:0.000011
[Epoch 65] Validation accuracy:0.9169, Loss:0.346, f1 0.867778, score 0.883988
[Epoch 66] Train time:2.08, Training accuracy:0.9895. Loss: 1.754 LR:0.000011
[Epoch 66] Validation accuracy:0.9198, Loss:0.340, f1 0.869578, score 0.886151
[Epoch 67] Train time:2.08, Training accuracy:0.9899. Loss: 1.754 LR:0.000011
[Epoch 67] Validation accuracy:0.9143, Loss:0.347, f1 0.857877, score 0.876497
[Epoch 68] Train time:2.08, Training accuracy:0.9901. Loss: 1.753 LR:0.000010
[Epoch 68] Validation accuracy:0.9172, Loss:0.344, f1 0.866499, score 0.883231
[Epoch 69] Train time:2.08, Training accuracy:0.9902. Loss: 1.747 LR:0.000010
[Epoch 69] Validation accuracy:0.9133, Loss:0.345, f1 0.857008, score 0.875584
[Epoch 70] Train time:2.08, Training accuracy:0.9893. Loss: 1.751 LR:0.000010
[Epoch 70] Validation accuracy:0.9188, Loss:0.341, f1 0.869699, score 0.885902
[Epoch 71] Train time:2.08, Training accuracy:0.9898. Loss: 1.757 LR:0.000010
[Epoch 71] Validation accuracy:0.9162, Loss:0.343, f1 0.859784, score 0.878401
[Epoch 72] Train time:2.08, Training accuracy:0.9902. Loss: 1.750 LR:0.000010
[Epoch 72] Validation accuracy:0.9182, Loss:0.343, f1 0.864262, score 0.882061
[Epoch 73] Train time:2.08, Training accuracy:0.9899. Loss: 1.754 LR:0.000009
[Epoch 73] Validation accuracy:0.9172, Loss:0.341, f1 0.865042, score 0.882254
[Epoch 74] Train time:2.08, Training accuracy:0.9899. Loss: 1.750 LR:0.000009
[Epoch 74] Validation accuracy:0.9156, Loss:0.341, f1 0.862401, score 0.879956
[Epoch 75] Train time:2.08, Training accuracy:0.9901. Loss: 1.748 LR:0.000009
[Epoch 75] Validation accuracy:0.9169, Loss:0.342, f1 0.862983, score 0.880776
[Epoch 76] Train time:2.08, Training accuracy:0.9909. Loss: 1.746 LR:0.000009
[Epoch 76] Validation accuracy:0.9182, Loss:0.339, f1 0.865343, score 0.882786
[Epoch 77] Train time:2.08, Training accuracy:0.9905. Loss: 1.746 LR:0.000009
[Epoch 77] Validation accuracy:0.9172, Loss:0.344, f1 0.867094, score 0.883629
[Epoch 78] Train time:2.08, Training accuracy:0.9905. Loss: 1.746 LR:0.000008
[Epoch 78] Validation accuracy:0.9159, Loss:0.344, f1 0.867228, score 0.883290
[Epoch 79] Train time:2.08, Training accuracy:0.9909. Loss: 1.743 LR:0.000008
[Epoch 79] Validation accuracy:0.9153, Loss:0.341, f1 0.862105, score 0.879659
[Epoch 80] Train time:2.08, Training accuracy:0.9910. Loss: 1.747 LR:0.000008
[Epoch 80] Validation accuracy:0.9140, Loss:0.344, f1 0.861111, score 0.878564
[Epoch 81] Train time:2.08, Training accuracy:0.9910. Loss: 1.743 LR:0.000008
[Epoch 81] Validation accuracy:0.9133, Loss:0.351, f1 0.859823, score 0.877471
[Epoch 82] Train time:2.08, Training accuracy:0.9912. Loss: 1.748 LR:0.000008
[Epoch 82] Validation accuracy:0.9179, Loss:0.338, f1 0.866734, score 0.883619
[Epoch 83] Train time:2.08, Training accuracy:0.9907. Loss: 1.745 LR:0.000008
[Epoch 83] Validation accuracy:0.9185, Loss:0.340, f1 0.864532, score 0.882342
[Epoch 84] Train time:2.08, Training accuracy:0.9912. Loss: 1.742 LR:0.000007
[Epoch 84] Validation accuracy:0.9159, Loss:0.345, f1 0.860605, score 0.878852
[Epoch 85] Train time:2.08, Training accuracy:0.9903. Loss: 1.743 LR:0.000007
[Epoch 85] Validation accuracy:0.9185, Loss:0.338, f1 0.866549, score 0.883693
[Epoch 86] Train time:2.08, Training accuracy:0.9905. Loss: 1.743 LR:0.000007
[Epoch 86] Validation accuracy:0.9185, Loss:0.341, f1 0.864222, score 0.882134
[Epoch 87] Train time:2.08, Training accuracy:0.9917. Loss: 1.737 LR:0.000007
[Epoch 87] Validation accuracy:0.9185, Loss:0.340, f1 0.865625, score 0.883073
[Epoch 88] Train time:2.08, Training accuracy:0.9914. Loss: 1.742 LR:0.000007
[Epoch 88] Validation accuracy:0.9162, Loss:0.340, f1 0.860390, score 0.878807
[Epoch 89] Train time:2.08, Training accuracy:0.9910. Loss: 1.739 LR:0.000007
[Epoch 89] Validation accuracy:0.9162, Loss:0.341, f1 0.862562, score 0.880263
[Epoch 90] Train time:2.08, Training accuracy:0.9914. Loss: 1.742 LR:0.000007
[Epoch 90] Validation accuracy:0.9162, Loss:0.340, f1 0.863398, score 0.880823
[Epoch 91] Train time:2.08, Training accuracy:0.9905. Loss: 1.744 LR:0.000006
[Epoch 91] Validation accuracy:0.9166, Loss:0.344, f1 0.864900, score 0.881961
[Epoch 92] Train time:2.08, Training accuracy:0.9915. Loss: 1.738 LR:0.000006
[Epoch 92] Validation accuracy:0.9166, Loss:0.337, f1 0.864303, score 0.881561
[Epoch 93] Train time:2.08, Training accuracy:0.9913. Loss: 1.739 LR:0.000006
[Epoch 93] Validation accuracy:0.9175, Loss:0.340, f1 0.866510, score 0.883336
[Epoch 94] Train time:2.08, Training accuracy:0.9922. Loss: 1.732 LR:0.000006
[Epoch 94] Validation accuracy:0.9162, Loss:0.341, f1 0.864327, score 0.881445
[Epoch 95] Train time:2.08, Training accuracy:0.9919. Loss: 1.735 LR:0.000006
[Epoch 95] Validation accuracy:0.9198, Loss:0.340, f1 0.867184, score 0.884547
[Epoch 96] Train time:2.08, Training accuracy:0.9916. Loss: 1.736 LR:0.000006
[Epoch 96] Validation accuracy:0.9162, Loss:0.339, f1 0.862298, score 0.880086
[Epoch 97] Train time:2.08, Training accuracy:0.9920. Loss: 1.733 LR:0.000006
[Epoch 97] Validation accuracy:0.9198, Loss:0.341, f1 0.869690, score 0.886226
[Epoch 98] Train time:2.08, Training accuracy:0.9914. Loss: 1.737 LR:0.000006
[Epoch 98] Validation accuracy:0.9179, Loss:0.343, f1 0.861888, score 0.880372
[Epoch 99] Train time:2.08, Training accuracy:0.9911. Loss: 1.738 LR:0.000006
[Epoch 99] Validation accuracy:0.9205, Loss:0.340, f1 0.869315, score 0.886206
[Epoch 100] Train time:2.08, Training accuracy:0.9914. Loss: 1.741 LR:0.000005
[Epoch 100] Validation accuracy:0.9185, Loss:0.338, f1 0.867988, score 0.884657
[Epoch 101] Train time:2.08, Training accuracy:0.9910. Loss: 1.740 LR:0.000005
[Epoch 101] Validation accuracy:0.9221, Loss:0.340, f1 0.871001, score 0.887864
Model saved.
best_acc:0.9221
[Epoch 102] Train time:2.08, Training accuracy:0.9920. Loss: 1.738 LR:0.000005
[Epoch 102] Validation accuracy:0.9228, Loss:0.337, f1 0.874043, score 0.890133
Model saved.
best_acc:0.9228
[Epoch 103] Train time:2.08, Training accuracy:0.9907. Loss: 1.741 LR:0.000005
[Epoch 103] Validation accuracy:0.9208, Loss:0.335, f1 0.873150, score 0.888875
[Epoch 104] Train time:2.08, Training accuracy:0.9919. Loss: 1.736 LR:0.000005
[Epoch 104] Validation accuracy:0.9198, Loss:0.333, f1 0.868910, score 0.885704
[Epoch 105] Train time:2.08, Training accuracy:0.9923. Loss: 1.734 LR:0.000005
[Epoch 105] Validation accuracy:0.9208, Loss:0.341, f1 0.872737, score 0.888598
[Epoch 106] Train time:2.08, Training accuracy:0.9922. Loss: 1.734 LR:0.000005
[Epoch 106] Validation accuracy:0.9198, Loss:0.341, f1 0.870389, score 0.886695
[Epoch 107] Train time:2.08, Training accuracy:0.9922. Loss: 1.731 LR:0.000005
[Epoch 107] Validation accuracy:0.9205, Loss:0.338, f1 0.870520, score 0.887013
[Epoch 108] Train time:2.08, Training accuracy:0.9919. Loss: 1.732 LR:0.000005
[Epoch 108] Validation accuracy:0.9185, Loss:0.341, f1 0.868820, score 0.885214
[Epoch 109] Train time:2.08, Training accuracy:0.9919. Loss: 1.734 LR:0.000005
[Epoch 109] Validation accuracy:0.9188, Loss:0.341, f1 0.866303, score 0.883627
[Epoch 110] Train time:2.08, Training accuracy:0.9922. Loss: 1.735 LR:0.000004
[Epoch 110] Validation accuracy:0.9188, Loss:0.341, f1 0.867600, score 0.884496
[Epoch 111] Train time:2.08, Training accuracy:0.9923. Loss: 1.731 LR:0.000004
[Epoch 111] Validation accuracy:0.9195, Loss:0.341, f1 0.866991, score 0.884319
[Epoch 112] Train time:2.08, Training accuracy:0.9918. Loss: 1.736 LR:0.000004
[Epoch 112] Validation accuracy:0.9169, Loss:0.344, f1 0.863516, score 0.881133
[Epoch 113] Train time:2.08, Training accuracy:0.9926. Loss: 1.729 LR:0.000004
[Epoch 113] Validation accuracy:0.9198, Loss:0.338, f1 0.868004, score 0.885097
[Epoch 114] Train time:2.08, Training accuracy:0.9921. Loss: 1.738 LR:0.000004
[Epoch 114] Validation accuracy:0.9185, Loss:0.339, f1 0.866012, score 0.883333
[Epoch 115] Train time:2.08, Training accuracy:0.9923. Loss: 1.729 LR:0.000004
[Epoch 115] Validation accuracy:0.9172, Loss:0.338, f1 0.866117, score 0.882975
[Epoch 116] Train time:2.08, Training accuracy:0.9932. Loss: 1.727 LR:0.000004
[Epoch 116] Validation accuracy:0.9211, Loss:0.339, f1 0.870753, score 0.887367
[Epoch 117] Train time:2.08, Training accuracy:0.9927. Loss: 1.728 LR:0.000004
[Epoch 117] Validation accuracy:0.9195, Loss:0.340, f1 0.868539, score 0.885356
[Epoch 118] Train time:2.08, Training accuracy:0.9933. Loss: 1.727 LR:0.000004
[Epoch 118] Validation accuracy:0.9185, Loss:0.338, f1 0.864966, score 0.882632
[Epoch 119] Train time:2.08, Training accuracy:0.9930. Loss: 1.728 LR:0.000004
[Epoch 119] Validation accuracy:0.9221, Loss:0.342, f1 0.873727, score 0.889690
[Epoch 120] Train time:2.08, Training accuracy:0.9917. Loss: 1.733 LR:0.000004
[Epoch 120] Validation accuracy:0.9188, Loss:0.341, f1 0.865036, score 0.882778
[Epoch 121] Train time:2.08, Training accuracy:0.9925. Loss: 1.728 LR:0.000004
[Epoch 121] Validation accuracy:0.9188, Loss:0.337, f1 0.862780, score 0.881266
[Epoch 122] Train time:2.08, Training accuracy:0.9929. Loss: 1.731 LR:0.000003
[Epoch 122] Validation accuracy:0.9224, Loss:0.336, f1 0.870322, score 0.887508
[Epoch 123] Train time:2.08, Training accuracy:0.9927. Loss: 1.734 LR:0.000003
[Epoch 123] Validation accuracy:0.9198, Loss:0.338, f1 0.865720, score 0.883566
[Epoch 124] Train time:2.08, Training accuracy:0.9922. Loss: 1.731 LR:0.000003
[Epoch 124] Validation accuracy:0.9218, Loss:0.338, f1 0.870094, score 0.887157
[Epoch 125] Train time:2.08, Training accuracy:0.9923. Loss: 1.732 LR:0.000003
[Epoch 125] Validation accuracy:0.9185, Loss:0.339, f1 0.867530, score 0.884350
[Epoch 126] Train time:2.08, Training accuracy:0.9922. Loss: 1.727 LR:0.000003
[Epoch 126] Validation accuracy:0.9195, Loss:0.339, f1 0.866264, score 0.883832
[Epoch 127] Train time:2.08, Training accuracy:0.9930. Loss: 1.730 LR:0.000003
[Epoch 127] Validation accuracy:0.9185, Loss:0.338, f1 0.867222, score 0.884144
[Epoch 128] Train time:2.08, Training accuracy:0.9924. Loss: 1.729 LR:0.000003
[Epoch 128] Validation accuracy:0.9195, Loss:0.339, f1 0.869101, score 0.885733
[Epoch 129] Train time:2.08, Training accuracy:0.9926. Loss: 1.730 LR:0.000003
[Epoch 129] Validation accuracy:0.9201, Loss:0.336, f1 0.867062, score 0.884565
[Epoch 130] Train time:2.08, Training accuracy:0.9924. Loss: 1.730 LR:0.000003
[Epoch 130] Validation accuracy:0.9221, Loss:0.338, f1 0.871629, score 0.888284
[Epoch 131] Train time:2.08, Training accuracy:0.9927. Loss: 1.730 LR:0.000003
[Epoch 131] Validation accuracy:0.9221, Loss:0.338, f1 0.872285, score 0.888724
[Epoch 132] Train time:2.08, Training accuracy:0.9927. Loss: 1.729 LR:0.000003
[Epoch 132] Validation accuracy:0.9224, Loss:0.337, f1 0.871011, score 0.887969
[Epoch 133] Train time:2.09, Training accuracy:0.9936. Loss: 1.724 LR:0.000003
[Epoch 133] Validation accuracy:0.9224, Loss:0.338, f1 0.874488, score 0.890299
[Epoch 134] Train time:2.08, Training accuracy:0.9932. Loss: 1.727 LR:0.000003
[Epoch 134] Validation accuracy:0.9208, Loss:0.336, f1 0.871520, score 0.887782
[Epoch 135] Train time:2.08, Training accuracy:0.9930. Loss: 1.728 LR:0.000003
[Epoch 135] Validation accuracy:0.9224, Loss:0.337, f1 0.872117, score 0.888710
[Epoch 136] Train time:2.08, Training accuracy:0.9932. Loss: 1.727 LR:0.000003
[Epoch 136] Validation accuracy:0.9208, Loss:0.338, f1 0.867981, score 0.885411
[Epoch 137] Train time:2.08, Training accuracy:0.9930. Loss: 1.728 LR:0.000003
[Epoch 137] Validation accuracy:0.9218, Loss:0.339, f1 0.869542, score 0.886787
[Epoch 138] Train time:2.08, Training accuracy:0.9933. Loss: 1.725 LR:0.000003
[Epoch 138] Validation accuracy:0.9201, Loss:0.342, f1 0.870011, score 0.886540
[Epoch 139] Train time:2.08, Training accuracy:0.9931. Loss: 1.728 LR:0.000002
[Epoch 139] Validation accuracy:0.9224, Loss:0.339, f1 0.871686, score 0.888422
[Epoch 140] Train time:2.08, Training accuracy:0.9934. Loss: 1.724 LR:0.000002
[Epoch 140] Validation accuracy:0.9221, Loss:0.339, f1 0.869699, score 0.886991
[Epoch 141] Train time:2.08, Training accuracy:0.9931. Loss: 1.725 LR:0.000002
[Epoch 141] Validation accuracy:0.9201, Loss:0.340, f1 0.869145, score 0.885960
[Epoch 142] Train time:2.08, Training accuracy:0.9927. Loss: 1.728 LR:0.000002
[Epoch 142] Validation accuracy:0.9195, Loss:0.340, f1 0.866817, score 0.884203
[Epoch 143] Train time:2.08, Training accuracy:0.9926. Loss: 1.725 LR:0.000002
[Epoch 143] Validation accuracy:0.9185, Loss:0.338, f1 0.866714, score 0.883804
[Epoch 144] Train time:2.08, Training accuracy:0.9931. Loss: 1.726 LR:0.000002
[Epoch 144] Validation accuracy:0.9185, Loss:0.337, f1 0.866550, score 0.883694
[Epoch 145] Train time:2.08, Training accuracy:0.9924. Loss: 1.729 LR:0.000002
[Epoch 145] Validation accuracy:0.9192, Loss:0.341, f1 0.869550, score 0.885935
[Epoch 146] Train time:2.08, Training accuracy:0.9934. Loss: 1.721 LR:0.000002
[Epoch 146] Validation accuracy:0.9208, Loss:0.339, f1 0.869860, score 0.886670
[Epoch 147] Train time:2.08, Training accuracy:0.9936. Loss: 1.725 LR:0.000002
[Epoch 147] Validation accuracy:0.9185, Loss:0.339, f1 0.868082, score 0.884720
[Epoch 148] Train time:2.08, Training accuracy:0.9933. Loss: 1.724 LR:0.000002
[Epoch 148] Validation accuracy:0.9214, Loss:0.341, f1 0.871192, score 0.887761
[Epoch 149] Train time:2.08, Training accuracy:0.9932. Loss: 1.726 LR:0.000002
[Epoch 149] Validation accuracy:0.9208, Loss:0.341, f1 0.868257, score 0.885596
[Epoch 150] Train time:2.08, Training accuracy:0.9932. Loss: 1.723 LR:0.000002
[Epoch 150] Validation accuracy:0.9198, Loss:0.340, f1 0.868978, score 0.885749
[Epoch 151] Train time:2.08, Training accuracy:0.9928. Loss: 1.727 LR:0.000002
[Epoch 151] Validation accuracy:0.9218, Loss:0.338, f1 0.870739, score 0.887589
[Epoch 152] Train time:2.09, Training accuracy:0.9933. Loss: 1.724 LR:0.000002
[Epoch 152] Validation accuracy:0.9201, Loss:0.341, f1 0.868555, score 0.885565
[Epoch 153] Train time:2.09, Training accuracy:0.9930. Loss: 1.724 LR:0.000002
[Epoch 153] Validation accuracy:0.9211, Loss:0.343, f1 0.868301, score 0.885725
[Epoch 154] Train time:2.09, Training accuracy:0.9939. Loss: 1.720 LR:0.000002
[Epoch 154] Validation accuracy:0.9195, Loss:0.341, f1 0.867384, score 0.884582
[Epoch 155] Train time:2.09, Training accuracy:0.9930. Loss: 1.727 LR:0.000002
[Epoch 155] Validation accuracy:0.9208, Loss:0.342, f1 0.869469, score 0.886408
[Epoch 156] Train time:2.08, Training accuracy:0.9938. Loss: 1.722 LR:0.000002
[Epoch 156] Validation accuracy:0.9188, Loss:0.343, f1 0.866340, score 0.883652
[Epoch 157] Train time:2.09, Training accuracy:0.9941. Loss: 1.721 LR:0.000002
[Epoch 157] Validation accuracy:0.9188, Loss:0.341, f1 0.866474, score 0.883742
[Epoch 158] Train time:2.09, Training accuracy:0.9934. Loss: 1.725 LR:0.000002
[Epoch 158] Validation accuracy:0.9201, Loss:0.341, f1 0.869058, score 0.885902
[Epoch 159] Train time:2.09, Training accuracy:0.9929. Loss: 1.723 LR:0.000002
[Epoch 159] Validation accuracy:0.9214, Loss:0.338, f1 0.869892, score 0.886890
[Epoch 160] Train time:2.09, Training accuracy:0.9939. Loss: 1.721 LR:0.000002
[Epoch 160] Validation accuracy:0.9218, Loss:0.340, f1 0.871580, score 0.888153
[Epoch 161] Train time:2.09, Training accuracy:0.9935. Loss: 1.722 LR:0.000002
[Epoch 161] Validation accuracy:0.9188, Loss:0.341, f1 0.867100, score 0.884161
[Epoch 162] Train time:2.08, Training accuracy:0.9930. Loss: 1.723 LR:0.000002
[Epoch 162] Validation accuracy:0.9172, Loss:0.340, f1 0.865509, score 0.882567
[Epoch 163] Train time:2.09, Training accuracy:0.9939. Loss: 1.719 LR:0.000002
[Epoch 163] Validation accuracy:0.9198, Loss:0.338, f1 0.868355, score 0.885332
[Epoch 164] Train time:2.08, Training accuracy:0.9939. Loss: 1.722 LR:0.000001
[Epoch 164] Validation accuracy:0.9185, Loss:0.341, f1 0.866942, score 0.883956
[Epoch 165] Train time:2.08, Training accuracy:0.9930. Loss: 1.724 LR:0.000001
[Epoch 165] Validation accuracy:0.9182, Loss:0.343, f1 0.866575, score 0.883611
[Epoch 166] Train time:2.09, Training accuracy:0.9938. Loss: 1.721 LR:0.000001
[Epoch 166] Validation accuracy:0.9195, Loss:0.341, f1 0.869318, score 0.885878
[Epoch 167] Train time:2.09, Training accuracy:0.9931. Loss: 1.724 LR:0.000001
[Epoch 167] Validation accuracy:0.9198, Loss:0.340, f1 0.867606, score 0.884830
[Epoch 168] Train time:2.08, Training accuracy:0.9934. Loss: 1.725 LR:0.000001
[Epoch 168] Validation accuracy:0.9201, Loss:0.339, f1 0.868875, score 0.885779
[Epoch 169] Train time:2.08, Training accuracy:0.9928. Loss: 1.725 LR:0.000001
[Epoch 169] Validation accuracy:0.9198, Loss:0.342, f1 0.866883, score 0.884346
[Epoch 170] Train time:2.09, Training accuracy:0.9937. Loss: 1.720 LR:0.000001
[Epoch 170] Validation accuracy:0.9195, Loss:0.342, f1 0.865585, score 0.883377
[Epoch 171] Train time:2.09, Training accuracy:0.9932. Loss: 1.722 LR:0.000001
[Epoch 171] Validation accuracy:0.9211, Loss:0.341, f1 0.870407, score 0.887135
[Epoch 172] Train time:2.08, Training accuracy:0.9935. Loss: 1.721 LR:0.000001
[Epoch 172] Validation accuracy:0.9218, Loss:0.341, f1 0.872891, score 0.889031
[Epoch 173] Train time:2.09, Training accuracy:0.9937. Loss: 1.722 LR:0.000001
[Epoch 173] Validation accuracy:0.9211, Loss:0.341, f1 0.869239, score 0.886353
[Epoch 174] Train time:2.09, Training accuracy:0.9937. Loss: 1.723 LR:0.000001
[Epoch 174] Validation accuracy:0.9218, Loss:0.340, f1 0.872341, score 0.888663
[Epoch 175] Train time:2.08, Training accuracy:0.9931. Loss: 1.724 LR:0.000001
[Epoch 175] Validation accuracy:0.9211, Loss:0.339, f1 0.869562, score 0.886569
[Epoch 176] Train time:2.08, Training accuracy:0.9948. Loss: 1.716 LR:0.000001
[Epoch 176] Validation accuracy:0.9214, Loss:0.338, f1 0.872151, score 0.888403
[Epoch 177] Train time:2.08, Training accuracy:0.9941. Loss: 1.718 LR:0.000001
[Epoch 177] Validation accuracy:0.9224, Loss:0.338, f1 0.872521, score 0.888981
[Epoch 178] Train time:2.11, Training accuracy:0.9926. Loss: 1.726 LR:0.000001
[Epoch 178] Validation accuracy:0.9221, Loss:0.339, f1 0.869521, score 0.886872
[Epoch 179] Train time:2.11, Training accuracy:0.9932. Loss: 1.724 LR:0.000001
[Epoch 179] Validation accuracy:0.9237, Loss:0.340, f1 0.873051, score 0.889765
Model saved.
best_acc:0.9237
[Epoch 180] Train time:2.11, Training accuracy:0.9940. Loss: 1.719 LR:0.000001
[Epoch 180] Validation accuracy:0.9218, Loss:0.340, f1 0.871238, score 0.887923
[Epoch 181] Train time:2.08, Training accuracy:0.9937. Loss: 1.721 LR:0.000001
[Epoch 181] Validation accuracy:0.9211, Loss:0.339, f1 0.868260, score 0.885697
[Epoch 182] Train time:2.09, Training accuracy:0.9929. Loss: 1.724 LR:0.000001
[Epoch 182] Validation accuracy:0.9182, Loss:0.342, f1 0.864436, score 0.882178
[Epoch 183] Train time:2.08, Training accuracy:0.9936. Loss: 1.719 LR:0.000001
[Epoch 183] Validation accuracy:0.9205, Loss:0.339, f1 0.867423, score 0.884938
[Epoch 184] Train time:2.08, Training accuracy:0.9932. Loss: 1.722 LR:0.000001
[Epoch 184] Validation accuracy:0.9201, Loss:0.339, f1 0.865130, score 0.883270
[Epoch 185] Train time:2.09, Training accuracy:0.9940. Loss: 1.724 LR:0.000001
[Epoch 185] Validation accuracy:0.9211, Loss:0.339, f1 0.865225, score 0.883664
[Epoch 186] Train time:2.08, Training accuracy:0.9933. Loss: 1.722 LR:0.000001
[Epoch 186] Validation accuracy:0.9195, Loss:0.340, f1 0.867425, score 0.884610
[Epoch 187] Train time:2.08, Training accuracy:0.9937. Loss: 1.720 LR:0.000001
[Epoch 187] Validation accuracy:0.9195, Loss:0.338, f1 0.865556, score 0.883357
[Epoch 188] Train time:2.08, Training accuracy:0.9945. Loss: 1.718 LR:0.000001
[Epoch 188] Validation accuracy:0.9214, Loss:0.340, f1 0.868881, score 0.886213
[Epoch 189] Train time:2.08, Training accuracy:0.9947. Loss: 1.717 LR:0.000001
[Epoch 189] Validation accuracy:0.9211, Loss:0.339, f1 0.871060, score 0.887573
[Epoch 190] Train time:2.08, Training accuracy:0.9936. Loss: 1.719 LR:0.000001
[Epoch 190] Validation accuracy:0.9214, Loss:0.339, f1 0.869951, score 0.886929
[Epoch 191] Train time:2.08, Training accuracy:0.9935. Loss: 1.723 LR:0.000001
[Epoch 191] Validation accuracy:0.9211, Loss:0.339, f1 0.870107, score 0.886935
[Epoch 192] Train time:2.08, Training accuracy:0.9940. Loss: 1.719 LR:0.000001
[Epoch 192] Validation accuracy:0.9214, Loss:0.338, f1 0.870056, score 0.886999
[Epoch 193] Train time:2.09, Training accuracy:0.9945. Loss: 1.716 LR:0.000001
[Epoch 193] Validation accuracy:0.9214, Loss:0.340, f1 0.870737, score 0.887456
[Epoch 194] Train time:2.08, Training accuracy:0.9945. Loss: 1.719 LR:0.000001
[Epoch 194] Validation accuracy:0.9224, Loss:0.340, f1 0.870961, score 0.887936
[Epoch 195] Train time:2.08, Training accuracy:0.9932. Loss: 1.723 LR:0.000001
[Epoch 195] Validation accuracy:0.9214, Loss:0.339, f1 0.870876, score 0.887549
[Epoch 196] Train time:2.09, Training accuracy:0.9934. Loss: 1.722 LR:0.000001
[Epoch 196] Validation accuracy:0.9211, Loss:0.339, f1 0.870923, score 0.887481
[Epoch 197] Train time:2.08, Training accuracy:0.9934. Loss: 1.719 LR:0.000001
[Epoch 197] Validation accuracy:0.9208, Loss:0.339, f1 0.869824, score 0.886646
[Epoch 198] Train time:2.08, Training accuracy:0.9950. Loss: 1.713 LR:0.000001
[Epoch 198] Validation accuracy:0.9214, Loss:0.340, f1 0.869732, score 0.886783
[Epoch 199] Train time:2.09, Training accuracy:0.9945. Loss: 1.720 LR:0.000001
[Epoch 199] Validation accuracy:0.9205, Loss:0.339, f1 0.868600, score 0.885727
[Epoch 200] Train time:2.08, Training accuracy:0.9939. Loss: 1.719 LR:0.000001
[Epoch 200] Validation accuracy:0.9211, Loss:0.340, f1 0.867159, score 0.884960
[Epoch 201] Train time:2.08, Training accuracy:0.9947. Loss: 1.715 LR:0.000001
[Epoch 201] Validation accuracy:0.9221, Loss:0.339, f1 0.871237, score 0.888022
[Epoch 202] Train time:2.08, Training accuracy:0.9941. Loss: 1.720 LR:0.000001
[Epoch 202] Validation accuracy:0.9208, Loss:0.340, f1 0.868665, score 0.885869
[Epoch 203] Train time:2.08, Training accuracy:0.9938. Loss: 1.721 LR:0.000001
[Epoch 203] Validation accuracy:0.9214, Loss:0.339, f1 0.870388, score 0.887222
[Epoch 204] Train time:2.08, Training accuracy:0.9932. Loss: 1.721 LR:0.000001
[Epoch 204] Validation accuracy:0.9205, Loss:0.340, f1 0.866293, score 0.884181
[Epoch 205] Train time:2.08, Training accuracy:0.9944. Loss: 1.714 LR:0.000001
[Epoch 205] Validation accuracy:0.9195, Loss:0.339, f1 0.866487, score 0.883981
[Epoch 206] Train time:2.08, Training accuracy:0.9940. Loss: 1.717 LR:0.000001
[Epoch 206] Validation accuracy:0.9208, Loss:0.338, f1 0.870141, score 0.886858
[Epoch 207] Train time:2.08, Training accuracy:0.9944. Loss: 1.718 LR:0.000001
[Epoch 207] Validation accuracy:0.9208, Loss:0.340, f1 0.867075, score 0.884804
[Epoch 208] Train time:2.08, Training accuracy:0.9936. Loss: 1.718 LR:0.000001
[Epoch 208] Validation accuracy:0.9182, Loss:0.339, f1 0.863109, score 0.881289
[Epoch 209] Train time:2.08, Training accuracy:0.9940. Loss: 1.720 LR:0.000001
[Epoch 209] Validation accuracy:0.9192, Loss:0.339, f1 0.864630, score 0.882638
[Epoch 210] Train time:2.08, Training accuracy:0.9942. Loss: 1.718 LR:0.000001
[Epoch 210] Validation accuracy:0.9205, Loss:0.338, f1 0.869168, score 0.886108
[Epoch 211] Train time:2.08, Training accuracy:0.9949. Loss: 1.715 LR:0.000001
[Epoch 211] Validation accuracy:0.9192, Loss:0.341, f1 0.867006, score 0.884230
[Epoch 212] Train time:2.08, Training accuracy:0.9947. Loss: 1.713 LR:0.000001
[Epoch 212] Validation accuracy:0.9188, Loss:0.341, f1 0.864613, score 0.882495
[Epoch 213] Train time:2.08, Training accuracy:0.9948. Loss: 1.714 LR:0.000001
[Epoch 213] Validation accuracy:0.9195, Loss:0.342, f1 0.865450, score 0.883286
[Epoch 214] Train time:2.08, Training accuracy:0.9941. Loss: 1.717 LR:0.000001
[Epoch 214] Validation accuracy:0.9205, Loss:0.339, f1 0.866820, score 0.884535
[Epoch 215] Train time:2.09, Training accuracy:0.9941. Loss: 1.719 LR:0.000001
[Epoch 215] Validation accuracy:0.9198, Loss:0.340, f1 0.865602, score 0.883487
[Epoch 216] Train time:2.08, Training accuracy:0.9951. Loss: 1.714 LR:0.000001
[Epoch 216] Validation accuracy:0.9198, Loss:0.342, f1 0.866017, score 0.883765
[Epoch 217] Train time:2.08, Training accuracy:0.9935. Loss: 1.721 LR:0.000001
[Epoch 217] Validation accuracy:0.9208, Loss:0.339, f1 0.867849, score 0.885323
[Epoch 218] Train time:2.08, Training accuracy:0.9941. Loss: 1.716 LR:0.000000
[Epoch 218] Validation accuracy:0.9201, Loss:0.340, f1 0.865896, score 0.883783
[Epoch 219] Train time:2.08, Training accuracy:0.9938. Loss: 1.722 LR:0.000000
[Epoch 219] Validation accuracy:0.9195, Loss:0.340, f1 0.865655, score 0.883424
[Epoch 220] Train time:2.09, Training accuracy:0.9943. Loss: 1.716 LR:0.000000
[Epoch 220] Validation accuracy:0.9198, Loss:0.339, f1 0.867808, score 0.884966
[Epoch 221] Train time:2.09, Training accuracy:0.9936. Loss: 1.720 LR:0.000000
[Epoch 221] Validation accuracy:0.9201, Loss:0.339, f1 0.867549, score 0.884891
[Epoch 222] Train time:2.08, Training accuracy:0.9944. Loss: 1.719 LR:0.000000
[Epoch 222] Validation accuracy:0.9208, Loss:0.339, f1 0.866386, score 0.884343
[Epoch 223] Train time:2.08, Training accuracy:0.9941. Loss: 1.723 LR:0.000000
[Epoch 223] Validation accuracy:0.9211, Loss:0.339, f1 0.867266, score 0.885032
[Epoch 224] Train time:2.09, Training accuracy:0.9935. Loss: 1.721 LR:0.000000
[Epoch 224] Validation accuracy:0.9214, Loss:0.339, f1 0.868677, score 0.886076
[Epoch 225] Train time:2.09, Training accuracy:0.9936. Loss: 1.719 LR:0.000000
[Epoch 225] Validation accuracy:0.9208, Loss:0.339, f1 0.867966, score 0.885401
[Epoch 226] Train time:2.08, Training accuracy:0.9950. Loss: 1.713 LR:0.000000
[Epoch 226] Validation accuracy:0.9218, Loss:0.340, f1 0.870998, score 0.887763
[Epoch 227] Train time:2.09, Training accuracy:0.9940. Loss: 1.720 LR:0.000000
[Epoch 227] Validation accuracy:0.9221, Loss:0.338, f1 0.871700, score 0.888332
[Epoch 228] Train time:2.09, Training accuracy:0.9941. Loss: 1.718 LR:0.000000
[Epoch 228] Validation accuracy:0.9201, Loss:0.340, f1 0.866173, score 0.883969
[Epoch 229] Train time:2.09, Training accuracy:0.9945. Loss: 1.716 LR:0.000000
[Epoch 229] Validation accuracy:0.9211, Loss:0.339, f1 0.868640, score 0.885952
[Epoch 230] Train time:2.08, Training accuracy:0.9934. Loss: 1.718 LR:0.000000
[Epoch 230] Validation accuracy:0.9198, Loss:0.340, f1 0.867115, score 0.884501
[Epoch 231] Train time:2.09, Training accuracy:0.9938. Loss: 1.718 LR:0.000000
[Epoch 231] Validation accuracy:0.9214, Loss:0.340, f1 0.872405, score 0.888573
[Epoch 232] Train time:2.08, Training accuracy:0.9936. Loss: 1.721 LR:0.000000
[Epoch 232] Validation accuracy:0.9208, Loss:0.341, f1 0.869505, score 0.886432
[Epoch 233] Train time:2.08, Training accuracy:0.9950. Loss: 1.716 LR:0.000000
[Epoch 233] Validation accuracy:0.9208, Loss:0.340, f1 0.867913, score 0.885365
[Epoch 234] Train time:2.09, Training accuracy:0.9938. Loss: 1.717 LR:0.000000
[Epoch 234] Validation accuracy:0.9205, Loss:0.341, f1 0.868653, score 0.885763
[Epoch 235] Train time:2.09, Training accuracy:0.9941. Loss: 1.719 LR:0.000000
[Epoch 235] Validation accuracy:0.9205, Loss:0.339, f1 0.868730, score 0.885814
[Epoch 236] Train time:2.09, Training accuracy:0.9950. Loss: 1.715 LR:0.000000
[Epoch 236] Validation accuracy:0.9218, Loss:0.339, f1 0.870844, score 0.887660
[Epoch 237] Train time:2.15, Training accuracy:0.9941. Loss: 1.716 LR:0.000000
[Epoch 237] Validation accuracy:0.9205, Loss:0.340, f1 0.865806, score 0.883855
[Epoch 238] Train time:2.12, Training accuracy:0.9941. Loss: 1.720 LR:0.000000
[Epoch 238] Validation accuracy:0.9195, Loss:0.340, f1 0.867525, score 0.884677
[Epoch 239] Train time:2.11, Training accuracy:0.9949. Loss: 1.716 LR:0.000000
[Epoch 239] Validation accuracy:0.9214, Loss:0.339, f1 0.871502, score 0.887968
[Epoch 240] Train time:2.10, Training accuracy:0.9943. Loss: 1.718 LR:0.000000
[Epoch 240] Validation accuracy:0.9211, Loss:0.340, f1 0.869667, score 0.886640
[Epoch 241] Train time:2.09, Training accuracy:0.9943. Loss: 1.715 LR:0.000000
[Epoch 241] Validation accuracy:0.9208, Loss:0.340, f1 0.870901, score 0.887368
[Epoch 242] Train time:2.09, Training accuracy:0.9942. Loss: 1.717 LR:0.000000
[Epoch 242] Validation accuracy:0.9208, Loss:0.340, f1 0.867769, score 0.885269
[Epoch 243] Train time:2.09, Training accuracy:0.9938. Loss: 1.720 LR:0.000000
[Epoch 243] Validation accuracy:0.9211, Loss:0.339, f1 0.871652, score 0.887970
[Epoch 244] Train time:2.09, Training accuracy:0.9940. Loss: 1.717 LR:0.000000
[Epoch 244] Validation accuracy:0.9211, Loss:0.339, f1 0.870145, score 0.886960
[Epoch 245] Train time:2.09, Training accuracy:0.9954. Loss: 1.712 LR:0.000000
[Epoch 245] Validation accuracy:0.9205, Loss:0.340, f1 0.868313, score 0.885535
[Epoch 246] Train time:2.09, Training accuracy:0.9947. Loss: 1.715 LR:0.000000
[Epoch 246] Validation accuracy:0.9211, Loss:0.339, f1 0.869980, score 0.886850
[Epoch 247] Train time:2.09, Training accuracy:0.9940. Loss: 1.719 LR:0.000000
[Epoch 247] Validation accuracy:0.9198, Loss:0.341, f1 0.866178, score 0.883873
[Epoch 248] Train time:2.09, Training accuracy:0.9949. Loss: 1.714 LR:0.000000
[Epoch 248] Validation accuracy:0.9218, Loss:0.338, f1 0.870252, score 0.887263
[Epoch 249] Train time:2.09, Training accuracy:0.9948. Loss: 1.719 LR:0.000000
[Epoch 249] Validation accuracy:0.9195, Loss:0.341, f1 0.867428, score 0.884611
[Epoch 250] Train time:2.09, Training accuracy:0.9948. Loss: 1.715 LR:0.000000
[Epoch 250] Validation accuracy:0.9214, Loss:0.339, f1 0.868461, score 0.885931
