Work on GPU:  0,1
load_weight 304
Namespace(dataset='rafdb', checkpoint=None, batch_size=120, val_batch_size=32, modeltype='large', optimizer='adam', lr=4e-05, momentum=0.9, workers=2, epochs=250, gpu='0,1', head_type='enhanced_v7')
Train set size: 12271
Validation set size: 3068
GFLOPs: 15.66
GMacs: 7.83
Params: 71.37M
batch_size: 120
Total Parameters: 71.368M
[Epoch 1] Train time:2.81, Training accuracy:0.6702. Loss: 3.898 LR:0.000040
[Epoch 1] Validation accuracy:0.8334, Loss:0.614, f1 0.633508, score 0.699473
best_acc:0.8334
[Epoch 2] Train time:2.76, Training accuracy:0.8016. Loss: 2.942 LR:0.000039
[Epoch 2] Validation accuracy:0.8804, Loss:0.495, f1 0.782214, score 0.814615
best_acc:0.8804
[Epoch 3] Train time:2.76, Training accuracy:0.8474. Loss: 2.668 LR:0.000038
[Epoch 3] Validation accuracy:0.9006, Loss:0.426, f1 0.832705, score 0.855111
best_acc:0.9006
[Epoch 4] Train time:2.75, Training accuracy:0.8769. Loss: 2.491 LR:0.000038
[Epoch 4] Validation accuracy:0.9003, Loss:0.406, f1 0.838777, score 0.859079
[Epoch 5] Train time:2.76, Training accuracy:0.8972. Loss: 2.376 LR:0.000037
[Epoch 5] Validation accuracy:0.9074, Loss:0.376, f1 0.846783, score 0.866787
Model saved.
best_acc:0.9074
[Epoch 6] Train time:2.76, Training accuracy:0.9215. Loss: 2.238 LR:0.000036
[Epoch 6] Validation accuracy:0.8993, Loss:0.380, f1 0.825597, score 0.849919
[Epoch 7] Train time:2.76, Training accuracy:0.9326. Loss: 2.180 LR:0.000035
[Epoch 7] Validation accuracy:0.9113, Loss:0.357, f1 0.856597, score 0.874649
Model saved.
best_acc:0.9113
[Epoch 8] Train time:2.76, Training accuracy:0.9447. Loss: 2.091 LR:0.000035
[Epoch 8] Validation accuracy:0.8954, Loss:0.383, f1 0.839683, score 0.858069
[Epoch 9] Train time:2.76, Training accuracy:0.9497. Loss: 2.064 LR:0.000034
[Epoch 9] Validation accuracy:0.8963, Loss:0.387, f1 0.832440, score 0.853514
[Epoch 10] Train time:2.76, Training accuracy:0.9585. Loss: 2.012 LR:0.000033
[Epoch 10] Validation accuracy:0.9136, Loss:0.351, f1 0.859443, score 0.877315
Model saved.
best_acc:0.9136
[Epoch 11] Train time:2.76, Training accuracy:0.9597. Loss: 2.005 LR:0.000033
[Epoch 11] Validation accuracy:0.9035, Loss:0.366, f1 0.851456, score 0.868630
[Epoch 12] Train time:2.76, Training accuracy:0.9650. Loss: 1.969 LR:0.000032
[Epoch 12] Validation accuracy:0.9081, Loss:0.354, f1 0.855880, score 0.873113
[Epoch 13] Train time:2.76, Training accuracy:0.9681. Loss: 1.937 LR:0.000031
[Epoch 13] Validation accuracy:0.9162, Loss:0.352, f1 0.860593, score 0.878943
Model saved.
best_acc:0.9162
[Epoch 14] Train time:2.76, Training accuracy:0.9709. Loss: 1.928 LR:0.000031
[Epoch 14] Validation accuracy:0.9149, Loss:0.345, f1 0.860812, score 0.878661
[Epoch 15] Train time:2.76, Training accuracy:0.9728. Loss: 1.906 LR:0.000030
[Epoch 15] Validation accuracy:0.9117, Loss:0.345, f1 0.858349, score 0.875955
[Epoch 16] Train time:2.76, Training accuracy:0.9755. Loss: 1.893 LR:0.000030
[Epoch 16] Validation accuracy:0.9120, Loss:0.350, f1 0.855979, score 0.874466
[Epoch 17] Train time:2.75, Training accuracy:0.9747. Loss: 1.890 LR:0.000029
[Epoch 17] Validation accuracy:0.9068, Loss:0.356, f1 0.851132, score 0.869503
[Epoch 18] Train time:2.76, Training accuracy:0.9758. Loss: 1.887 LR:0.000028
[Epoch 18] Validation accuracy:0.9133, Loss:0.351, f1 0.856700, score 0.875378
[Epoch 19] Train time:2.76, Training accuracy:0.9777. Loss: 1.873 LR:0.000028
[Epoch 19] Validation accuracy:0.9166, Loss:0.345, f1 0.861593, score 0.879745
Model saved.
best_acc:0.9166
[Epoch 20] Train time:2.76, Training accuracy:0.9773. Loss: 1.870 LR:0.000027
[Epoch 20] Validation accuracy:0.9091, Loss:0.353, f1 0.854812, score 0.872727
[Epoch 21] Train time:2.76, Training accuracy:0.9793. Loss: 1.863 LR:0.000027
[Epoch 21] Validation accuracy:0.9104, Loss:0.358, f1 0.850998, score 0.870601
[Epoch 22] Train time:2.76, Training accuracy:0.9793. Loss: 1.856 LR:0.000026
[Epoch 22] Validation accuracy:0.9120, Loss:0.352, f1 0.856249, score 0.874647
[Epoch 23] Train time:2.76, Training accuracy:0.9806. Loss: 1.851 LR:0.000026
[Epoch 23] Validation accuracy:0.9117, Loss:0.346, f1 0.857456, score 0.875356
[Epoch 24] Train time:2.76, Training accuracy:0.9800. Loss: 1.849 LR:0.000025
[Epoch 24] Validation accuracy:0.9172, Loss:0.351, f1 0.861642, score 0.879976
Model saved.
best_acc:0.9172
[Epoch 25] Train time:2.76, Training accuracy:0.9816. Loss: 1.840 LR:0.000025
[Epoch 25] Validation accuracy:0.9107, Loss:0.359, f1 0.851781, score 0.871225
[Epoch 26] Train time:2.76, Training accuracy:0.9818. Loss: 1.841 LR:0.000024
[Epoch 26] Validation accuracy:0.9156, Loss:0.346, f1 0.859972, score 0.878329
[Epoch 27] Train time:2.76, Training accuracy:0.9820. Loss: 1.836 LR:0.000024
[Epoch 27] Validation accuracy:0.9061, Loss:0.373, f1 0.851618, score 0.869597
[Epoch 28] Train time:2.76, Training accuracy:0.9824. Loss: 1.832 LR:0.000023
[Epoch 28] Validation accuracy:0.9074, Loss:0.358, f1 0.857993, score 0.874297
[Epoch 29] Train time:2.76, Training accuracy:0.9836. Loss: 1.829 LR:0.000023
[Epoch 29] Validation accuracy:0.9107, Loss:0.359, f1 0.852251, score 0.871539
[Epoch 30] Train time:2.76, Training accuracy:0.9805. Loss: 1.842 LR:0.000022
[Epoch 30] Validation accuracy:0.9123, Loss:0.354, f1 0.858253, score 0.876088
[Epoch 31] Train time:2.76, Training accuracy:0.9838. Loss: 1.823 LR:0.000022
[Epoch 31] Validation accuracy:0.9143, Loss:0.347, f1 0.858678, score 0.877033
[Epoch 32] Train time:2.76, Training accuracy:0.9830. Loss: 1.824 LR:0.000021
[Epoch 32] Validation accuracy:0.9143, Loss:0.349, f1 0.854751, score 0.874402
[Epoch 33] Train time:2.76, Training accuracy:0.9840. Loss: 1.821 LR:0.000021
[Epoch 33] Validation accuracy:0.9081, Loss:0.353, f1 0.847507, score 0.867502
[Epoch 34] Train time:2.76, Training accuracy:0.9853. Loss: 1.811 LR:0.000021
[Epoch 34] Validation accuracy:0.9078, Loss:0.358, f1 0.850025, score 0.869091
[Epoch 35] Train time:2.77, Training accuracy:0.9847. Loss: 1.813 LR:0.000020
[Epoch 35] Validation accuracy:0.9162, Loss:0.344, f1 0.862442, score 0.880183
[Epoch 36] Train time:2.76, Training accuracy:0.9866. Loss: 1.802 LR:0.000020
[Epoch 36] Validation accuracy:0.9110, Loss:0.339, f1 0.849301, score 0.869662
[Epoch 37] Train time:2.78, Training accuracy:0.9831. Loss: 1.820 LR:0.000019
[Epoch 37] Validation accuracy:0.9100, Loss:0.350, f1 0.852875, score 0.871726
[Epoch 38] Train time:2.82, Training accuracy:0.9866. Loss: 1.803 LR:0.000019
[Epoch 38] Validation accuracy:0.9166, Loss:0.344, f1 0.852365, score 0.873563
[Epoch 39] Train time:2.88, Training accuracy:0.9850. Loss: 1.807 LR:0.000019
[Epoch 39] Validation accuracy:0.9172, Loss:0.345, f1 0.860063, score 0.878919
[Epoch 40] Train time:2.89, Training accuracy:0.9866. Loss: 1.801 LR:0.000018
[Epoch 40] Validation accuracy:0.9159, Loss:0.344, f1 0.858404, score 0.877378
[Epoch 41] Train time:2.90, Training accuracy:0.9876. Loss: 1.788 LR:0.000018
[Epoch 41] Validation accuracy:0.9140, Loss:0.349, f1 0.860037, score 0.877845
[Epoch 42] Train time:2.85, Training accuracy:0.9883. Loss: 1.791 LR:0.000017
[Epoch 42] Validation accuracy:0.9123, Loss:0.353, f1 0.862505, score 0.878937
[Epoch 43] Train time:2.84, Training accuracy:0.9868. Loss: 1.800 LR:0.000017
[Epoch 43] Validation accuracy:0.9172, Loss:0.336, f1 0.861756, score 0.880053
[Epoch 44] Train time:2.79, Training accuracy:0.9866. Loss: 1.795 LR:0.000017
[Epoch 44] Validation accuracy:0.9159, Loss:0.345, f1 0.857470, score 0.876752
[Epoch 45] Train time:2.80, Training accuracy:0.9883. Loss: 1.786 LR:0.000016
[Epoch 45] Validation accuracy:0.9113, Loss:0.343, f1 0.850671, score 0.870679
[Epoch 46] Train time:2.79, Training accuracy:0.9871. Loss: 1.790 LR:0.000016
[Epoch 46] Validation accuracy:0.9198, Loss:0.340, f1 0.864027, score 0.882432
Model saved.
best_acc:0.9198
[Epoch 47] Train time:2.81, Training accuracy:0.9884. Loss: 1.788 LR:0.000016
[Epoch 47] Validation accuracy:0.9201, Loss:0.339, f1 0.871182, score 0.887325
Model saved.
best_acc:0.9201
[Epoch 48] Train time:2.81, Training accuracy:0.9879. Loss: 1.785 LR:0.000015
[Epoch 48] Validation accuracy:0.9120, Loss:0.345, f1 0.856985, score 0.875140
[Epoch 49] Train time:2.80, Training accuracy:0.9879. Loss: 1.784 LR:0.000015
[Epoch 49] Validation accuracy:0.9136, Loss:0.344, f1 0.854395, score 0.873932
[Epoch 50] Train time:2.80, Training accuracy:0.9880. Loss: 1.787 LR:0.000015
[Epoch 50] Validation accuracy:0.9153, Loss:0.342, f1 0.853143, score 0.873655
[Epoch 51] Train time:2.79, Training accuracy:0.9886. Loss: 1.785 LR:0.000015
[Epoch 51] Validation accuracy:0.9185, Loss:0.338, f1 0.868655, score 0.885104
[Epoch 52] Train time:2.78, Training accuracy:0.9893. Loss: 1.775 LR:0.000014
[Epoch 52] Validation accuracy:0.9188, Loss:0.340, f1 0.860996, score 0.880071
[Epoch 53] Train time:2.78, Training accuracy:0.9880. Loss: 1.784 LR:0.000014
[Epoch 53] Validation accuracy:0.9172, Loss:0.343, f1 0.863042, score 0.880914
[Epoch 54] Train time:2.78, Training accuracy:0.9888. Loss: 1.781 LR:0.000014
[Epoch 54] Validation accuracy:0.9136, Loss:0.346, f1 0.854126, score 0.873752
[Epoch 55] Train time:2.78, Training accuracy:0.9892. Loss: 1.778 LR:0.000013
[Epoch 55] Validation accuracy:0.9162, Loss:0.350, f1 0.858614, score 0.877617
[Epoch 56] Train time:2.78, Training accuracy:0.9894. Loss: 1.773 LR:0.000013
[Epoch 56] Validation accuracy:0.9182, Loss:0.345, f1 0.867295, score 0.884094
[Epoch 57] Train time:2.78, Training accuracy:0.9897. Loss: 1.771 LR:0.000013
[Epoch 57] Validation accuracy:0.9146, Loss:0.353, f1 0.855728, score 0.875156
[Epoch 58] Train time:2.79, Training accuracy:0.9897. Loss: 1.773 LR:0.000013
[Epoch 58] Validation accuracy:0.9188, Loss:0.344, f1 0.862596, score 0.881143
[Epoch 59] Train time:2.78, Training accuracy:0.9897. Loss: 1.773 LR:0.000012
[Epoch 59] Validation accuracy:0.9126, Loss:0.354, f1 0.855127, score 0.874093
[Epoch 60] Train time:2.78, Training accuracy:0.9893. Loss: 1.769 LR:0.000012
[Epoch 60] Validation accuracy:0.9140, Loss:0.349, f1 0.857902, score 0.876415
[Epoch 61] Train time:2.78, Training accuracy:0.9888. Loss: 1.775 LR:0.000012
[Epoch 61] Validation accuracy:0.9143, Loss:0.352, f1 0.858991, score 0.877243
[Epoch 62] Train time:2.78, Training accuracy:0.9911. Loss: 1.767 LR:0.000012
[Epoch 62] Validation accuracy:0.9166, Loss:0.344, f1 0.864479, score 0.881679
[Epoch 63] Train time:2.79, Training accuracy:0.9887. Loss: 1.777 LR:0.000011
[Epoch 63] Validation accuracy:0.9175, Loss:0.343, f1 0.867912, score 0.884276
[Epoch 64] Train time:2.79, Training accuracy:0.9906. Loss: 1.765 LR:0.000011
[Epoch 64] Validation accuracy:0.9159, Loss:0.342, f1 0.862725, score 0.880273
[Epoch 65] Train time:2.80, Training accuracy:0.9903. Loss: 1.769 LR:0.000011
[Epoch 65] Validation accuracy:0.9214, Loss:0.334, f1 0.867900, score 0.885555
Model saved.
best_acc:0.9214
[Epoch 66] Train time:2.80, Training accuracy:0.9897. Loss: 1.766 LR:0.000011
[Epoch 66] Validation accuracy:0.9179, Loss:0.341, f1 0.861277, score 0.879962
[Epoch 67] Train time:2.78, Training accuracy:0.9921. Loss: 1.760 LR:0.000011
[Epoch 67] Validation accuracy:0.9195, Loss:0.333, f1 0.862834, score 0.881534
[Epoch 68] Train time:2.78, Training accuracy:0.9916. Loss: 1.758 LR:0.000010
[Epoch 68] Validation accuracy:0.9218, Loss:0.332, f1 0.870590, score 0.887489
Model saved.
best_acc:0.9218
[Epoch 69] Train time:2.78, Training accuracy:0.9919. Loss: 1.766 LR:0.000010
[Epoch 69] Validation accuracy:0.9159, Loss:0.347, f1 0.868451, score 0.884109
[Epoch 70] Train time:2.78, Training accuracy:0.9895. Loss: 1.770 LR:0.000010
[Epoch 70] Validation accuracy:0.9146, Loss:0.344, f1 0.858779, score 0.877200
[Epoch 71] Train time:2.78, Training accuracy:0.9909. Loss: 1.760 LR:0.000010
[Epoch 71] Validation accuracy:0.9244, Loss:0.331, f1 0.875104, score 0.891372
Model saved.
best_acc:0.9244
[Epoch 72] Train time:2.78, Training accuracy:0.9910. Loss: 1.760 LR:0.000010
[Epoch 72] Validation accuracy:0.9205, Loss:0.345, f1 0.866021, score 0.883999
[Epoch 73] Train time:2.78, Training accuracy:0.9923. Loss: 1.751 LR:0.000009
[Epoch 73] Validation accuracy:0.9169, Loss:0.345, f1 0.860821, score 0.879327
[Epoch 74] Train time:2.78, Training accuracy:0.9920. Loss: 1.754 LR:0.000009
[Epoch 74] Validation accuracy:0.9159, Loss:0.343, f1 0.862199, score 0.879920
[Epoch 75] Train time:2.78, Training accuracy:0.9921. Loss: 1.756 LR:0.000009
[Epoch 75] Validation accuracy:0.9156, Loss:0.346, f1 0.862291, score 0.879883
[Epoch 76] Train time:2.78, Training accuracy:0.9919. Loss: 1.758 LR:0.000009
[Epoch 76] Validation accuracy:0.9143, Loss:0.349, f1 0.861666, score 0.879035
[Epoch 77] Train time:2.78, Training accuracy:0.9910. Loss: 1.755 LR:0.000009
[Epoch 77] Validation accuracy:0.9214, Loss:0.333, f1 0.871765, score 0.888144
[Epoch 78] Train time:2.78, Training accuracy:0.9922. Loss: 1.753 LR:0.000008
[Epoch 78] Validation accuracy:0.9179, Loss:0.339, f1 0.868035, score 0.884490
[Epoch 79] Train time:2.78, Training accuracy:0.9923. Loss: 1.754 LR:0.000008
[Epoch 79] Validation accuracy:0.9130, Loss:0.348, f1 0.855974, score 0.874793
[Epoch 80] Train time:2.78, Training accuracy:0.9922. Loss: 1.749 LR:0.000008
[Epoch 80] Validation accuracy:0.9156, Loss:0.354, f1 0.863693, score 0.880822
[Epoch 81] Train time:2.78, Training accuracy:0.9922. Loss: 1.751 LR:0.000008
[Epoch 81] Validation accuracy:0.9185, Loss:0.339, f1 0.866312, score 0.883534
[Epoch 82] Train time:2.78, Training accuracy:0.9924. Loss: 1.752 LR:0.000008
[Epoch 82] Validation accuracy:0.9192, Loss:0.344, f1 0.867863, score 0.884804
[Epoch 83] Train time:2.78, Training accuracy:0.9920. Loss: 1.754 LR:0.000008
[Epoch 83] Validation accuracy:0.9218, Loss:0.339, f1 0.870083, score 0.887149
[Epoch 84] Train time:2.78, Training accuracy:0.9924. Loss: 1.753 LR:0.000007
[Epoch 84] Validation accuracy:0.9159, Loss:0.341, f1 0.860442, score 0.878744
[Epoch 85] Train time:2.78, Training accuracy:0.9921. Loss: 1.753 LR:0.000007
[Epoch 85] Validation accuracy:0.9188, Loss:0.342, f1 0.865435, score 0.883045
[Epoch 86] Train time:2.78, Training accuracy:0.9928. Loss: 1.747 LR:0.000007
[Epoch 86] Validation accuracy:0.9172, Loss:0.348, f1 0.864524, score 0.881907
[Epoch 87] Train time:2.78, Training accuracy:0.9918. Loss: 1.755 LR:0.000007
[Epoch 87] Validation accuracy:0.9172, Loss:0.341, f1 0.862444, score 0.880513
[Epoch 88] Train time:2.78, Training accuracy:0.9926. Loss: 1.753 LR:0.000007
[Epoch 88] Validation accuracy:0.9149, Loss:0.344, f1 0.860778, score 0.878638
[Epoch 89] Train time:2.78, Training accuracy:0.9929. Loss: 1.751 LR:0.000007
[Epoch 89] Validation accuracy:0.9149, Loss:0.345, f1 0.856291, score 0.875632
[Epoch 90] Train time:2.78, Training accuracy:0.9932. Loss: 1.746 LR:0.000007
[Epoch 90] Validation accuracy:0.9182, Loss:0.341, f1 0.862460, score 0.880854
[Epoch 91] Train time:2.78, Training accuracy:0.9927. Loss: 1.750 LR:0.000006
[Epoch 91] Validation accuracy:0.9188, Loss:0.339, f1 0.862352, score 0.880980
[Epoch 92] Train time:2.78, Training accuracy:0.9928. Loss: 1.746 LR:0.000006
[Epoch 92] Validation accuracy:0.9166, Loss:0.342, f1 0.863976, score 0.881342
[Epoch 93] Train time:2.78, Training accuracy:0.9930. Loss: 1.748 LR:0.000006
[Epoch 93] Validation accuracy:0.9169, Loss:0.342, f1 0.863580, score 0.881176
[Epoch 94] Train time:2.78, Training accuracy:0.9926. Loss: 1.750 LR:0.000006
[Epoch 94] Validation accuracy:0.9140, Loss:0.347, f1 0.859864, score 0.877729
[Epoch 95] Train time:2.78, Training accuracy:0.9916. Loss: 1.753 LR:0.000006
[Epoch 95] Validation accuracy:0.9175, Loss:0.343, f1 0.863346, score 0.881217
[Epoch 96] Train time:2.78, Training accuracy:0.9932. Loss: 1.745 LR:0.000006
[Epoch 96] Validation accuracy:0.9162, Loss:0.340, f1 0.865875, score 0.882482
[Epoch 97] Train time:2.78, Training accuracy:0.9925. Loss: 1.748 LR:0.000006
[Epoch 97] Validation accuracy:0.9201, Loss:0.339, f1 0.867650, score 0.884958
[Epoch 98] Train time:2.78, Training accuracy:0.9928. Loss: 1.748 LR:0.000006
[Epoch 98] Validation accuracy:0.9201, Loss:0.337, f1 0.868553, score 0.885563
[Epoch 99] Train time:2.78, Training accuracy:0.9941. Loss: 1.739 LR:0.000006
[Epoch 99] Validation accuracy:0.9221, Loss:0.336, f1 0.870656, score 0.887632
[Epoch 100] Train time:2.78, Training accuracy:0.9936. Loss: 1.744 LR:0.000005
[Epoch 100] Validation accuracy:0.9198, Loss:0.336, f1 0.863711, score 0.882221
[Epoch 101] Train time:2.78, Training accuracy:0.9932. Loss: 1.745 LR:0.000005
[Epoch 101] Validation accuracy:0.9208, Loss:0.335, f1 0.869558, score 0.886468
[Epoch 102] Train time:2.78, Training accuracy:0.9941. Loss: 1.740 LR:0.000005
[Epoch 102] Validation accuracy:0.9208, Loss:0.338, f1 0.868079, score 0.885477
[Epoch 103] Train time:2.78, Training accuracy:0.9938. Loss: 1.738 LR:0.000005
[Epoch 103] Validation accuracy:0.9188, Loss:0.342, f1 0.871817, score 0.887322
[Epoch 104] Train time:2.78, Training accuracy:0.9943. Loss: 1.738 LR:0.000005
[Epoch 104] Validation accuracy:0.9201, Loss:0.343, f1 0.865157, score 0.883289
[Epoch 105] Train time:2.78, Training accuracy:0.9944. Loss: 1.736 LR:0.000005
[Epoch 105] Validation accuracy:0.9185, Loss:0.342, f1 0.862068, score 0.880690
[Epoch 106] Train time:2.78, Training accuracy:0.9940. Loss: 1.738 LR:0.000005
[Epoch 106] Validation accuracy:0.9192, Loss:0.343, f1 0.866427, score 0.883842
[Epoch 107] Train time:2.78, Training accuracy:0.9929. Loss: 1.743 LR:0.000005
[Epoch 107] Validation accuracy:0.9136, Loss:0.349, f1 0.859478, score 0.877338
[Epoch 108] Train time:2.78, Training accuracy:0.9932. Loss: 1.741 LR:0.000005
[Epoch 108] Validation accuracy:0.9182, Loss:0.339, f1 0.864985, score 0.882546
[Epoch 109] Train time:2.78, Training accuracy:0.9946. Loss: 1.732 LR:0.000005
[Epoch 109] Validation accuracy:0.9188, Loss:0.343, f1 0.864296, score 0.882282
[Epoch 110] Train time:2.78, Training accuracy:0.9937. Loss: 1.737 LR:0.000004
[Epoch 110] Validation accuracy:0.9182, Loss:0.339, f1 0.865924, score 0.883175
[Epoch 111] Train time:2.78, Training accuracy:0.9952. Loss: 1.731 LR:0.000004
[Epoch 111] Validation accuracy:0.9195, Loss:0.337, f1 0.866320, score 0.883869
[Epoch 112] Train time:2.78, Training accuracy:0.9945. Loss: 1.732 LR:0.000004
[Epoch 112] Validation accuracy:0.9224, Loss:0.335, f1 0.869016, score 0.886632
[Epoch 113] Train time:2.78, Training accuracy:0.9937. Loss: 1.738 LR:0.000004
[Epoch 113] Validation accuracy:0.9205, Loss:0.336, f1 0.869459, score 0.886303
[Epoch 114] Train time:2.78, Training accuracy:0.9936. Loss: 1.738 LR:0.000004
[Epoch 114] Validation accuracy:0.9231, Loss:0.336, f1 0.874804, score 0.890741
[Epoch 115] Train time:2.78, Training accuracy:0.9932. Loss: 1.741 LR:0.000004
[Epoch 115] Validation accuracy:0.9188, Loss:0.341, f1 0.866127, score 0.883509
[Epoch 116] Train time:2.78, Training accuracy:0.9947. Loss: 1.732 LR:0.000004
[Epoch 116] Validation accuracy:0.9169, Loss:0.342, f1 0.863282, score 0.880976
[Epoch 117] Train time:2.78, Training accuracy:0.9947. Loss: 1.733 LR:0.000004
[Epoch 117] Validation accuracy:0.9179, Loss:0.344, f1 0.868347, score 0.884699
[Epoch 118] Train time:2.78, Training accuracy:0.9940. Loss: 1.741 LR:0.000004
[Epoch 118] Validation accuracy:0.9221, Loss:0.335, f1 0.869739, score 0.887018
[Epoch 119] Train time:2.78, Training accuracy:0.9941. Loss: 1.733 LR:0.000004
[Epoch 119] Validation accuracy:0.9179, Loss:0.342, f1 0.862516, score 0.880793
[Epoch 120] Train time:2.78, Training accuracy:0.9940. Loss: 1.734 LR:0.000004
[Epoch 120] Validation accuracy:0.9159, Loss:0.342, f1 0.860881, score 0.879038
[Epoch 121] Train time:2.78, Training accuracy:0.9935. Loss: 1.737 LR:0.000004
[Epoch 121] Validation accuracy:0.9188, Loss:0.341, f1 0.866340, score 0.883652
[Epoch 122] Train time:2.79, Training accuracy:0.9935. Loss: 1.738 LR:0.000003
[Epoch 122] Validation accuracy:0.9182, Loss:0.340, f1 0.864640, score 0.882315
[Epoch 123] Train time:2.78, Training accuracy:0.9940. Loss: 1.735 LR:0.000003
[Epoch 123] Validation accuracy:0.9201, Loss:0.340, f1 0.869217, score 0.886009
[Epoch 124] Train time:2.79, Training accuracy:0.9944. Loss: 1.738 LR:0.000003
[Epoch 124] Validation accuracy:0.9195, Loss:0.339, f1 0.865822, score 0.883535
[Epoch 125] Train time:2.78, Training accuracy:0.9949. Loss: 1.735 LR:0.000003
[Epoch 125] Validation accuracy:0.9175, Loss:0.342, f1 0.865642, score 0.882755
[Epoch 126] Train time:2.78, Training accuracy:0.9939. Loss: 1.737 LR:0.000003
[Epoch 126] Validation accuracy:0.9179, Loss:0.342, f1 0.863205, score 0.881254
[Epoch 127] Train time:2.78, Training accuracy:0.9936. Loss: 1.740 LR:0.000003
[Epoch 127] Validation accuracy:0.9169, Loss:0.340, f1 0.863457, score 0.881093
[Epoch 128] Train time:2.78, Training accuracy:0.9940. Loss: 1.732 LR:0.000003
[Epoch 128] Validation accuracy:0.9185, Loss:0.339, f1 0.866481, score 0.883647
[Epoch 129] Train time:2.78, Training accuracy:0.9943. Loss: 1.732 LR:0.000003
[Epoch 129] Validation accuracy:0.9182, Loss:0.340, f1 0.867971, score 0.884546
[Epoch 130] Train time:2.78, Training accuracy:0.9948. Loss: 1.732 LR:0.000003
[Epoch 130] Validation accuracy:0.9172, Loss:0.346, f1 0.863997, score 0.881554
[Epoch 131] Train time:2.78, Training accuracy:0.9947. Loss: 1.732 LR:0.000003
[Epoch 131] Validation accuracy:0.9192, Loss:0.339, f1 0.864348, score 0.882450
[Epoch 132] Train time:2.78, Training accuracy:0.9956. Loss: 1.728 LR:0.000003
[Epoch 132] Validation accuracy:0.9192, Loss:0.342, f1 0.861484, score 0.880530
[Epoch 133] Train time:2.78, Training accuracy:0.9958. Loss: 1.726 LR:0.000003
[Epoch 133] Validation accuracy:0.9166, Loss:0.348, f1 0.863664, score 0.881133
[Epoch 134] Train time:2.79, Training accuracy:0.9955. Loss: 1.727 LR:0.000003
[Epoch 134] Validation accuracy:0.9156, Loss:0.346, f1 0.860832, score 0.878905
[Epoch 135] Train time:2.78, Training accuracy:0.9951. Loss: 1.732 LR:0.000003
[Epoch 135] Validation accuracy:0.9153, Loss:0.345, f1 0.861937, score 0.879547
[Epoch 136] Train time:2.79, Training accuracy:0.9947. Loss: 1.728 LR:0.000003
[Epoch 136] Validation accuracy:0.9195, Loss:0.339, f1 0.867702, score 0.884796
[Epoch 137] Train time:2.78, Training accuracy:0.9958. Loss: 1.726 LR:0.000003
[Epoch 137] Validation accuracy:0.9175, Loss:0.339, f1 0.866120, score 0.883076
[Epoch 138] Train time:2.78, Training accuracy:0.9948. Loss: 1.730 LR:0.000003
[Epoch 138] Validation accuracy:0.9198, Loss:0.336, f1 0.866815, score 0.884300
[Epoch 139] Train time:2.78, Training accuracy:0.9948. Loss: 1.727 LR:0.000002
[Epoch 139] Validation accuracy:0.9224, Loss:0.338, f1 0.869318, score 0.886835
[Epoch 140] Train time:2.78, Training accuracy:0.9948. Loss: 1.731 LR:0.000002
[Epoch 140] Validation accuracy:0.9182, Loss:0.341, f1 0.864955, score 0.882526
[Epoch 141] Train time:2.78, Training accuracy:0.9949. Loss: 1.730 LR:0.000002
[Epoch 141] Validation accuracy:0.9195, Loss:0.340, f1 0.868105, score 0.885065
[Epoch 142] Train time:2.78, Training accuracy:0.9955. Loss: 1.729 LR:0.000002
[Epoch 142] Validation accuracy:0.9169, Loss:0.343, f1 0.864640, score 0.881886
[Epoch 143] Train time:2.78, Training accuracy:0.9961. Loss: 1.722 LR:0.000002
[Epoch 143] Validation accuracy:0.9218, Loss:0.339, f1 0.867545, score 0.885449
[Epoch 144] Train time:2.78, Training accuracy:0.9949. Loss: 1.727 LR:0.000002
[Epoch 144] Validation accuracy:0.9214, Loss:0.342, f1 0.867181, score 0.885073
[Epoch 145] Train time:2.78, Training accuracy:0.9958. Loss: 1.725 LR:0.000002
[Epoch 145] Validation accuracy:0.9208, Loss:0.338, f1 0.867415, score 0.885032
[Epoch 146] Train time:2.79, Training accuracy:0.9953. Loss: 1.729 LR:0.000002
[Epoch 146] Validation accuracy:0.9185, Loss:0.341, f1 0.864701, score 0.882454
[Epoch 147] Train time:2.78, Training accuracy:0.9955. Loss: 1.726 LR:0.000002
[Epoch 147] Validation accuracy:0.9201, Loss:0.339, f1 0.867914, score 0.885136
[Epoch 148] Train time:2.78, Training accuracy:0.9954. Loss: 1.725 LR:0.000002
[Epoch 148] Validation accuracy:0.9214, Loss:0.338, f1 0.867595, score 0.885350
[Epoch 149] Train time:2.79, Training accuracy:0.9954. Loss: 1.724 LR:0.000002
[Epoch 149] Validation accuracy:0.9188, Loss:0.340, f1 0.868333, score 0.884987
[Epoch 150] Train time:2.78, Training accuracy:0.9959. Loss: 1.724 LR:0.000002
[Epoch 150] Validation accuracy:0.9201, Loss:0.338, f1 0.866933, score 0.884478
[Epoch 151] Train time:2.78, Training accuracy:0.9956. Loss: 1.728 LR:0.000002
[Epoch 151] Validation accuracy:0.9244, Loss:0.338, f1 0.873756, score 0.890468
[Epoch 152] Train time:2.79, Training accuracy:0.9949. Loss: 1.730 LR:0.000002
[Epoch 152] Validation accuracy:0.9221, Loss:0.337, f1 0.871021, score 0.887877
[Epoch 153] Train time:2.78, Training accuracy:0.9952. Loss: 1.726 LR:0.000002
[Epoch 153] Validation accuracy:0.9218, Loss:0.337, f1 0.871261, score 0.887939
[Epoch 154] Train time:2.79, Training accuracy:0.9951. Loss: 1.728 LR:0.000002
[Epoch 154] Validation accuracy:0.9205, Loss:0.337, f1 0.867367, score 0.884901
[Epoch 155] Train time:2.78, Training accuracy:0.9958. Loss: 1.727 LR:0.000002
[Epoch 155] Validation accuracy:0.9205, Loss:0.338, f1 0.868397, score 0.885591
[Epoch 156] Train time:2.79, Training accuracy:0.9946. Loss: 1.730 LR:0.000002
[Epoch 156] Validation accuracy:0.9175, Loss:0.346, f1 0.862155, score 0.880419
[Epoch 157] Train time:2.79, Training accuracy:0.9954. Loss: 1.725 LR:0.000002
[Epoch 157] Validation accuracy:0.9241, Loss:0.337, f1 0.875803, score 0.891741
[Epoch 158] Train time:2.78, Training accuracy:0.9956. Loss: 1.724 LR:0.000002
[Epoch 158] Validation accuracy:0.9195, Loss:0.339, f1 0.867762, score 0.884836
[Epoch 159] Train time:2.78, Training accuracy:0.9959. Loss: 1.726 LR:0.000002
[Epoch 159] Validation accuracy:0.9188, Loss:0.339, f1 0.864216, score 0.882228
[Epoch 160] Train time:2.79, Training accuracy:0.9958. Loss: 1.723 LR:0.000002
[Epoch 160] Validation accuracy:0.9205, Loss:0.341, f1 0.865102, score 0.883383
[Epoch 161] Train time:2.78, Training accuracy:0.9961. Loss: 1.724 LR:0.000002
[Epoch 161] Validation accuracy:0.9205, Loss:0.338, f1 0.866923, score 0.884604
[Epoch 162] Train time:2.79, Training accuracy:0.9960. Loss: 1.722 LR:0.000002
[Epoch 162] Validation accuracy:0.9211, Loss:0.338, f1 0.867597, score 0.885253
[Epoch 163] Train time:2.78, Training accuracy:0.9948. Loss: 1.729 LR:0.000002
[Epoch 163] Validation accuracy:0.9214, Loss:0.336, f1 0.867817, score 0.885499
[Epoch 164] Train time:2.78, Training accuracy:0.9963. Loss: 1.722 LR:0.000001
[Epoch 164] Validation accuracy:0.9208, Loss:0.339, f1 0.869077, score 0.886146
[Epoch 165] Train time:2.79, Training accuracy:0.9951. Loss: 1.728 LR:0.000001
[Epoch 165] Validation accuracy:0.9228, Loss:0.337, f1 0.870259, score 0.887598
[Epoch 166] Train time:2.78, Training accuracy:0.9949. Loss: 1.728 LR:0.000001
[Epoch 166] Validation accuracy:0.9205, Loss:0.336, f1 0.868461, score 0.885634
[Epoch 167] Train time:2.78, Training accuracy:0.9953. Loss: 1.729 LR:0.000001
[Epoch 167] Validation accuracy:0.9224, Loss:0.336, f1 0.870213, score 0.887435
[Epoch 168] Train time:2.78, Training accuracy:0.9957. Loss: 1.723 LR:0.000001
[Epoch 168] Validation accuracy:0.9195, Loss:0.342, f1 0.869121, score 0.885746
[Epoch 169] Train time:2.79, Training accuracy:0.9961. Loss: 1.720 LR:0.000001
[Epoch 169] Validation accuracy:0.9218, Loss:0.340, f1 0.870815, score 0.887640
[Epoch 170] Train time:2.78, Training accuracy:0.9962. Loss: 1.719 LR:0.000001
[Epoch 170] Validation accuracy:0.9208, Loss:0.338, f1 0.867655, score 0.885193
[Epoch 171] Train time:2.79, Training accuracy:0.9963. Loss: 1.724 LR:0.000001
[Epoch 171] Validation accuracy:0.9182, Loss:0.341, f1 0.864411, score 0.882161
[Epoch 172] Train time:2.78, Training accuracy:0.9961. Loss: 1.723 LR:0.000001
[Epoch 172] Validation accuracy:0.9198, Loss:0.340, f1 0.867563, score 0.884801
[Epoch 173] Train time:2.78, Training accuracy:0.9967. Loss: 1.719 LR:0.000001
[Epoch 173] Validation accuracy:0.9188, Loss:0.341, f1 0.865613, score 0.883165
[Epoch 174] Train time:2.78, Training accuracy:0.9971. Loss: 1.720 LR:0.000001
[Epoch 174] Validation accuracy:0.9205, Loss:0.338, f1 0.867217, score 0.884800
[Epoch 175] Train time:2.79, Training accuracy:0.9958. Loss: 1.726 LR:0.000001
[Epoch 175] Validation accuracy:0.9179, Loss:0.338, f1 0.863320, score 0.881331
[Epoch 176] Train time:2.78, Training accuracy:0.9958. Loss: 1.722 LR:0.000001
[Epoch 176] Validation accuracy:0.9188, Loss:0.337, f1 0.866954, score 0.884063
[Epoch 177] Train time:2.79, Training accuracy:0.9966. Loss: 1.720 LR:0.000001
[Epoch 177] Validation accuracy:0.9195, Loss:0.340, f1 0.865905, score 0.883592
[Epoch 178] Train time:2.78, Training accuracy:0.9963. Loss: 1.721 LR:0.000001
[Epoch 178] Validation accuracy:0.9211, Loss:0.339, f1 0.867572, score 0.885236
[Epoch 179] Train time:2.79, Training accuracy:0.9959. Loss: 1.721 LR:0.000001
[Epoch 179] Validation accuracy:0.9195, Loss:0.342, f1 0.867303, score 0.884528
[Epoch 180] Train time:2.78, Training accuracy:0.9963. Loss: 1.722 LR:0.000001
[Epoch 180] Validation accuracy:0.9211, Loss:0.342, f1 0.867836, score 0.885413
[Epoch 181] Train time:2.79, Training accuracy:0.9965. Loss: 1.719 LR:0.000001
[Epoch 181] Validation accuracy:0.9211, Loss:0.342, f1 0.868512, score 0.885866
[Epoch 182] Train time:2.78, Training accuracy:0.9960. Loss: 1.725 LR:0.000001
[Epoch 182] Validation accuracy:0.9201, Loss:0.339, f1 0.867601, score 0.884925
[Epoch 183] Train time:2.79, Training accuracy:0.9957. Loss: 1.724 LR:0.000001
[Epoch 183] Validation accuracy:0.9214, Loss:0.336, f1 0.870829, score 0.887517
[Epoch 184] Train time:2.78, Training accuracy:0.9965. Loss: 1.721 LR:0.000001
[Epoch 184] Validation accuracy:0.9218, Loss:0.339, f1 0.869387, score 0.886683
[Epoch 185] Train time:2.79, Training accuracy:0.9963. Loss: 1.720 LR:0.000001
[Epoch 185] Validation accuracy:0.9195, Loss:0.341, f1 0.865675, score 0.883437
[Epoch 186] Train time:2.79, Training accuracy:0.9962. Loss: 1.720 LR:0.000001
[Epoch 186] Validation accuracy:0.9201, Loss:0.338, f1 0.865234, score 0.883340
[Epoch 187] Train time:2.79, Training accuracy:0.9964. Loss: 1.718 LR:0.000001
[Epoch 187] Validation accuracy:0.9214, Loss:0.340, f1 0.868970, score 0.886272
[Epoch 188] Train time:2.79, Training accuracy:0.9967. Loss: 1.720 LR:0.000001
[Epoch 188] Validation accuracy:0.9188, Loss:0.340, f1 0.864288, score 0.882277
[Epoch 189] Train time:2.79, Training accuracy:0.9972. Loss: 1.716 LR:0.000001
[Epoch 189] Validation accuracy:0.9208, Loss:0.341, f1 0.868775, score 0.885943
[Epoch 190] Train time:2.79, Training accuracy:0.9969. Loss: 1.718 LR:0.000001
[Epoch 190] Validation accuracy:0.9214, Loss:0.342, f1 0.868925, score 0.886242
[Epoch 191] Train time:2.79, Training accuracy:0.9963. Loss: 1.723 LR:0.000001
[Epoch 191] Validation accuracy:0.9208, Loss:0.339, f1 0.869104, score 0.886163
[Epoch 192] Train time:2.79, Training accuracy:0.9962. Loss: 1.723 LR:0.000001
[Epoch 192] Validation accuracy:0.9211, Loss:0.341, f1 0.870408, score 0.887136
[Epoch 193] Train time:2.79, Training accuracy:0.9958. Loss: 1.726 LR:0.000001
[Epoch 193] Validation accuracy:0.9198, Loss:0.341, f1 0.868293, score 0.885291
[Epoch 194] Train time:2.79, Training accuracy:0.9966. Loss: 1.720 LR:0.000001
[Epoch 194] Validation accuracy:0.9221, Loss:0.336, f1 0.867868, score 0.885764
[Epoch 195] Train time:2.78, Training accuracy:0.9963. Loss: 1.721 LR:0.000001
[Epoch 195] Validation accuracy:0.9201, Loss:0.340, f1 0.868208, score 0.885333
[Epoch 196] Train time:2.79, Training accuracy:0.9964. Loss: 1.723 LR:0.000001
[Epoch 196] Validation accuracy:0.9211, Loss:0.338, f1 0.866395, score 0.884448
[Epoch 197] Train time:2.78, Training accuracy:0.9959. Loss: 1.719 LR:0.000001
[Epoch 197] Validation accuracy:0.9208, Loss:0.337, f1 0.866547, score 0.884450
[Epoch 198] Train time:2.79, Training accuracy:0.9971. Loss: 1.717 LR:0.000001
[Epoch 198] Validation accuracy:0.9205, Loss:0.339, f1 0.867324, score 0.884872
[Epoch 199] Train time:2.79, Training accuracy:0.9966. Loss: 1.721 LR:0.000001
[Epoch 199] Validation accuracy:0.9192, Loss:0.337, f1 0.866771, score 0.884072
[Epoch 200] Train time:2.79, Training accuracy:0.9966. Loss: 1.718 LR:0.000001
[Epoch 200] Validation accuracy:0.9198, Loss:0.340, f1 0.866746, score 0.884254
[Epoch 201] Train time:2.79, Training accuracy:0.9972. Loss: 1.714 LR:0.000001
[Epoch 201] Validation accuracy:0.9205, Loss:0.338, f1 0.867632, score 0.885079
[Epoch 202] Train time:2.79, Training accuracy:0.9966. Loss: 1.718 LR:0.000001
[Epoch 202] Validation accuracy:0.9185, Loss:0.341, f1 0.864139, score 0.882078
[Epoch 203] Train time:2.79, Training accuracy:0.9956. Loss: 1.724 LR:0.000001
[Epoch 203] Validation accuracy:0.9192, Loss:0.339, f1 0.865382, score 0.883142
[Epoch 204] Train time:2.79, Training accuracy:0.9965. Loss: 1.718 LR:0.000001
[Epoch 204] Validation accuracy:0.9198, Loss:0.339, f1 0.866224, score 0.883904
[Epoch 205] Train time:2.79, Training accuracy:0.9967. Loss: 1.718 LR:0.000001
[Epoch 205] Validation accuracy:0.9192, Loss:0.337, f1 0.865029, score 0.882906
[Epoch 206] Train time:2.79, Training accuracy:0.9959. Loss: 1.721 LR:0.000001
[Epoch 206] Validation accuracy:0.9201, Loss:0.339, f1 0.868496, score 0.885526
[Epoch 207] Train time:2.79, Training accuracy:0.9968. Loss: 1.717 LR:0.000001
[Epoch 207] Validation accuracy:0.9208, Loss:0.339, f1 0.867742, score 0.885251
[Epoch 208] Train time:2.79, Training accuracy:0.9963. Loss: 1.718 LR:0.000001
[Epoch 208] Validation accuracy:0.9185, Loss:0.339, f1 0.864818, score 0.882533
[Epoch 209] Train time:2.79, Training accuracy:0.9963. Loss: 1.723 LR:0.000001
[Epoch 209] Validation accuracy:0.9211, Loss:0.338, f1 0.870091, score 0.886924
[Epoch 210] Train time:2.79, Training accuracy:0.9957. Loss: 1.724 LR:0.000001
[Epoch 210] Validation accuracy:0.9201, Loss:0.338, f1 0.866511, score 0.884195
[Epoch 211] Train time:2.79, Training accuracy:0.9967. Loss: 1.719 LR:0.000001
[Epoch 211] Validation accuracy:0.9218, Loss:0.340, f1 0.870942, score 0.887725
[Epoch 212] Train time:2.79, Training accuracy:0.9961. Loss: 1.719 LR:0.000001
[Epoch 212] Validation accuracy:0.9195, Loss:0.344, f1 0.868128, score 0.885080
[Epoch 213] Train time:2.78, Training accuracy:0.9965. Loss: 1.721 LR:0.000001
[Epoch 213] Validation accuracy:0.9195, Loss:0.338, f1 0.866511, score 0.883998
[Epoch 214] Train time:2.78, Training accuracy:0.9960. Loss: 1.720 LR:0.000001
[Epoch 214] Validation accuracy:0.9221, Loss:0.337, f1 0.868848, score 0.886421
[Epoch 215] Train time:2.78, Training accuracy:0.9961. Loss: 1.722 LR:0.000001
[Epoch 215] Validation accuracy:0.9231, Loss:0.336, f1 0.869874, score 0.887438
[Epoch 216] Train time:2.79, Training accuracy:0.9964. Loss: 1.721 LR:0.000001
[Epoch 216] Validation accuracy:0.9221, Loss:0.336, f1 0.869374, score 0.886774
[Epoch 217] Train time:2.79, Training accuracy:0.9974. Loss: 1.714 LR:0.000001
[Epoch 217] Validation accuracy:0.9218, Loss:0.338, f1 0.869517, score 0.886770
[Epoch 218] Train time:2.78, Training accuracy:0.9961. Loss: 1.722 LR:0.000000
[Epoch 218] Validation accuracy:0.9211, Loss:0.337, f1 0.868867, score 0.886104
[Epoch 219] Train time:2.79, Training accuracy:0.9965. Loss: 1.720 LR:0.000000
[Epoch 219] Validation accuracy:0.9218, Loss:0.338, f1 0.868827, score 0.886308
[Epoch 220] Train time:2.79, Training accuracy:0.9958. Loss: 1.724 LR:0.000000
[Epoch 220] Validation accuracy:0.9214, Loss:0.338, f1 0.868252, score 0.885791
[Epoch 221] Train time:2.79, Training accuracy:0.9966. Loss: 1.718 LR:0.000000
[Epoch 221] Validation accuracy:0.9192, Loss:0.340, f1 0.865988, score 0.883548
[Epoch 222] Train time:2.79, Training accuracy:0.9958. Loss: 1.719 LR:0.000000
[Epoch 222] Validation accuracy:0.9201, Loss:0.337, f1 0.868108, score 0.885265
[Epoch 223] Train time:2.79, Training accuracy:0.9969. Loss: 1.716 LR:0.000000
[Epoch 223] Validation accuracy:0.9208, Loss:0.340, f1 0.867950, score 0.885390
[Epoch 224] Train time:2.79, Training accuracy:0.9969. Loss: 1.718 LR:0.000000
[Epoch 224] Validation accuracy:0.9214, Loss:0.342, f1 0.870479, score 0.887283
[Epoch 225] Train time:2.79, Training accuracy:0.9966. Loss: 1.723 LR:0.000000
[Epoch 225] Validation accuracy:0.9201, Loss:0.340, f1 0.867880, score 0.885113
[Epoch 226] Train time:2.79, Training accuracy:0.9969. Loss: 1.714 LR:0.000000
[Epoch 226] Validation accuracy:0.9228, Loss:0.337, f1 0.869825, score 0.887307
[Epoch 227] Train time:2.79, Training accuracy:0.9974. Loss: 1.713 LR:0.000000
[Epoch 227] Validation accuracy:0.9205, Loss:0.338, f1 0.868777, score 0.885845
[Epoch 228] Train time:2.79, Training accuracy:0.9964. Loss: 1.721 LR:0.000000
[Epoch 228] Validation accuracy:0.9201, Loss:0.336, f1 0.867729, score 0.885011
[Epoch 229] Train time:2.79, Training accuracy:0.9969. Loss: 1.716 LR:0.000000
[Epoch 229] Validation accuracy:0.9211, Loss:0.340, f1 0.867241, score 0.885014
[Epoch 230] Train time:2.79, Training accuracy:0.9967. Loss: 1.719 LR:0.000000
[Epoch 230] Validation accuracy:0.9208, Loss:0.336, f1 0.867845, score 0.885320
[Epoch 231] Train time:2.79, Training accuracy:0.9963. Loss: 1.721 LR:0.000000
[Epoch 231] Validation accuracy:0.9208, Loss:0.337, f1 0.866321, score 0.884299
[Epoch 232] Train time:2.79, Training accuracy:0.9967. Loss: 1.717 LR:0.000000
[Epoch 232] Validation accuracy:0.9218, Loss:0.337, f1 0.868821, score 0.886304
[Epoch 233] Train time:2.79, Training accuracy:0.9960. Loss: 1.721 LR:0.000000
[Epoch 233] Validation accuracy:0.9201, Loss:0.338, f1 0.867130, score 0.884610
[Epoch 234] Train time:2.79, Training accuracy:0.9966. Loss: 1.716 LR:0.000000
[Epoch 234] Validation accuracy:0.9201, Loss:0.338, f1 0.867193, score 0.884653
[Epoch 235] Train time:2.79, Training accuracy:0.9972. Loss: 1.715 LR:0.000000
[Epoch 235] Validation accuracy:0.9208, Loss:0.339, f1 0.867643, score 0.885185
[Epoch 236] Train time:2.79, Training accuracy:0.9971. Loss: 1.717 LR:0.000000
[Epoch 236] Validation accuracy:0.9198, Loss:0.338, f1 0.866356, score 0.883993
[Epoch 237] Train time:2.79, Training accuracy:0.9971. Loss: 1.717 LR:0.000000
[Epoch 237] Validation accuracy:0.9218, Loss:0.339, f1 0.870124, score 0.887177
[Epoch 238] Train time:2.79, Training accuracy:0.9971. Loss: 1.716 LR:0.000000
[Epoch 238] Validation accuracy:0.9198, Loss:0.335, f1 0.865083, score 0.883140
[Epoch 239] Train time:2.79, Training accuracy:0.9971. Loss: 1.716 LR:0.000000
[Epoch 239] Validation accuracy:0.9195, Loss:0.337, f1 0.865680, score 0.883441
[Epoch 240] Train time:2.79, Training accuracy:0.9965. Loss: 1.718 LR:0.000000
[Epoch 240] Validation accuracy:0.9198, Loss:0.338, f1 0.867104, score 0.884494
[Epoch 241] Train time:2.79, Training accuracy:0.9968. Loss: 1.718 LR:0.000000
[Epoch 241] Validation accuracy:0.9211, Loss:0.337, f1 0.868151, score 0.885624
[Epoch 242] Train time:2.79, Training accuracy:0.9970. Loss: 1.717 LR:0.000000
[Epoch 242] Validation accuracy:0.9185, Loss:0.338, f1 0.864053, score 0.882021
[Epoch 243] Train time:2.79, Training accuracy:0.9967. Loss: 1.719 LR:0.000000
[Epoch 243] Validation accuracy:0.9205, Loss:0.339, f1 0.866645, score 0.884417
[Epoch 244] Train time:2.79, Training accuracy:0.9963. Loss: 1.722 LR:0.000000
[Epoch 244] Validation accuracy:0.9211, Loss:0.338, f1 0.867271, score 0.885035
[Epoch 245] Train time:2.79, Training accuracy:0.9970. Loss: 1.717 LR:0.000000
[Epoch 245] Validation accuracy:0.9211, Loss:0.338, f1 0.867248, score 0.885019
[Epoch 246] Train time:2.79, Training accuracy:0.9967. Loss: 1.715 LR:0.000000
[Epoch 246] Validation accuracy:0.9218, Loss:0.340, f1 0.868236, score 0.885912
[Epoch 247] Train time:2.79, Training accuracy:0.9968. Loss: 1.716 LR:0.000000
[Epoch 247] Validation accuracy:0.9237, Loss:0.339, f1 0.869923, score 0.887669
[Epoch 248] Train time:2.79, Training accuracy:0.9966. Loss: 1.720 LR:0.000000
[Epoch 248] Validation accuracy:0.9228, Loss:0.340, f1 0.870744, score 0.887923
[Epoch 249] Train time:2.79, Training accuracy:0.9965. Loss: 1.719 LR:0.000000
[Epoch 249] Validation accuracy:0.9195, Loss:0.337, f1 0.864179, score 0.882435
[Epoch 250] Train time:2.79, Training accuracy:0.9964. Loss: 1.719 LR:0.000000
[Epoch 250] Validation accuracy:0.9198, Loss:0.335, f1 0.864940, score 0.883044
