nohup: ignoring input
Work on GPU:  0
load_weight 304
Train set size: 12271
Validation set size: 3068
batch_size: 120
Total Parameters: 51.222M
[Epoch 1] Train time:67.01, Training accuracy:0.6358. Loss: 3.828 LR:0.000040
[Epoch 1] Validation accuracy:0.8462, Loss:0.559, f1 0.736388, score 0.772626
best_acc:0.8462
[Epoch 2] Train time:4.40, Training accuracy:0.7999. Loss: 2.888 LR:0.000039
[Epoch 2] Validation accuracy:0.8660, Loss:0.488, f1 0.766481, score 0.799322
best_acc:0.866
[Epoch 3] Train time:4.54, Training accuracy:0.8445. Loss: 2.639 LR:0.000038
[Epoch 3] Validation accuracy:0.8804, Loss:0.449, f1 0.815563, score 0.836959
best_acc:0.8804
[Epoch 4] Train time:4.53, Training accuracy:0.8744. Loss: 2.474 LR:0.000038
[Epoch 4] Validation accuracy:0.8895, Loss:0.403, f1 0.808800, score 0.835431
best_acc:0.8895
[Epoch 5] Train time:4.53, Training accuracy:0.9021. Loss: 2.330 LR:0.000037
[Epoch 5] Validation accuracy:0.9081, Loss:0.368, f1 0.843735, score 0.864976
Model saved.
best_acc:0.9081
[Epoch 6] Train time:4.54, Training accuracy:0.9229. Loss: 2.213 LR:0.000036
[Epoch 6] Validation accuracy:0.9068, Loss:0.364, f1 0.846795, score 0.866596
[Epoch 7] Train time:4.52, Training accuracy:0.9333. Loss: 2.137 LR:0.000035
[Epoch 7] Validation accuracy:0.9113, Loss:0.360, f1 0.853474, score 0.872557
Model saved.
best_acc:0.9113
[Epoch 8] Train time:4.54, Training accuracy:0.9483. Loss: 2.057 LR:0.000035
[Epoch 8] Validation accuracy:0.9149, Loss:0.350, f1 0.859685, score 0.877906
Model saved.
best_acc:0.9149
[Epoch 9] Train time:4.53, Training accuracy:0.9575. Loss: 2.001 LR:0.000034
[Epoch 9] Validation accuracy:0.9058, Loss:0.372, f1 0.843531, score 0.864080
[Epoch 10] Train time:4.53, Training accuracy:0.9641. Loss: 1.954 LR:0.000033
[Epoch 10] Validation accuracy:0.9074, Loss:0.349, f1 0.852298, score 0.870482
[Epoch 11] Train time:4.54, Training accuracy:0.9676. Loss: 1.932 LR:0.000033
[Epoch 11] Validation accuracy:0.9162, Loss:0.341, f1 0.859761, score 0.878386
Model saved.
best_acc:0.9162
[Epoch 12] Train time:4.53, Training accuracy:0.9710. Loss: 1.918 LR:0.000032
[Epoch 12] Validation accuracy:0.9091, Loss:0.348, f1 0.853868, score 0.872095
[Epoch 13] Train time:4.53, Training accuracy:0.9738. Loss: 1.892 LR:0.000031
[Epoch 13] Validation accuracy:0.9156, Loss:0.350, f1 0.857751, score 0.876841
[Epoch 14] Train time:4.53, Training accuracy:0.9744. Loss: 1.879 LR:0.000031
[Epoch 14] Validation accuracy:0.9107, Loss:0.349, f1 0.857700, score 0.875190
[Epoch 15] Train time:4.53, Training accuracy:0.9760. Loss: 1.869 LR:0.000030
[Epoch 15] Validation accuracy:0.9133, Loss:0.348, f1 0.857582, score 0.875969
[Epoch 16] Train time:4.53, Training accuracy:0.9762. Loss: 1.860 LR:0.000030
[Epoch 16] Validation accuracy:0.9162, Loss:0.344, f1 0.859449, score 0.878177
[Epoch 17] Train time:4.53, Training accuracy:0.9781. Loss: 1.850 LR:0.000029
[Epoch 17] Validation accuracy:0.9136, Loss:0.350, f1 0.855791, score 0.874868
[Epoch 18] Train time:4.55, Training accuracy:0.9795. Loss: 1.838 LR:0.000028
[Epoch 18] Validation accuracy:0.9061, Loss:0.358, f1 0.844631, score 0.864916
[Epoch 19] Train time:4.54, Training accuracy:0.9799. Loss: 1.837 LR:0.000028
[Epoch 19] Validation accuracy:0.9126, Loss:0.349, f1 0.851931, score 0.871952
[Epoch 20] Train time:4.53, Training accuracy:0.9782. Loss: 1.845 LR:0.000027
[Epoch 20] Validation accuracy:0.9188, Loss:0.342, f1 0.865598, score 0.883155
Model saved.
best_acc:0.9188
[Epoch 21] Train time:4.53, Training accuracy:0.9781. Loss: 1.841 LR:0.000027
[Epoch 21] Validation accuracy:0.9100, Loss:0.360, f1 0.852062, score 0.871182
[Epoch 22] Train time:4.53, Training accuracy:0.9823. Loss: 1.822 LR:0.000026
[Epoch 22] Validation accuracy:0.9146, Loss:0.344, f1 0.855993, score 0.875334
[Epoch 23] Train time:4.54, Training accuracy:0.9817. Loss: 1.823 LR:0.000026
[Epoch 23] Validation accuracy:0.9143, Loss:0.346, f1 0.858322, score 0.876795
[Epoch 24] Train time:4.53, Training accuracy:0.9802. Loss: 1.833 LR:0.000025
[Epoch 24] Validation accuracy:0.9140, Loss:0.353, f1 0.857461, score 0.876119
[Epoch 25] Train time:4.54, Training accuracy:0.9825. Loss: 1.815 LR:0.000025
[Epoch 25] Validation accuracy:0.9126, Loss:0.357, f1 0.865545, score 0.881073
[Epoch 26] Train time:4.53, Training accuracy:0.9825. Loss: 1.817 LR:0.000024
[Epoch 26] Validation accuracy:0.9143, Loss:0.350, f1 0.856711, score 0.875715
[Epoch 27] Train time:4.53, Training accuracy:0.9823. Loss: 1.813 LR:0.000024
[Epoch 27] Validation accuracy:0.9126, Loss:0.355, f1 0.858069, score 0.876064
[Epoch 28] Train time:4.54, Training accuracy:0.9826. Loss: 1.814 LR:0.000023
[Epoch 28] Validation accuracy:0.9120, Loss:0.352, f1 0.853667, score 0.872917
[Epoch 29] Train time:4.53, Training accuracy:0.9846. Loss: 1.799 LR:0.000023
[Epoch 29] Validation accuracy:0.9146, Loss:0.351, f1 0.861633, score 0.879112
[Epoch 30] Train time:4.53, Training accuracy:0.9842. Loss: 1.805 LR:0.000022
[Epoch 30] Validation accuracy:0.9126, Loss:0.353, f1 0.851294, score 0.871525
[Epoch 31] Train time:4.53, Training accuracy:0.9848. Loss: 1.802 LR:0.000022
[Epoch 31] Validation accuracy:0.9172, Loss:0.346, f1 0.856815, score 0.876742
[Epoch 32] Train time:4.53, Training accuracy:0.9843. Loss: 1.799 LR:0.000021
[Epoch 32] Validation accuracy:0.9179, Loss:0.345, f1 0.862364, score 0.880691
[Epoch 33] Train time:4.53, Training accuracy:0.9861. Loss: 1.791 LR:0.000021
[Epoch 33] Validation accuracy:0.9126, Loss:0.353, f1 0.854432, score 0.873627
[Epoch 34] Train time:4.53, Training accuracy:0.9848. Loss: 1.791 LR:0.000021
[Epoch 34] Validation accuracy:0.9107, Loss:0.355, f1 0.848917, score 0.869305
[Epoch 35] Train time:4.52, Training accuracy:0.9852. Loss: 1.794 LR:0.000020
[Epoch 35] Validation accuracy:0.9169, Loss:0.343, f1 0.867848, score 0.884035
[Epoch 36] Train time:4.54, Training accuracy:0.9857. Loss: 1.788 LR:0.000020
[Epoch 36] Validation accuracy:0.9221, Loss:0.340, f1 0.865550, score 0.884212
Model saved.
best_acc:0.9221
[Epoch 37] Train time:4.55, Training accuracy:0.9870. Loss: 1.784 LR:0.000019
[Epoch 37] Validation accuracy:0.9201, Loss:0.346, f1 0.866768, score 0.884367
[Epoch 38] Train time:4.52, Training accuracy:0.9865. Loss: 1.784 LR:0.000019
[Epoch 38] Validation accuracy:0.9156, Loss:0.342, f1 0.859135, score 0.877768
[Epoch 39] Train time:4.54, Training accuracy:0.9877. Loss: 1.776 LR:0.000019
[Epoch 39] Validation accuracy:0.9188, Loss:0.342, f1 0.864977, score 0.882739
[Epoch 40] Train time:4.53, Training accuracy:0.9866. Loss: 1.783 LR:0.000018
[Epoch 40] Validation accuracy:0.9185, Loss:0.347, f1 0.864089, score 0.882044
[Epoch 41] Train time:4.54, Training accuracy:0.9853. Loss: 1.785 LR:0.000018
[Epoch 41] Validation accuracy:0.9198, Loss:0.348, f1 0.864289, score 0.882608
[Epoch 42] Train time:4.53, Training accuracy:0.9856. Loss: 1.789 LR:0.000017
[Epoch 42] Validation accuracy:0.9175, Loss:0.342, f1 0.861039, score 0.879671
[Epoch 43] Train time:4.52, Training accuracy:0.9867. Loss: 1.778 LR:0.000017
[Epoch 43] Validation accuracy:0.9195, Loss:0.344, f1 0.862699, score 0.881443
[Epoch 44] Train time:4.52, Training accuracy:0.9870. Loss: 1.777 LR:0.000017
[Epoch 44] Validation accuracy:0.9140, Loss:0.347, f1 0.857783, score 0.876334
[Epoch 45] Train time:4.53, Training accuracy:0.9860. Loss: 1.780 LR:0.000016
[Epoch 45] Validation accuracy:0.9149, Loss:0.348, f1 0.859980, score 0.878104
[Epoch 46] Train time:4.53, Training accuracy:0.9871. Loss: 1.775 LR:0.000016
[Epoch 46] Validation accuracy:0.9185, Loss:0.339, f1 0.861618, score 0.880389
[Epoch 47] Train time:4.53, Training accuracy:0.9868. Loss: 1.771 LR:0.000016
[Epoch 47] Validation accuracy:0.9198, Loss:0.344, f1 0.866120, score 0.883834
[Epoch 48] Train time:4.53, Training accuracy:0.9861. Loss: 1.778 LR:0.000015
[Epoch 48] Validation accuracy:0.9156, Loss:0.344, f1 0.861089, score 0.879078
[Epoch 49] Train time:4.53, Training accuracy:0.9879. Loss: 1.769 LR:0.000015
[Epoch 49] Validation accuracy:0.9162, Loss:0.344, f1 0.861518, score 0.879563
[Epoch 50] Train time:4.54, Training accuracy:0.9870. Loss: 1.773 LR:0.000015
[Epoch 50] Validation accuracy:0.9149, Loss:0.350, f1 0.854921, score 0.874714
[Epoch 51] Train time:4.53, Training accuracy:0.9875. Loss: 1.770 LR:0.000015
[Epoch 51] Validation accuracy:0.9130, Loss:0.350, f1 0.861314, score 0.878370
[Epoch 52] Train time:4.53, Training accuracy:0.9873. Loss: 1.770 LR:0.000014
[Epoch 52] Validation accuracy:0.9156, Loss:0.347, f1 0.861867, score 0.879599
[Epoch 53] Train time:4.53, Training accuracy:0.9879. Loss: 1.765 LR:0.000014
[Epoch 53] Validation accuracy:0.9179, Loss:0.348, f1 0.865564, score 0.882835
[Epoch 54] Train time:4.53, Training accuracy:0.9877. Loss: 1.764 LR:0.000014
[Epoch 54] Validation accuracy:0.9175, Loss:0.343, f1 0.865301, score 0.882527
[Epoch 55] Train time:4.53, Training accuracy:0.9878. Loss: 1.772 LR:0.000013
[Epoch 55] Validation accuracy:0.9182, Loss:0.346, f1 0.865346, score 0.882788
[Epoch 56] Train time:4.52, Training accuracy:0.9887. Loss: 1.765 LR:0.000013
[Epoch 56] Validation accuracy:0.9153, Loss:0.346, f1 0.859812, score 0.878123
[Epoch 57] Train time:4.54, Training accuracy:0.9883. Loss: 1.761 LR:0.000013
[Epoch 57] Validation accuracy:0.9208, Loss:0.347, f1 0.870728, score 0.887251
[Epoch 58] Train time:4.54, Training accuracy:0.9898. Loss: 1.759 LR:0.000013
[Epoch 58] Validation accuracy:0.9175, Loss:0.345, f1 0.864615, score 0.882067
[Epoch 59] Train time:4.56, Training accuracy:0.9876. Loss: 1.764 LR:0.000012
[Epoch 59] Validation accuracy:0.9126, Loss:0.350, f1 0.852735, score 0.872491
[Epoch 60] Train time:4.53, Training accuracy:0.9888. Loss: 1.761 LR:0.000012
[Epoch 60] Validation accuracy:0.9221, Loss:0.344, f1 0.872940, score 0.889163
[Epoch 61] Train time:4.53, Training accuracy:0.9886. Loss: 1.764 LR:0.000012
[Epoch 61] Validation accuracy:0.9179, Loss:0.347, f1 0.866942, score 0.883758
[Epoch 62] Train time:4.54, Training accuracy:0.9892. Loss: 1.760 LR:0.000012
[Epoch 62] Validation accuracy:0.9208, Loss:0.345, f1 0.872260, score 0.888278
[Epoch 63] Train time:4.53, Training accuracy:0.9882. Loss: 1.759 LR:0.000011
[Epoch 63] Validation accuracy:0.9166, Loss:0.342, f1 0.861744, score 0.879846
[Epoch 64] Train time:4.53, Training accuracy:0.9885. Loss: 1.758 LR:0.000011
[Epoch 64] Validation accuracy:0.9143, Loss:0.351, f1 0.853794, score 0.873761
[Epoch 65] Train time:4.53, Training accuracy:0.9894. Loss: 1.756 LR:0.000011
[Epoch 65] Validation accuracy:0.9133, Loss:0.345, f1 0.856444, score 0.875206
[Epoch 66] Train time:4.52, Training accuracy:0.9905. Loss: 1.750 LR:0.000011
[Epoch 66] Validation accuracy:0.9159, Loss:0.346, f1 0.859889, score 0.878373
[Epoch 67] Train time:4.54, Training accuracy:0.9897. Loss: 1.753 LR:0.000011
[Epoch 67] Validation accuracy:0.9179, Loss:0.349, f1 0.858606, score 0.878173
[Epoch 68] Train time:4.52, Training accuracy:0.9897. Loss: 1.754 LR:0.000010
[Epoch 68] Validation accuracy:0.9179, Loss:0.344, f1 0.859940, score 0.879067
[Epoch 69] Train time:4.53, Training accuracy:0.9885. Loss: 1.755 LR:0.000010
[Epoch 69] Validation accuracy:0.9146, Loss:0.347, f1 0.860218, score 0.878164
[Epoch 70] Train time:4.54, Training accuracy:0.9897. Loss: 1.753 LR:0.000010
[Epoch 70] Validation accuracy:0.9205, Loss:0.338, f1 0.865209, score 0.883455
[Epoch 71] Train time:4.54, Training accuracy:0.9897. Loss: 1.752 LR:0.000010
[Epoch 71] Validation accuracy:0.9185, Loss:0.341, f1 0.865042, score 0.882684
[Epoch 72] Train time:4.53, Training accuracy:0.9912. Loss: 1.744 LR:0.000010
[Epoch 72] Validation accuracy:0.9146, Loss:0.349, f1 0.858175, score 0.876795
[Epoch 73] Train time:4.52, Training accuracy:0.9900. Loss: 1.753 LR:0.000009
[Epoch 73] Validation accuracy:0.9205, Loss:0.344, f1 0.865316, score 0.883527
[Epoch 74] Train time:4.53, Training accuracy:0.9901. Loss: 1.748 LR:0.000009
[Epoch 74] Validation accuracy:0.9149, Loss:0.344, f1 0.860592, score 0.878513
[Epoch 75] Train time:4.54, Training accuracy:0.9911. Loss: 1.743 LR:0.000009
[Epoch 75] Validation accuracy:0.9146, Loss:0.346, f1 0.857531, score 0.876364
[Epoch 76] Train time:4.53, Training accuracy:0.9903. Loss: 1.747 LR:0.000009
[Epoch 76] Validation accuracy:0.9185, Loss:0.344, f1 0.862080, score 0.880698
[Epoch 77] Train time:4.53, Training accuracy:0.9909. Loss: 1.747 LR:0.000009
[Epoch 77] Validation accuracy:0.9172, Loss:0.345, f1 0.860420, score 0.879157
[Epoch 78] Train time:4.54, Training accuracy:0.9914. Loss: 1.747 LR:0.000008
[Epoch 78] Validation accuracy:0.9169, Loss:0.345, f1 0.863865, score 0.881366
[Epoch 79] Train time:4.53, Training accuracy:0.9898. Loss: 1.747 LR:0.000008
[Epoch 79] Validation accuracy:0.9159, Loss:0.345, f1 0.858343, score 0.877337
[Epoch 80] Train time:4.53, Training accuracy:0.9911. Loss: 1.744 LR:0.000008
[Epoch 80] Validation accuracy:0.9153, Loss:0.346, f1 0.857748, score 0.876740
[Epoch 81] Train time:4.55, Training accuracy:0.9910. Loss: 1.744 LR:0.000008
[Epoch 81] Validation accuracy:0.9185, Loss:0.346, f1 0.864905, score 0.882591
[Epoch 82] Train time:4.54, Training accuracy:0.9909. Loss: 1.747 LR:0.000008
[Epoch 82] Validation accuracy:0.9201, Loss:0.344, f1 0.867288, score 0.884716
[Epoch 83] Train time:4.53, Training accuracy:0.9910. Loss: 1.743 LR:0.000008
[Epoch 83] Validation accuracy:0.9185, Loss:0.346, f1 0.864417, score 0.882264
[Epoch 84] Train time:4.53, Training accuracy:0.9914. Loss: 1.744 LR:0.000007
[Epoch 84] Validation accuracy:0.9166, Loss:0.350, f1 0.863226, score 0.880839
[Epoch 85] Train time:4.54, Training accuracy:0.9916. Loss: 1.739 LR:0.000007
[Epoch 85] Validation accuracy:0.9162, Loss:0.343, f1 0.863717, score 0.881037
[Epoch 86] Train time:4.53, Training accuracy:0.9916. Loss: 1.740 LR:0.000007
[Epoch 86] Validation accuracy:0.9117, Loss:0.348, f1 0.853958, score 0.873013
[Epoch 87] Train time:4.54, Training accuracy:0.9910. Loss: 1.740 LR:0.000007
[Epoch 87] Validation accuracy:0.9159, Loss:0.343, f1 0.859900, score 0.878380
[Epoch 88] Train time:4.53, Training accuracy:0.9911. Loss: 1.740 LR:0.000007
[Epoch 88] Validation accuracy:0.9156, Loss:0.346, f1 0.857300, score 0.876539
[Epoch 89] Train time:4.54, Training accuracy:0.9910. Loss: 1.742 LR:0.000007
[Epoch 89] Validation accuracy:0.9143, Loss:0.348, f1 0.856286, score 0.875430
[Epoch 90] Train time:4.52, Training accuracy:0.9915. Loss: 1.742 LR:0.000007
[Epoch 90] Validation accuracy:0.9201, Loss:0.340, f1 0.862419, score 0.881454
[Epoch 91] Train time:4.54, Training accuracy:0.9912. Loss: 1.742 LR:0.000006
[Epoch 91] Validation accuracy:0.9195, Loss:0.345, f1 0.864662, score 0.882759
[Epoch 92] Train time:4.53, Training accuracy:0.9910. Loss: 1.738 LR:0.000006
[Epoch 92] Validation accuracy:0.9192, Loss:0.341, f1 0.867016, score 0.884237
[Epoch 93] Train time:4.53, Training accuracy:0.9914. Loss: 1.739 LR:0.000006
[Epoch 93] Validation accuracy:0.9179, Loss:0.344, f1 0.865354, score 0.882694
[Epoch 94] Train time:4.53, Training accuracy:0.9912. Loss: 1.734 LR:0.000006
[Epoch 94] Validation accuracy:0.9214, Loss:0.338, f1 0.869335, score 0.886517
[Epoch 95] Train time:4.53, Training accuracy:0.9906. Loss: 1.741 LR:0.000006
[Epoch 95] Validation accuracy:0.9198, Loss:0.340, f1 0.863982, score 0.882402
[Epoch 96] Train time:4.54, Training accuracy:0.9917. Loss: 1.739 LR:0.000006
[Epoch 96] Validation accuracy:0.9214, Loss:0.340, f1 0.868683, score 0.886080
[Epoch 97] Train time:4.52, Training accuracy:0.9918. Loss: 1.735 LR:0.000006
[Epoch 97] Validation accuracy:0.9214, Loss:0.338, f1 0.870954, score 0.887601
[Epoch 98] Train time:4.53, Training accuracy:0.9920. Loss: 1.734 LR:0.000006
[Epoch 98] Validation accuracy:0.9185, Loss:0.339, f1 0.863546, score 0.881681
[Epoch 99] Train time:4.53, Training accuracy:0.9927. Loss: 1.733 LR:0.000006
[Epoch 99] Validation accuracy:0.9201, Loss:0.339, f1 0.866288, score 0.884046
[Epoch 100] Train time:4.53, Training accuracy:0.9919. Loss: 1.734 LR:0.000005
[Epoch 100] Validation accuracy:0.9211, Loss:0.338, f1 0.867310, score 0.885061
[Epoch 101] Train time:4.53, Training accuracy:0.9915. Loss: 1.738 LR:0.000005
[Epoch 101] Validation accuracy:0.9188, Loss:0.341, f1 0.864939, score 0.882713
[Epoch 102] Train time:4.53, Training accuracy:0.9910. Loss: 1.743 LR:0.000005
[Epoch 102] Validation accuracy:0.9201, Loss:0.342, f1 0.865427, score 0.883469
[Epoch 103] Train time:4.53, Training accuracy:0.9910. Loss: 1.740 LR:0.000005
[Epoch 103] Validation accuracy:0.9192, Loss:0.341, f1 0.864139, score 0.882309
[Epoch 104] Train time:4.55, Training accuracy:0.9917. Loss: 1.738 LR:0.000005
[Epoch 104] Validation accuracy:0.9214, Loss:0.339, f1 0.870225, score 0.887113
[Epoch 105] Train time:4.52, Training accuracy:0.9920. Loss: 1.735 LR:0.000005
[Epoch 105] Validation accuracy:0.9214, Loss:0.343, f1 0.871647, score 0.888065
[Epoch 106] Train time:4.53, Training accuracy:0.9928. Loss: 1.733 LR:0.000005
[Epoch 106] Validation accuracy:0.9198, Loss:0.342, f1 0.864258, score 0.882587
[Epoch 107] Train time:4.52, Training accuracy:0.9916. Loss: 1.734 LR:0.000005
[Epoch 107] Validation accuracy:0.9182, Loss:0.340, f1 0.861791, score 0.880406
[Epoch 108] Train time:4.53, Training accuracy:0.9925. Loss: 1.731 LR:0.000005
[Epoch 108] Validation accuracy:0.9182, Loss:0.342, f1 0.865803, score 0.883094
[Epoch 109] Train time:4.52, Training accuracy:0.9923. Loss: 1.731 LR:0.000005
[Epoch 109] Validation accuracy:0.9195, Loss:0.339, f1 0.866763, score 0.884166
[Epoch 110] Train time:4.53, Training accuracy:0.9919. Loss: 1.736 LR:0.000004
[Epoch 110] Validation accuracy:0.9198, Loss:0.340, f1 0.866552, score 0.884124
[Epoch 111] Train time:4.52, Training accuracy:0.9918. Loss: 1.736 LR:0.000004
[Epoch 111] Validation accuracy:0.9208, Loss:0.339, f1 0.867678, score 0.885208
[Epoch 112] Train time:4.53, Training accuracy:0.9923. Loss: 1.733 LR:0.000004
[Epoch 112] Validation accuracy:0.9208, Loss:0.339, f1 0.869318, score 0.886307
[Epoch 113] Train time:4.53, Training accuracy:0.9932. Loss: 1.727 LR:0.000004
[Epoch 113] Validation accuracy:0.9205, Loss:0.336, f1 0.867833, score 0.885213
[Epoch 114] Train time:4.53, Training accuracy:0.9923. Loss: 1.733 LR:0.000004
[Epoch 114] Validation accuracy:0.9188, Loss:0.341, f1 0.865150, score 0.882855
[Epoch 115] Train time:4.54, Training accuracy:0.9929. Loss: 1.730 LR:0.000004
[Epoch 115] Validation accuracy:0.9208, Loss:0.339, f1 0.867475, score 0.885072
[Epoch 116] Train time:4.53, Training accuracy:0.9933. Loss: 1.728 LR:0.000004
[Epoch 116] Validation accuracy:0.9221, Loss:0.339, f1 0.869049, score 0.886556
[Epoch 117] Train time:4.53, Training accuracy:0.9932. Loss: 1.727 LR:0.000004
[Epoch 117] Validation accuracy:0.9198, Loss:0.339, f1 0.863546, score 0.882110
[Epoch 118] Train time:4.53, Training accuracy:0.9929. Loss: 1.728 LR:0.000004
[Epoch 118] Validation accuracy:0.9214, Loss:0.337, f1 0.868147, score 0.885721
[Epoch 119] Train time:4.54, Training accuracy:0.9924. Loss: 1.728 LR:0.000004
[Epoch 119] Validation accuracy:0.9224, Loss:0.337, f1 0.871399, score 0.888229
Model saved.
best_acc:0.9224
[Epoch 120] Train time:4.53, Training accuracy:0.9914. Loss: 1.735 LR:0.000004
[Epoch 120] Validation accuracy:0.9198, Loss:0.339, f1 0.863675, score 0.882197
[Epoch 121] Train time:4.52, Training accuracy:0.9925. Loss: 1.731 LR:0.000004
[Epoch 121] Validation accuracy:0.9218, Loss:0.338, f1 0.868960, score 0.886397
[Epoch 122] Train time:4.54, Training accuracy:0.9929. Loss: 1.731 LR:0.000003
[Epoch 122] Validation accuracy:0.9205, Loss:0.336, f1 0.865616, score 0.883728
[Epoch 123] Train time:4.52, Training accuracy:0.9922. Loss: 1.732 LR:0.000003
[Epoch 123] Validation accuracy:0.9192, Loss:0.339, f1 0.864740, score 0.882712
[Epoch 124] Train time:4.52, Training accuracy:0.9914. Loss: 1.733 LR:0.000003
[Epoch 124] Validation accuracy:0.9205, Loss:0.338, f1 0.867021, score 0.884669
[Epoch 125] Train time:4.53, Training accuracy:0.9920. Loss: 1.732 LR:0.000003
[Epoch 125] Validation accuracy:0.9182, Loss:0.341, f1 0.864945, score 0.882519
[Epoch 126] Train time:4.52, Training accuracy:0.9924. Loss: 1.730 LR:0.000003
[Epoch 126] Validation accuracy:0.9205, Loss:0.339, f1 0.867877, score 0.885242
[Epoch 127] Train time:4.52, Training accuracy:0.9925. Loss: 1.730 LR:0.000003
[Epoch 127] Validation accuracy:0.9192, Loss:0.341, f1 0.865801, score 0.883422
[Epoch 128] Train time:4.53, Training accuracy:0.9925. Loss: 1.730 LR:0.000003
[Epoch 128] Validation accuracy:0.9175, Loss:0.344, f1 0.861215, score 0.879789
[Epoch 129] Train time:4.52, Training accuracy:0.9923. Loss: 1.730 LR:0.000003
[Epoch 129] Validation accuracy:0.9211, Loss:0.338, f1 0.868536, score 0.885882
[Epoch 130] Train time:4.51, Training accuracy:0.9925. Loss: 1.730 LR:0.000003
[Epoch 130] Validation accuracy:0.9201, Loss:0.341, f1 0.866621, score 0.884269
[Epoch 131] Train time:4.52, Training accuracy:0.9924. Loss: 1.730 LR:0.000003
[Epoch 131] Validation accuracy:0.9201, Loss:0.341, f1 0.864036, score 0.882537
[Epoch 132] Train time:4.52, Training accuracy:0.9925. Loss: 1.727 LR:0.000003
[Epoch 132] Validation accuracy:0.9208, Loss:0.341, f1 0.866358, score 0.884324
[Epoch 133] Train time:4.54, Training accuracy:0.9930. Loss: 1.727 LR:0.000003
[Epoch 133] Validation accuracy:0.9195, Loss:0.341, f1 0.865271, score 0.883167
[Epoch 134] Train time:4.52, Training accuracy:0.9931. Loss: 1.728 LR:0.000003
[Epoch 134] Validation accuracy:0.9211, Loss:0.339, f1 0.868650, score 0.885959
[Epoch 135] Train time:4.52, Training accuracy:0.9927. Loss: 1.730 LR:0.000003
[Epoch 135] Validation accuracy:0.9188, Loss:0.338, f1 0.863709, score 0.881889
[Epoch 136] Train time:4.53, Training accuracy:0.9932. Loss: 1.730 LR:0.000003
[Epoch 136] Validation accuracy:0.9185, Loss:0.339, f1 0.862990, score 0.881308
[Epoch 137] Train time:4.53, Training accuracy:0.9926. Loss: 1.727 LR:0.000003
[Epoch 137] Validation accuracy:0.9188, Loss:0.339, f1 0.862993, score 0.881409
[Epoch 138] Train time:4.53, Training accuracy:0.9936. Loss: 1.722 LR:0.000003
[Epoch 138] Validation accuracy:0.9192, Loss:0.341, f1 0.862807, score 0.881417
[Epoch 139] Train time:4.52, Training accuracy:0.9925. Loss: 1.730 LR:0.000002
[Epoch 139] Validation accuracy:0.9201, Loss:0.338, f1 0.865602, score 0.883586
[Epoch 140] Train time:4.53, Training accuracy:0.9928. Loss: 1.728 LR:0.000002
[Epoch 140] Validation accuracy:0.9201, Loss:0.341, f1 0.869358, score 0.886103
[Epoch 141] Train time:4.53, Training accuracy:0.9929. Loss: 1.725 LR:0.000002
[Epoch 141] Validation accuracy:0.9185, Loss:0.340, f1 0.864650, score 0.882421
[Epoch 142] Train time:4.52, Training accuracy:0.9928. Loss: 1.727 LR:0.000002
[Epoch 142] Validation accuracy:0.9205, Loss:0.340, f1 0.870197, score 0.886797
[Epoch 143] Train time:4.54, Training accuracy:0.9928. Loss: 1.726 LR:0.000002
[Epoch 143] Validation accuracy:0.9198, Loss:0.339, f1 0.867223, score 0.884574
[Epoch 144] Train time:4.53, Training accuracy:0.9928. Loss: 1.728 LR:0.000002
[Epoch 144] Validation accuracy:0.9175, Loss:0.339, f1 0.859458, score 0.878612
[Epoch 145] Train time:4.53, Training accuracy:0.9928. Loss: 1.726 LR:0.000002
[Epoch 145] Validation accuracy:0.9195, Loss:0.341, f1 0.866817, score 0.884203
[Epoch 146] Train time:4.53, Training accuracy:0.9932. Loss: 1.725 LR:0.000002
[Epoch 146] Validation accuracy:0.9205, Loss:0.339, f1 0.868244, score 0.885489
[Epoch 147] Train time:4.52, Training accuracy:0.9931. Loss: 1.724 LR:0.000002
[Epoch 147] Validation accuracy:0.9192, Loss:0.339, f1 0.864531, score 0.882572
[Epoch 148] Train time:4.54, Training accuracy:0.9932. Loss: 1.724 LR:0.000002
[Epoch 148] Validation accuracy:0.9208, Loss:0.337, f1 0.867168, score 0.884866
[Epoch 149] Train time:4.53, Training accuracy:0.9929. Loss: 1.727 LR:0.000002
[Epoch 149] Validation accuracy:0.9205, Loss:0.338, f1 0.866164, score 0.884095
[Epoch 150] Train time:4.53, Training accuracy:0.9930. Loss: 1.725 LR:0.000002
[Epoch 150] Validation accuracy:0.9224, Loss:0.340, f1 0.869345, score 0.886853
[Epoch 151] Train time:4.54, Training accuracy:0.9932. Loss: 1.725 LR:0.000002
[Epoch 151] Validation accuracy:0.9211, Loss:0.338, f1 0.869442, score 0.886489
[Epoch 152] Train time:4.53, Training accuracy:0.9927. Loss: 1.724 LR:0.000002
[Epoch 152] Validation accuracy:0.9208, Loss:0.339, f1 0.868476, score 0.885743
[Epoch 153] Train time:4.54, Training accuracy:0.9944. Loss: 1.722 LR:0.000002
[Epoch 153] Validation accuracy:0.9188, Loss:0.339, f1 0.864280, score 0.882271
[Epoch 154] Train time:4.53, Training accuracy:0.9940. Loss: 1.721 LR:0.000002
[Epoch 154] Validation accuracy:0.9188, Loss:0.338, f1 0.865728, score 0.883242
[Epoch 155] Train time:4.54, Training accuracy:0.9931. Loss: 1.727 LR:0.000002
[Epoch 155] Validation accuracy:0.9185, Loss:0.340, f1 0.863417, score 0.881595
[Epoch 156] Train time:4.53, Training accuracy:0.9942. Loss: 1.720 LR:0.000002
[Epoch 156] Validation accuracy:0.9201, Loss:0.339, f1 0.864689, score 0.882974
[Epoch 157] Train time:4.53, Training accuracy:0.9929. Loss: 1.723 LR:0.000002
[Epoch 157] Validation accuracy:0.9201, Loss:0.338, f1 0.866218, score 0.883999
[Epoch 158] Train time:4.53, Training accuracy:0.9936. Loss: 1.722 LR:0.000002
[Epoch 158] Validation accuracy:0.9182, Loss:0.338, f1 0.862096, score 0.880610
[Epoch 159] Train time:4.53, Training accuracy:0.9930. Loss: 1.724 LR:0.000002
[Epoch 159] Validation accuracy:0.9211, Loss:0.336, f1 0.867904, score 0.885458
[Epoch 160] Train time:4.53, Training accuracy:0.9937. Loss: 1.721 LR:0.000002
[Epoch 160] Validation accuracy:0.9198, Loss:0.338, f1 0.865159, score 0.883191
[Epoch 161] Train time:4.53, Training accuracy:0.9937. Loss: 1.720 LR:0.000002
[Epoch 161] Validation accuracy:0.9166, Loss:0.341, f1 0.859439, score 0.878302
[Epoch 162] Train time:4.53, Training accuracy:0.9941. Loss: 1.720 LR:0.000002
[Epoch 162] Validation accuracy:0.9192, Loss:0.339, f1 0.865733, score 0.883377
[Epoch 163] Train time:4.53, Training accuracy:0.9945. Loss: 1.718 LR:0.000002
[Epoch 163] Validation accuracy:0.9201, Loss:0.337, f1 0.865783, score 0.883707
[Epoch 164] Train time:4.54, Training accuracy:0.9936. Loss: 1.723 LR:0.000001
[Epoch 164] Validation accuracy:0.9201, Loss:0.339, f1 0.867714, score 0.885001
[Epoch 165] Train time:4.53, Training accuracy:0.9931. Loss: 1.722 LR:0.000001
[Epoch 165] Validation accuracy:0.9211, Loss:0.340, f1 0.868689, score 0.885984
[Epoch 166] Train time:4.54, Training accuracy:0.9935. Loss: 1.725 LR:0.000001
[Epoch 166] Validation accuracy:0.9211, Loss:0.337, f1 0.867464, score 0.885164
[Epoch 167] Train time:4.52, Training accuracy:0.9933. Loss: 1.722 LR:0.000001
[Epoch 167] Validation accuracy:0.9231, Loss:0.337, f1 0.872606, score 0.889269
Model saved.
best_acc:0.9231
[Epoch 168] Train time:4.53, Training accuracy:0.9934. Loss: 1.724 LR:0.000001
[Epoch 168] Validation accuracy:0.9224, Loss:0.338, f1 0.870164, score 0.887402
[Epoch 169] Train time:4.54, Training accuracy:0.9930. Loss: 1.723 LR:0.000001
[Epoch 169] Validation accuracy:0.9208, Loss:0.338, f1 0.864787, score 0.883271
[Epoch 170] Train time:4.53, Training accuracy:0.9938. Loss: 1.721 LR:0.000001
[Epoch 170] Validation accuracy:0.9201, Loss:0.338, f1 0.865232, score 0.883338
[Epoch 171] Train time:4.53, Training accuracy:0.9930. Loss: 1.723 LR:0.000001
[Epoch 171] Validation accuracy:0.9205, Loss:0.337, f1 0.868918, score 0.885940
[Epoch 172] Train time:4.52, Training accuracy:0.9933. Loss: 1.724 LR:0.000001
[Epoch 172] Validation accuracy:0.9195, Loss:0.338, f1 0.866518, score 0.884002
[Epoch 173] Train time:4.54, Training accuracy:0.9936. Loss: 1.722 LR:0.000001
[Epoch 173] Validation accuracy:0.9221, Loss:0.337, f1 0.868957, score 0.886494
[Epoch 174] Train time:4.53, Training accuracy:0.9927. Loss: 1.726 LR:0.000001
[Epoch 174] Validation accuracy:0.9198, Loss:0.337, f1 0.865694, score 0.883549
[Epoch 175] Train time:4.53, Training accuracy:0.9933. Loss: 1.722 LR:0.000001
[Epoch 175] Validation accuracy:0.9208, Loss:0.337, f1 0.867899, score 0.885356
[Epoch 176] Train time:4.53, Training accuracy:0.9944. Loss: 1.719 LR:0.000001
[Epoch 176] Validation accuracy:0.9214, Loss:0.335, f1 0.867064, score 0.884995
[Epoch 177] Train time:4.53, Training accuracy:0.9943. Loss: 1.719 LR:0.000001
[Epoch 177] Validation accuracy:0.9211, Loss:0.335, f1 0.868366, score 0.885768
[Epoch 178] Train time:4.53, Training accuracy:0.9930. Loss: 1.724 LR:0.000001
[Epoch 178] Validation accuracy:0.9205, Loss:0.337, f1 0.868887, score 0.885919
[Epoch 179] Train time:4.53, Training accuracy:0.9932. Loss: 1.722 LR:0.000001
[Epoch 179] Validation accuracy:0.9208, Loss:0.337, f1 0.867689, score 0.885216
[Epoch 180] Train time:4.54, Training accuracy:0.9929. Loss: 1.722 LR:0.000001
[Epoch 180] Validation accuracy:0.9208, Loss:0.337, f1 0.867702, score 0.885225
[Epoch 181] Train time:4.53, Training accuracy:0.9937. Loss: 1.721 LR:0.000001
[Epoch 181] Validation accuracy:0.9211, Loss:0.337, f1 0.868988, score 0.886185
[Epoch 182] Train time:4.54, Training accuracy:0.9936. Loss: 1.723 LR:0.000001
[Epoch 182] Validation accuracy:0.9208, Loss:0.337, f1 0.866797, score 0.884618
[Epoch 183] Train time:4.54, Training accuracy:0.9941. Loss: 1.719 LR:0.000001
[Epoch 183] Validation accuracy:0.9208, Loss:0.336, f1 0.866251, score 0.884252
[Epoch 184] Train time:4.53, Training accuracy:0.9936. Loss: 1.722 LR:0.000001
[Epoch 184] Validation accuracy:0.9211, Loss:0.337, f1 0.865643, score 0.883944
[Epoch 185] Train time:4.54, Training accuracy:0.9935. Loss: 1.721 LR:0.000001
[Epoch 185] Validation accuracy:0.9201, Loss:0.337, f1 0.863743, score 0.882341
[Epoch 186] Train time:4.53, Training accuracy:0.9937. Loss: 1.723 LR:0.000001
[Epoch 186] Validation accuracy:0.9224, Loss:0.337, f1 0.866695, score 0.885077
[Epoch 187] Train time:4.52, Training accuracy:0.9941. Loss: 1.719 LR:0.000001
[Epoch 187] Validation accuracy:0.9237, Loss:0.335, f1 0.871407, score 0.888663
Model saved.
best_acc:0.9237
[Epoch 188] Train time:4.55, Training accuracy:0.9937. Loss: 1.721 LR:0.000001
[Epoch 188] Validation accuracy:0.9221, Loss:0.336, f1 0.869038, score 0.886548
[Epoch 189] Train time:4.53, Training accuracy:0.9946. Loss: 1.717 LR:0.000001
[Epoch 189] Validation accuracy:0.9214, Loss:0.335, f1 0.870117, score 0.887040
[Epoch 190] Train time:4.53, Training accuracy:0.9940. Loss: 1.719 LR:0.000001
[Epoch 190] Validation accuracy:0.9218, Loss:0.336, f1 0.867492, score 0.885414
[Epoch 191] Train time:4.53, Training accuracy:0.9937. Loss: 1.721 LR:0.000001
[Epoch 191] Validation accuracy:0.9214, Loss:0.337, f1 0.868417, score 0.885901
[Epoch 192] Train time:4.54, Training accuracy:0.9948. Loss: 1.718 LR:0.000001
[Epoch 192] Validation accuracy:0.9221, Loss:0.335, f1 0.870671, score 0.887643
[Epoch 193] Train time:4.53, Training accuracy:0.9941. Loss: 1.717 LR:0.000001
[Epoch 193] Validation accuracy:0.9208, Loss:0.336, f1 0.867937, score 0.885382
[Epoch 194] Train time:4.54, Training accuracy:0.9941. Loss: 1.719 LR:0.000001
[Epoch 194] Validation accuracy:0.9208, Loss:0.337, f1 0.866921, score 0.884701
[Epoch 195] Train time:4.53, Training accuracy:0.9935. Loss: 1.722 LR:0.000001
[Epoch 195] Validation accuracy:0.9211, Loss:0.337, f1 0.868183, score 0.885645
[Epoch 196] Train time:4.54, Training accuracy:0.9936. Loss: 1.720 LR:0.000001
[Epoch 196] Validation accuracy:0.9211, Loss:0.337, f1 0.869789, score 0.886722
[Epoch 197] Train time:4.53, Training accuracy:0.9945. Loss: 1.715 LR:0.000001
[Epoch 197] Validation accuracy:0.9214, Loss:0.336, f1 0.869192, score 0.886421
[Epoch 198] Train time:4.54, Training accuracy:0.9947. Loss: 1.713 LR:0.000001
[Epoch 198] Validation accuracy:0.9205, Loss:0.337, f1 0.865356, score 0.883554
[Epoch 199] Train time:4.53, Training accuracy:0.9936. Loss: 1.720 LR:0.000001
[Epoch 199] Validation accuracy:0.9205, Loss:0.336, f1 0.865935, score 0.883941
[Epoch 200] Train time:4.53, Training accuracy:0.9945. Loss: 1.716 LR:0.000001
[Epoch 200] Validation accuracy:0.9208, Loss:0.336, f1 0.867168, score 0.884867
[Epoch 201] Train time:4.53, Training accuracy:0.9941. Loss: 1.719 LR:0.000001
[Epoch 201] Validation accuracy:0.9211, Loss:0.336, f1 0.868902, score 0.886128
[Epoch 202] Train time:4.53, Training accuracy:0.9939. Loss: 1.720 LR:0.000001
[Epoch 202] Validation accuracy:0.9208, Loss:0.337, f1 0.867695, score 0.885220
[Epoch 203] Train time:4.54, Training accuracy:0.9943. Loss: 1.720 LR:0.000001
[Epoch 203] Validation accuracy:0.9211, Loss:0.336, f1 0.867973, score 0.885505
[Epoch 204] Train time:4.53, Training accuracy:0.9936. Loss: 1.720 LR:0.000001
[Epoch 204] Validation accuracy:0.9211, Loss:0.336, f1 0.867298, score 0.885052
[Epoch 205] Train time:4.53, Training accuracy:0.9947. Loss: 1.713 LR:0.000001
[Epoch 205] Validation accuracy:0.9211, Loss:0.336, f1 0.867601, score 0.885255
[Epoch 206] Train time:4.53, Training accuracy:0.9944. Loss: 1.719 LR:0.000001
[Epoch 206] Validation accuracy:0.9211, Loss:0.336, f1 0.870050, score 0.886896
[Epoch 207] Train time:4.53, Training accuracy:0.9949. Loss: 1.716 LR:0.000001
[Epoch 207] Validation accuracy:0.9195, Loss:0.337, f1 0.864698, score 0.882782
[Epoch 208] Train time:4.54, Training accuracy:0.9939. Loss: 1.718 LR:0.000001
[Epoch 208] Validation accuracy:0.9231, Loss:0.336, f1 0.871648, score 0.888627
[Epoch 209] Train time:4.54, Training accuracy:0.9937. Loss: 1.724 LR:0.000001
[Epoch 209] Validation accuracy:0.9201, Loss:0.336, f1 0.867652, score 0.884960
[Epoch 210] Train time:4.53, Training accuracy:0.9941. Loss: 1.717 LR:0.000001
[Epoch 210] Validation accuracy:0.9201, Loss:0.336, f1 0.869814, score 0.886408
[Epoch 211] Train time:4.53, Training accuracy:0.9942. Loss: 1.715 LR:0.000001
[Epoch 211] Validation accuracy:0.9201, Loss:0.338, f1 0.868299, score 0.885394
[Epoch 212] Train time:4.53, Training accuracy:0.9946. Loss: 1.715 LR:0.000001
[Epoch 212] Validation accuracy:0.9205, Loss:0.338, f1 0.868054, score 0.885361
[Epoch 213] Train time:4.54, Training accuracy:0.9946. Loss: 1.713 LR:0.000001
[Epoch 213] Validation accuracy:0.9201, Loss:0.338, f1 0.867394, score 0.884787
[Epoch 214] Train time:4.53, Training accuracy:0.9935. Loss: 1.718 LR:0.000001
[Epoch 214] Validation accuracy:0.9214, Loss:0.337, f1 0.869883, score 0.886884
[Epoch 215] Train time:4.52, Training accuracy:0.9936. Loss: 1.720 LR:0.000001
[Epoch 215] Validation accuracy:0.9214, Loss:0.336, f1 0.871880, score 0.888222
[Epoch 216] Train time:4.54, Training accuracy:0.9953. Loss: 1.715 LR:0.000001
[Epoch 216] Validation accuracy:0.9214, Loss:0.337, f1 0.868859, score 0.886197
[Epoch 217] Train time:4.53, Training accuracy:0.9937. Loss: 1.722 LR:0.000001
[Epoch 217] Validation accuracy:0.9228, Loss:0.336, f1 0.872235, score 0.888921
[Epoch 218] Train time:4.53, Training accuracy:0.9944. Loss: 1.718 LR:0.000000
[Epoch 218] Validation accuracy:0.9208, Loss:0.337, f1 0.870274, score 0.886947
[Epoch 219] Train time:4.52, Training accuracy:0.9933. Loss: 1.723 LR:0.000000
[Epoch 219] Validation accuracy:0.9205, Loss:0.337, f1 0.870251, score 0.886833
[Epoch 220] Train time:4.53, Training accuracy:0.9946. Loss: 1.715 LR:0.000000
[Epoch 220] Validation accuracy:0.9195, Loss:0.336, f1 0.865548, score 0.883352
[Epoch 221] Train time:4.53, Training accuracy:0.9949. Loss: 1.714 LR:0.000000
[Epoch 221] Validation accuracy:0.9214, Loss:0.336, f1 0.869235, score 0.886450
[Epoch 222] Train time:4.55, Training accuracy:0.9943. Loss: 1.720 LR:0.000000
[Epoch 222] Validation accuracy:0.9211, Loss:0.336, f1 0.870760, score 0.887372
[Epoch 223] Train time:4.53, Training accuracy:0.9934. Loss: 1.722 LR:0.000000
[Epoch 223] Validation accuracy:0.9211, Loss:0.336, f1 0.868437, score 0.885816
[Epoch 224] Train time:4.54, Training accuracy:0.9936. Loss: 1.720 LR:0.000000
[Epoch 224] Validation accuracy:0.9214, Loss:0.336, f1 0.869956, score 0.886933
[Epoch 225] Train time:4.53, Training accuracy:0.9938. Loss: 1.717 LR:0.000000
[Epoch 225] Validation accuracy:0.9218, Loss:0.336, f1 0.870981, score 0.887751
[Epoch 226] Train time:4.53, Training accuracy:0.9953. Loss: 1.711 LR:0.000000
[Epoch 226] Validation accuracy:0.9214, Loss:0.336, f1 0.867918, score 0.885567
[Epoch 227] Train time:4.54, Training accuracy:0.9935. Loss: 1.720 LR:0.000000
[Epoch 227] Validation accuracy:0.9211, Loss:0.336, f1 0.870378, score 0.887116
[Epoch 228] Train time:4.53, Training accuracy:0.9938. Loss: 1.719 LR:0.000000
[Epoch 228] Validation accuracy:0.9198, Loss:0.336, f1 0.866985, score 0.884414
[Epoch 229] Train time:4.53, Training accuracy:0.9942. Loss: 1.718 LR:0.000000
[Epoch 229] Validation accuracy:0.9205, Loss:0.336, f1 0.869113, score 0.886071
[Epoch 230] Train time:4.53, Training accuracy:0.9932. Loss: 1.721 LR:0.000000
[Epoch 230] Validation accuracy:0.9198, Loss:0.337, f1 0.867066, score 0.884469
[Epoch 231] Train time:4.53, Training accuracy:0.9938. Loss: 1.718 LR:0.000000
[Epoch 231] Validation accuracy:0.9218, Loss:0.337, f1 0.874588, score 0.890168
[Epoch 232] Train time:4.53, Training accuracy:0.9941. Loss: 1.719 LR:0.000000
[Epoch 232] Validation accuracy:0.9228, Loss:0.337, f1 0.874340, score 0.890332
[Epoch 233] Train time:4.53, Training accuracy:0.9941. Loss: 1.720 LR:0.000000
[Epoch 233] Validation accuracy:0.9221, Loss:0.336, f1 0.871414, score 0.888140
[Epoch 234] Train time:4.53, Training accuracy:0.9932. Loss: 1.718 LR:0.000000
[Epoch 234] Validation accuracy:0.9201, Loss:0.337, f1 0.866802, score 0.884390
[Epoch 235] Train time:4.53, Training accuracy:0.9936. Loss: 1.721 LR:0.000000
[Epoch 235] Validation accuracy:0.9231, Loss:0.336, f1 0.873863, score 0.890111
[Epoch 236] Train time:4.52, Training accuracy:0.9939. Loss: 1.719 LR:0.000000
[Epoch 236] Validation accuracy:0.9214, Loss:0.336, f1 0.871211, score 0.887773
[Epoch 237] Train time:4.53, Training accuracy:0.9954. Loss: 1.714 LR:0.000000
[Epoch 237] Validation accuracy:0.9214, Loss:0.336, f1 0.872783, score 0.888826
[Epoch 238] Train time:4.53, Training accuracy:0.9941. Loss: 1.719 LR:0.000000
[Epoch 238] Validation accuracy:0.9218, Loss:0.336, f1 0.870231, score 0.887249
[Epoch 239] Train time:4.53, Training accuracy:0.9940. Loss: 1.718 LR:0.000000
[Epoch 239] Validation accuracy:0.9234, Loss:0.336, f1 0.875397, score 0.891238
[Epoch 240] Train time:4.53, Training accuracy:0.9940. Loss: 1.717 LR:0.000000
[Epoch 240] Validation accuracy:0.9211, Loss:0.337, f1 0.868524, score 0.885874
[Epoch 241] Train time:4.53, Training accuracy:0.9945. Loss: 1.716 LR:0.000000
[Epoch 241] Validation accuracy:0.9205, Loss:0.336, f1 0.868170, score 0.885439
[Epoch 242] Train time:4.53, Training accuracy:0.9941. Loss: 1.719 LR:0.000000
[Epoch 242] Validation accuracy:0.9205, Loss:0.336, f1 0.868086, score 0.885383
[Epoch 243] Train time:4.53, Training accuracy:0.9933. Loss: 1.722 LR:0.000000
[Epoch 243] Validation accuracy:0.9211, Loss:0.336, f1 0.866829, score 0.884738
[Epoch 244] Train time:4.53, Training accuracy:0.9946. Loss: 1.717 LR:0.000000
[Epoch 244] Validation accuracy:0.9195, Loss:0.337, f1 0.867214, score 0.884468
[Epoch 245] Train time:4.52, Training accuracy:0.9943. Loss: 1.715 LR:0.000000
[Epoch 245] Validation accuracy:0.9208, Loss:0.337, f1 0.869756, score 0.886600
[Epoch 246] Train time:4.53, Training accuracy:0.9948. Loss: 1.715 LR:0.000000
[Epoch 246] Validation accuracy:0.9214, Loss:0.336, f1 0.874227, score 0.889794
[Epoch 247] Train time:4.54, Training accuracy:0.9942. Loss: 1.720 LR:0.000000
[Epoch 247] Validation accuracy:0.9201, Loss:0.337, f1 0.867194, score 0.884653
[Epoch 248] Train time:4.53, Training accuracy:0.9949. Loss: 1.714 LR:0.000000
[Epoch 248] Validation accuracy:0.9208, Loss:0.336, f1 0.867928, score 0.885376
[Epoch 249] Train time:4.53, Training accuracy:0.9943. Loss: 1.718 LR:0.000000
[Epoch 249] Validation accuracy:0.9214, Loss:0.337, f1 0.873142, score 0.889067
[Epoch 250] Train time:4.52, Training accuracy:0.9946. Loss: 1.716 LR:0.000000
[Epoch 250] Validation accuracy:0.9198, Loss:0.337, f1 0.871823, score 0.887656
