Work on GPU:  0,1
load_weight 304
Train set size: 12271
Validation set size: 3068
batch_size: 120
Total Parameters: 71.106M
[Epoch 1] Train time:2.74, Training accuracy:0.6463. Loss: 3.936 LR:0.000040
[Epoch 1] Validation accuracy:0.8670, Loss:0.481, f1 0.768426, score 0.800956
best_acc:0.867
[Epoch 2] Train time:2.74, Training accuracy:0.7962. Loss: 3.087 LR:0.000039
[Epoch 2] Validation accuracy:0.8820, Loss:0.455, f1 0.819830, score 0.840346
best_acc:0.882
[Epoch 3] Train time:2.75, Training accuracy:0.8330. Loss: 2.846 LR:0.000038
[Epoch 3] Validation accuracy:0.8862, Loss:0.432, f1 0.815962, score 0.839141
best_acc:0.8862
[Epoch 4] Train time:2.75, Training accuracy:0.8572. Loss: 2.700 LR:0.000038
[Epoch 4] Validation accuracy:0.8895, Loss:0.439, f1 0.828466, score 0.848607
best_acc:0.8895
[Epoch 5] Train time:2.75, Training accuracy:0.8781. Loss: 2.572 LR:0.000037
[Epoch 5] Validation accuracy:0.9071, Loss:0.382, f1 0.850767, score 0.869357
Model saved.
best_acc:0.9071
[Epoch 6] Train time:2.75, Training accuracy:0.8967. Loss: 2.474 LR:0.000036
[Epoch 6] Validation accuracy:0.8911, Loss:0.439, f1 0.833491, score 0.852502
[Epoch 7] Train time:2.75, Training accuracy:0.9123. Loss: 2.380 LR:0.000035
[Epoch 7] Validation accuracy:0.9078, Loss:0.375, f1 0.858003, score 0.874436
Model saved.
best_acc:0.9078
[Epoch 8] Train time:2.75, Training accuracy:0.9214. Loss: 2.316 LR:0.000035
[Epoch 8] Validation accuracy:0.9078, Loss:0.366, f1 0.856576, score 0.873480
[Epoch 9] Train time:2.75, Training accuracy:0.9326. Loss: 2.253 LR:0.000034
[Epoch 9] Validation accuracy:0.9094, Loss:0.356, f1 0.861101, score 0.877040
Model saved.
best_acc:0.9094
[Epoch 10] Train time:2.75, Training accuracy:0.9444. Loss: 2.178 LR:0.000033
[Epoch 10] Validation accuracy:0.9172, Loss:0.359, f1 0.869924, score 0.885525
Model saved.
best_acc:0.9172
[Epoch 11] Train time:2.75, Training accuracy:0.9516. Loss: 2.143 LR:0.000033
[Epoch 11] Validation accuracy:0.9126, Loss:0.360, f1 0.857781, score 0.875871
[Epoch 12] Train time:2.75, Training accuracy:0.9569. Loss: 2.092 LR:0.000032
[Epoch 12] Validation accuracy:0.9065, Loss:0.360, f1 0.853591, score 0.871051
[Epoch 13] Train time:2.75, Training accuracy:0.9621. Loss: 2.065 LR:0.000031
[Epoch 13] Validation accuracy:0.9120, Loss:0.350, f1 0.861509, score 0.878171
[Epoch 14] Train time:2.75, Training accuracy:0.9630. Loss: 2.057 LR:0.000031
[Epoch 14] Validation accuracy:0.9130, Loss:0.351, f1 0.856916, score 0.875424
[Epoch 15] Train time:2.75, Training accuracy:0.9631. Loss: 2.048 LR:0.000030
[Epoch 15] Validation accuracy:0.9162, Loss:0.342, f1 0.867164, score 0.883346
[Epoch 16] Train time:2.75, Training accuracy:0.9629. Loss: 2.038 LR:0.000030
[Epoch 16] Validation accuracy:0.9078, Loss:0.363, f1 0.848971, score 0.868385
[Epoch 17] Train time:2.75, Training accuracy:0.9676. Loss: 2.008 LR:0.000029
[Epoch 17] Validation accuracy:0.9104, Loss:0.353, f1 0.854877, score 0.873199
[Epoch 18] Train time:2.75, Training accuracy:0.9708. Loss: 1.995 LR:0.000028
[Epoch 18] Validation accuracy:0.9214, Loss:0.343, f1 0.874355, score 0.889880
Model saved.
best_acc:0.9214
[Epoch 19] Train time:2.75, Training accuracy:0.9725. Loss: 1.976 LR:0.000028
[Epoch 19] Validation accuracy:0.9166, Loss:0.343, f1 0.871104, score 0.886118
[Epoch 20] Train time:2.75, Training accuracy:0.9751. Loss: 1.958 LR:0.000027
[Epoch 20] Validation accuracy:0.9146, Loss:0.342, f1 0.860962, score 0.878663
[Epoch 21] Train time:2.75, Training accuracy:0.9756. Loss: 1.939 LR:0.000027
[Epoch 21] Validation accuracy:0.9107, Loss:0.356, f1 0.854392, score 0.872973
[Epoch 22] Train time:2.75, Training accuracy:0.9764. Loss: 1.948 LR:0.000026
[Epoch 22] Validation accuracy:0.9214, Loss:0.337, f1 0.871448, score 0.887932
[Epoch 23] Train time:2.75, Training accuracy:0.9766. Loss: 1.936 LR:0.000026
[Epoch 23] Validation accuracy:0.9126, Loss:0.352, f1 0.857085, score 0.875405
[Epoch 24] Train time:2.75, Training accuracy:0.9760. Loss: 1.945 LR:0.000025
[Epoch 24] Validation accuracy:0.9192, Loss:0.340, f1 0.860719, score 0.880018
[Epoch 25] Train time:2.75, Training accuracy:0.9777. Loss: 1.933 LR:0.000025
[Epoch 25] Validation accuracy:0.9201, Loss:0.341, f1 0.863887, score 0.882437
[Epoch 26] Train time:2.75, Training accuracy:0.9805. Loss: 1.921 LR:0.000024
[Epoch 26] Validation accuracy:0.9140, Loss:0.356, f1 0.860097, score 0.877885
[Epoch 27] Train time:2.75, Training accuracy:0.9811. Loss: 1.907 LR:0.000024
[Epoch 27] Validation accuracy:0.9224, Loss:0.329, f1 0.868229, score 0.886106
Model saved.
best_acc:0.9224
[Epoch 28] Train time:2.75, Training accuracy:0.9804. Loss: 1.911 LR:0.000023
[Epoch 28] Validation accuracy:0.9195, Loss:0.342, f1 0.867399, score 0.884593
[Epoch 29] Train time:2.75, Training accuracy:0.9798. Loss: 1.920 LR:0.000023
[Epoch 29] Validation accuracy:0.9244, Loss:0.344, f1 0.877788, score 0.893170
Model saved.
best_acc:0.9244
[Epoch 30] Train time:2.75, Training accuracy:0.9802. Loss: 1.902 LR:0.000022
[Epoch 30] Validation accuracy:0.9143, Loss:0.339, f1 0.858982, score 0.877237
[Epoch 31] Train time:2.75, Training accuracy:0.9819. Loss: 1.895 LR:0.000022
[Epoch 31] Validation accuracy:0.9166, Loss:0.346, f1 0.861807, score 0.879889
[Epoch 32] Train time:2.75, Training accuracy:0.9844. Loss: 1.877 LR:0.000021
[Epoch 32] Validation accuracy:0.9156, Loss:0.350, f1 0.868501, score 0.884044
[Epoch 33] Train time:2.75, Training accuracy:0.9845. Loss: 1.876 LR:0.000021
[Epoch 33] Validation accuracy:0.9192, Loss:0.343, f1 0.868664, score 0.885341
[Epoch 34] Train time:2.75, Training accuracy:0.9835. Loss: 1.878 LR:0.000021
[Epoch 34] Validation accuracy:0.9140, Loss:0.350, f1 0.864500, score 0.880835
[Epoch 35] Train time:2.75, Training accuracy:0.9842. Loss: 1.878 LR:0.000020
[Epoch 35] Validation accuracy:0.9126, Loss:0.342, f1 0.856312, score 0.874887
[Epoch 36] Train time:2.75, Training accuracy:0.9836. Loss: 1.868 LR:0.000020
[Epoch 36] Validation accuracy:0.9143, Loss:0.347, f1 0.860060, score 0.877959
[Epoch 37] Train time:2.75, Training accuracy:0.9835. Loss: 1.874 LR:0.000019
[Epoch 37] Validation accuracy:0.9162, Loss:0.348, f1 0.866670, score 0.883015
[Epoch 38] Train time:2.75, Training accuracy:0.9858. Loss: 1.857 LR:0.000019
[Epoch 38] Validation accuracy:0.9166, Loss:0.352, f1 0.863758, score 0.881196
[Epoch 39] Train time:2.75, Training accuracy:0.9868. Loss: 1.850 LR:0.000019
[Epoch 39] Validation accuracy:0.9146, Loss:0.355, f1 0.860344, score 0.878248
[Epoch 40] Train time:2.75, Training accuracy:0.9857. Loss: 1.865 LR:0.000018
[Epoch 40] Validation accuracy:0.9084, Loss:0.354, f1 0.852318, score 0.870825
[Epoch 41] Train time:2.78, Training accuracy:0.9852. Loss: 1.857 LR:0.000018
[Epoch 41] Validation accuracy:0.9208, Loss:0.344, f1 0.867514, score 0.885098
[Epoch 42] Train time:2.75, Training accuracy:0.9852. Loss: 1.854 LR:0.000017
[Epoch 42] Validation accuracy:0.9185, Loss:0.349, f1 0.863927, score 0.881936
[Epoch 43] Train time:2.75, Training accuracy:0.9865. Loss: 1.844 LR:0.000017
[Epoch 43] Validation accuracy:0.9172, Loss:0.349, f1 0.868709, score 0.884711
[Epoch 44] Train time:2.76, Training accuracy:0.9859. Loss: 1.855 LR:0.000017
[Epoch 44] Validation accuracy:0.9126, Loss:0.355, f1 0.857778, score 0.875869
[Epoch 45] Train time:2.78, Training accuracy:0.9842. Loss: 1.857 LR:0.000016
[Epoch 45] Validation accuracy:0.9130, Loss:0.367, f1 0.860652, score 0.877927
[Epoch 46] Train time:2.76, Training accuracy:0.9870. Loss: 1.842 LR:0.000016
[Epoch 46] Validation accuracy:0.9149, Loss:0.361, f1 0.862350, score 0.879691
[Epoch 47] Train time:2.77, Training accuracy:0.9869. Loss: 1.848 LR:0.000016
[Epoch 47] Validation accuracy:0.9126, Loss:0.355, f1 0.859652, score 0.877125
[Epoch 48] Train time:2.76, Training accuracy:0.9872. Loss: 1.838 LR:0.000015
[Epoch 48] Validation accuracy:0.9169, Loss:0.348, f1 0.859025, score 0.878124
[Epoch 49] Train time:2.77, Training accuracy:0.9879. Loss: 1.833 LR:0.000015
[Epoch 49] Validation accuracy:0.9172, Loss:0.345, f1 0.866151, score 0.882997
[Epoch 50] Train time:2.76, Training accuracy:0.9867. Loss: 1.837 LR:0.000015
[Epoch 50] Validation accuracy:0.9130, Loss:0.353, f1 0.857163, score 0.875589
[Epoch 51] Train time:2.75, Training accuracy:0.9873. Loss: 1.839 LR:0.000015
[Epoch 51] Validation accuracy:0.9146, Loss:0.351, f1 0.857197, score 0.876140
[Epoch 52] Train time:2.76, Training accuracy:0.9866. Loss: 1.838 LR:0.000014
[Epoch 52] Validation accuracy:0.9169, Loss:0.346, f1 0.865105, score 0.882197
[Epoch 53] Train time:2.77, Training accuracy:0.9881. Loss: 1.826 LR:0.000014
[Epoch 53] Validation accuracy:0.9104, Loss:0.356, f1 0.851160, score 0.870709
[Epoch 54] Train time:2.78, Training accuracy:0.9896. Loss: 1.822 LR:0.000014
[Epoch 54] Validation accuracy:0.9179, Loss:0.349, f1 0.867348, score 0.884030
[Epoch 55] Train time:2.76, Training accuracy:0.9895. Loss: 1.816 LR:0.000013
[Epoch 55] Validation accuracy:0.9175, Loss:0.348, f1 0.867843, score 0.884230
[Epoch 56] Train time:2.76, Training accuracy:0.9904. Loss: 1.814 LR:0.000013
[Epoch 56] Validation accuracy:0.9182, Loss:0.344, f1 0.865223, score 0.882706
[Epoch 57] Train time:2.77, Training accuracy:0.9890. Loss: 1.822 LR:0.000013
[Epoch 57] Validation accuracy:0.9153, Loss:0.351, f1 0.863990, score 0.880922
[Epoch 58] Train time:2.77, Training accuracy:0.9874. Loss: 1.828 LR:0.000013
[Epoch 58] Validation accuracy:0.9149, Loss:0.353, f1 0.862498, score 0.879790
[Epoch 59] Train time:2.82, Training accuracy:0.9901. Loss: 1.807 LR:0.000012
[Epoch 59] Validation accuracy:0.9153, Loss:0.348, f1 0.861299, score 0.879119
[Epoch 60] Train time:2.81, Training accuracy:0.9896. Loss: 1.815 LR:0.000012
[Epoch 60] Validation accuracy:0.9087, Loss:0.373, f1 0.860967, score 0.876719
[Epoch 61] Train time:2.77, Training accuracy:0.9892. Loss: 1.814 LR:0.000012
[Epoch 61] Validation accuracy:0.9136, Loss:0.351, f1 0.856711, score 0.875485
[Epoch 62] Train time:2.79, Training accuracy:0.9897. Loss: 1.809 LR:0.000012
[Epoch 62] Validation accuracy:0.9175, Loss:0.347, f1 0.862488, score 0.880642
[Epoch 63] Train time:2.77, Training accuracy:0.9889. Loss: 1.816 LR:0.000011
[Epoch 63] Validation accuracy:0.9159, Loss:0.352, f1 0.862897, score 0.880388
[Epoch 64] Train time:2.78, Training accuracy:0.9895. Loss: 1.814 LR:0.000011
[Epoch 64] Validation accuracy:0.9146, Loss:0.345, f1 0.857333, score 0.876231
[Epoch 65] Train time:2.77, Training accuracy:0.9920. Loss: 1.797 LR:0.000011
[Epoch 65] Validation accuracy:0.9188, Loss:0.349, f1 0.865528, score 0.883108
[Epoch 66] Train time:2.77, Training accuracy:0.9910. Loss: 1.800 LR:0.000011
[Epoch 66] Validation accuracy:0.9175, Loss:0.347, f1 0.859513, score 0.878649
[Epoch 67] Train time:2.78, Training accuracy:0.9907. Loss: 1.800 LR:0.000011
[Epoch 67] Validation accuracy:0.9159, Loss:0.350, f1 0.859143, score 0.877873
[Epoch 68] Train time:2.79, Training accuracy:0.9910. Loss: 1.795 LR:0.000010
[Epoch 68] Validation accuracy:0.9156, Loss:0.345, f1 0.858104, score 0.877078
[Epoch 69] Train time:2.82, Training accuracy:0.9902. Loss: 1.804 LR:0.000010
[Epoch 69] Validation accuracy:0.9185, Loss:0.343, f1 0.865553, score 0.883025
[Epoch 70] Train time:2.81, Training accuracy:0.9906. Loss: 1.797 LR:0.000010
[Epoch 70] Validation accuracy:0.9234, Loss:0.338, f1 0.872641, score 0.889392
[Epoch 71] Train time:2.77, Training accuracy:0.9914. Loss: 1.795 LR:0.000010
[Epoch 71] Validation accuracy:0.9153, Loss:0.359, f1 0.864231, score 0.881084
[Epoch 72] Train time:2.80, Training accuracy:0.9905. Loss: 1.798 LR:0.000010
[Epoch 72] Validation accuracy:0.9201, Loss:0.341, f1 0.872826, score 0.888426
[Epoch 73] Train time:2.80, Training accuracy:0.9919. Loss: 1.791 LR:0.000009
[Epoch 73] Validation accuracy:0.9208, Loss:0.347, f1 0.869543, score 0.886458
[Epoch 74] Train time:2.78, Training accuracy:0.9914. Loss: 1.796 LR:0.000009
[Epoch 74] Validation accuracy:0.9195, Loss:0.341, f1 0.865607, score 0.883392
[Epoch 75] Train time:2.78, Training accuracy:0.9921. Loss: 1.789 LR:0.000009
[Epoch 75] Validation accuracy:0.9169, Loss:0.342, f1 0.864253, score 0.881626
[Epoch 76] Train time:2.78, Training accuracy:0.9915. Loss: 1.791 LR:0.000009
[Epoch 76] Validation accuracy:0.9159, Loss:0.345, f1 0.861410, score 0.879392
[Epoch 77] Train time:2.77, Training accuracy:0.9924. Loss: 1.789 LR:0.000009
[Epoch 77] Validation accuracy:0.9153, Loss:0.345, f1 0.861107, score 0.878991
[Epoch 78] Train time:2.78, Training accuracy:0.9905. Loss: 1.788 LR:0.000008
[Epoch 78] Validation accuracy:0.9136, Loss:0.347, f1 0.857912, score 0.876289
[Epoch 79] Train time:2.75, Training accuracy:0.9910. Loss: 1.789 LR:0.000008
[Epoch 79] Validation accuracy:0.9172, Loss:0.350, f1 0.861114, score 0.879623
[Epoch 80] Train time:2.76, Training accuracy:0.9910. Loss: 1.791 LR:0.000008
[Epoch 80] Validation accuracy:0.9166, Loss:0.347, f1 0.863841, score 0.881252
[Epoch 81] Train time:2.76, Training accuracy:0.9916. Loss: 1.788 LR:0.000008
[Epoch 81] Validation accuracy:0.9228, Loss:0.338, f1 0.870421, score 0.887706
[Epoch 82] Train time:2.76, Training accuracy:0.9929. Loss: 1.783 LR:0.000008
[Epoch 82] Validation accuracy:0.9169, Loss:0.345, f1 0.861912, score 0.880058
[Epoch 83] Train time:2.76, Training accuracy:0.9919. Loss: 1.784 LR:0.000008
[Epoch 83] Validation accuracy:0.9166, Loss:0.345, f1 0.864974, score 0.882011
[Epoch 84] Train time:2.76, Training accuracy:0.9927. Loss: 1.778 LR:0.000007
[Epoch 84] Validation accuracy:0.9126, Loss:0.351, f1 0.859975, score 0.877341
[Epoch 85] Train time:2.76, Training accuracy:0.9926. Loss: 1.781 LR:0.000007
[Epoch 85] Validation accuracy:0.9185, Loss:0.345, f1 0.864767, score 0.882499
[Epoch 86] Train time:2.76, Training accuracy:0.9933. Loss: 1.774 LR:0.000007
[Epoch 86] Validation accuracy:0.9182, Loss:0.345, f1 0.864651, score 0.882322
[Epoch 87] Train time:2.76, Training accuracy:0.9919. Loss: 1.784 LR:0.000007
[Epoch 87] Validation accuracy:0.9156, Loss:0.350, f1 0.855050, score 0.875032
[Epoch 88] Train time:2.76, Training accuracy:0.9914. Loss: 1.787 LR:0.000007
[Epoch 88] Validation accuracy:0.9159, Loss:0.349, f1 0.856862, score 0.876345
[Epoch 89] Train time:2.76, Training accuracy:0.9927. Loss: 1.778 LR:0.000007
[Epoch 89] Validation accuracy:0.9172, Loss:0.341, f1 0.860548, score 0.879243
[Epoch 90] Train time:2.76, Training accuracy:0.9930. Loss: 1.779 LR:0.000007
[Epoch 90] Validation accuracy:0.9192, Loss:0.341, f1 0.864078, score 0.882268
[Epoch 91] Train time:2.76, Training accuracy:0.9930. Loss: 1.773 LR:0.000006
[Epoch 91] Validation accuracy:0.9169, Loss:0.346, f1 0.861593, score 0.879844
[Epoch 92] Train time:2.76, Training accuracy:0.9935. Loss: 1.778 LR:0.000006
[Epoch 92] Validation accuracy:0.9224, Loss:0.341, f1 0.868959, score 0.886595
[Epoch 93] Train time:2.76, Training accuracy:0.9933. Loss: 1.772 LR:0.000006
[Epoch 93] Validation accuracy:0.9211, Loss:0.340, f1 0.862029, score 0.881523
[Epoch 94] Train time:2.76, Training accuracy:0.9935. Loss: 1.772 LR:0.000006
[Epoch 94] Validation accuracy:0.9211, Loss:0.345, f1 0.865335, score 0.883738
[Epoch 95] Train time:2.76, Training accuracy:0.9928. Loss: 1.779 LR:0.000006
[Epoch 95] Validation accuracy:0.9175, Loss:0.352, f1 0.858624, score 0.878053
[Epoch 96] Train time:2.76, Training accuracy:0.9934. Loss: 1.772 LR:0.000006
[Epoch 96] Validation accuracy:0.9179, Loss:0.343, f1 0.862155, score 0.880551
[Epoch 97] Train time:2.76, Training accuracy:0.9922. Loss: 1.776 LR:0.000006
[Epoch 97] Validation accuracy:0.9182, Loss:0.348, f1 0.857431, score 0.877485
[Epoch 98] Train time:2.76, Training accuracy:0.9934. Loss: 1.774 LR:0.000006
[Epoch 98] Validation accuracy:0.9179, Loss:0.342, f1 0.863723, score 0.881602
[Epoch 99] Train time:2.76, Training accuracy:0.9941. Loss: 1.767 LR:0.000006
[Epoch 99] Validation accuracy:0.9182, Loss:0.344, f1 0.860872, score 0.879790
[Epoch 100] Train time:2.76, Training accuracy:0.9945. Loss: 1.766 LR:0.000005
[Epoch 100] Validation accuracy:0.9182, Loss:0.343, f1 0.861802, score 0.880414
[Epoch 101] Train time:2.77, Training accuracy:0.9932. Loss: 1.772 LR:0.000005
[Epoch 101] Validation accuracy:0.9156, Loss:0.349, f1 0.865534, score 0.882056
[Epoch 102] Train time:2.76, Training accuracy:0.9945. Loss: 1.767 LR:0.000005
[Epoch 102] Validation accuracy:0.9198, Loss:0.345, f1 0.867859, score 0.885000
[Epoch 103] Train time:2.76, Training accuracy:0.9932. Loss: 1.774 LR:0.000005
[Epoch 103] Validation accuracy:0.9175, Loss:0.346, f1 0.867923, score 0.884283
[Epoch 104] Train time:2.76, Training accuracy:0.9932. Loss: 1.774 LR:0.000005
[Epoch 104] Validation accuracy:0.9218, Loss:0.340, f1 0.868360, score 0.885996
[Epoch 105] Train time:2.76, Training accuracy:0.9927. Loss: 1.771 LR:0.000005
[Epoch 105] Validation accuracy:0.9149, Loss:0.342, f1 0.862268, score 0.879637
[Epoch 106] Train time:2.76, Training accuracy:0.9922. Loss: 1.778 LR:0.000005
[Epoch 106] Validation accuracy:0.9214, Loss:0.336, f1 0.865081, score 0.883666
[Epoch 107] Train time:2.76, Training accuracy:0.9919. Loss: 1.781 LR:0.000005
[Epoch 107] Validation accuracy:0.9228, Loss:0.333, f1 0.869851, score 0.887324
[Epoch 108] Train time:2.76, Training accuracy:0.9927. Loss: 1.775 LR:0.000005
[Epoch 108] Validation accuracy:0.9224, Loss:0.334, f1 0.870457, score 0.887598
[Epoch 109] Train time:2.76, Training accuracy:0.9945. Loss: 1.762 LR:0.000005
[Epoch 109] Validation accuracy:0.9192, Loss:0.331, f1 0.865515, score 0.883231
[Epoch 110] Train time:2.76, Training accuracy:0.9941. Loss: 1.765 LR:0.000004
[Epoch 110] Validation accuracy:0.9162, Loss:0.342, f1 0.860588, score 0.878940
[Epoch 111] Train time:2.76, Training accuracy:0.9935. Loss: 1.771 LR:0.000004
[Epoch 111] Validation accuracy:0.9188, Loss:0.338, f1 0.863943, score 0.882046
[Epoch 112] Train time:2.76, Training accuracy:0.9944. Loss: 1.763 LR:0.000004
[Epoch 112] Validation accuracy:0.9198, Loss:0.344, f1 0.866394, score 0.884018
[Epoch 113] Train time:2.76, Training accuracy:0.9928. Loss: 1.772 LR:0.000004
[Epoch 113] Validation accuracy:0.9169, Loss:0.350, f1 0.866601, score 0.883200
[Epoch 114] Train time:2.76, Training accuracy:0.9940. Loss: 1.765 LR:0.000004
[Epoch 114] Validation accuracy:0.9205, Loss:0.341, f1 0.869598, score 0.886396
[Epoch 115] Train time:2.76, Training accuracy:0.9939. Loss: 1.764 LR:0.000004
[Epoch 115] Validation accuracy:0.9188, Loss:0.339, f1 0.863582, score 0.881804
[Epoch 116] Train time:2.76, Training accuracy:0.9949. Loss: 1.760 LR:0.000004
[Epoch 116] Validation accuracy:0.9201, Loss:0.339, f1 0.866620, score 0.884268
[Epoch 117] Train time:2.76, Training accuracy:0.9956. Loss: 1.762 LR:0.000004
[Epoch 117] Validation accuracy:0.9211, Loss:0.341, f1 0.869939, score 0.886822
[Epoch 118] Train time:2.76, Training accuracy:0.9957. Loss: 1.755 LR:0.000004
[Epoch 118] Validation accuracy:0.9185, Loss:0.341, f1 0.863810, score 0.881857
[Epoch 119] Train time:2.76, Training accuracy:0.9944. Loss: 1.766 LR:0.000004
[Epoch 119] Validation accuracy:0.9172, Loss:0.344, f1 0.861908, score 0.880154
[Epoch 120] Train time:2.76, Training accuracy:0.9940. Loss: 1.764 LR:0.000004
[Epoch 120] Validation accuracy:0.9201, Loss:0.341, f1 0.867023, score 0.884539
[Epoch 121] Train time:2.76, Training accuracy:0.9950. Loss: 1.759 LR:0.000004
[Epoch 121] Validation accuracy:0.9201, Loss:0.338, f1 0.866668, score 0.884300
[Epoch 122] Train time:2.76, Training accuracy:0.9941. Loss: 1.760 LR:0.000003
[Epoch 122] Validation accuracy:0.9211, Loss:0.337, f1 0.870015, score 0.886873
[Epoch 123] Train time:2.76, Training accuracy:0.9949. Loss: 1.757 LR:0.000003
[Epoch 123] Validation accuracy:0.9192, Loss:0.339, f1 0.865635, score 0.883311
[Epoch 124] Train time:2.76, Training accuracy:0.9948. Loss: 1.756 LR:0.000003
[Epoch 124] Validation accuracy:0.9208, Loss:0.336, f1 0.868805, score 0.885963
[Epoch 125] Train time:2.76, Training accuracy:0.9949. Loss: 1.759 LR:0.000003
[Epoch 125] Validation accuracy:0.9166, Loss:0.338, f1 0.860512, score 0.879021
[Epoch 126] Train time:2.76, Training accuracy:0.9948. Loss: 1.759 LR:0.000003
[Epoch 126] Validation accuracy:0.9166, Loss:0.338, f1 0.860880, score 0.879268
[Epoch 127] Train time:2.76, Training accuracy:0.9953. Loss: 1.754 LR:0.000003
[Epoch 127] Validation accuracy:0.9214, Loss:0.334, f1 0.867168, score 0.885065
[Epoch 128] Train time:2.76, Training accuracy:0.9950. Loss: 1.753 LR:0.000003
[Epoch 128] Validation accuracy:0.9195, Loss:0.339, f1 0.865699, score 0.883454
[Epoch 129] Train time:2.76, Training accuracy:0.9945. Loss: 1.763 LR:0.000003
[Epoch 129] Validation accuracy:0.9182, Loss:0.335, f1 0.863153, score 0.881319
[Epoch 130] Train time:2.76, Training accuracy:0.9952. Loss: 1.754 LR:0.000003
[Epoch 130] Validation accuracy:0.9182, Loss:0.338, f1 0.864056, score 0.881924
[Epoch 131] Train time:2.76, Training accuracy:0.9953. Loss: 1.752 LR:0.000003
[Epoch 131] Validation accuracy:0.9185, Loss:0.339, f1 0.865146, score 0.882753
[Epoch 132] Train time:2.76, Training accuracy:0.9950. Loss: 1.757 LR:0.000003
[Epoch 132] Validation accuracy:0.9195, Loss:0.338, f1 0.864418, score 0.882595
[Epoch 133] Train time:2.76, Training accuracy:0.9949. Loss: 1.757 LR:0.000003
[Epoch 133] Validation accuracy:0.9214, Loss:0.338, f1 0.867320, score 0.885167
[Epoch 134] Train time:2.76, Training accuracy:0.9954. Loss: 1.755 LR:0.000003
[Epoch 134] Validation accuracy:0.9208, Loss:0.338, f1 0.864107, score 0.882816
[Epoch 135] Train time:2.76, Training accuracy:0.9954. Loss: 1.752 LR:0.000003
[Epoch 135] Validation accuracy:0.9228, Loss:0.337, f1 0.869602, score 0.887157
[Epoch 136] Train time:2.76, Training accuracy:0.9957. Loss: 1.751 LR:0.000003
[Epoch 136] Validation accuracy:0.9211, Loss:0.343, f1 0.866408, score 0.884456
[Epoch 137] Train time:2.76, Training accuracy:0.9949. Loss: 1.757 LR:0.000003
[Epoch 137] Validation accuracy:0.9172, Loss:0.343, f1 0.860916, score 0.879490
[Epoch 138] Train time:2.76, Training accuracy:0.9958. Loss: 1.749 LR:0.000003
[Epoch 138] Validation accuracy:0.9228, Loss:0.342, f1 0.871492, score 0.888424
[Epoch 139] Train time:2.76, Training accuracy:0.9951. Loss: 1.755 LR:0.000002
[Epoch 139] Validation accuracy:0.9175, Loss:0.345, f1 0.862195, score 0.880446
[Epoch 140] Train time:2.76, Training accuracy:0.9949. Loss: 1.756 LR:0.000002
[Epoch 140] Validation accuracy:0.9192, Loss:0.338, f1 0.865590, score 0.883281
[Epoch 141] Train time:2.76, Training accuracy:0.9958. Loss: 1.754 LR:0.000002
[Epoch 141] Validation accuracy:0.9205, Loss:0.334, f1 0.865971, score 0.883966
[Epoch 142] Train time:2.76, Training accuracy:0.9958. Loss: 1.753 LR:0.000002
[Epoch 142] Validation accuracy:0.9192, Loss:0.340, f1 0.864159, score 0.882322
[Epoch 143] Train time:2.76, Training accuracy:0.9968. Loss: 1.748 LR:0.000002
[Epoch 143] Validation accuracy:0.9224, Loss:0.337, f1 0.867800, score 0.885818
[Epoch 144] Train time:2.76, Training accuracy:0.9955. Loss: 1.757 LR:0.000002
[Epoch 144] Validation accuracy:0.9195, Loss:0.338, f1 0.867003, score 0.884327
[Epoch 145] Train time:2.76, Training accuracy:0.9955. Loss: 1.753 LR:0.000002
[Epoch 145] Validation accuracy:0.9221, Loss:0.333, f1 0.869236, score 0.886681
[Epoch 146] Train time:2.76, Training accuracy:0.9955. Loss: 1.754 LR:0.000002
[Epoch 146] Validation accuracy:0.9228, Loss:0.335, f1 0.869352, score 0.886990
[Epoch 147] Train time:2.76, Training accuracy:0.9955. Loss: 1.754 LR:0.000002
[Epoch 147] Validation accuracy:0.9175, Loss:0.340, f1 0.862881, score 0.880905
[Epoch 148] Train time:2.76, Training accuracy:0.9950. Loss: 1.755 LR:0.000002
[Epoch 148] Validation accuracy:0.9234, Loss:0.338, f1 0.876696, score 0.892108
[Epoch 149] Train time:2.76, Training accuracy:0.9957. Loss: 1.750 LR:0.000002
[Epoch 149] Validation accuracy:0.9153, Loss:0.341, f1 0.858092, score 0.876971
[Epoch 150] Train time:2.76, Training accuracy:0.9949. Loss: 1.758 LR:0.000002
[Epoch 150] Validation accuracy:0.9188, Loss:0.337, f1 0.862543, score 0.881108
[Epoch 151] Train time:2.76, Training accuracy:0.9954. Loss: 1.752 LR:0.000002
[Epoch 151] Validation accuracy:0.9205, Loss:0.343, f1 0.864135, score 0.882735
[Epoch 152] Train time:2.75, Training accuracy:0.9967. Loss: 1.751 LR:0.000002
[Epoch 152] Validation accuracy:0.9218, Loss:0.334, f1 0.868796, score 0.886287
[Epoch 153] Train time:2.76, Training accuracy:0.9958. Loss: 1.749 LR:0.000002
[Epoch 153] Validation accuracy:0.9214, Loss:0.337, f1 0.866661, score 0.884725
[Epoch 154] Train time:2.76, Training accuracy:0.9957. Loss: 1.751 LR:0.000002
[Epoch 154] Validation accuracy:0.9208, Loss:0.332, f1 0.868033, score 0.885446
[Epoch 155] Train time:2.75, Training accuracy:0.9956. Loss: 1.751 LR:0.000002
[Epoch 155] Validation accuracy:0.9205, Loss:0.336, f1 0.863959, score 0.882618
[Epoch 156] Train time:2.75, Training accuracy:0.9963. Loss: 1.749 LR:0.000002
[Epoch 156] Validation accuracy:0.9205, Loss:0.335, f1 0.866585, score 0.884377
[Epoch 157] Train time:2.76, Training accuracy:0.9961. Loss: 1.748 LR:0.000002
[Epoch 157] Validation accuracy:0.9185, Loss:0.337, f1 0.863851, score 0.881885
[Epoch 158] Train time:2.75, Training accuracy:0.9960. Loss: 1.751 LR:0.000002
[Epoch 158] Validation accuracy:0.9211, Loss:0.335, f1 0.867370, score 0.885101
[Epoch 159] Train time:2.76, Training accuracy:0.9958. Loss: 1.752 LR:0.000002
[Epoch 159] Validation accuracy:0.9205, Loss:0.334, f1 0.865165, score 0.883425
[Epoch 160] Train time:2.75, Training accuracy:0.9959. Loss: 1.749 LR:0.000002
[Epoch 160] Validation accuracy:0.9218, Loss:0.335, f1 0.868620, score 0.886169
[Epoch 161] Train time:2.76, Training accuracy:0.9957. Loss: 1.752 LR:0.000002
[Epoch 161] Validation accuracy:0.9218, Loss:0.342, f1 0.865884, score 0.884336
[Epoch 162] Train time:2.76, Training accuracy:0.9972. Loss: 1.742 LR:0.000002
[Epoch 162] Validation accuracy:0.9208, Loss:0.334, f1 0.866799, score 0.884620
[Epoch 163] Train time:2.76, Training accuracy:0.9960. Loss: 1.752 LR:0.000002
[Epoch 163] Validation accuracy:0.9201, Loss:0.334, f1 0.867300, score 0.884724
[Epoch 164] Train time:2.75, Training accuracy:0.9963. Loss: 1.745 LR:0.000001
[Epoch 164] Validation accuracy:0.9201, Loss:0.340, f1 0.866810, score 0.884396
[Epoch 165] Train time:2.76, Training accuracy:0.9960. Loss: 1.748 LR:0.000001
[Epoch 165] Validation accuracy:0.9234, Loss:0.334, f1 0.870128, score 0.887708
[Epoch 166] Train time:2.76, Training accuracy:0.9961. Loss: 1.746 LR:0.000001
[Epoch 166] Validation accuracy:0.9224, Loss:0.333, f1 0.872019, score 0.888645
[Epoch 167] Train time:2.75, Training accuracy:0.9962. Loss: 1.751 LR:0.000001
[Epoch 167] Validation accuracy:0.9228, Loss:0.331, f1 0.872012, score 0.888772
[Epoch 168] Train time:2.76, Training accuracy:0.9955. Loss: 1.751 LR:0.000001
[Epoch 168] Validation accuracy:0.9221, Loss:0.333, f1 0.869556, score 0.886896
[Epoch 169] Train time:2.76, Training accuracy:0.9950. Loss: 1.752 LR:0.000001
[Epoch 169] Validation accuracy:0.9218, Loss:0.340, f1 0.869092, score 0.886486
[Epoch 170] Train time:2.75, Training accuracy:0.9968. Loss: 1.742 LR:0.000001
[Epoch 170] Validation accuracy:0.9218, Loss:0.335, f1 0.868903, score 0.886359
[Epoch 171] Train time:2.76, Training accuracy:0.9953. Loss: 1.753 LR:0.000001
[Epoch 171] Validation accuracy:0.9224, Loss:0.336, f1 0.868530, score 0.886307
[Epoch 172] Train time:2.75, Training accuracy:0.9965. Loss: 1.747 LR:0.000001
[Epoch 172] Validation accuracy:0.9231, Loss:0.334, f1 0.869910, score 0.887462
[Epoch 173] Train time:2.76, Training accuracy:0.9960. Loss: 1.748 LR:0.000001
[Epoch 173] Validation accuracy:0.9214, Loss:0.340, f1 0.870299, score 0.887162
[Epoch 174] Train time:2.76, Training accuracy:0.9962. Loss: 1.746 LR:0.000001
[Epoch 174] Validation accuracy:0.9231, Loss:0.335, f1 0.870516, score 0.887869
[Epoch 175] Train time:2.76, Training accuracy:0.9961. Loss: 1.748 LR:0.000001
[Epoch 175] Validation accuracy:0.9182, Loss:0.338, f1 0.861874, score 0.880462
[Epoch 176] Train time:2.76, Training accuracy:0.9960. Loss: 1.749 LR:0.000001
[Epoch 176] Validation accuracy:0.9221, Loss:0.334, f1 0.868055, score 0.885890
[Epoch 177] Train time:2.76, Training accuracy:0.9962. Loss: 1.745 LR:0.000001
[Epoch 177] Validation accuracy:0.9231, Loss:0.339, f1 0.868463, score 0.886493
[Epoch 178] Train time:2.76, Training accuracy:0.9969. Loss: 1.744 LR:0.000001
[Epoch 178] Validation accuracy:0.9214, Loss:0.335, f1 0.867519, score 0.885300
[Epoch 179] Train time:2.76, Training accuracy:0.9967. Loss: 1.743 LR:0.000001
[Epoch 179] Validation accuracy:0.9198, Loss:0.338, f1 0.865664, score 0.883529
[Epoch 180] Train time:2.76, Training accuracy:0.9956. Loss: 1.752 LR:0.000001
[Epoch 180] Validation accuracy:0.9211, Loss:0.336, f1 0.866959, score 0.884825
[Epoch 181] Train time:2.76, Training accuracy:0.9967. Loss: 1.742 LR:0.000001
[Epoch 181] Validation accuracy:0.9214, Loss:0.334, f1 0.869971, score 0.886942
[Epoch 182] Train time:2.76, Training accuracy:0.9967. Loss: 1.746 LR:0.000001
[Epoch 182] Validation accuracy:0.9221, Loss:0.336, f1 0.868745, score 0.886352
[Epoch 183] Train time:2.76, Training accuracy:0.9970. Loss: 1.739 LR:0.000001
[Epoch 183] Validation accuracy:0.9231, Loss:0.341, f1 0.872184, score 0.888986
[Epoch 184] Train time:2.75, Training accuracy:0.9966. Loss: 1.745 LR:0.000001
[Epoch 184] Validation accuracy:0.9221, Loss:0.338, f1 0.868506, score 0.886192
[Epoch 185] Train time:2.76, Training accuracy:0.9962. Loss: 1.746 LR:0.000001
[Epoch 185] Validation accuracy:0.9224, Loss:0.336, f1 0.869776, score 0.887142
[Epoch 186] Train time:2.76, Training accuracy:0.9965. Loss: 1.744 LR:0.000001
[Epoch 186] Validation accuracy:0.9201, Loss:0.333, f1 0.867003, score 0.884525
[Epoch 187] Train time:2.76, Training accuracy:0.9963. Loss: 1.742 LR:0.000001
[Epoch 187] Validation accuracy:0.9221, Loss:0.344, f1 0.868924, score 0.886472
[Epoch 188] Train time:2.76, Training accuracy:0.9961. Loss: 1.748 LR:0.000001
[Epoch 188] Validation accuracy:0.9228, Loss:0.335, f1 0.868471, score 0.886399
[Epoch 189] Train time:2.76, Training accuracy:0.9965. Loss: 1.745 LR:0.000001
[Epoch 189] Validation accuracy:0.9234, Loss:0.338, f1 0.871607, score 0.888698
[Epoch 190] Train time:2.75, Training accuracy:0.9959. Loss: 1.748 LR:0.000001
[Epoch 190] Validation accuracy:0.9224, Loss:0.336, f1 0.870048, score 0.887324
[Epoch 191] Train time:2.75, Training accuracy:0.9958. Loss: 1.749 LR:0.000001
[Epoch 191] Validation accuracy:0.9214, Loss:0.337, f1 0.867508, score 0.885293
[Epoch 192] Train time:2.76, Training accuracy:0.9963. Loss: 1.745 LR:0.000001
[Epoch 192] Validation accuracy:0.9205, Loss:0.338, f1 0.866367, score 0.884231
[Epoch 193] Train time:2.76, Training accuracy:0.9965. Loss: 1.746 LR:0.000001
[Epoch 193] Validation accuracy:0.9195, Loss:0.338, f1 0.864426, score 0.882600
[Epoch 194] Train time:2.76, Training accuracy:0.9969. Loss: 1.741 LR:0.000001
[Epoch 194] Validation accuracy:0.9214, Loss:0.336, f1 0.867680, score 0.885408
[Epoch 195] Train time:2.75, Training accuracy:0.9968. Loss: 1.744 LR:0.000001
[Epoch 195] Validation accuracy:0.9208, Loss:0.339, f1 0.867695, score 0.885220
[Epoch 196] Train time:2.76, Training accuracy:0.9961. Loss: 1.745 LR:0.000001
[Epoch 196] Validation accuracy:0.9228, Loss:0.341, f1 0.868500, score 0.886419
[Epoch 197] Train time:2.76, Training accuracy:0.9969. Loss: 1.741 LR:0.000001
[Epoch 197] Validation accuracy:0.9224, Loss:0.338, f1 0.872230, score 0.888786
[Epoch 198] Train time:2.76, Training accuracy:0.9966. Loss: 1.745 LR:0.000001
[Epoch 198] Validation accuracy:0.9205, Loss:0.337, f1 0.865741, score 0.883811
[Epoch 199] Train time:2.76, Training accuracy:0.9970. Loss: 1.743 LR:0.000001
[Epoch 199] Validation accuracy:0.9214, Loss:0.339, f1 0.866833, score 0.884840
[Epoch 200] Train time:2.76, Training accuracy:0.9965. Loss: 1.744 LR:0.000001
[Epoch 200] Validation accuracy:0.9201, Loss:0.337, f1 0.866546, score 0.884219
[Epoch 201] Train time:2.75, Training accuracy:0.9962. Loss: 1.743 LR:0.000001
[Epoch 201] Validation accuracy:0.9195, Loss:0.337, f1 0.864709, score 0.882790
[Epoch 202] Train time:2.76, Training accuracy:0.9965. Loss: 1.745 LR:0.000001
[Epoch 202] Validation accuracy:0.9231, Loss:0.338, f1 0.870865, score 0.888102
[Epoch 203] Train time:2.76, Training accuracy:0.9963. Loss: 1.743 LR:0.000001
[Epoch 203] Validation accuracy:0.9185, Loss:0.339, f1 0.863588, score 0.881709
[Epoch 204] Train time:2.76, Training accuracy:0.9955. Loss: 1.749 LR:0.000001
[Epoch 204] Validation accuracy:0.9214, Loss:0.338, f1 0.866953, score 0.884920
[Epoch 205] Train time:2.76, Training accuracy:0.9971. Loss: 1.742 LR:0.000001
[Epoch 205] Validation accuracy:0.9198, Loss:0.340, f1 0.864111, score 0.882488
[Epoch 206] Train time:2.76, Training accuracy:0.9956. Loss: 1.750 LR:0.000001
[Epoch 206] Validation accuracy:0.9195, Loss:0.338, f1 0.863920, score 0.882262
[Epoch 207] Train time:2.76, Training accuracy:0.9962. Loss: 1.746 LR:0.000001
[Epoch 207] Validation accuracy:0.9201, Loss:0.336, f1 0.865454, score 0.883487
[Epoch 208] Train time:2.76, Training accuracy:0.9958. Loss: 1.750 LR:0.000001
[Epoch 208] Validation accuracy:0.9214, Loss:0.335, f1 0.866604, score 0.884687
[Epoch 209] Train time:2.75, Training accuracy:0.9964. Loss: 1.743 LR:0.000001
[Epoch 209] Validation accuracy:0.9218, Loss:0.337, f1 0.869212, score 0.886566
[Epoch 210] Train time:2.76, Training accuracy:0.9968. Loss: 1.744 LR:0.000001
[Epoch 210] Validation accuracy:0.9218, Loss:0.335, f1 0.868109, score 0.885827
[Epoch 211] Train time:2.76, Training accuracy:0.9961. Loss: 1.747 LR:0.000001
[Epoch 211] Validation accuracy:0.9224, Loss:0.338, f1 0.868858, score 0.886527
[Epoch 212] Train time:2.76, Training accuracy:0.9980. Loss: 1.737 LR:0.000001
[Epoch 212] Validation accuracy:0.9228, Loss:0.335, f1 0.868478, score 0.886404
[Epoch 213] Train time:2.76, Training accuracy:0.9968. Loss: 1.742 LR:0.000001
[Epoch 213] Validation accuracy:0.9228, Loss:0.333, f1 0.867723, score 0.885898
[Epoch 214] Train time:2.76, Training accuracy:0.9967. Loss: 1.741 LR:0.000001
[Epoch 214] Validation accuracy:0.9244, Loss:0.336, f1 0.870047, score 0.887984
[Epoch 215] Train time:2.76, Training accuracy:0.9963. Loss: 1.743 LR:0.000001
[Epoch 215] Validation accuracy:0.9198, Loss:0.336, f1 0.863437, score 0.882037
[Epoch 216] Train time:2.76, Training accuracy:0.9970. Loss: 1.740 LR:0.000001
[Epoch 216] Validation accuracy:0.9218, Loss:0.337, f1 0.866718, score 0.884895
[Epoch 217] Train time:2.76, Training accuracy:0.9976. Loss: 1.735 LR:0.000001
[Epoch 217] Validation accuracy:0.9218, Loss:0.335, f1 0.866540, score 0.884776
[Epoch 218] Train time:2.76, Training accuracy:0.9971. Loss: 1.741 LR:0.000000
[Epoch 218] Validation accuracy:0.9195, Loss:0.339, f1 0.865619, score 0.883400
[Epoch 219] Train time:2.76, Training accuracy:0.9967. Loss: 1.742 LR:0.000000
[Epoch 219] Validation accuracy:0.9241, Loss:0.334, f1 0.869879, score 0.887772
[Epoch 220] Train time:2.76, Training accuracy:0.9965. Loss: 1.745 LR:0.000000
[Epoch 220] Validation accuracy:0.9244, Loss:0.335, f1 0.873049, score 0.889995
[Epoch 221] Train time:2.76, Training accuracy:0.9967. Loss: 1.742 LR:0.000000
[Epoch 221] Validation accuracy:0.9234, Loss:0.337, f1 0.870788, score 0.888150
[Epoch 222] Train time:2.76, Training accuracy:0.9963. Loss: 1.741 LR:0.000000
[Epoch 222] Validation accuracy:0.9221, Loss:0.334, f1 0.871174, score 0.887980
[Epoch 223] Train time:2.76, Training accuracy:0.9971. Loss: 1.740 LR:0.000000
[Epoch 223] Validation accuracy:0.9244, Loss:0.337, f1 0.872740, score 0.889788
[Epoch 224] Train time:2.76, Training accuracy:0.9974. Loss: 1.739 LR:0.000000
[Epoch 224] Validation accuracy:0.9241, Loss:0.333, f1 0.870884, score 0.888445
[Epoch 225] Train time:2.76, Training accuracy:0.9967. Loss: 1.744 LR:0.000000
[Epoch 225] Validation accuracy:0.9218, Loss:0.334, f1 0.868851, score 0.886324
[Epoch 226] Train time:2.76, Training accuracy:0.9967. Loss: 1.745 LR:0.000000
[Epoch 226] Validation accuracy:0.9224, Loss:0.335, f1 0.870967, score 0.887940
[Epoch 227] Train time:2.76, Training accuracy:0.9976. Loss: 1.735 LR:0.000000
[Epoch 227] Validation accuracy:0.9254, Loss:0.333, f1 0.873001, score 0.890293
Model saved.
best_acc:0.9254
[Epoch 228] Train time:2.76, Training accuracy:0.9967. Loss: 1.743 LR:0.000000
[Epoch 228] Validation accuracy:0.9211, Loss:0.333, f1 0.868632, score 0.885946
[Epoch 229] Train time:2.76, Training accuracy:0.9973. Loss: 1.742 LR:0.000000
[Epoch 229] Validation accuracy:0.9221, Loss:0.340, f1 0.868579, score 0.886241
[Epoch 230] Train time:2.76, Training accuracy:0.9960. Loss: 1.745 LR:0.000000
[Epoch 230] Validation accuracy:0.9244, Loss:0.335, f1 0.871529, score 0.888976
[Epoch 231] Train time:2.76, Training accuracy:0.9968. Loss: 1.742 LR:0.000000
[Epoch 231] Validation accuracy:0.9205, Loss:0.334, f1 0.867202, score 0.884791
[Epoch 232] Train time:2.76, Training accuracy:0.9970. Loss: 1.743 LR:0.000000
[Epoch 232] Validation accuracy:0.9192, Loss:0.336, f1 0.863009, score 0.881552
[Epoch 233] Train time:2.76, Training accuracy:0.9973. Loss: 1.738 LR:0.000000
[Epoch 233] Validation accuracy:0.9241, Loss:0.337, f1 0.872051, score 0.889227
[Epoch 234] Train time:2.75, Training accuracy:0.9967. Loss: 1.741 LR:0.000000
[Epoch 234] Validation accuracy:0.9224, Loss:0.336, f1 0.865969, score 0.884591
[Epoch 235] Train time:2.76, Training accuracy:0.9976. Loss: 1.738 LR:0.000000
[Epoch 235] Validation accuracy:0.9241, Loss:0.338, f1 0.872818, score 0.889741
[Epoch 236] Train time:2.75, Training accuracy:0.9970. Loss: 1.742 LR:0.000000
[Epoch 236] Validation accuracy:0.9237, Loss:0.336, f1 0.868357, score 0.886620
[Epoch 237] Train time:2.76, Training accuracy:0.9963. Loss: 1.742 LR:0.000000
[Epoch 237] Validation accuracy:0.9218, Loss:0.334, f1 0.866863, score 0.884992
[Epoch 238] Train time:2.76, Training accuracy:0.9955. Loss: 1.746 LR:0.000000
[Epoch 238] Validation accuracy:0.9214, Loss:0.335, f1 0.866300, score 0.884483
[Epoch 239] Train time:2.76, Training accuracy:0.9963. Loss: 1.744 LR:0.000000
[Epoch 239] Validation accuracy:0.9182, Loss:0.334, f1 0.862768, score 0.881060
[Epoch 240] Train time:2.77, Training accuracy:0.9971. Loss: 1.741 LR:0.000000
[Epoch 240] Validation accuracy:0.9208, Loss:0.337, f1 0.866126, score 0.884169
[Epoch 241] Train time:2.76, Training accuracy:0.9968. Loss: 1.741 LR:0.000000
[Epoch 241] Validation accuracy:0.9241, Loss:0.334, f1 0.869099, score 0.887249
[Epoch 242] Train time:2.76, Training accuracy:0.9971. Loss: 1.742 LR:0.000000
[Epoch 242] Validation accuracy:0.9241, Loss:0.332, f1 0.871032, score 0.888544
[Epoch 243] Train time:2.76, Training accuracy:0.9965. Loss: 1.741 LR:0.000000
[Epoch 243] Validation accuracy:0.9234, Loss:0.333, f1 0.868886, score 0.886875
[Epoch 244] Train time:2.76, Training accuracy:0.9965. Loss: 1.742 LR:0.000000
[Epoch 244] Validation accuracy:0.9237, Loss:0.334, f1 0.869514, score 0.887395
[Epoch 245] Train time:2.76, Training accuracy:0.9967. Loss: 1.744 LR:0.000000
[Epoch 245] Validation accuracy:0.9218, Loss:0.333, f1 0.867462, score 0.885393
[Epoch 246] Train time:2.76, Training accuracy:0.9973. Loss: 1.737 LR:0.000000
[Epoch 246] Validation accuracy:0.9244, Loss:0.339, f1 0.871032, score 0.888644
[Epoch 247] Train time:2.76, Training accuracy:0.9976. Loss: 1.738 LR:0.000000
[Epoch 247] Validation accuracy:0.9224, Loss:0.334, f1 0.867149, score 0.885382
[Epoch 248] Train time:2.76, Training accuracy:0.9978. Loss: 1.737 LR:0.000000
[Epoch 248] Validation accuracy:0.9250, Loss:0.337, f1 0.871663, score 0.889264
[Epoch 249] Train time:2.76, Training accuracy:0.9969. Loss: 1.741 LR:0.000000
[Epoch 249] Validation accuracy:0.9221, Loss:0.333, f1 0.866870, score 0.885096
[Epoch 250] Train time:2.76, Training accuracy:0.9968. Loss: 1.741 LR:0.000000
[Epoch 250] Validation accuracy:0.9228, Loss:0.333, f1 0.869262, score 0.886930
