Work on GPU:  0,1
load_weight 304
Namespace(dataset='rafdb', checkpoint=None, batch_size=120, val_batch_size=32, modeltype='large', optimizer='adam', lr=4e-05, momentum=0.9, workers=2, epochs=250, gpu='0,1', head_type='simple')
Train set size: 12271
Validation set size: 3068
GFLOPs: 15.66
GMacs: 7.83
Params: 70.84M
batch_size: 120
Total Parameters: 70.843M
[Epoch 1] Train time:2.77, Training accuracy:0.6539. Loss: 3.743 LR:0.000040
[Epoch 1] Validation accuracy:0.8592, Loss:0.508, f1 0.716967, score 0.763904
best_acc:0.8592
[Epoch 2] Train time:2.77, Training accuracy:0.8089. Loss: 2.863 LR:0.000039
[Epoch 2] Validation accuracy:0.8830, Loss:0.439, f1 0.801408, score 0.828333
best_acc:0.883
[Epoch 3] Train time:2.72, Training accuracy:0.8479. Loss: 2.629 LR:0.000038
[Epoch 3] Validation accuracy:0.9006, Loss:0.399, f1 0.835562, score 0.857024
best_acc:0.9006
[Epoch 4] Train time:2.72, Training accuracy:0.8823. Loss: 2.439 LR:0.000038
[Epoch 4] Validation accuracy:0.8797, Loss:0.435, f1 0.817692, score 0.838155
[Epoch 5] Train time:2.73, Training accuracy:0.9007. Loss: 2.330 LR:0.000037
[Epoch 5] Validation accuracy:0.8921, Loss:0.394, f1 0.830352, score 0.850729
[Epoch 6] Train time:2.73, Training accuracy:0.9266. Loss: 2.181 LR:0.000036
[Epoch 6] Validation accuracy:0.9143, Loss:0.344, f1 0.852244, score 0.872722
Model saved.
best_acc:0.9143
[Epoch 7] Train time:2.73, Training accuracy:0.9424. Loss: 2.099 LR:0.000035
[Epoch 7] Validation accuracy:0.9153, Loss:0.346, f1 0.862855, score 0.880162
Model saved.
best_acc:0.9153
[Epoch 8] Train time:2.73, Training accuracy:0.9487. Loss: 2.049 LR:0.000035
[Epoch 8] Validation accuracy:0.9140, Loss:0.352, f1 0.857271, score 0.875992
[Epoch 9] Train time:2.73, Training accuracy:0.9605. Loss: 1.983 LR:0.000034
[Epoch 9] Validation accuracy:0.9016, Loss:0.366, f1 0.840350, score 0.860563
[Epoch 10] Train time:2.73, Training accuracy:0.9641. Loss: 1.962 LR:0.000033
[Epoch 10] Validation accuracy:0.9143, Loss:0.345, f1 0.865455, score 0.881574
[Epoch 11] Train time:2.73, Training accuracy:0.9663. Loss: 1.941 LR:0.000033
[Epoch 11] Validation accuracy:0.9133, Loss:0.353, f1 0.865094, score 0.881002
[Epoch 12] Train time:2.73, Training accuracy:0.9695. Loss: 1.909 LR:0.000032
[Epoch 12] Validation accuracy:0.9120, Loss:0.347, f1 0.856236, score 0.874638
[Epoch 13] Train time:2.73, Training accuracy:0.9707. Loss: 1.897 LR:0.000031
[Epoch 13] Validation accuracy:0.9126, Loss:0.351, f1 0.860485, score 0.877683
[Epoch 14] Train time:2.73, Training accuracy:0.9731. Loss: 1.886 LR:0.000031
[Epoch 14] Validation accuracy:0.9133, Loss:0.342, f1 0.858721, score 0.876732
[Epoch 15] Train time:2.73, Training accuracy:0.9751. Loss: 1.869 LR:0.000030
[Epoch 15] Validation accuracy:0.9179, Loss:0.345, f1 0.872968, score 0.887796
Model saved.
best_acc:0.9179
[Epoch 16] Train time:2.73, Training accuracy:0.9758. Loss: 1.871 LR:0.000030
[Epoch 16] Validation accuracy:0.9172, Loss:0.333, f1 0.867520, score 0.883914
[Epoch 17] Train time:2.73, Training accuracy:0.9777. Loss: 1.856 LR:0.000029
[Epoch 17] Validation accuracy:0.9172, Loss:0.341, f1 0.862123, score 0.880298
[Epoch 18] Train time:2.73, Training accuracy:0.9793. Loss: 1.837 LR:0.000028
[Epoch 18] Validation accuracy:0.9143, Loss:0.344, f1 0.857649, score 0.876344
[Epoch 19] Train time:2.73, Training accuracy:0.9788. Loss: 1.844 LR:0.000028
[Epoch 19] Validation accuracy:0.9136, Loss:0.343, f1 0.859536, score 0.877377
[Epoch 20] Train time:2.73, Training accuracy:0.9787. Loss: 1.843 LR:0.000027
[Epoch 20] Validation accuracy:0.9087, Loss:0.346, f1 0.853275, score 0.871565
[Epoch 21] Train time:2.73, Training accuracy:0.9804. Loss: 1.832 LR:0.000027
[Epoch 21] Validation accuracy:0.9113, Loss:0.346, f1 0.856632, score 0.874673
[Epoch 22] Train time:2.73, Training accuracy:0.9800. Loss: 1.832 LR:0.000026
[Epoch 22] Validation accuracy:0.9078, Loss:0.353, f1 0.849573, score 0.868788
[Epoch 23] Train time:2.73, Training accuracy:0.9832. Loss: 1.815 LR:0.000026
[Epoch 23] Validation accuracy:0.9107, Loss:0.346, f1 0.852755, score 0.871877
[Epoch 24] Train time:2.73, Training accuracy:0.9816. Loss: 1.820 LR:0.000025
[Epoch 24] Validation accuracy:0.9182, Loss:0.344, f1 0.863560, score 0.881591
Model saved.
best_acc:0.9182
[Epoch 25] Train time:2.73, Training accuracy:0.9813. Loss: 1.824 LR:0.000025
[Epoch 25] Validation accuracy:0.9133, Loss:0.344, f1 0.856214, score 0.875053
[Epoch 26] Train time:2.73, Training accuracy:0.9843. Loss: 1.805 LR:0.000024
[Epoch 26] Validation accuracy:0.9123, Loss:0.344, f1 0.857021, score 0.875263
[Epoch 27] Train time:2.73, Training accuracy:0.9851. Loss: 1.797 LR:0.000024
[Epoch 27] Validation accuracy:0.9172, Loss:0.347, f1 0.862364, score 0.880460
[Epoch 28] Train time:2.74, Training accuracy:0.9846. Loss: 1.798 LR:0.000023
[Epoch 28] Validation accuracy:0.9133, Loss:0.341, f1 0.857809, score 0.876121
[Epoch 29] Train time:2.73, Training accuracy:0.9837. Loss: 1.804 LR:0.000023
[Epoch 29] Validation accuracy:0.9153, Loss:0.348, f1 0.862543, score 0.879953
[Epoch 30] Train time:2.73, Training accuracy:0.9839. Loss: 1.803 LR:0.000022
[Epoch 30] Validation accuracy:0.9126, Loss:0.343, f1 0.855444, score 0.874306
[Epoch 31] Train time:2.74, Training accuracy:0.9832. Loss: 1.805 LR:0.000022
[Epoch 31] Validation accuracy:0.9156, Loss:0.345, f1 0.863137, score 0.880450
[Epoch 32] Train time:2.74, Training accuracy:0.9859. Loss: 1.794 LR:0.000021
[Epoch 32] Validation accuracy:0.9146, Loss:0.344, f1 0.860496, score 0.878350
[Epoch 33] Train time:2.74, Training accuracy:0.9848. Loss: 1.796 LR:0.000021
[Epoch 33] Validation accuracy:0.9143, Loss:0.343, f1 0.863801, score 0.880466
[Epoch 34] Train time:2.74, Training accuracy:0.9834. Loss: 1.803 LR:0.000021
[Epoch 34] Validation accuracy:0.9182, Loss:0.339, f1 0.866706, score 0.883699
[Epoch 35] Train time:2.73, Training accuracy:0.9866. Loss: 1.787 LR:0.000020
[Epoch 35] Validation accuracy:0.9153, Loss:0.341, f1 0.860424, score 0.878533
[Epoch 36] Train time:2.74, Training accuracy:0.9858. Loss: 1.787 LR:0.000020
[Epoch 36] Validation accuracy:0.9159, Loss:0.339, f1 0.859240, score 0.877938
[Epoch 37] Train time:2.74, Training accuracy:0.9861. Loss: 1.786 LR:0.000019
[Epoch 37] Validation accuracy:0.9136, Loss:0.338, f1 0.857431, score 0.875967
[Epoch 38] Train time:2.74, Training accuracy:0.9852. Loss: 1.796 LR:0.000019
[Epoch 38] Validation accuracy:0.9146, Loss:0.343, f1 0.860107, score 0.878089
[Epoch 39] Train time:2.74, Training accuracy:0.9870. Loss: 1.783 LR:0.000019
[Epoch 39] Validation accuracy:0.9107, Loss:0.354, f1 0.851081, score 0.870755
[Epoch 40] Train time:2.74, Training accuracy:0.9861. Loss: 1.787 LR:0.000018
[Epoch 40] Validation accuracy:0.9156, Loss:0.346, f1 0.863948, score 0.880993
[Epoch 41] Train time:2.74, Training accuracy:0.9869. Loss: 1.776 LR:0.000018
[Epoch 41] Validation accuracy:0.9159, Loss:0.341, f1 0.861069, score 0.879163
[Epoch 42] Train time:2.73, Training accuracy:0.9870. Loss: 1.777 LR:0.000017
[Epoch 42] Validation accuracy:0.9192, Loss:0.339, f1 0.865399, score 0.883153
Model saved.
best_acc:0.9192
[Epoch 43] Train time:2.73, Training accuracy:0.9871. Loss: 1.779 LR:0.000017
[Epoch 43] Validation accuracy:0.9172, Loss:0.339, f1 0.865479, score 0.882547
[Epoch 44] Train time:2.73, Training accuracy:0.9873. Loss: 1.777 LR:0.000017
[Epoch 44] Validation accuracy:0.9149, Loss:0.343, f1 0.865915, score 0.882080
[Epoch 45] Train time:2.73, Training accuracy:0.9867. Loss: 1.777 LR:0.000016
[Epoch 45] Validation accuracy:0.9224, Loss:0.340, f1 0.869760, score 0.887131
Model saved.
best_acc:0.9224
[Epoch 46] Train time:2.73, Training accuracy:0.9872. Loss: 1.777 LR:0.000016
[Epoch 46] Validation accuracy:0.9182, Loss:0.341, f1 0.865899, score 0.883158
[Epoch 47] Train time:2.73, Training accuracy:0.9878. Loss: 1.773 LR:0.000016
[Epoch 47] Validation accuracy:0.9172, Loss:0.346, f1 0.861641, score 0.879976
[Epoch 48] Train time:2.74, Training accuracy:0.9888. Loss: 1.766 LR:0.000015
[Epoch 48] Validation accuracy:0.9185, Loss:0.342, f1 0.859729, score 0.879124
[Epoch 49] Train time:2.74, Training accuracy:0.9890. Loss: 1.766 LR:0.000015
[Epoch 49] Validation accuracy:0.9166, Loss:0.340, f1 0.859777, score 0.878529
[Epoch 50] Train time:2.74, Training accuracy:0.9872. Loss: 1.771 LR:0.000015
[Epoch 50] Validation accuracy:0.9117, Loss:0.349, f1 0.857855, score 0.875624
[Epoch 51] Train time:2.74, Training accuracy:0.9871. Loss: 1.774 LR:0.000015
[Epoch 51] Validation accuracy:0.9159, Loss:0.340, f1 0.862045, score 0.879817
[Epoch 52] Train time:2.74, Training accuracy:0.9880. Loss: 1.767 LR:0.000014
[Epoch 52] Validation accuracy:0.9162, Loss:0.343, f1 0.862983, score 0.880545
[Epoch 53] Train time:2.74, Training accuracy:0.9889. Loss: 1.761 LR:0.000014
[Epoch 53] Validation accuracy:0.9179, Loss:0.339, f1 0.867056, score 0.883835
[Epoch 54] Train time:2.74, Training accuracy:0.9879. Loss: 1.770 LR:0.000014
[Epoch 54] Validation accuracy:0.9133, Loss:0.342, f1 0.859589, score 0.877314
[Epoch 55] Train time:2.74, Training accuracy:0.9901. Loss: 1.754 LR:0.000013
[Epoch 55] Validation accuracy:0.9166, Loss:0.341, f1 0.862417, score 0.880298
[Epoch 56] Train time:2.74, Training accuracy:0.9890. Loss: 1.758 LR:0.000013
[Epoch 56] Validation accuracy:0.9110, Loss:0.350, f1 0.858628, score 0.875911
[Epoch 57] Train time:2.74, Training accuracy:0.9879. Loss: 1.765 LR:0.000013
[Epoch 57] Validation accuracy:0.9201, Loss:0.338, f1 0.870608, score 0.886940
[Epoch 58] Train time:2.74, Training accuracy:0.9883. Loss: 1.768 LR:0.000013
[Epoch 58] Validation accuracy:0.9192, Loss:0.341, f1 0.869108, score 0.885639
[Epoch 59] Train time:2.74, Training accuracy:0.9896. Loss: 1.756 LR:0.000012
[Epoch 59] Validation accuracy:0.9198, Loss:0.335, f1 0.868536, score 0.885453
[Epoch 60] Train time:2.74, Training accuracy:0.9892. Loss: 1.761 LR:0.000012
[Epoch 60] Validation accuracy:0.9169, Loss:0.346, f1 0.865651, score 0.882563
[Epoch 61] Train time:2.74, Training accuracy:0.9889. Loss: 1.764 LR:0.000012
[Epoch 61] Validation accuracy:0.9166, Loss:0.343, f1 0.867747, score 0.883869
[Epoch 62] Train time:2.74, Training accuracy:0.9888. Loss: 1.760 LR:0.000012
[Epoch 62] Validation accuracy:0.9149, Loss:0.341, f1 0.858458, score 0.877084
[Epoch 63] Train time:2.74, Training accuracy:0.9897. Loss: 1.755 LR:0.000011
[Epoch 63] Validation accuracy:0.9221, Loss:0.332, f1 0.868975, score 0.886506
[Epoch 64] Train time:2.74, Training accuracy:0.9890. Loss: 1.758 LR:0.000011
[Epoch 64] Validation accuracy:0.9179, Loss:0.340, f1 0.870450, score 0.886108
[Epoch 65] Train time:2.74, Training accuracy:0.9892. Loss: 1.758 LR:0.000011
[Epoch 65] Validation accuracy:0.9188, Loss:0.333, f1 0.865558, score 0.883128
[Epoch 66] Train time:2.74, Training accuracy:0.9894. Loss: 1.758 LR:0.000011
[Epoch 66] Validation accuracy:0.9201, Loss:0.335, f1 0.868691, score 0.885656
[Epoch 67] Train time:2.74, Training accuracy:0.9899. Loss: 1.755 LR:0.000011
[Epoch 67] Validation accuracy:0.9188, Loss:0.338, f1 0.871367, score 0.887020
[Epoch 68] Train time:2.73, Training accuracy:0.9897. Loss: 1.751 LR:0.000010
[Epoch 68] Validation accuracy:0.9185, Loss:0.331, f1 0.868180, score 0.884785
[Epoch 69] Train time:2.73, Training accuracy:0.9898. Loss: 1.752 LR:0.000010
[Epoch 69] Validation accuracy:0.9192, Loss:0.334, f1 0.867564, score 0.884604
[Epoch 70] Train time:2.74, Training accuracy:0.9915. Loss: 1.748 LR:0.000010
[Epoch 70] Validation accuracy:0.9228, Loss:0.328, f1 0.870932, score 0.888048
Model saved.
best_acc:0.9228
[Epoch 71] Train time:2.74, Training accuracy:0.9914. Loss: 1.746 LR:0.000010
[Epoch 71] Validation accuracy:0.9201, Loss:0.336, f1 0.871522, score 0.887552
[Epoch 72] Train time:2.74, Training accuracy:0.9902. Loss: 1.748 LR:0.000010
[Epoch 72] Validation accuracy:0.9198, Loss:0.330, f1 0.870233, score 0.886590
[Epoch 73] Train time:2.73, Training accuracy:0.9913. Loss: 1.745 LR:0.000009
[Epoch 73] Validation accuracy:0.9205, Loss:0.338, f1 0.868049, score 0.885358
[Epoch 74] Train time:2.74, Training accuracy:0.9905. Loss: 1.750 LR:0.000009
[Epoch 74] Validation accuracy:0.9175, Loss:0.338, f1 0.863645, score 0.881417
[Epoch 75] Train time:2.74, Training accuracy:0.9899. Loss: 1.747 LR:0.000009
[Epoch 75] Validation accuracy:0.9140, Loss:0.341, f1 0.866360, score 0.882082
[Epoch 76] Train time:2.74, Training accuracy:0.9888. Loss: 1.755 LR:0.000009
[Epoch 76] Validation accuracy:0.9175, Loss:0.334, f1 0.868125, score 0.884418
[Epoch 77] Train time:2.74, Training accuracy:0.9897. Loss: 1.748 LR:0.000009
[Epoch 77] Validation accuracy:0.9185, Loss:0.337, f1 0.867136, score 0.884086
[Epoch 78] Train time:2.74, Training accuracy:0.9911. Loss: 1.748 LR:0.000008
[Epoch 78] Validation accuracy:0.9218, Loss:0.334, f1 0.871693, score 0.888228
[Epoch 79] Train time:2.74, Training accuracy:0.9913. Loss: 1.742 LR:0.000008
[Epoch 79] Validation accuracy:0.9228, Loss:0.332, f1 0.872771, score 0.889281
[Epoch 80] Train time:2.74, Training accuracy:0.9904. Loss: 1.745 LR:0.000008
[Epoch 80] Validation accuracy:0.9205, Loss:0.334, f1 0.870031, score 0.886685
[Epoch 81] Train time:2.74, Training accuracy:0.9907. Loss: 1.748 LR:0.000008
[Epoch 81] Validation accuracy:0.9195, Loss:0.333, f1 0.865453, score 0.883289
[Epoch 82] Train time:2.74, Training accuracy:0.9909. Loss: 1.742 LR:0.000008
[Epoch 82] Validation accuracy:0.9182, Loss:0.330, f1 0.866157, score 0.883331
[Epoch 83] Train time:2.74, Training accuracy:0.9906. Loss: 1.744 LR:0.000008
[Epoch 83] Validation accuracy:0.9205, Loss:0.332, f1 0.872052, score 0.888040
[Epoch 84] Train time:2.74, Training accuracy:0.9913. Loss: 1.740 LR:0.000007
[Epoch 84] Validation accuracy:0.9214, Loss:0.332, f1 0.871335, score 0.887856
[Epoch 85] Train time:2.74, Training accuracy:0.9905. Loss: 1.743 LR:0.000007
[Epoch 85] Validation accuracy:0.9201, Loss:0.335, f1 0.869257, score 0.886035
[Epoch 86] Train time:2.74, Training accuracy:0.9919. Loss: 1.740 LR:0.000007
[Epoch 86] Validation accuracy:0.9188, Loss:0.335, f1 0.870247, score 0.886270
[Epoch 87] Train time:2.74, Training accuracy:0.9919. Loss: 1.740 LR:0.000007
[Epoch 87] Validation accuracy:0.9208, Loss:0.334, f1 0.870936, score 0.887391
[Epoch 88] Train time:2.74, Training accuracy:0.9913. Loss: 1.741 LR:0.000007
[Epoch 88] Validation accuracy:0.9175, Loss:0.338, f1 0.866207, score 0.883134
[Epoch 89] Train time:2.74, Training accuracy:0.9912. Loss: 1.737 LR:0.000007
[Epoch 89] Validation accuracy:0.9185, Loss:0.333, f1 0.867614, score 0.884406
[Epoch 90] Train time:2.74, Training accuracy:0.9922. Loss: 1.737 LR:0.000007
[Epoch 90] Validation accuracy:0.9205, Loss:0.333, f1 0.871598, score 0.887735
[Epoch 91] Train time:2.74, Training accuracy:0.9909. Loss: 1.743 LR:0.000006
[Epoch 91] Validation accuracy:0.9201, Loss:0.334, f1 0.868252, score 0.885362
[Epoch 92] Train time:2.74, Training accuracy:0.9920. Loss: 1.740 LR:0.000006
[Epoch 92] Validation accuracy:0.9208, Loss:0.336, f1 0.867064, score 0.884797
[Epoch 93] Train time:2.74, Training accuracy:0.9912. Loss: 1.740 LR:0.000006
[Epoch 93] Validation accuracy:0.9159, Loss:0.338, f1 0.865679, score 0.882252
[Epoch 94] Train time:2.74, Training accuracy:0.9926. Loss: 1.737 LR:0.000006
[Epoch 94] Validation accuracy:0.9169, Loss:0.338, f1 0.862962, score 0.880761
[Epoch 95] Train time:2.74, Training accuracy:0.9917. Loss: 1.735 LR:0.000006
[Epoch 95] Validation accuracy:0.9205, Loss:0.331, f1 0.869710, score 0.886470
[Epoch 96] Train time:2.74, Training accuracy:0.9928. Loss: 1.733 LR:0.000006
[Epoch 96] Validation accuracy:0.9224, Loss:0.335, f1 0.871569, score 0.888343
[Epoch 97] Train time:2.74, Training accuracy:0.9918. Loss: 1.735 LR:0.000006
[Epoch 97] Validation accuracy:0.9179, Loss:0.335, f1 0.864690, score 0.882250
[Epoch 98] Train time:2.74, Training accuracy:0.9919. Loss: 1.738 LR:0.000006
[Epoch 98] Validation accuracy:0.9179, Loss:0.339, f1 0.865199, score 0.882590
[Epoch 99] Train time:2.74, Training accuracy:0.9919. Loss: 1.737 LR:0.000006
[Epoch 99] Validation accuracy:0.9182, Loss:0.338, f1 0.865592, score 0.882953
[Epoch 100] Train time:2.74, Training accuracy:0.9924. Loss: 1.734 LR:0.000005
[Epoch 100] Validation accuracy:0.9169, Loss:0.341, f1 0.867198, score 0.883600
[Epoch 101] Train time:2.75, Training accuracy:0.9927. Loss: 1.733 LR:0.000005
[Epoch 101] Validation accuracy:0.9153, Loss:0.336, f1 0.860549, score 0.878617
[Epoch 102] Train time:2.74, Training accuracy:0.9925. Loss: 1.736 LR:0.000005
[Epoch 102] Validation accuracy:0.9172, Loss:0.337, f1 0.865240, score 0.882387
[Epoch 103] Train time:2.74, Training accuracy:0.9923. Loss: 1.733 LR:0.000005
[Epoch 103] Validation accuracy:0.9182, Loss:0.337, f1 0.865472, score 0.882873
[Epoch 104] Train time:2.74, Training accuracy:0.9918. Loss: 1.737 LR:0.000005
[Epoch 104] Validation accuracy:0.9185, Loss:0.336, f1 0.866753, score 0.883829
[Epoch 105] Train time:2.74, Training accuracy:0.9916. Loss: 1.735 LR:0.000005
[Epoch 105] Validation accuracy:0.9162, Loss:0.334, f1 0.862016, score 0.879897
[Epoch 106] Train time:2.74, Training accuracy:0.9920. Loss: 1.733 LR:0.000005
[Epoch 106] Validation accuracy:0.9169, Loss:0.338, f1 0.864173, score 0.881573
[Epoch 107] Train time:2.74, Training accuracy:0.9918. Loss: 1.731 LR:0.000005
[Epoch 107] Validation accuracy:0.9166, Loss:0.339, f1 0.861800, score 0.879884
[Epoch 108] Train time:2.80, Training accuracy:0.9925. Loss: 1.736 LR:0.000005
[Epoch 108] Validation accuracy:0.9172, Loss:0.336, f1 0.865117, score 0.882305
[Epoch 109] Train time:2.79, Training accuracy:0.9928. Loss: 1.728 LR:0.000005
[Epoch 109] Validation accuracy:0.9182, Loss:0.331, f1 0.866097, score 0.883291
[Epoch 110] Train time:2.74, Training accuracy:0.9935. Loss: 1.727 LR:0.000004
[Epoch 110] Validation accuracy:0.9205, Loss:0.332, f1 0.869392, score 0.886258
[Epoch 111] Train time:2.75, Training accuracy:0.9923. Loss: 1.734 LR:0.000004
[Epoch 111] Validation accuracy:0.9185, Loss:0.333, f1 0.868055, score 0.884702
[Epoch 112] Train time:2.75, Training accuracy:0.9929. Loss: 1.732 LR:0.000004
[Epoch 112] Validation accuracy:0.9188, Loss:0.334, f1 0.864869, score 0.882666
[Epoch 113] Train time:2.74, Training accuracy:0.9928. Loss: 1.731 LR:0.000004
[Epoch 113] Validation accuracy:0.9195, Loss:0.336, f1 0.868127, score 0.885080
[Epoch 114] Train time:2.75, Training accuracy:0.9917. Loss: 1.733 LR:0.000004
[Epoch 114] Validation accuracy:0.9192, Loss:0.336, f1 0.865864, score 0.883465
[Epoch 115] Train time:2.74, Training accuracy:0.9929. Loss: 1.729 LR:0.000004
[Epoch 115] Validation accuracy:0.9201, Loss:0.334, f1 0.869046, score 0.885894
[Epoch 116] Train time:2.74, Training accuracy:0.9935. Loss: 1.727 LR:0.000004
[Epoch 116] Validation accuracy:0.9205, Loss:0.334, f1 0.871079, score 0.887388
[Epoch 117] Train time:2.74, Training accuracy:0.9940. Loss: 1.727 LR:0.000004
[Epoch 117] Validation accuracy:0.9185, Loss:0.333, f1 0.869217, score 0.885480
[Epoch 118] Train time:2.74, Training accuracy:0.9932. Loss: 1.728 LR:0.000004
[Epoch 118] Validation accuracy:0.9198, Loss:0.332, f1 0.870476, score 0.886753
[Epoch 119] Train time:2.75, Training accuracy:0.9923. Loss: 1.733 LR:0.000004
[Epoch 119] Validation accuracy:0.9198, Loss:0.333, f1 0.873129, score 0.888531
[Epoch 120] Train time:2.74, Training accuracy:0.9928. Loss: 1.731 LR:0.000004
[Epoch 120] Validation accuracy:0.9208, Loss:0.332, f1 0.870223, score 0.886913
[Epoch 121] Train time:2.74, Training accuracy:0.9927. Loss: 1.729 LR:0.000004
[Epoch 121] Validation accuracy:0.9218, Loss:0.333, f1 0.871117, score 0.887842
[Epoch 122] Train time:2.74, Training accuracy:0.9927. Loss: 1.731 LR:0.000003
[Epoch 122] Validation accuracy:0.9198, Loss:0.335, f1 0.868506, score 0.885433
[Epoch 123] Train time:2.75, Training accuracy:0.9928. Loss: 1.727 LR:0.000003
[Epoch 123] Validation accuracy:0.9211, Loss:0.332, f1 0.867396, score 0.885118
[Epoch 124] Train time:2.74, Training accuracy:0.9929. Loss: 1.727 LR:0.000003
[Epoch 124] Validation accuracy:0.9214, Loss:0.334, f1 0.870734, score 0.887454
[Epoch 125] Train time:2.75, Training accuracy:0.9938. Loss: 1.723 LR:0.000003
[Epoch 125] Validation accuracy:0.9182, Loss:0.336, f1 0.862993, score 0.881211
[Epoch 126] Train time:2.74, Training accuracy:0.9929. Loss: 1.729 LR:0.000003
[Epoch 126] Validation accuracy:0.9221, Loss:0.334, f1 0.868902, score 0.886457
[Epoch 127] Train time:2.74, Training accuracy:0.9930. Loss: 1.726 LR:0.000003
[Epoch 127] Validation accuracy:0.9218, Loss:0.333, f1 0.870183, score 0.887217
[Epoch 128] Train time:2.76, Training accuracy:0.9932. Loss: 1.725 LR:0.000003
[Epoch 128] Validation accuracy:0.9201, Loss:0.334, f1 0.866249, score 0.884020
[Epoch 129] Train time:2.79, Training accuracy:0.9936. Loss: 1.724 LR:0.000003
[Epoch 129] Validation accuracy:0.9221, Loss:0.333, f1 0.871397, score 0.888129
[Epoch 130] Train time:2.78, Training accuracy:0.9935. Loss: 1.726 LR:0.000003
[Epoch 130] Validation accuracy:0.9211, Loss:0.335, f1 0.868992, score 0.886188
[Epoch 131] Train time:2.74, Training accuracy:0.9930. Loss: 1.727 LR:0.000003
[Epoch 131] Validation accuracy:0.9198, Loss:0.336, f1 0.866323, score 0.883970
[Epoch 132] Train time:2.74, Training accuracy:0.9926. Loss: 1.730 LR:0.000003
[Epoch 132] Validation accuracy:0.9208, Loss:0.335, f1 0.867912, score 0.885365
[Epoch 133] Train time:2.75, Training accuracy:0.9935. Loss: 1.724 LR:0.000003
[Epoch 133] Validation accuracy:0.9185, Loss:0.335, f1 0.866894, score 0.883924
[Epoch 134] Train time:2.75, Training accuracy:0.9935. Loss: 1.723 LR:0.000003
[Epoch 134] Validation accuracy:0.9192, Loss:0.334, f1 0.866877, score 0.884144
[Epoch 135] Train time:2.74, Training accuracy:0.9940. Loss: 1.721 LR:0.000003
[Epoch 135] Validation accuracy:0.9192, Loss:0.335, f1 0.868783, score 0.885421
[Epoch 136] Train time:2.74, Training accuracy:0.9927. Loss: 1.727 LR:0.000003
[Epoch 136] Validation accuracy:0.9211, Loss:0.333, f1 0.871316, score 0.887745
[Epoch 137] Train time:2.74, Training accuracy:0.9924. Loss: 1.728 LR:0.000003
[Epoch 137] Validation accuracy:0.9179, Loss:0.335, f1 0.866031, score 0.883148
[Epoch 138] Train time:2.74, Training accuracy:0.9937. Loss: 1.724 LR:0.000003
[Epoch 138] Validation accuracy:0.9205, Loss:0.334, f1 0.869551, score 0.886364
[Epoch 139] Train time:2.75, Training accuracy:0.9936. Loss: 1.724 LR:0.000002
[Epoch 139] Validation accuracy:0.9221, Loss:0.335, f1 0.870369, score 0.887440
[Epoch 140] Train time:2.75, Training accuracy:0.9927. Loss: 1.727 LR:0.000002
[Epoch 140] Validation accuracy:0.9195, Loss:0.333, f1 0.866649, score 0.884090
[Epoch 141] Train time:2.74, Training accuracy:0.9936. Loss: 1.721 LR:0.000002
[Epoch 141] Validation accuracy:0.9218, Loss:0.332, f1 0.869450, score 0.886726
[Epoch 142] Train time:2.85, Training accuracy:0.9935. Loss: 1.723 LR:0.000002
[Epoch 142] Validation accuracy:0.9198, Loss:0.334, f1 0.869689, score 0.886226
[Epoch 143] Train time:2.79, Training accuracy:0.9931. Loss: 1.725 LR:0.000002
[Epoch 143] Validation accuracy:0.9218, Loss:0.334, f1 0.872775, score 0.888953
[Epoch 144] Train time:2.76, Training accuracy:0.9932. Loss: 1.724 LR:0.000002
[Epoch 144] Validation accuracy:0.9211, Loss:0.332, f1 0.871787, score 0.888060
[Epoch 145] Train time:2.75, Training accuracy:0.9930. Loss: 1.726 LR:0.000002
[Epoch 145] Validation accuracy:0.9214, Loss:0.332, f1 0.871803, score 0.888170
[Epoch 146] Train time:2.74, Training accuracy:0.9939. Loss: 1.720 LR:0.000002
[Epoch 146] Validation accuracy:0.9231, Loss:0.332, f1 0.872770, score 0.889379
Model saved.
best_acc:0.9231
[Epoch 147] Train time:2.74, Training accuracy:0.9935. Loss: 1.723 LR:0.000002
[Epoch 147] Validation accuracy:0.9224, Loss:0.331, f1 0.872805, score 0.889171
[Epoch 148] Train time:2.74, Training accuracy:0.9941. Loss: 1.719 LR:0.000002
[Epoch 148] Validation accuracy:0.9234, Loss:0.331, f1 0.873615, score 0.890044
Model saved.
best_acc:0.9234
[Epoch 149] Train time:2.74, Training accuracy:0.9939. Loss: 1.722 LR:0.000002
[Epoch 149] Validation accuracy:0.9224, Loss:0.332, f1 0.872434, score 0.888923
[Epoch 150] Train time:2.74, Training accuracy:0.9936. Loss: 1.724 LR:0.000002
[Epoch 150] Validation accuracy:0.9228, Loss:0.332, f1 0.871418, score 0.888374
[Epoch 151] Train time:2.75, Training accuracy:0.9936. Loss: 1.722 LR:0.000002
[Epoch 151] Validation accuracy:0.9234, Loss:0.332, f1 0.871450, score 0.888594
[Epoch 152] Train time:2.74, Training accuracy:0.9930. Loss: 1.723 LR:0.000002
[Epoch 152] Validation accuracy:0.9211, Loss:0.334, f1 0.870712, score 0.887340
[Epoch 153] Train time:2.74, Training accuracy:0.9930. Loss: 1.724 LR:0.000002
[Epoch 153] Validation accuracy:0.9201, Loss:0.333, f1 0.868107, score 0.885265
[Epoch 154] Train time:2.74, Training accuracy:0.9936. Loss: 1.722 LR:0.000002
[Epoch 154] Validation accuracy:0.9211, Loss:0.332, f1 0.871498, score 0.887866
[Epoch 155] Train time:2.74, Training accuracy:0.9932. Loss: 1.727 LR:0.000002
[Epoch 155] Validation accuracy:0.9201, Loss:0.334, f1 0.867009, score 0.884529
[Epoch 156] Train time:2.74, Training accuracy:0.9941. Loss: 1.722 LR:0.000002
[Epoch 156] Validation accuracy:0.9228, Loss:0.332, f1 0.870346, score 0.887656
[Epoch 157] Train time:2.74, Training accuracy:0.9940. Loss: 1.722 LR:0.000002
[Epoch 157] Validation accuracy:0.9205, Loss:0.332, f1 0.867474, score 0.884973
[Epoch 158] Train time:2.74, Training accuracy:0.9936. Loss: 1.722 LR:0.000002
[Epoch 158] Validation accuracy:0.9201, Loss:0.332, f1 0.868457, score 0.885499
[Epoch 159] Train time:2.74, Training accuracy:0.9945. Loss: 1.717 LR:0.000002
[Epoch 159] Validation accuracy:0.9228, Loss:0.331, f1 0.873216, score 0.889579
[Epoch 160] Train time:2.74, Training accuracy:0.9944. Loss: 1.721 LR:0.000002
[Epoch 160] Validation accuracy:0.9211, Loss:0.333, f1 0.871195, score 0.887664
[Epoch 161] Train time:2.74, Training accuracy:0.9937. Loss: 1.720 LR:0.000002
[Epoch 161] Validation accuracy:0.9221, Loss:0.332, f1 0.872280, score 0.888721
[Epoch 162] Train time:2.74, Training accuracy:0.9940. Loss: 1.719 LR:0.000002
[Epoch 162] Validation accuracy:0.9218, Loss:0.330, f1 0.872025, score 0.888451
[Epoch 163] Train time:2.74, Training accuracy:0.9938. Loss: 1.721 LR:0.000002
[Epoch 163] Validation accuracy:0.9205, Loss:0.331, f1 0.869360, score 0.886236
[Epoch 164] Train time:2.74, Training accuracy:0.9936. Loss: 1.721 LR:0.000001
[Epoch 164] Validation accuracy:0.9201, Loss:0.331, f1 0.869835, score 0.886423
[Epoch 165] Train time:2.74, Training accuracy:0.9935. Loss: 1.727 LR:0.000001
[Epoch 165] Validation accuracy:0.9214, Loss:0.331, f1 0.870263, score 0.887138
[Epoch 166] Train time:2.74, Training accuracy:0.9935. Loss: 1.722 LR:0.000001
[Epoch 166] Validation accuracy:0.9205, Loss:0.332, f1 0.870901, score 0.887269
[Epoch 167] Train time:2.74, Training accuracy:0.9942. Loss: 1.718 LR:0.000001
[Epoch 167] Validation accuracy:0.9218, Loss:0.333, f1 0.872498, score 0.888767
[Epoch 168] Train time:2.74, Training accuracy:0.9934. Loss: 1.722 LR:0.000001
[Epoch 168] Validation accuracy:0.9218, Loss:0.332, f1 0.870652, score 0.887531
[Epoch 169] Train time:2.74, Training accuracy:0.9938. Loss: 1.723 LR:0.000001
[Epoch 169] Validation accuracy:0.9179, Loss:0.333, f1 0.865328, score 0.882676
[Epoch 170] Train time:2.74, Training accuracy:0.9941. Loss: 1.718 LR:0.000001
[Epoch 170] Validation accuracy:0.9214, Loss:0.332, f1 0.870149, score 0.887062
[Epoch 171] Train time:2.74, Training accuracy:0.9945. Loss: 1.718 LR:0.000001
[Epoch 171] Validation accuracy:0.9218, Loss:0.331, f1 0.871847, score 0.888331
[Epoch 172] Train time:2.74, Training accuracy:0.9949. Loss: 1.716 LR:0.000001
[Epoch 172] Validation accuracy:0.9185, Loss:0.333, f1 0.867969, score 0.884644
[Epoch 173] Train time:2.74, Training accuracy:0.9933. Loss: 1.722 LR:0.000001
[Epoch 173] Validation accuracy:0.9195, Loss:0.331, f1 0.870915, score 0.886948
[Epoch 174] Train time:2.74, Training accuracy:0.9945. Loss: 1.716 LR:0.000001
[Epoch 174] Validation accuracy:0.9205, Loss:0.330, f1 0.871077, score 0.887387
[Epoch 175] Train time:2.75, Training accuracy:0.9937. Loss: 1.719 LR:0.000001
[Epoch 175] Validation accuracy:0.9237, Loss:0.330, f1 0.875089, score 0.891131
Model saved.
best_acc:0.9237
[Epoch 176] Train time:2.74, Training accuracy:0.9938. Loss: 1.725 LR:0.000001
[Epoch 176] Validation accuracy:0.9198, Loss:0.331, f1 0.870363, score 0.886677
[Epoch 177] Train time:2.74, Training accuracy:0.9940. Loss: 1.721 LR:0.000001
[Epoch 177] Validation accuracy:0.9208, Loss:0.330, f1 0.870918, score 0.887379
[Epoch 178] Train time:2.74, Training accuracy:0.9949. Loss: 1.718 LR:0.000001
[Epoch 178] Validation accuracy:0.9198, Loss:0.332, f1 0.868899, score 0.885696
[Epoch 179] Train time:2.74, Training accuracy:0.9953. Loss: 1.715 LR:0.000001
[Epoch 179] Validation accuracy:0.9214, Loss:0.333, f1 0.871425, score 0.887917
[Epoch 180] Train time:2.74, Training accuracy:0.9945. Loss: 1.720 LR:0.000001
[Epoch 180] Validation accuracy:0.9228, Loss:0.331, f1 0.871105, score 0.888164
[Epoch 181] Train time:2.74, Training accuracy:0.9940. Loss: 1.717 LR:0.000001
[Epoch 181] Validation accuracy:0.9224, Loss:0.330, f1 0.871246, score 0.888126
[Epoch 182] Train time:2.74, Training accuracy:0.9951. Loss: 1.719 LR:0.000001
[Epoch 182] Validation accuracy:0.9205, Loss:0.330, f1 0.870217, score 0.886810
[Epoch 183] Train time:2.75, Training accuracy:0.9949. Loss: 1.716 LR:0.000001
[Epoch 183] Validation accuracy:0.9224, Loss:0.330, f1 0.872844, score 0.889197
[Epoch 184] Train time:2.75, Training accuracy:0.9945. Loss: 1.717 LR:0.000001
[Epoch 184] Validation accuracy:0.9231, Loss:0.329, f1 0.873308, score 0.889739
[Epoch 185] Train time:2.74, Training accuracy:0.9944. Loss: 1.719 LR:0.000001
[Epoch 185] Validation accuracy:0.9214, Loss:0.330, f1 0.872238, score 0.888462
[Epoch 186] Train time:2.74, Training accuracy:0.9936. Loss: 1.720 LR:0.000001
[Epoch 186] Validation accuracy:0.9224, Loss:0.329, f1 0.874896, score 0.890572
[Epoch 187] Train time:2.74, Training accuracy:0.9954. Loss: 1.717 LR:0.000001
[Epoch 187] Validation accuracy:0.9228, Loss:0.329, f1 0.872938, score 0.889392
[Epoch 188] Train time:2.75, Training accuracy:0.9941. Loss: 1.721 LR:0.000001
[Epoch 188] Validation accuracy:0.9241, Loss:0.331, f1 0.873383, score 0.890120
Model saved.
best_acc:0.9241
[Epoch 189] Train time:2.74, Training accuracy:0.9942. Loss: 1.719 LR:0.000001
[Epoch 189] Validation accuracy:0.9218, Loss:0.331, f1 0.869651, score 0.886860
[Epoch 190] Train time:2.74, Training accuracy:0.9942. Loss: 1.716 LR:0.000001
[Epoch 190] Validation accuracy:0.9237, Loss:0.328, f1 0.872527, score 0.889414
[Epoch 191] Train time:2.74, Training accuracy:0.9946. Loss: 1.715 LR:0.000001
[Epoch 191] Validation accuracy:0.9224, Loss:0.330, f1 0.872181, score 0.888753
[Epoch 192] Train time:2.74, Training accuracy:0.9945. Loss: 1.719 LR:0.000001
[Epoch 192] Validation accuracy:0.9201, Loss:0.330, f1 0.868859, score 0.885768
[Epoch 193] Train time:2.75, Training accuracy:0.9947. Loss: 1.715 LR:0.000001
[Epoch 193] Validation accuracy:0.9224, Loss:0.330, f1 0.869455, score 0.886927
[Epoch 194] Train time:2.74, Training accuracy:0.9946. Loss: 1.718 LR:0.000001
[Epoch 194] Validation accuracy:0.9224, Loss:0.329, f1 0.875665, score 0.891088
[Epoch 195] Train time:2.74, Training accuracy:0.9950. Loss: 1.712 LR:0.000001
[Epoch 195] Validation accuracy:0.9224, Loss:0.330, f1 0.871472, score 0.888278
[Epoch 196] Train time:2.74, Training accuracy:0.9949. Loss: 1.717 LR:0.000001
[Epoch 196] Validation accuracy:0.9231, Loss:0.330, f1 0.874377, score 0.890456
[Epoch 197] Train time:2.74, Training accuracy:0.9944. Loss: 1.713 LR:0.000001
[Epoch 197] Validation accuracy:0.9228, Loss:0.328, f1 0.869203, score 0.886890
[Epoch 198] Train time:2.74, Training accuracy:0.9937. Loss: 1.718 LR:0.000001
[Epoch 198] Validation accuracy:0.9231, Loss:0.329, f1 0.869781, score 0.887376
[Epoch 199] Train time:2.74, Training accuracy:0.9936. Loss: 1.719 LR:0.000001
[Epoch 199] Validation accuracy:0.9221, Loss:0.329, f1 0.870069, score 0.887239
[Epoch 200] Train time:2.74, Training accuracy:0.9953. Loss: 1.714 LR:0.000001
[Epoch 200] Validation accuracy:0.9250, Loss:0.330, f1 0.876947, score 0.892805
Model saved.
best_acc:0.925
[Epoch 201] Train time:2.75, Training accuracy:0.9939. Loss: 1.717 LR:0.000001
[Epoch 201] Validation accuracy:0.9228, Loss:0.329, f1 0.869598, score 0.887154
[Epoch 202] Train time:2.74, Training accuracy:0.9946. Loss: 1.715 LR:0.000001
[Epoch 202] Validation accuracy:0.9224, Loss:0.329, f1 0.870247, score 0.887458
[Epoch 203] Train time:2.75, Training accuracy:0.9945. Loss: 1.718 LR:0.000001
[Epoch 203] Validation accuracy:0.9231, Loss:0.329, f1 0.870535, score 0.887881
[Epoch 204] Train time:2.74, Training accuracy:0.9948. Loss: 1.715 LR:0.000001
[Epoch 204] Validation accuracy:0.9218, Loss:0.330, f1 0.869869, score 0.887006
[Epoch 205] Train time:2.74, Training accuracy:0.9950. Loss: 1.714 LR:0.000001
[Epoch 205] Validation accuracy:0.9218, Loss:0.330, f1 0.868791, score 0.886284
[Epoch 206] Train time:2.74, Training accuracy:0.9941. Loss: 1.718 LR:0.000001
[Epoch 206] Validation accuracy:0.9224, Loss:0.329, f1 0.868518, score 0.886299
[Epoch 207] Train time:2.74, Training accuracy:0.9947. Loss: 1.715 LR:0.000001
[Epoch 207] Validation accuracy:0.9214, Loss:0.329, f1 0.867513, score 0.885296
[Epoch 208] Train time:2.74, Training accuracy:0.9938. Loss: 1.722 LR:0.000001
[Epoch 208] Validation accuracy:0.9228, Loss:0.328, f1 0.872068, score 0.888809
[Epoch 209] Train time:2.74, Training accuracy:0.9943. Loss: 1.718 LR:0.000001
[Epoch 209] Validation accuracy:0.9214, Loss:0.330, f1 0.868611, score 0.886032
[Epoch 210] Train time:2.74, Training accuracy:0.9952. Loss: 1.716 LR:0.000001
[Epoch 210] Validation accuracy:0.9228, Loss:0.330, f1 0.870731, score 0.887914
[Epoch 211] Train time:2.74, Training accuracy:0.9939. Loss: 1.719 LR:0.000001
[Epoch 211] Validation accuracy:0.9231, Loss:0.329, f1 0.870423, score 0.887806
[Epoch 212] Train time:2.74, Training accuracy:0.9949. Loss: 1.716 LR:0.000001
[Epoch 212] Validation accuracy:0.9231, Loss:0.329, f1 0.871574, score 0.888578
[Epoch 213] Train time:2.74, Training accuracy:0.9949. Loss: 1.713 LR:0.000001
[Epoch 213] Validation accuracy:0.9224, Loss:0.329, f1 0.870771, score 0.887808
[Epoch 214] Train time:2.74, Training accuracy:0.9947. Loss: 1.716 LR:0.000001
[Epoch 214] Validation accuracy:0.9234, Loss:0.330, f1 0.874191, score 0.890430
[Epoch 215] Train time:2.74, Training accuracy:0.9945. Loss: 1.717 LR:0.000001
[Epoch 215] Validation accuracy:0.9211, Loss:0.330, f1 0.868463, score 0.885833
[Epoch 216] Train time:2.74, Training accuracy:0.9953. Loss: 1.713 LR:0.000001
[Epoch 216] Validation accuracy:0.9214, Loss:0.330, f1 0.870978, score 0.887617
[Epoch 217] Train time:2.74, Training accuracy:0.9936. Loss: 1.720 LR:0.000001
[Epoch 217] Validation accuracy:0.9211, Loss:0.330, f1 0.869515, score 0.886538
[Epoch 218] Train time:2.75, Training accuracy:0.9945. Loss: 1.716 LR:0.000000
[Epoch 218] Validation accuracy:0.9214, Loss:0.329, f1 0.870905, score 0.887568
[Epoch 219] Train time:2.74, Training accuracy:0.9948. Loss: 1.713 LR:0.000000
[Epoch 219] Validation accuracy:0.9198, Loss:0.330, f1 0.869158, score 0.885870
[Epoch 220] Train time:2.75, Training accuracy:0.9956. Loss: 1.713 LR:0.000000
[Epoch 220] Validation accuracy:0.9221, Loss:0.330, f1 0.871495, score 0.888195
[Epoch 221] Train time:2.74, Training accuracy:0.9951. Loss: 1.714 LR:0.000000
[Epoch 221] Validation accuracy:0.9228, Loss:0.330, f1 0.873343, score 0.889664
[Epoch 222] Train time:2.74, Training accuracy:0.9936. Loss: 1.721 LR:0.000000
[Epoch 222] Validation accuracy:0.9228, Loss:0.331, f1 0.874539, score 0.890465
[Epoch 223] Train time:2.74, Training accuracy:0.9942. Loss: 1.717 LR:0.000000
[Epoch 223] Validation accuracy:0.9201, Loss:0.329, f1 0.868062, score 0.885234
[Epoch 224] Train time:2.74, Training accuracy:0.9945. Loss: 1.716 LR:0.000000
[Epoch 224] Validation accuracy:0.9218, Loss:0.331, f1 0.869386, score 0.886683
[Epoch 225] Train time:2.74, Training accuracy:0.9947. Loss: 1.715 LR:0.000000
[Epoch 225] Validation accuracy:0.9205, Loss:0.330, f1 0.869408, score 0.886268
[Epoch 226] Train time:2.74, Training accuracy:0.9948. Loss: 1.715 LR:0.000000
[Epoch 226] Validation accuracy:0.9205, Loss:0.330, f1 0.868255, score 0.885496
[Epoch 227] Train time:2.74, Training accuracy:0.9935. Loss: 1.719 LR:0.000000
[Epoch 227] Validation accuracy:0.9205, Loss:0.331, f1 0.869141, score 0.886090
[Epoch 228] Train time:2.74, Training accuracy:0.9932. Loss: 1.721 LR:0.000000
[Epoch 228] Validation accuracy:0.9218, Loss:0.331, f1 0.870208, score 0.887233
[Epoch 229] Train time:2.74, Training accuracy:0.9941. Loss: 1.719 LR:0.000000
[Epoch 229] Validation accuracy:0.9201, Loss:0.331, f1 0.867779, score 0.885045
[Epoch 230] Train time:2.74, Training accuracy:0.9952. Loss: 1.715 LR:0.000000
[Epoch 230] Validation accuracy:0.9218, Loss:0.330, f1 0.870265, score 0.887271
[Epoch 231] Train time:2.74, Training accuracy:0.9945. Loss: 1.719 LR:0.000000
[Epoch 231] Validation accuracy:0.9231, Loss:0.330, f1 0.871266, score 0.888371
[Epoch 232] Train time:2.74, Training accuracy:0.9938. Loss: 1.720 LR:0.000000
[Epoch 232] Validation accuracy:0.9224, Loss:0.331, f1 0.872069, score 0.888678
[Epoch 233] Train time:2.75, Training accuracy:0.9943. Loss: 1.716 LR:0.000000
[Epoch 233] Validation accuracy:0.9208, Loss:0.331, f1 0.868142, score 0.885519
[Epoch 234] Train time:2.82, Training accuracy:0.9944. Loss: 1.716 LR:0.000000
[Epoch 234] Validation accuracy:0.9237, Loss:0.331, f1 0.872902, score 0.889665
[Epoch 235] Train time:2.81, Training accuracy:0.9947. Loss: 1.715 LR:0.000000
[Epoch 235] Validation accuracy:0.9234, Loss:0.330, f1 0.873121, score 0.889713
[Epoch 236] Train time:2.80, Training accuracy:0.9948. Loss: 1.714 LR:0.000000
[Epoch 236] Validation accuracy:0.9228, Loss:0.330, f1 0.873324, score 0.889651
[Epoch 237] Train time:2.74, Training accuracy:0.9945. Loss: 1.719 LR:0.000000
[Epoch 237] Validation accuracy:0.9224, Loss:0.331, f1 0.872031, score 0.888653
[Epoch 238] Train time:2.74, Training accuracy:0.9934. Loss: 1.720 LR:0.000000
[Epoch 238] Validation accuracy:0.9221, Loss:0.330, f1 0.870586, score 0.887586
[Epoch 239] Train time:2.75, Training accuracy:0.9942. Loss: 1.716 LR:0.000000
[Epoch 239] Validation accuracy:0.9234, Loss:0.331, f1 0.870979, score 0.888278
[Epoch 240] Train time:2.74, Training accuracy:0.9950. Loss: 1.714 LR:0.000000
[Epoch 240] Validation accuracy:0.9234, Loss:0.330, f1 0.872441, score 0.889258
[Epoch 241] Train time:2.78, Training accuracy:0.9954. Loss: 1.711 LR:0.000000
[Epoch 241] Validation accuracy:0.9231, Loss:0.330, f1 0.872578, score 0.889250
[Epoch 242] Train time:2.88, Training accuracy:0.9945. Loss: 1.715 LR:0.000000
[Epoch 242] Validation accuracy:0.9228, Loss:0.330, f1 0.872435, score 0.889055
[Epoch 243] Train time:2.85, Training accuracy:0.9948. Loss: 1.715 LR:0.000000
[Epoch 243] Validation accuracy:0.9221, Loss:0.330, f1 0.870813, score 0.887737
[Epoch 244] Train time:2.84, Training accuracy:0.9949. Loss: 1.714 LR:0.000000
[Epoch 244] Validation accuracy:0.9237, Loss:0.329, f1 0.874602, score 0.890804
[Epoch 245] Train time:2.82, Training accuracy:0.9945. Loss: 1.714 LR:0.000000
[Epoch 245] Validation accuracy:0.9244, Loss:0.329, f1 0.874524, score 0.890983
[Epoch 246] Train time:2.77, Training accuracy:0.9940. Loss: 1.720 LR:0.000000
[Epoch 246] Validation accuracy:0.9228, Loss:0.332, f1 0.870536, score 0.887783
[Epoch 247] Train time:2.77, Training accuracy:0.9950. Loss: 1.713 LR:0.000000
[Epoch 247] Validation accuracy:0.9228, Loss:0.330, f1 0.871615, score 0.888506
[Epoch 248] Train time:2.74, Training accuracy:0.9954. Loss: 1.712 LR:0.000000
[Epoch 248] Validation accuracy:0.9221, Loss:0.330, f1 0.872074, score 0.888583
[Epoch 249] Train time:2.74, Training accuracy:0.9949. Loss: 1.714 LR:0.000000
[Epoch 249] Validation accuracy:0.9224, Loss:0.330, f1 0.870452, score 0.887595
[Epoch 250] Train time:2.74, Training accuracy:0.9949. Loss: 1.715 LR:0.000000
[Epoch 250] Validation accuracy:0.9224, Loss:0.330, f1 0.872033, score 0.888654
