Work on GPU:  0,1
load_weight 304
Namespace(dataset='rafdb', checkpoint=None, batch_size=120, val_batch_size=32, modeltype='base', optimizer='adam', lr=4e-05, momentum=0.9, workers=2, epochs=250, gpu='0,1', head_type='simple')
Train set size: 12271
Validation set size: 3068
GFLOPs: 14.62
GMacs: 7.31
Params: 61.03M
batch_size: 120
Total Parameters: 61.033M
[Epoch 1] Train time:2.41, Training accuracy:0.6580. Loss: 3.754 LR:0.000040
[Epoch 1] Validation accuracy:0.8344, Loss:0.536, f1 0.695248, score 0.741168
best_acc:0.8344
[Epoch 2] Train time:2.41, Training accuracy:0.8059. Loss: 2.883 LR:0.000039
[Epoch 2] Validation accuracy:0.8696, Loss:0.447, f1 0.783026, score 0.811596
best_acc:0.8696
[Epoch 3] Train time:2.40, Training accuracy:0.8464. Loss: 2.638 LR:0.000038
[Epoch 3] Validation accuracy:0.8836, Loss:0.421, f1 0.798588, score 0.826642
best_acc:0.8836
[Epoch 4] Train time:2.41, Training accuracy:0.8786. Loss: 2.473 LR:0.000038
[Epoch 4] Validation accuracy:0.9100, Loss:0.371, f1 0.851585, score 0.870862
Model saved.
best_acc:0.91
[Epoch 5] Train time:2.41, Training accuracy:0.9060. Loss: 2.312 LR:0.000037
[Epoch 5] Validation accuracy:0.9045, Loss:0.375, f1 0.832968, score 0.856573
[Epoch 6] Train time:2.41, Training accuracy:0.9211. Loss: 2.218 LR:0.000036
[Epoch 6] Validation accuracy:0.9126, Loss:0.363, f1 0.852492, score 0.872328
Model saved.
best_acc:0.9126
[Epoch 7] Train time:2.41, Training accuracy:0.9421. Loss: 2.104 LR:0.000035
[Epoch 7] Validation accuracy:0.9051, Loss:0.363, f1 0.845070, score 0.864880
[Epoch 8] Train time:2.41, Training accuracy:0.9478. Loss: 2.057 LR:0.000035
[Epoch 8] Validation accuracy:0.9078, Loss:0.360, f1 0.847324, score 0.867281
[Epoch 9] Train time:2.41, Training accuracy:0.9601. Loss: 1.983 LR:0.000034
[Epoch 9] Validation accuracy:0.9058, Loss:0.358, f1 0.850580, score 0.868802
[Epoch 10] Train time:2.41, Training accuracy:0.9623. Loss: 1.965 LR:0.000033
[Epoch 10] Validation accuracy:0.9117, Loss:0.347, f1 0.850695, score 0.870827
[Epoch 11] Train time:2.41, Training accuracy:0.9691. Loss: 1.919 LR:0.000033
[Epoch 11] Validation accuracy:0.9084, Loss:0.354, f1 0.857200, score 0.874096
[Epoch 12] Train time:2.42, Training accuracy:0.9700. Loss: 1.908 LR:0.000032
[Epoch 12] Validation accuracy:0.9136, Loss:0.351, f1 0.854591, score 0.874064
Model saved.
best_acc:0.9136
[Epoch 13] Train time:2.42, Training accuracy:0.9721. Loss: 1.894 LR:0.000031
[Epoch 13] Validation accuracy:0.9104, Loss:0.345, f1 0.851754, score 0.871107
[Epoch 14] Train time:2.41, Training accuracy:0.9733. Loss: 1.886 LR:0.000031
[Epoch 14] Validation accuracy:0.9153, Loss:0.345, f1 0.864814, score 0.881474
Model saved.
best_acc:0.9153
[Epoch 15] Train time:2.41, Training accuracy:0.9769. Loss: 1.866 LR:0.000030
[Epoch 15] Validation accuracy:0.9179, Loss:0.339, f1 0.868079, score 0.884520
Model saved.
best_acc:0.9179
[Epoch 16] Train time:2.41, Training accuracy:0.9746. Loss: 1.874 LR:0.000030
[Epoch 16] Validation accuracy:0.9175, Loss:0.343, f1 0.866994, score 0.883661
[Epoch 17] Train time:2.41, Training accuracy:0.9789. Loss: 1.846 LR:0.000029
[Epoch 17] Validation accuracy:0.9166, Loss:0.341, f1 0.861645, score 0.879780
[Epoch 18] Train time:2.41, Training accuracy:0.9804. Loss: 1.836 LR:0.000028
[Epoch 18] Validation accuracy:0.9156, Loss:0.355, f1 0.863730, score 0.880847
[Epoch 19] Train time:2.41, Training accuracy:0.9780. Loss: 1.853 LR:0.000028
[Epoch 19] Validation accuracy:0.9156, Loss:0.336, f1 0.858076, score 0.877059
[Epoch 20] Train time:2.41, Training accuracy:0.9808. Loss: 1.828 LR:0.000027
[Epoch 20] Validation accuracy:0.9195, Loss:0.339, f1 0.865861, score 0.883562
Model saved.
best_acc:0.9195
[Epoch 21] Train time:2.41, Training accuracy:0.9799. Loss: 1.832 LR:0.000027
[Epoch 21] Validation accuracy:0.9159, Loss:0.343, f1 0.866177, score 0.882586
[Epoch 22] Train time:2.40, Training accuracy:0.9813. Loss: 1.826 LR:0.000026
[Epoch 22] Validation accuracy:0.9159, Loss:0.339, f1 0.864688, score 0.881588
[Epoch 23] Train time:2.41, Training accuracy:0.9828. Loss: 1.819 LR:0.000026
[Epoch 23] Validation accuracy:0.9175, Loss:0.341, f1 0.863484, score 0.881309
[Epoch 24] Train time:2.40, Training accuracy:0.9827. Loss: 1.816 LR:0.000025
[Epoch 24] Validation accuracy:0.9185, Loss:0.337, f1 0.866559, score 0.883699
[Epoch 25] Train time:2.40, Training accuracy:0.9817. Loss: 1.817 LR:0.000025
[Epoch 25] Validation accuracy:0.9169, Loss:0.340, f1 0.859221, score 0.878255
[Epoch 26] Train time:2.40, Training accuracy:0.9824. Loss: 1.822 LR:0.000024
[Epoch 26] Validation accuracy:0.9113, Loss:0.348, f1 0.858710, score 0.876065
[Epoch 27] Train time:2.40, Training accuracy:0.9834. Loss: 1.805 LR:0.000024
[Epoch 27] Validation accuracy:0.9136, Loss:0.346, f1 0.859654, score 0.877456
[Epoch 28] Train time:2.40, Training accuracy:0.9838. Loss: 1.805 LR:0.000023
[Epoch 28] Validation accuracy:0.9156, Loss:0.342, f1 0.860077, score 0.878400
[Epoch 29] Train time:2.41, Training accuracy:0.9844. Loss: 1.801 LR:0.000023
[Epoch 29] Validation accuracy:0.9146, Loss:0.342, f1 0.862403, score 0.879628
[Epoch 30] Train time:2.41, Training accuracy:0.9827. Loss: 1.801 LR:0.000022
[Epoch 30] Validation accuracy:0.9169, Loss:0.338, f1 0.866778, score 0.883319
[Epoch 31] Train time:2.41, Training accuracy:0.9832. Loss: 1.805 LR:0.000022
[Epoch 31] Validation accuracy:0.9179, Loss:0.342, f1 0.864117, score 0.881865
[Epoch 32] Train time:2.41, Training accuracy:0.9844. Loss: 1.797 LR:0.000021
[Epoch 32] Validation accuracy:0.9094, Loss:0.360, f1 0.850890, score 0.870198
[Epoch 33] Train time:2.41, Training accuracy:0.9839. Loss: 1.801 LR:0.000021
[Epoch 33] Validation accuracy:0.9156, Loss:0.342, f1 0.863373, score 0.880608
[Epoch 34] Train time:2.41, Training accuracy:0.9845. Loss: 1.796 LR:0.000021
[Epoch 34] Validation accuracy:0.9149, Loss:0.340, f1 0.861440, score 0.879082
[Epoch 35] Train time:2.40, Training accuracy:0.9853. Loss: 1.790 LR:0.000020
[Epoch 35] Validation accuracy:0.9126, Loss:0.349, f1 0.857279, score 0.875535
[Epoch 36] Train time:2.41, Training accuracy:0.9851. Loss: 1.793 LR:0.000020
[Epoch 36] Validation accuracy:0.9120, Loss:0.345, f1 0.855003, score 0.873812
[Epoch 37] Train time:2.41, Training accuracy:0.9859. Loss: 1.787 LR:0.000019
[Epoch 37] Validation accuracy:0.9136, Loss:0.345, f1 0.858195, score 0.876478
[Epoch 38] Train time:2.41, Training accuracy:0.9857. Loss: 1.791 LR:0.000019
[Epoch 38] Validation accuracy:0.9133, Loss:0.346, f1 0.857359, score 0.875819
[Epoch 39] Train time:2.41, Training accuracy:0.9868. Loss: 1.786 LR:0.000019
[Epoch 39] Validation accuracy:0.9097, Loss:0.355, f1 0.856027, score 0.873739
[Epoch 40] Train time:2.41, Training accuracy:0.9875. Loss: 1.779 LR:0.000018
[Epoch 40] Validation accuracy:0.9120, Loss:0.349, f1 0.859154, score 0.876593
[Epoch 41] Train time:2.41, Training accuracy:0.9872. Loss: 1.777 LR:0.000018
[Epoch 41] Validation accuracy:0.9087, Loss:0.354, f1 0.857338, score 0.874288
[Epoch 42] Train time:2.41, Training accuracy:0.9865. Loss: 1.784 LR:0.000017
[Epoch 42] Validation accuracy:0.9104, Loss:0.351, f1 0.857275, score 0.874806
[Epoch 43] Train time:2.41, Training accuracy:0.9876. Loss: 1.773 LR:0.000017
[Epoch 43] Validation accuracy:0.9100, Loss:0.346, f1 0.852546, score 0.871506
[Epoch 44] Train time:2.41, Training accuracy:0.9867. Loss: 1.781 LR:0.000017
[Epoch 44] Validation accuracy:0.9117, Loss:0.351, f1 0.855952, score 0.874349
[Epoch 45] Train time:2.41, Training accuracy:0.9880. Loss: 1.773 LR:0.000016
[Epoch 45] Validation accuracy:0.9143, Loss:0.345, f1 0.858609, score 0.876987
[Epoch 46] Train time:2.41, Training accuracy:0.9867. Loss: 1.778 LR:0.000016
[Epoch 46] Validation accuracy:0.9140, Loss:0.348, f1 0.856852, score 0.875711
[Epoch 47] Train time:2.41, Training accuracy:0.9878. Loss: 1.771 LR:0.000016
[Epoch 47] Validation accuracy:0.9156, Loss:0.342, f1 0.858698, score 0.877476
[Epoch 48] Train time:2.41, Training accuracy:0.9871. Loss: 1.771 LR:0.000015
[Epoch 48] Validation accuracy:0.9211, Loss:0.336, f1 0.867021, score 0.884867
Model saved.
best_acc:0.9211
[Epoch 49] Train time:2.41, Training accuracy:0.9890. Loss: 1.764 LR:0.000015
[Epoch 49] Validation accuracy:0.9192, Loss:0.338, f1 0.866990, score 0.884219
[Epoch 50] Train time:2.41, Training accuracy:0.9881. Loss: 1.766 LR:0.000015
[Epoch 50] Validation accuracy:0.9123, Loss:0.348, f1 0.858634, score 0.876344
[Epoch 51] Train time:2.41, Training accuracy:0.9888. Loss: 1.767 LR:0.000015
[Epoch 51] Validation accuracy:0.9185, Loss:0.343, f1 0.868195, score 0.884795
[Epoch 52] Train time:2.41, Training accuracy:0.9874. Loss: 1.767 LR:0.000014
[Epoch 52] Validation accuracy:0.9169, Loss:0.340, f1 0.864251, score 0.881625
[Epoch 53] Train time:2.41, Training accuracy:0.9889. Loss: 1.762 LR:0.000014
[Epoch 53] Validation accuracy:0.9133, Loss:0.350, f1 0.859995, score 0.877586
[Epoch 54] Train time:2.41, Training accuracy:0.9870. Loss: 1.772 LR:0.000014
[Epoch 54] Validation accuracy:0.9143, Loss:0.347, f1 0.862228, score 0.879412
[Epoch 55] Train time:2.41, Training accuracy:0.9873. Loss: 1.767 LR:0.000013
[Epoch 55] Validation accuracy:0.9126, Loss:0.347, f1 0.859844, score 0.877253
[Epoch 56] Train time:2.41, Training accuracy:0.9877. Loss: 1.766 LR:0.000013
[Epoch 56] Validation accuracy:0.9172, Loss:0.342, f1 0.862213, score 0.880359
[Epoch 57] Train time:2.41, Training accuracy:0.9897. Loss: 1.761 LR:0.000013
[Epoch 57] Validation accuracy:0.9182, Loss:0.339, f1 0.867690, score 0.884358
[Epoch 58] Train time:2.41, Training accuracy:0.9888. Loss: 1.761 LR:0.000013
[Epoch 58] Validation accuracy:0.9126, Loss:0.345, f1 0.859146, score 0.876786
[Epoch 59] Train time:2.41, Training accuracy:0.9888. Loss: 1.761 LR:0.000012
[Epoch 59] Validation accuracy:0.9156, Loss:0.345, f1 0.866901, score 0.882971
[Epoch 60] Train time:2.41, Training accuracy:0.9883. Loss: 1.764 LR:0.000012
[Epoch 60] Validation accuracy:0.9195, Loss:0.345, f1 0.872796, score 0.888208
[Epoch 61] Train time:2.41, Training accuracy:0.9901. Loss: 1.755 LR:0.000012
[Epoch 61] Validation accuracy:0.9208, Loss:0.339, f1 0.870543, score 0.887128
[Epoch 62] Train time:2.41, Training accuracy:0.9900. Loss: 1.757 LR:0.000012
[Epoch 62] Validation accuracy:0.9179, Loss:0.340, f1 0.866549, score 0.883495
[Epoch 63] Train time:2.41, Training accuracy:0.9902. Loss: 1.750 LR:0.000011
[Epoch 63] Validation accuracy:0.9175, Loss:0.335, f1 0.867168, score 0.883778
[Epoch 64] Train time:2.41, Training accuracy:0.9897. Loss: 1.758 LR:0.000011
[Epoch 64] Validation accuracy:0.9179, Loss:0.340, f1 0.864970, score 0.882437
[Epoch 65] Train time:2.41, Training accuracy:0.9881. Loss: 1.759 LR:0.000011
[Epoch 65] Validation accuracy:0.9153, Loss:0.337, f1 0.861827, score 0.879473
[Epoch 66] Train time:2.41, Training accuracy:0.9891. Loss: 1.762 LR:0.000011
[Epoch 66] Validation accuracy:0.9169, Loss:0.342, f1 0.863467, score 0.881100
[Epoch 67] Train time:2.41, Training accuracy:0.9895. Loss: 1.754 LR:0.000011
[Epoch 67] Validation accuracy:0.9169, Loss:0.339, f1 0.866289, score 0.882991
[Epoch 68] Train time:2.41, Training accuracy:0.9898. Loss: 1.755 LR:0.000010
[Epoch 68] Validation accuracy:0.9211, Loss:0.334, f1 0.871537, score 0.887893
[Epoch 69] Train time:2.41, Training accuracy:0.9910. Loss: 1.748 LR:0.000010
[Epoch 69] Validation accuracy:0.9208, Loss:0.329, f1 0.869738, score 0.886589
[Epoch 70] Train time:2.41, Training accuracy:0.9892. Loss: 1.754 LR:0.000010
[Epoch 70] Validation accuracy:0.9192, Loss:0.336, f1 0.868160, score 0.885003
[Epoch 71] Train time:2.41, Training accuracy:0.9896. Loss: 1.750 LR:0.000010
[Epoch 71] Validation accuracy:0.9182, Loss:0.343, f1 0.863475, score 0.881534
[Epoch 72] Train time:2.41, Training accuracy:0.9899. Loss: 1.752 LR:0.000010
[Epoch 72] Validation accuracy:0.9175, Loss:0.335, f1 0.865876, score 0.882912
[Epoch 73] Train time:2.41, Training accuracy:0.9906. Loss: 1.743 LR:0.000009
[Epoch 73] Validation accuracy:0.9221, Loss:0.331, f1 0.870151, score 0.887294
Model saved.
best_acc:0.9221
[Epoch 74] Train time:2.41, Training accuracy:0.9902. Loss: 1.748 LR:0.000009
[Epoch 74] Validation accuracy:0.9198, Loss:0.335, f1 0.869359, score 0.886004
[Epoch 75] Train time:2.42, Training accuracy:0.9893. Loss: 1.754 LR:0.000009
[Epoch 75] Validation accuracy:0.9149, Loss:0.335, f1 0.860155, score 0.878221
[Epoch 76] Train time:2.41, Training accuracy:0.9907. Loss: 1.750 LR:0.000009
[Epoch 76] Validation accuracy:0.9169, Loss:0.336, f1 0.862826, score 0.880671
[Epoch 77] Train time:2.41, Training accuracy:0.9914. Loss: 1.743 LR:0.000009
[Epoch 77] Validation accuracy:0.9201, Loss:0.334, f1 0.871428, score 0.887490
[Epoch 78] Train time:2.41, Training accuracy:0.9910. Loss: 1.746 LR:0.000008
[Epoch 78] Validation accuracy:0.9182, Loss:0.333, f1 0.860801, score 0.879743
[Epoch 79] Train time:2.41, Training accuracy:0.9902. Loss: 1.747 LR:0.000008
[Epoch 79] Validation accuracy:0.9195, Loss:0.336, f1 0.863039, score 0.881671
[Epoch 80] Train time:2.41, Training accuracy:0.9910. Loss: 1.746 LR:0.000008
[Epoch 80] Validation accuracy:0.9188, Loss:0.335, f1 0.866442, score 0.883720
[Epoch 81] Train time:2.41, Training accuracy:0.9915. Loss: 1.741 LR:0.000008
[Epoch 81] Validation accuracy:0.9175, Loss:0.332, f1 0.864132, score 0.881743
[Epoch 82] Train time:2.41, Training accuracy:0.9913. Loss: 1.740 LR:0.000008
[Epoch 82] Validation accuracy:0.9211, Loss:0.336, f1 0.872424, score 0.888487
[Epoch 83] Train time:2.41, Training accuracy:0.9924. Loss: 1.736 LR:0.000008
[Epoch 83] Validation accuracy:0.9179, Loss:0.335, f1 0.864806, score 0.882327
[Epoch 84] Train time:2.41, Training accuracy:0.9909. Loss: 1.743 LR:0.000007
[Epoch 84] Validation accuracy:0.9149, Loss:0.338, f1 0.861758, score 0.879295
[Epoch 85] Train time:2.41, Training accuracy:0.9899. Loss: 1.746 LR:0.000007
[Epoch 85] Validation accuracy:0.9182, Loss:0.338, f1 0.864841, score 0.882450
[Epoch 86] Train time:2.41, Training accuracy:0.9913. Loss: 1.738 LR:0.000007
[Epoch 86] Validation accuracy:0.9169, Loss:0.334, f1 0.865260, score 0.882301
[Epoch 87] Train time:2.41, Training accuracy:0.9913. Loss: 1.741 LR:0.000007
[Epoch 87] Validation accuracy:0.9162, Loss:0.335, f1 0.864100, score 0.881293
[Epoch 88] Train time:2.41, Training accuracy:0.9923. Loss: 1.736 LR:0.000007
[Epoch 88] Validation accuracy:0.9208, Loss:0.332, f1 0.874047, score 0.889475
[Epoch 89] Train time:2.41, Training accuracy:0.9926. Loss: 1.736 LR:0.000007
[Epoch 89] Validation accuracy:0.9185, Loss:0.337, f1 0.860864, score 0.879884
[Epoch 90] Train time:2.41, Training accuracy:0.9919. Loss: 1.737 LR:0.000007
[Epoch 90] Validation accuracy:0.9156, Loss:0.335, f1 0.863280, score 0.880545
[Epoch 91] Train time:2.41, Training accuracy:0.9902. Loss: 1.744 LR:0.000006
[Epoch 91] Validation accuracy:0.9231, Loss:0.329, f1 0.871450, score 0.888494
Model saved.
best_acc:0.9231
[Epoch 92] Train time:2.41, Training accuracy:0.9907. Loss: 1.741 LR:0.000006
[Epoch 92] Validation accuracy:0.9221, Loss:0.331, f1 0.871212, score 0.888005
[Epoch 93] Train time:2.41, Training accuracy:0.9914. Loss: 1.736 LR:0.000006
[Epoch 93] Validation accuracy:0.9182, Loss:0.332, f1 0.866229, score 0.883379
[Epoch 94] Train time:2.41, Training accuracy:0.9917. Loss: 1.742 LR:0.000006
[Epoch 94] Validation accuracy:0.9198, Loss:0.333, f1 0.871748, score 0.887605
[Epoch 95] Train time:2.41, Training accuracy:0.9909. Loss: 1.742 LR:0.000006
[Epoch 95] Validation accuracy:0.9201, Loss:0.332, f1 0.872947, score 0.888507
[Epoch 96] Train time:2.41, Training accuracy:0.9921. Loss: 1.736 LR:0.000006
[Epoch 96] Validation accuracy:0.9198, Loss:0.332, f1 0.872440, score 0.888069
[Epoch 97] Train time:2.41, Training accuracy:0.9915. Loss: 1.739 LR:0.000006
[Epoch 97] Validation accuracy:0.9198, Loss:0.331, f1 0.869146, score 0.885862
[Epoch 98] Train time:2.41, Training accuracy:0.9927. Loss: 1.732 LR:0.000006
[Epoch 98] Validation accuracy:0.9218, Loss:0.334, f1 0.873967, score 0.889752
[Epoch 99] Train time:2.41, Training accuracy:0.9917. Loss: 1.738 LR:0.000006
[Epoch 99] Validation accuracy:0.9224, Loss:0.333, f1 0.874175, score 0.890089
[Epoch 100] Train time:2.41, Training accuracy:0.9916. Loss: 1.737 LR:0.000005
[Epoch 100] Validation accuracy:0.9172, Loss:0.335, f1 0.866140, score 0.882990
[Epoch 101] Train time:2.41, Training accuracy:0.9919. Loss: 1.732 LR:0.000005
[Epoch 101] Validation accuracy:0.9195, Loss:0.334, f1 0.869850, score 0.886235
[Epoch 102] Train time:2.41, Training accuracy:0.9932. Loss: 1.730 LR:0.000005
[Epoch 102] Validation accuracy:0.9198, Loss:0.338, f1 0.871147, score 0.887203
[Epoch 103] Train time:2.41, Training accuracy:0.9914. Loss: 1.736 LR:0.000005
[Epoch 103] Validation accuracy:0.9201, Loss:0.336, f1 0.870614, score 0.886945
[Epoch 104] Train time:2.41, Training accuracy:0.9927. Loss: 1.735 LR:0.000005
[Epoch 104] Validation accuracy:0.9214, Loss:0.335, f1 0.873331, score 0.889194
[Epoch 105] Train time:2.42, Training accuracy:0.9926. Loss: 1.732 LR:0.000005
[Epoch 105] Validation accuracy:0.9205, Loss:0.335, f1 0.871591, score 0.887731
[Epoch 106] Train time:2.41, Training accuracy:0.9912. Loss: 1.737 LR:0.000005
[Epoch 106] Validation accuracy:0.9221, Loss:0.336, f1 0.876304, score 0.891417
[Epoch 107] Train time:2.41, Training accuracy:0.9927. Loss: 1.730 LR:0.000005
[Epoch 107] Validation accuracy:0.9221, Loss:0.334, f1 0.876025, score 0.891230
[Epoch 108] Train time:2.41, Training accuracy:0.9920. Loss: 1.735 LR:0.000005
[Epoch 108] Validation accuracy:0.9208, Loss:0.336, f1 0.872665, score 0.888550
[Epoch 109] Train time:2.41, Training accuracy:0.9924. Loss: 1.729 LR:0.000005
[Epoch 109] Validation accuracy:0.9211, Loss:0.336, f1 0.873134, score 0.888963
[Epoch 110] Train time:2.41, Training accuracy:0.9916. Loss: 1.737 LR:0.000004
[Epoch 110] Validation accuracy:0.9182, Loss:0.339, f1 0.867574, score 0.884280
[Epoch 111] Train time:2.41, Training accuracy:0.9932. Loss: 1.730 LR:0.000004
[Epoch 111] Validation accuracy:0.9218, Loss:0.340, f1 0.873161, score 0.889212
[Epoch 112] Train time:2.42, Training accuracy:0.9923. Loss: 1.730 LR:0.000004
[Epoch 112] Validation accuracy:0.9175, Loss:0.339, f1 0.867589, score 0.884060
[Epoch 113] Train time:2.41, Training accuracy:0.9914. Loss: 1.733 LR:0.000004
[Epoch 113] Validation accuracy:0.9192, Loss:0.337, f1 0.869509, score 0.885907
[Epoch 114] Train time:2.41, Training accuracy:0.9927. Loss: 1.728 LR:0.000004
[Epoch 114] Validation accuracy:0.9205, Loss:0.336, f1 0.866877, score 0.884572
[Epoch 115] Train time:2.41, Training accuracy:0.9929. Loss: 1.731 LR:0.000004
[Epoch 115] Validation accuracy:0.9224, Loss:0.334, f1 0.871810, score 0.888505
[Epoch 116] Train time:2.41, Training accuracy:0.9932. Loss: 1.728 LR:0.000004
[Epoch 116] Validation accuracy:0.9211, Loss:0.336, f1 0.870213, score 0.887006
[Epoch 117] Train time:2.41, Training accuracy:0.9934. Loss: 1.727 LR:0.000004
[Epoch 117] Validation accuracy:0.9205, Loss:0.333, f1 0.867831, score 0.885212
[Epoch 118] Train time:2.41, Training accuracy:0.9929. Loss: 1.729 LR:0.000004
[Epoch 118] Validation accuracy:0.9237, Loss:0.333, f1 0.876408, score 0.892015
Model saved.
best_acc:0.9237
[Epoch 119] Train time:2.42, Training accuracy:0.9929. Loss: 1.731 LR:0.000004
[Epoch 119] Validation accuracy:0.9214, Loss:0.336, f1 0.871807, score 0.888173
[Epoch 120] Train time:2.41, Training accuracy:0.9927. Loss: 1.730 LR:0.000004
[Epoch 120] Validation accuracy:0.9201, Loss:0.333, f1 0.869501, score 0.886199
[Epoch 121] Train time:2.41, Training accuracy:0.9935. Loss: 1.726 LR:0.000004
[Epoch 121] Validation accuracy:0.9228, Loss:0.331, f1 0.872312, score 0.888973
[Epoch 122] Train time:2.41, Training accuracy:0.9925. Loss: 1.729 LR:0.000003
[Epoch 122] Validation accuracy:0.9208, Loss:0.334, f1 0.868290, score 0.885618
[Epoch 123] Train time:2.41, Training accuracy:0.9931. Loss: 1.728 LR:0.000003
[Epoch 123] Validation accuracy:0.9205, Loss:0.333, f1 0.867932, score 0.885280
[Epoch 124] Train time:2.42, Training accuracy:0.9938. Loss: 1.724 LR:0.000003
[Epoch 124] Validation accuracy:0.9228, Loss:0.333, f1 0.871973, score 0.888746
[Epoch 125] Train time:2.42, Training accuracy:0.9930. Loss: 1.732 LR:0.000003
[Epoch 125] Validation accuracy:0.9234, Loss:0.331, f1 0.873788, score 0.890160
[Epoch 126] Train time:2.41, Training accuracy:0.9943. Loss: 1.724 LR:0.000003
[Epoch 126] Validation accuracy:0.9218, Loss:0.332, f1 0.871303, score 0.887967
[Epoch 127] Train time:2.41, Training accuracy:0.9930. Loss: 1.727 LR:0.000003
[Epoch 127] Validation accuracy:0.9211, Loss:0.332, f1 0.867151, score 0.884954
[Epoch 128] Train time:2.41, Training accuracy:0.9927. Loss: 1.726 LR:0.000003
[Epoch 128] Validation accuracy:0.9182, Loss:0.334, f1 0.865215, score 0.882700
[Epoch 129] Train time:2.41, Training accuracy:0.9921. Loss: 1.731 LR:0.000003
[Epoch 129] Validation accuracy:0.9195, Loss:0.335, f1 0.867065, score 0.884368
[Epoch 130] Train time:2.41, Training accuracy:0.9937. Loss: 1.724 LR:0.000003
[Epoch 130] Validation accuracy:0.9218, Loss:0.332, f1 0.870170, score 0.887208
[Epoch 131] Train time:2.41, Training accuracy:0.9930. Loss: 1.728 LR:0.000003
[Epoch 131] Validation accuracy:0.9211, Loss:0.335, f1 0.870687, score 0.887323
[Epoch 132] Train time:2.41, Training accuracy:0.9934. Loss: 1.724 LR:0.000003
[Epoch 132] Validation accuracy:0.9224, Loss:0.333, f1 0.871875, score 0.888549
[Epoch 133] Train time:2.41, Training accuracy:0.9941. Loss: 1.721 LR:0.000003
[Epoch 133] Validation accuracy:0.9211, Loss:0.333, f1 0.870340, score 0.887091
[Epoch 134] Train time:2.41, Training accuracy:0.9929. Loss: 1.726 LR:0.000003
[Epoch 134] Validation accuracy:0.9234, Loss:0.331, f1 0.873524, score 0.889983
[Epoch 135] Train time:2.41, Training accuracy:0.9929. Loss: 1.727 LR:0.000003
[Epoch 135] Validation accuracy:0.9231, Loss:0.332, f1 0.872298, score 0.889063
[Epoch 136] Train time:2.41, Training accuracy:0.9929. Loss: 1.726 LR:0.000003
[Epoch 136] Validation accuracy:0.9221, Loss:0.332, f1 0.869782, score 0.887047
[Epoch 137] Train time:2.41, Training accuracy:0.9937. Loss: 1.726 LR:0.000003
[Epoch 137] Validation accuracy:0.9231, Loss:0.333, f1 0.873014, score 0.889542
[Epoch 138] Train time:2.41, Training accuracy:0.9933. Loss: 1.726 LR:0.000003
[Epoch 138] Validation accuracy:0.9231, Loss:0.332, f1 0.868391, score 0.886445
[Epoch 139] Train time:2.41, Training accuracy:0.9926. Loss: 1.730 LR:0.000002
[Epoch 139] Validation accuracy:0.9234, Loss:0.332, f1 0.872051, score 0.888996
[Epoch 140] Train time:2.41, Training accuracy:0.9939. Loss: 1.722 LR:0.000002
[Epoch 140] Validation accuracy:0.9228, Loss:0.331, f1 0.871083, score 0.888150
[Epoch 141] Train time:2.41, Training accuracy:0.9932. Loss: 1.726 LR:0.000002
[Epoch 141] Validation accuracy:0.9228, Loss:0.332, f1 0.871198, score 0.888226
[Epoch 142] Train time:2.41, Training accuracy:0.9937. Loss: 1.723 LR:0.000002
[Epoch 142] Validation accuracy:0.9234, Loss:0.335, f1 0.870887, score 0.888216
[Epoch 143] Train time:2.41, Training accuracy:0.9923. Loss: 1.727 LR:0.000002
[Epoch 143] Validation accuracy:0.9231, Loss:0.331, f1 0.873077, score 0.889585
[Epoch 144] Train time:2.41, Training accuracy:0.9942. Loss: 1.721 LR:0.000002
[Epoch 144] Validation accuracy:0.9208, Loss:0.333, f1 0.869024, score 0.886110
[Epoch 145] Train time:2.42, Training accuracy:0.9941. Loss: 1.720 LR:0.000002
[Epoch 145] Validation accuracy:0.9211, Loss:0.334, f1 0.870364, score 0.887107
[Epoch 146] Train time:2.41, Training accuracy:0.9942. Loss: 1.721 LR:0.000002
[Epoch 146] Validation accuracy:0.9205, Loss:0.334, f1 0.871077, score 0.887387
[Epoch 147] Train time:2.41, Training accuracy:0.9938. Loss: 1.723 LR:0.000002
[Epoch 147] Validation accuracy:0.9224, Loss:0.332, f1 0.875280, score 0.890829
[Epoch 148] Train time:2.41, Training accuracy:0.9935. Loss: 1.725 LR:0.000002
[Epoch 148] Validation accuracy:0.9221, Loss:0.334, f1 0.872506, score 0.888872
[Epoch 149] Train time:2.41, Training accuracy:0.9940. Loss: 1.723 LR:0.000002
[Epoch 149] Validation accuracy:0.9218, Loss:0.331, f1 0.871070, score 0.887811
[Epoch 150] Train time:2.41, Training accuracy:0.9936. Loss: 1.720 LR:0.000002
[Epoch 150] Validation accuracy:0.9254, Loss:0.329, f1 0.874811, score 0.891505
Model saved.
best_acc:0.9254
[Epoch 151] Train time:2.41, Training accuracy:0.9944. Loss: 1.724 LR:0.000002
[Epoch 151] Validation accuracy:0.9241, Loss:0.332, f1 0.874665, score 0.890979
[Epoch 152] Train time:2.41, Training accuracy:0.9946. Loss: 1.720 LR:0.000002
[Epoch 152] Validation accuracy:0.9221, Loss:0.331, f1 0.869524, score 0.886874
[Epoch 153] Train time:2.41, Training accuracy:0.9948. Loss: 1.717 LR:0.000002
[Epoch 153] Validation accuracy:0.9228, Loss:0.333, f1 0.871409, score 0.888368
[Epoch 154] Train time:2.41, Training accuracy:0.9937. Loss: 1.722 LR:0.000002
[Epoch 154] Validation accuracy:0.9237, Loss:0.332, f1 0.874964, score 0.891047
[Epoch 155] Train time:2.41, Training accuracy:0.9935. Loss: 1.724 LR:0.000002
[Epoch 155] Validation accuracy:0.9231, Loss:0.329, f1 0.872043, score 0.888892
[Epoch 156] Train time:2.41, Training accuracy:0.9936. Loss: 1.723 LR:0.000002
[Epoch 156] Validation accuracy:0.9234, Loss:0.332, f1 0.876192, score 0.891770
[Epoch 157] Train time:2.41, Training accuracy:0.9937. Loss: 1.726 LR:0.000002
[Epoch 157] Validation accuracy:0.9247, Loss:0.330, f1 0.876387, score 0.892330
[Epoch 158] Train time:2.41, Training accuracy:0.9943. Loss: 1.721 LR:0.000002
[Epoch 158] Validation accuracy:0.9214, Loss:0.329, f1 0.870867, score 0.887543
[Epoch 159] Train time:2.41, Training accuracy:0.9938. Loss: 1.723 LR:0.000002
[Epoch 159] Validation accuracy:0.9237, Loss:0.330, f1 0.874395, score 0.890665
[Epoch 160] Train time:2.41, Training accuracy:0.9942. Loss: 1.718 LR:0.000002
[Epoch 160] Validation accuracy:0.9247, Loss:0.329, f1 0.875645, score 0.891833
[Epoch 161] Train time:2.41, Training accuracy:0.9948. Loss: 1.716 LR:0.000002
[Epoch 161] Validation accuracy:0.9244, Loss:0.328, f1 0.874076, score 0.890683
[Epoch 162] Train time:2.41, Training accuracy:0.9941. Loss: 1.719 LR:0.000002
[Epoch 162] Validation accuracy:0.9250, Loss:0.329, f1 0.877048, score 0.892872
[Epoch 163] Train time:2.41, Training accuracy:0.9942. Loss: 1.720 LR:0.000002
[Epoch 163] Validation accuracy:0.9221, Loss:0.330, f1 0.871428, score 0.888150
[Epoch 164] Train time:2.41, Training accuracy:0.9935. Loss: 1.724 LR:0.000001
[Epoch 164] Validation accuracy:0.9205, Loss:0.331, f1 0.868424, score 0.885609
[Epoch 165] Train time:2.42, Training accuracy:0.9947. Loss: 1.718 LR:0.000001
[Epoch 165] Validation accuracy:0.9221, Loss:0.332, f1 0.871070, score 0.887910
[Epoch 166] Train time:2.41, Training accuracy:0.9941. Loss: 1.719 LR:0.000001
[Epoch 166] Validation accuracy:0.9214, Loss:0.333, f1 0.869799, score 0.886827
[Epoch 167] Train time:2.41, Training accuracy:0.9934. Loss: 1.723 LR:0.000001
[Epoch 167] Validation accuracy:0.9221, Loss:0.332, f1 0.872129, score 0.888620
[Epoch 168] Train time:2.41, Training accuracy:0.9954. Loss: 1.716 LR:0.000001
[Epoch 168] Validation accuracy:0.9221, Loss:0.333, f1 0.872152, score 0.888635
[Epoch 169] Train time:2.41, Training accuracy:0.9943. Loss: 1.719 LR:0.000001
[Epoch 169] Validation accuracy:0.9228, Loss:0.333, f1 0.871994, score 0.888760
[Epoch 170] Train time:2.41, Training accuracy:0.9944. Loss: 1.719 LR:0.000001
[Epoch 170] Validation accuracy:0.9211, Loss:0.334, f1 0.870568, score 0.887244
[Epoch 171] Train time:2.41, Training accuracy:0.9941. Loss: 1.719 LR:0.000001
[Epoch 171] Validation accuracy:0.9218, Loss:0.333, f1 0.869802, score 0.886962
[Epoch 172] Train time:2.41, Training accuracy:0.9942. Loss: 1.720 LR:0.000001
[Epoch 172] Validation accuracy:0.9224, Loss:0.334, f1 0.872504, score 0.888970
[Epoch 173] Train time:2.41, Training accuracy:0.9945. Loss: 1.719 LR:0.000001
[Epoch 173] Validation accuracy:0.9231, Loss:0.334, f1 0.873468, score 0.889847
[Epoch 174] Train time:2.41, Training accuracy:0.9947. Loss: 1.718 LR:0.000001
[Epoch 174] Validation accuracy:0.9234, Loss:0.333, f1 0.874203, score 0.890438
[Epoch 175] Train time:2.41, Training accuracy:0.9943. Loss: 1.717 LR:0.000001
[Epoch 175] Validation accuracy:0.9205, Loss:0.334, f1 0.869049, score 0.886028
[Epoch 176] Train time:2.42, Training accuracy:0.9933. Loss: 1.720 LR:0.000001
[Epoch 176] Validation accuracy:0.9211, Loss:0.333, f1 0.871372, score 0.887782
[Epoch 177] Train time:2.41, Training accuracy:0.9936. Loss: 1.721 LR:0.000001
[Epoch 177] Validation accuracy:0.9224, Loss:0.334, f1 0.873321, score 0.889517
[Epoch 178] Train time:2.41, Training accuracy:0.9947. Loss: 1.717 LR:0.000001
[Epoch 178] Validation accuracy:0.9224, Loss:0.332, f1 0.871578, score 0.888349
[Epoch 179] Train time:2.41, Training accuracy:0.9949. Loss: 1.718 LR:0.000001
[Epoch 179] Validation accuracy:0.9201, Loss:0.334, f1 0.869279, score 0.886050
[Epoch 180] Train time:2.41, Training accuracy:0.9940. Loss: 1.721 LR:0.000001
[Epoch 180] Validation accuracy:0.9221, Loss:0.333, f1 0.871939, score 0.888492
[Epoch 181] Train time:2.41, Training accuracy:0.9928. Loss: 1.727 LR:0.000001
[Epoch 181] Validation accuracy:0.9224, Loss:0.333, f1 0.872856, score 0.889206
[Epoch 182] Train time:2.41, Training accuracy:0.9937. Loss: 1.721 LR:0.000001
[Epoch 182] Validation accuracy:0.9231, Loss:0.333, f1 0.873141, score 0.889628
[Epoch 183] Train time:2.41, Training accuracy:0.9947. Loss: 1.717 LR:0.000001
[Epoch 183] Validation accuracy:0.9228, Loss:0.332, f1 0.872680, score 0.889220
[Epoch 184] Train time:2.41, Training accuracy:0.9941. Loss: 1.718 LR:0.000001
[Epoch 184] Validation accuracy:0.9214, Loss:0.332, f1 0.870892, score 0.887559
[Epoch 185] Train time:2.41, Training accuracy:0.9936. Loss: 1.720 LR:0.000001
[Epoch 185] Validation accuracy:0.9214, Loss:0.334, f1 0.871784, score 0.888157
[Epoch 186] Train time:2.41, Training accuracy:0.9936. Loss: 1.718 LR:0.000001
[Epoch 186] Validation accuracy:0.9237, Loss:0.332, f1 0.876901, score 0.892345
[Epoch 187] Train time:2.41, Training accuracy:0.9937. Loss: 1.719 LR:0.000001
[Epoch 187] Validation accuracy:0.9234, Loss:0.332, f1 0.876929, score 0.892265
[Epoch 188] Train time:2.41, Training accuracy:0.9938. Loss: 1.722 LR:0.000001
[Epoch 188] Validation accuracy:0.9231, Loss:0.332, f1 0.874082, score 0.890258
[Epoch 189] Train time:2.41, Training accuracy:0.9940. Loss: 1.719 LR:0.000001
[Epoch 189] Validation accuracy:0.9241, Loss:0.331, f1 0.875982, score 0.891861
[Epoch 190] Train time:2.41, Training accuracy:0.9942. Loss: 1.717 LR:0.000001
[Epoch 190] Validation accuracy:0.9224, Loss:0.331, f1 0.872575, score 0.889017
[Epoch 191] Train time:2.41, Training accuracy:0.9945. Loss: 1.718 LR:0.000001
[Epoch 191] Validation accuracy:0.9241, Loss:0.331, f1 0.875923, score 0.891821
[Epoch 192] Train time:2.41, Training accuracy:0.9945. Loss: 1.718 LR:0.000001
[Epoch 192] Validation accuracy:0.9231, Loss:0.330, f1 0.873499, score 0.889867
[Epoch 193] Train time:2.42, Training accuracy:0.9939. Loss: 1.721 LR:0.000001
[Epoch 193] Validation accuracy:0.9231, Loss:0.331, f1 0.875044, score 0.890902
[Epoch 194] Train time:2.42, Training accuracy:0.9945. Loss: 1.717 LR:0.000001
[Epoch 194] Validation accuracy:0.9237, Loss:0.330, f1 0.874267, score 0.890580
[Epoch 195] Train time:2.42, Training accuracy:0.9941. Loss: 1.717 LR:0.000001
[Epoch 195] Validation accuracy:0.9244, Loss:0.331, f1 0.873902, score 0.890567
[Epoch 196] Train time:2.42, Training accuracy:0.9940. Loss: 1.722 LR:0.000001
[Epoch 196] Validation accuracy:0.9244, Loss:0.330, f1 0.875945, score 0.891935
[Epoch 197] Train time:2.46, Training accuracy:0.9936. Loss: 1.722 LR:0.000001
[Epoch 197] Validation accuracy:0.9231, Loss:0.330, f1 0.875347, score 0.891106
[Epoch 198] Train time:2.45, Training accuracy:0.9943. Loss: 1.718 LR:0.000001
[Epoch 198] Validation accuracy:0.9231, Loss:0.331, f1 0.875673, score 0.891324
[Epoch 199] Train time:2.45, Training accuracy:0.9944. Loss: 1.718 LR:0.000001
[Epoch 199] Validation accuracy:0.9228, Loss:0.332, f1 0.872491, score 0.889093
[Epoch 200] Train time:2.44, Training accuracy:0.9945. Loss: 1.720 LR:0.000001
[Epoch 200] Validation accuracy:0.9241, Loss:0.330, f1 0.877235, score 0.892700
[Epoch 201] Train time:2.44, Training accuracy:0.9937. Loss: 1.720 LR:0.000001
[Epoch 201] Validation accuracy:0.9241, Loss:0.330, f1 0.874175, score 0.890650
[Epoch 202] Train time:2.44, Training accuracy:0.9943. Loss: 1.717 LR:0.000001
[Epoch 202] Validation accuracy:0.9241, Loss:0.331, f1 0.875937, score 0.891831
[Epoch 203] Train time:2.44, Training accuracy:0.9932. Loss: 1.721 LR:0.000001
[Epoch 203] Validation accuracy:0.9237, Loss:0.330, f1 0.874740, score 0.890897
[Epoch 204] Train time:2.44, Training accuracy:0.9940. Loss: 1.717 LR:0.000001
[Epoch 204] Validation accuracy:0.9247, Loss:0.330, f1 0.876941, score 0.892701
[Epoch 205] Train time:2.44, Training accuracy:0.9939. Loss: 1.718 LR:0.000001
[Epoch 205] Validation accuracy:0.9224, Loss:0.331, f1 0.872284, score 0.888823
[Epoch 206] Train time:2.44, Training accuracy:0.9947. Loss: 1.718 LR:0.000001
[Epoch 206] Validation accuracy:0.9241, Loss:0.330, f1 0.875264, score 0.891380
[Epoch 207] Train time:2.44, Training accuracy:0.9949. Loss: 1.718 LR:0.000001
[Epoch 207] Validation accuracy:0.9237, Loss:0.330, f1 0.874025, score 0.890417
[Epoch 208] Train time:2.43, Training accuracy:0.9937. Loss: 1.724 LR:0.000001
[Epoch 208] Validation accuracy:0.9228, Loss:0.331, f1 0.872630, score 0.889186
[Epoch 209] Train time:2.41, Training accuracy:0.9947. Loss: 1.717 LR:0.000001
[Epoch 209] Validation accuracy:0.9224, Loss:0.331, f1 0.873029, score 0.889321
[Epoch 210] Train time:2.41, Training accuracy:0.9935. Loss: 1.723 LR:0.000001
[Epoch 210] Validation accuracy:0.9228, Loss:0.331, f1 0.875769, score 0.891289
[Epoch 211] Train time:2.42, Training accuracy:0.9948. Loss: 1.718 LR:0.000001
[Epoch 211] Validation accuracy:0.9211, Loss:0.331, f1 0.871497, score 0.887866
[Epoch 212] Train time:2.41, Training accuracy:0.9941. Loss: 1.717 LR:0.000001
[Epoch 212] Validation accuracy:0.9214, Loss:0.331, f1 0.873979, score 0.889628
[Epoch 213] Train time:2.41, Training accuracy:0.9950. Loss: 1.714 LR:0.000001
[Epoch 213] Validation accuracy:0.9221, Loss:0.330, f1 0.872850, score 0.889102
[Epoch 214] Train time:2.41, Training accuracy:0.9945. Loss: 1.720 LR:0.000001
[Epoch 214] Validation accuracy:0.9208, Loss:0.330, f1 0.872967, score 0.888752
[Epoch 215] Train time:2.41, Training accuracy:0.9936. Loss: 1.723 LR:0.000001
[Epoch 215] Validation accuracy:0.9231, Loss:0.331, f1 0.873403, score 0.889803
[Epoch 216] Train time:2.41, Training accuracy:0.9941. Loss: 1.722 LR:0.000001
[Epoch 216] Validation accuracy:0.9224, Loss:0.329, f1 0.872331, score 0.888854
[Epoch 217] Train time:2.41, Training accuracy:0.9943. Loss: 1.718 LR:0.000001
[Epoch 217] Validation accuracy:0.9214, Loss:0.331, f1 0.870248, score 0.887128
[Epoch 218] Train time:2.41, Training accuracy:0.9943. Loss: 1.719 LR:0.000000
[Epoch 218] Validation accuracy:0.9221, Loss:0.331, f1 0.871235, score 0.888020
[Epoch 219] Train time:2.41, Training accuracy:0.9949. Loss: 1.717 LR:0.000000
[Epoch 219] Validation accuracy:0.9214, Loss:0.330, f1 0.870558, score 0.887336
[Epoch 220] Train time:2.42, Training accuracy:0.9948. Loss: 1.712 LR:0.000000
[Epoch 220] Validation accuracy:0.9228, Loss:0.330, f1 0.872457, score 0.889070
[Epoch 221] Train time:2.42, Training accuracy:0.9940. Loss: 1.721 LR:0.000000
[Epoch 221] Validation accuracy:0.9237, Loss:0.331, f1 0.874133, score 0.890490
[Epoch 222] Train time:2.42, Training accuracy:0.9949. Loss: 1.714 LR:0.000000
[Epoch 222] Validation accuracy:0.9221, Loss:0.330, f1 0.871584, score 0.888254
[Epoch 223] Train time:2.42, Training accuracy:0.9939. Loss: 1.720 LR:0.000000
[Epoch 223] Validation accuracy:0.9221, Loss:0.331, f1 0.871062, score 0.887904
[Epoch 224] Train time:2.42, Training accuracy:0.9943. Loss: 1.717 LR:0.000000
[Epoch 224] Validation accuracy:0.9221, Loss:0.331, f1 0.871272, score 0.888046
[Epoch 225] Train time:2.42, Training accuracy:0.9948. Loss: 1.716 LR:0.000000
[Epoch 225] Validation accuracy:0.9231, Loss:0.330, f1 0.873086, score 0.889591
[Epoch 226] Train time:2.42, Training accuracy:0.9945. Loss: 1.717 LR:0.000000
[Epoch 226] Validation accuracy:0.9234, Loss:0.330, f1 0.872107, score 0.889034
[Epoch 227] Train time:2.42, Training accuracy:0.9944. Loss: 1.716 LR:0.000000
[Epoch 227] Validation accuracy:0.9237, Loss:0.331, f1 0.874079, score 0.890454
[Epoch 228] Train time:2.42, Training accuracy:0.9945. Loss: 1.718 LR:0.000000
[Epoch 228] Validation accuracy:0.9231, Loss:0.331, f1 0.872533, score 0.889220
[Epoch 229] Train time:2.42, Training accuracy:0.9949. Loss: 1.715 LR:0.000000
[Epoch 229] Validation accuracy:0.9224, Loss:0.331, f1 0.873538, score 0.889663
[Epoch 230] Train time:2.42, Training accuracy:0.9949. Loss: 1.714 LR:0.000000
[Epoch 230] Validation accuracy:0.9221, Loss:0.331, f1 0.872105, score 0.888603
[Epoch 231] Train time:2.42, Training accuracy:0.9952. Loss: 1.714 LR:0.000000
[Epoch 231] Validation accuracy:0.9228, Loss:0.332, f1 0.872305, score 0.888969
[Epoch 232] Train time:2.42, Training accuracy:0.9946. Loss: 1.717 LR:0.000000
[Epoch 232] Validation accuracy:0.9221, Loss:0.332, f1 0.871895, score 0.888463
[Epoch 233] Train time:2.42, Training accuracy:0.9940. Loss: 1.719 LR:0.000000
[Epoch 233] Validation accuracy:0.9244, Loss:0.331, f1 0.875416, score 0.891581
[Epoch 234] Train time:2.42, Training accuracy:0.9945. Loss: 1.716 LR:0.000000
[Epoch 234] Validation accuracy:0.9244, Loss:0.331, f1 0.874816, score 0.891179
[Epoch 235] Train time:2.42, Training accuracy:0.9943. Loss: 1.718 LR:0.000000
[Epoch 235] Validation accuracy:0.9224, Loss:0.331, f1 0.872029, score 0.888652
[Epoch 236] Train time:2.42, Training accuracy:0.9941. Loss: 1.721 LR:0.000000
[Epoch 236] Validation accuracy:0.9228, Loss:0.330, f1 0.872065, score 0.888808
[Epoch 237] Train time:2.42, Training accuracy:0.9944. Loss: 1.716 LR:0.000000
[Epoch 237] Validation accuracy:0.9231, Loss:0.332, f1 0.872888, score 0.889458
[Epoch 238] Train time:2.42, Training accuracy:0.9947. Loss: 1.714 LR:0.000000
[Epoch 238] Validation accuracy:0.9231, Loss:0.330, f1 0.874054, score 0.890239
[Epoch 239] Train time:2.42, Training accuracy:0.9948. Loss: 1.714 LR:0.000000
[Epoch 239] Validation accuracy:0.9228, Loss:0.331, f1 0.872151, score 0.888865
[Epoch 240] Train time:2.42, Training accuracy:0.9942. Loss: 1.717 LR:0.000000
[Epoch 240] Validation accuracy:0.9237, Loss:0.331, f1 0.874115, score 0.890478
[Epoch 241] Train time:2.42, Training accuracy:0.9943. Loss: 1.717 LR:0.000000
[Epoch 241] Validation accuracy:0.9231, Loss:0.330, f1 0.873532, score 0.889890
[Epoch 242] Train time:2.42, Training accuracy:0.9947. Loss: 1.715 LR:0.000000
[Epoch 242] Validation accuracy:0.9234, Loss:0.332, f1 0.873718, score 0.890113
[Epoch 243] Train time:2.42, Training accuracy:0.9950. Loss: 1.713 LR:0.000000
[Epoch 243] Validation accuracy:0.9231, Loss:0.330, f1 0.873737, score 0.890026
[Epoch 244] Train time:2.42, Training accuracy:0.9936. Loss: 1.718 LR:0.000000
[Epoch 244] Validation accuracy:0.9228, Loss:0.330, f1 0.872708, score 0.889239
[Epoch 245] Train time:2.42, Training accuracy:0.9944. Loss: 1.717 LR:0.000000
[Epoch 245] Validation accuracy:0.9231, Loss:0.331, f1 0.872379, score 0.889117
[Epoch 246] Train time:2.42, Training accuracy:0.9934. Loss: 1.718 LR:0.000000
[Epoch 246] Validation accuracy:0.9241, Loss:0.330, f1 0.875539, score 0.891564
[Epoch 247] Train time:2.42, Training accuracy:0.9941. Loss: 1.720 LR:0.000000
[Epoch 247] Validation accuracy:0.9234, Loss:0.331, f1 0.873805, score 0.890171
[Epoch 248] Train time:2.42, Training accuracy:0.9941. Loss: 1.717 LR:0.000000
[Epoch 248] Validation accuracy:0.9234, Loss:0.331, f1 0.874042, score 0.890330
[Epoch 249] Train time:2.42, Training accuracy:0.9946. Loss: 1.718 LR:0.000000
[Epoch 249] Validation accuracy:0.9244, Loss:0.331, f1 0.877242, score 0.892804
[Epoch 250] Train time:2.42, Training accuracy:0.9938. Loss: 1.719 LR:0.000000
[Epoch 250] Validation accuracy:0.9231, Loss:0.332, f1 0.873654, score 0.889971
