nohup: ignoring input
Work on GPU:  0
load_weight 304
Train set size: 12271
Validation set size: 3068
batch_size: 120
Total Parameters: 61.033M
[Epoch 1] Train time:72.85, Training accuracy:0.6570. Loss: 3.752 LR:0.000040
[Epoch 1] Validation accuracy:0.8357, Loss:0.535, f1 0.703154, score 0.746894
best_acc:0.8357
[Epoch 2] Train time:5.15, Training accuracy:0.8069. Loss: 2.876 LR:0.000039
[Epoch 2] Validation accuracy:0.8719, Loss:0.444, f1 0.786471, score 0.814663
best_acc:0.8719
[Epoch 3] Train time:5.15, Training accuracy:0.8470. Loss: 2.633 LR:0.000038
[Epoch 3] Validation accuracy:0.8823, Loss:0.423, f1 0.798238, score 0.825978
best_acc:0.8823
[Epoch 4] Train time:5.14, Training accuracy:0.8789. Loss: 2.467 LR:0.000038
[Epoch 4] Validation accuracy:0.9087, Loss:0.370, f1 0.846851, score 0.867261
Model saved.
best_acc:0.9087
[Epoch 5] Train time:5.14, Training accuracy:0.9083. Loss: 2.305 LR:0.000037
[Epoch 5] Validation accuracy:0.9074, Loss:0.372, f1 0.837599, score 0.860633
[Epoch 6] Train time:5.15, Training accuracy:0.9215. Loss: 2.208 LR:0.000036
[Epoch 6] Validation accuracy:0.9153, Loss:0.364, f1 0.852751, score 0.873392
Model saved.
best_acc:0.9153
[Epoch 7] Train time:5.15, Training accuracy:0.9403. Loss: 2.108 LR:0.000035
[Epoch 7] Validation accuracy:0.9084, Loss:0.356, f1 0.847580, score 0.867651
[Epoch 8] Train time:5.14, Training accuracy:0.9501. Loss: 2.044 LR:0.000035
[Epoch 8] Validation accuracy:0.9104, Loss:0.349, f1 0.850438, score 0.870226
[Epoch 9] Train time:5.15, Training accuracy:0.9607. Loss: 1.978 LR:0.000034
[Epoch 9] Validation accuracy:0.9058, Loss:0.360, f1 0.853710, score 0.870900
[Epoch 10] Train time:5.15, Training accuracy:0.9596. Loss: 1.974 LR:0.000033
[Epoch 10] Validation accuracy:0.9146, Loss:0.344, f1 0.863416, score 0.880307
[Epoch 11] Train time:5.15, Training accuracy:0.9667. Loss: 1.924 LR:0.000033
[Epoch 11] Validation accuracy:0.9084, Loss:0.346, f1 0.856258, score 0.873465
[Epoch 12] Train time:5.14, Training accuracy:0.9694. Loss: 1.911 LR:0.000032
[Epoch 12] Validation accuracy:0.9153, Loss:0.348, f1 0.867332, score 0.883162
[Epoch 13] Train time:5.14, Training accuracy:0.9730. Loss: 1.896 LR:0.000031
[Epoch 13] Validation accuracy:0.9130, Loss:0.347, f1 0.855208, score 0.874279
[Epoch 14] Train time:5.14, Training accuracy:0.9735. Loss: 1.884 LR:0.000031
[Epoch 14] Validation accuracy:0.9166, Loss:0.339, f1 0.864330, score 0.881579
Model saved.
best_acc:0.9166
[Epoch 15] Train time:5.14, Training accuracy:0.9780. Loss: 1.859 LR:0.000030
[Epoch 15] Validation accuracy:0.9113, Loss:0.341, f1 0.853669, score 0.872687
[Epoch 16] Train time:5.14, Training accuracy:0.9786. Loss: 1.847 LR:0.000030
[Epoch 16] Validation accuracy:0.9182, Loss:0.342, f1 0.866977, score 0.883880
Model saved.
best_acc:0.9182
[Epoch 17] Train time:5.15, Training accuracy:0.9789. Loss: 1.848 LR:0.000029
[Epoch 17] Validation accuracy:0.9156, Loss:0.340, f1 0.863471, score 0.880674
[Epoch 18] Train time:5.16, Training accuracy:0.9775. Loss: 1.846 LR:0.000028
[Epoch 18] Validation accuracy:0.9153, Loss:0.341, f1 0.861376, score 0.879171
[Epoch 19] Train time:5.15, Training accuracy:0.9760. Loss: 1.855 LR:0.000028
[Epoch 19] Validation accuracy:0.9182, Loss:0.338, f1 0.870919, score 0.886522
[Epoch 20] Train time:5.14, Training accuracy:0.9811. Loss: 1.824 LR:0.000027
[Epoch 20] Validation accuracy:0.9175, Loss:0.333, f1 0.864061, score 0.881696
[Epoch 21] Train time:5.14, Training accuracy:0.9826. Loss: 1.826 LR:0.000027
[Epoch 21] Validation accuracy:0.9185, Loss:0.338, f1 0.867051, score 0.884029
Model saved.
best_acc:0.9185
[Epoch 22] Train time:5.16, Training accuracy:0.9820. Loss: 1.822 LR:0.000026
[Epoch 22] Validation accuracy:0.9143, Loss:0.342, f1 0.863167, score 0.880041
[Epoch 23] Train time:5.15, Training accuracy:0.9818. Loss: 1.820 LR:0.000026
[Epoch 23] Validation accuracy:0.9123, Loss:0.342, f1 0.860808, score 0.877800
[Epoch 24] Train time:5.15, Training accuracy:0.9831. Loss: 1.814 LR:0.000025
[Epoch 24] Validation accuracy:0.9091, Loss:0.346, f1 0.853213, score 0.871656
[Epoch 25] Train time:5.14, Training accuracy:0.9835. Loss: 1.808 LR:0.000025
[Epoch 25] Validation accuracy:0.9182, Loss:0.335, f1 0.866133, score 0.883315
[Epoch 26] Train time:5.14, Training accuracy:0.9840. Loss: 1.812 LR:0.000024
[Epoch 26] Validation accuracy:0.9172, Loss:0.341, f1 0.866280, score 0.883084
[Epoch 27] Train time:5.14, Training accuracy:0.9851. Loss: 1.798 LR:0.000024
[Epoch 27] Validation accuracy:0.9117, Loss:0.355, f1 0.856675, score 0.874833
[Epoch 28] Train time:5.15, Training accuracy:0.9845. Loss: 1.803 LR:0.000023
[Epoch 28] Validation accuracy:0.9136, Loss:0.342, f1 0.859818, score 0.877566
[Epoch 29] Train time:5.14, Training accuracy:0.9854. Loss: 1.795 LR:0.000023
[Epoch 29] Validation accuracy:0.9126, Loss:0.346, f1 0.855466, score 0.874320
[Epoch 30] Train time:5.15, Training accuracy:0.9845. Loss: 1.799 LR:0.000022
[Epoch 30] Validation accuracy:0.9136, Loss:0.346, f1 0.863039, score 0.879724
[Epoch 31] Train time:5.14, Training accuracy:0.9839. Loss: 1.803 LR:0.000022
[Epoch 31] Validation accuracy:0.9179, Loss:0.335, f1 0.865543, score 0.882821
[Epoch 32] Train time:5.15, Training accuracy:0.9838. Loss: 1.797 LR:0.000021
[Epoch 32] Validation accuracy:0.9185, Loss:0.341, f1 0.869109, score 0.885408
[Epoch 33] Train time:5.16, Training accuracy:0.9843. Loss: 1.804 LR:0.000021
[Epoch 33] Validation accuracy:0.9123, Loss:0.343, f1 0.857729, score 0.875737
[Epoch 34] Train time:5.15, Training accuracy:0.9846. Loss: 1.800 LR:0.000021
[Epoch 34] Validation accuracy:0.9110, Loss:0.345, f1 0.860590, score 0.877225
[Epoch 35] Train time:5.15, Training accuracy:0.9848. Loss: 1.795 LR:0.000020
[Epoch 35] Validation accuracy:0.9107, Loss:0.349, f1 0.853061, score 0.872082
[Epoch 36] Train time:5.15, Training accuracy:0.9847. Loss: 1.793 LR:0.000020
[Epoch 36] Validation accuracy:0.9175, Loss:0.338, f1 0.868393, score 0.884598
[Epoch 37] Train time:5.15, Training accuracy:0.9857. Loss: 1.788 LR:0.000019
[Epoch 37] Validation accuracy:0.9169, Loss:0.341, f1 0.868306, score 0.884342
[Epoch 38] Train time:5.14, Training accuracy:0.9865. Loss: 1.784 LR:0.000019
[Epoch 38] Validation accuracy:0.9205, Loss:0.336, f1 0.872350, score 0.888239
Model saved.
best_acc:0.9205
[Epoch 39] Train time:5.14, Training accuracy:0.9860. Loss: 1.785 LR:0.000019
[Epoch 39] Validation accuracy:0.9153, Loss:0.346, f1 0.867447, score 0.883238
[Epoch 40] Train time:5.16, Training accuracy:0.9861. Loss: 1.781 LR:0.000018
[Epoch 40] Validation accuracy:0.9140, Loss:0.345, f1 0.859015, score 0.877160
[Epoch 41] Train time:5.15, Training accuracy:0.9867. Loss: 1.781 LR:0.000018
[Epoch 41] Validation accuracy:0.9130, Loss:0.357, f1 0.861216, score 0.878305
[Epoch 42] Train time:5.14, Training accuracy:0.9861. Loss: 1.783 LR:0.000017
[Epoch 42] Validation accuracy:0.9153, Loss:0.342, f1 0.864352, score 0.881165
[Epoch 43] Train time:5.15, Training accuracy:0.9871. Loss: 1.776 LR:0.000017
[Epoch 43] Validation accuracy:0.9143, Loss:0.346, f1 0.860828, score 0.878474
[Epoch 44] Train time:5.16, Training accuracy:0.9866. Loss: 1.778 LR:0.000017
[Epoch 44] Validation accuracy:0.9149, Loss:0.347, f1 0.864931, score 0.881421
[Epoch 45] Train time:5.14, Training accuracy:0.9873. Loss: 1.775 LR:0.000016
[Epoch 45] Validation accuracy:0.9087, Loss:0.351, f1 0.850129, score 0.869457
[Epoch 46] Train time:5.16, Training accuracy:0.9870. Loss: 1.778 LR:0.000016
[Epoch 46] Validation accuracy:0.9120, Loss:0.358, f1 0.859157, score 0.876595
[Epoch 47] Train time:5.15, Training accuracy:0.9876. Loss: 1.773 LR:0.000016
[Epoch 47] Validation accuracy:0.9133, Loss:0.350, f1 0.861309, score 0.878466
[Epoch 48] Train time:5.15, Training accuracy:0.9870. Loss: 1.774 LR:0.000015
[Epoch 48] Validation accuracy:0.9130, Loss:0.346, f1 0.859192, score 0.876949
[Epoch 49] Train time:5.15, Training accuracy:0.9883. Loss: 1.769 LR:0.000015
[Epoch 49] Validation accuracy:0.9166, Loss:0.340, f1 0.861086, score 0.879406
[Epoch 50] Train time:5.15, Training accuracy:0.9884. Loss: 1.763 LR:0.000015
[Epoch 50] Validation accuracy:0.9117, Loss:0.349, f1 0.857147, score 0.875149
[Epoch 51] Train time:5.15, Training accuracy:0.9874. Loss: 1.775 LR:0.000015
[Epoch 51] Validation accuracy:0.9123, Loss:0.346, f1 0.856327, score 0.874798
[Epoch 52] Train time:5.14, Training accuracy:0.9884. Loss: 1.765 LR:0.000014
[Epoch 52] Validation accuracy:0.9156, Loss:0.341, f1 0.867678, score 0.883492
[Epoch 53] Train time:5.15, Training accuracy:0.9886. Loss: 1.765 LR:0.000014
[Epoch 53] Validation accuracy:0.9143, Loss:0.350, f1 0.867509, score 0.882950
[Epoch 54] Train time:5.17, Training accuracy:0.9892. Loss: 1.764 LR:0.000014
[Epoch 54] Validation accuracy:0.9126, Loss:0.349, f1 0.859552, score 0.877058
[Epoch 55] Train time:5.15, Training accuracy:0.9884. Loss: 1.765 LR:0.000013
[Epoch 55] Validation accuracy:0.9113, Loss:0.343, f1 0.855799, score 0.874115
[Epoch 56] Train time:5.16, Training accuracy:0.9897. Loss: 1.757 LR:0.000013
[Epoch 56] Validation accuracy:0.9153, Loss:0.345, f1 0.865768, score 0.882113
[Epoch 57] Train time:5.15, Training accuracy:0.9892. Loss: 1.757 LR:0.000013
[Epoch 57] Validation accuracy:0.9126, Loss:0.347, f1 0.859457, score 0.876994
[Epoch 58] Train time:5.15, Training accuracy:0.9887. Loss: 1.760 LR:0.000013
[Epoch 58] Validation accuracy:0.9071, Loss:0.351, f1 0.854659, score 0.871965
[Epoch 59] Train time:5.15, Training accuracy:0.9884. Loss: 1.762 LR:0.000012
[Epoch 59] Validation accuracy:0.9110, Loss:0.342, f1 0.855459, score 0.873788
[Epoch 60] Train time:5.16, Training accuracy:0.9885. Loss: 1.762 LR:0.000012
[Epoch 60] Validation accuracy:0.9143, Loss:0.347, f1 0.862226, score 0.879410
[Epoch 61] Train time:5.14, Training accuracy:0.9889. Loss: 1.758 LR:0.000012
[Epoch 61] Validation accuracy:0.9107, Loss:0.355, f1 0.856374, score 0.874302
[Epoch 62] Train time:5.16, Training accuracy:0.9901. Loss: 1.759 LR:0.000012
[Epoch 62] Validation accuracy:0.9169, Loss:0.341, f1 0.865218, score 0.882273
[Epoch 63] Train time:5.14, Training accuracy:0.9901. Loss: 1.750 LR:0.000011
[Epoch 63] Validation accuracy:0.9126, Loss:0.344, f1 0.855471, score 0.874324
[Epoch 64] Train time:5.15, Training accuracy:0.9904. Loss: 1.751 LR:0.000011
[Epoch 64] Validation accuracy:0.9146, Loss:0.348, f1 0.863672, score 0.880479
[Epoch 65] Train time:5.16, Training accuracy:0.9884. Loss: 1.761 LR:0.000011
[Epoch 65] Validation accuracy:0.9153, Loss:0.347, f1 0.863037, score 0.880284
[Epoch 66] Train time:5.15, Training accuracy:0.9888. Loss: 1.759 LR:0.000011
[Epoch 66] Validation accuracy:0.9143, Loss:0.340, f1 0.859654, score 0.877687
[Epoch 67] Train time:5.14, Training accuracy:0.9883. Loss: 1.760 LR:0.000011
[Epoch 67] Validation accuracy:0.9172, Loss:0.342, f1 0.870523, score 0.885927
[Epoch 68] Train time:5.14, Training accuracy:0.9897. Loss: 1.754 LR:0.000010
[Epoch 68] Validation accuracy:0.9172, Loss:0.339, f1 0.864647, score 0.881989
[Epoch 69] Train time:5.15, Training accuracy:0.9902. Loss: 1.748 LR:0.000010
[Epoch 69] Validation accuracy:0.9198, Loss:0.339, f1 0.869699, score 0.886233
[Epoch 70] Train time:5.14, Training accuracy:0.9903. Loss: 1.750 LR:0.000010
[Epoch 70] Validation accuracy:0.9140, Loss:0.343, f1 0.862766, score 0.879673
[Epoch 71] Train time:5.15, Training accuracy:0.9906. Loss: 1.746 LR:0.000010
[Epoch 71] Validation accuracy:0.9159, Loss:0.347, f1 0.863793, score 0.880988
[Epoch 72] Train time:5.15, Training accuracy:0.9906. Loss: 1.748 LR:0.000010
[Epoch 72] Validation accuracy:0.9172, Loss:0.338, f1 0.867929, score 0.884189
[Epoch 73] Train time:5.16, Training accuracy:0.9916. Loss: 1.744 LR:0.000009
[Epoch 73] Validation accuracy:0.9172, Loss:0.340, f1 0.868326, score 0.884454
[Epoch 74] Train time:5.16, Training accuracy:0.9905. Loss: 1.750 LR:0.000009
[Epoch 74] Validation accuracy:0.9149, Loss:0.341, f1 0.864409, score 0.881071
[Epoch 75] Train time:5.15, Training accuracy:0.9904. Loss: 1.753 LR:0.000009
[Epoch 75] Validation accuracy:0.9169, Loss:0.337, f1 0.862347, score 0.880349
[Epoch 76] Train time:5.15, Training accuracy:0.9910. Loss: 1.745 LR:0.000009
[Epoch 76] Validation accuracy:0.9185, Loss:0.337, f1 0.870036, score 0.886029
[Epoch 77] Train time:5.14, Training accuracy:0.9911. Loss: 1.744 LR:0.000009
[Epoch 77] Validation accuracy:0.9185, Loss:0.334, f1 0.868476, score 0.884984
[Epoch 78] Train time:5.15, Training accuracy:0.9912. Loss: 1.743 LR:0.000008
[Epoch 78] Validation accuracy:0.9205, Loss:0.331, f1 0.871875, score 0.887922
[Epoch 79] Train time:5.14, Training accuracy:0.9911. Loss: 1.744 LR:0.000008
[Epoch 79] Validation accuracy:0.9214, Loss:0.332, f1 0.872376, score 0.888554
Model saved.
best_acc:0.9214
[Epoch 80] Train time:5.15, Training accuracy:0.9908. Loss: 1.747 LR:0.000008
[Epoch 80] Validation accuracy:0.9198, Loss:0.331, f1 0.871175, score 0.887221
[Epoch 81] Train time:5.14, Training accuracy:0.9914. Loss: 1.742 LR:0.000008
[Epoch 81] Validation accuracy:0.9201, Loss:0.331, f1 0.869501, score 0.886198
[Epoch 82] Train time:5.14, Training accuracy:0.9916. Loss: 1.741 LR:0.000008
[Epoch 82] Validation accuracy:0.9175, Loss:0.336, f1 0.867570, score 0.884047
[Epoch 83] Train time:5.15, Training accuracy:0.9913. Loss: 1.740 LR:0.000008
[Epoch 83] Validation accuracy:0.9201, Loss:0.332, f1 0.869457, score 0.886169
[Epoch 84] Train time:5.15, Training accuracy:0.9905. Loss: 1.743 LR:0.000007
[Epoch 84] Validation accuracy:0.9185, Loss:0.334, f1 0.870790, score 0.886535
[Epoch 85] Train time:5.16, Training accuracy:0.9904. Loss: 1.748 LR:0.000007
[Epoch 85] Validation accuracy:0.9198, Loss:0.334, f1 0.870389, score 0.886694
[Epoch 86] Train time:5.15, Training accuracy:0.9911. Loss: 1.738 LR:0.000007
[Epoch 86] Validation accuracy:0.9192, Loss:0.336, f1 0.867374, score 0.884476
[Epoch 87] Train time:5.14, Training accuracy:0.9905. Loss: 1.742 LR:0.000007
[Epoch 87] Validation accuracy:0.9188, Loss:0.331, f1 0.868132, score 0.884852
[Epoch 88] Train time:5.16, Training accuracy:0.9911. Loss: 1.739 LR:0.000007
[Epoch 88] Validation accuracy:0.9221, Loss:0.331, f1 0.873894, score 0.889802
Model saved.
best_acc:0.9221
[Epoch 89] Train time:5.15, Training accuracy:0.9918. Loss: 1.735 LR:0.000007
[Epoch 89] Validation accuracy:0.9224, Loss:0.338, f1 0.873711, score 0.889778
Model saved.
best_acc:0.9224
[Epoch 90] Train time:5.15, Training accuracy:0.9918. Loss: 1.737 LR:0.000007
[Epoch 90] Validation accuracy:0.9208, Loss:0.334, f1 0.869975, score 0.886747
[Epoch 91] Train time:5.15, Training accuracy:0.9910. Loss: 1.741 LR:0.000006
[Epoch 91] Validation accuracy:0.9201, Loss:0.333, f1 0.873128, score 0.888628
[Epoch 92] Train time:5.15, Training accuracy:0.9905. Loss: 1.742 LR:0.000006
[Epoch 92] Validation accuracy:0.9182, Loss:0.338, f1 0.872875, score 0.887832
[Epoch 93] Train time:5.15, Training accuracy:0.9915. Loss: 1.739 LR:0.000006
[Epoch 93] Validation accuracy:0.9218, Loss:0.333, f1 0.873373, score 0.889354
[Epoch 94] Train time:5.16, Training accuracy:0.9911. Loss: 1.741 LR:0.000006
[Epoch 94] Validation accuracy:0.9208, Loss:0.335, f1 0.874571, score 0.889826
[Epoch 95] Train time:5.15, Training accuracy:0.9923. Loss: 1.735 LR:0.000006
[Epoch 95] Validation accuracy:0.9214, Loss:0.333, f1 0.872087, score 0.888360
[Epoch 96] Train time:5.14, Training accuracy:0.9925. Loss: 1.734 LR:0.000006
[Epoch 96] Validation accuracy:0.9231, Loss:0.334, f1 0.871545, score 0.888558
Model saved.
best_acc:0.9231
[Epoch 97] Train time:5.15, Training accuracy:0.9917. Loss: 1.740 LR:0.000006
[Epoch 97] Validation accuracy:0.9244, Loss:0.333, f1 0.872688, score 0.889753
Model saved.
best_acc:0.9244
[Epoch 98] Train time:5.16, Training accuracy:0.9924. Loss: 1.733 LR:0.000006
[Epoch 98] Validation accuracy:0.9224, Loss:0.334, f1 0.874890, score 0.890568
[Epoch 99] Train time:5.17, Training accuracy:0.9923. Loss: 1.734 LR:0.000006
[Epoch 99] Validation accuracy:0.9208, Loss:0.333, f1 0.872223, score 0.888253
[Epoch 100] Train time:5.15, Training accuracy:0.9923. Loss: 1.734 LR:0.000005
[Epoch 100] Validation accuracy:0.9195, Loss:0.337, f1 0.870132, score 0.886423
[Epoch 101] Train time:5.14, Training accuracy:0.9926. Loss: 1.732 LR:0.000005
[Epoch 101] Validation accuracy:0.9182, Loss:0.333, f1 0.866086, score 0.883284
[Epoch 102] Train time:5.14, Training accuracy:0.9928. Loss: 1.729 LR:0.000005
[Epoch 102] Validation accuracy:0.9185, Loss:0.338, f1 0.870583, score 0.886396
[Epoch 103] Train time:5.16, Training accuracy:0.9917. Loss: 1.733 LR:0.000005
[Epoch 103] Validation accuracy:0.9192, Loss:0.336, f1 0.865215, score 0.883030
[Epoch 104] Train time:5.15, Training accuracy:0.9919. Loss: 1.737 LR:0.000005
[Epoch 104] Validation accuracy:0.9182, Loss:0.335, f1 0.869673, score 0.885687
[Epoch 105] Train time:5.15, Training accuracy:0.9923. Loss: 1.732 LR:0.000005
[Epoch 105] Validation accuracy:0.9228, Loss:0.331, f1 0.871161, score 0.888202
[Epoch 106] Train time:5.14, Training accuracy:0.9919. Loss: 1.735 LR:0.000005
[Epoch 106] Validation accuracy:0.9208, Loss:0.335, f1 0.871629, score 0.887855
[Epoch 107] Train time:5.14, Training accuracy:0.9932. Loss: 1.729 LR:0.000005
[Epoch 107] Validation accuracy:0.9198, Loss:0.334, f1 0.868699, score 0.885562
[Epoch 108] Train time:5.16, Training accuracy:0.9928. Loss: 1.734 LR:0.000005
[Epoch 108] Validation accuracy:0.9211, Loss:0.335, f1 0.872627, score 0.888623
[Epoch 109] Train time:5.14, Training accuracy:0.9937. Loss: 1.723 LR:0.000005
[Epoch 109] Validation accuracy:0.9198, Loss:0.335, f1 0.868334, score 0.885318
[Epoch 110] Train time:5.15, Training accuracy:0.9921. Loss: 1.735 LR:0.000004
[Epoch 110] Validation accuracy:0.9205, Loss:0.335, f1 0.871852, score 0.887906
[Epoch 111] Train time:5.15, Training accuracy:0.9924. Loss: 1.730 LR:0.000004
[Epoch 111] Validation accuracy:0.9198, Loss:0.338, f1 0.869173, score 0.885880
[Epoch 112] Train time:5.14, Training accuracy:0.9925. Loss: 1.731 LR:0.000004
[Epoch 112] Validation accuracy:0.9175, Loss:0.339, f1 0.869757, score 0.885512
[Epoch 113] Train time:5.15, Training accuracy:0.9922. Loss: 1.733 LR:0.000004
[Epoch 113] Validation accuracy:0.9195, Loss:0.335, f1 0.867921, score 0.884942
[Epoch 114] Train time:5.17, Training accuracy:0.9919. Loss: 1.732 LR:0.000004
[Epoch 114] Validation accuracy:0.9224, Loss:0.334, f1 0.874698, score 0.890440
[Epoch 115] Train time:5.15, Training accuracy:0.9925. Loss: 1.730 LR:0.000004
[Epoch 115] Validation accuracy:0.9237, Loss:0.335, f1 0.875013, score 0.891080
[Epoch 116] Train time:5.15, Training accuracy:0.9925. Loss: 1.730 LR:0.000004
[Epoch 116] Validation accuracy:0.9208, Loss:0.335, f1 0.871359, score 0.887674
[Epoch 117] Train time:5.14, Training accuracy:0.9934. Loss: 1.724 LR:0.000004
[Epoch 117] Validation accuracy:0.9224, Loss:0.331, f1 0.874554, score 0.890343
[Epoch 118] Train time:5.14, Training accuracy:0.9937. Loss: 1.725 LR:0.000004
[Epoch 118] Validation accuracy:0.9218, Loss:0.334, f1 0.875320, score 0.890658
[Epoch 119] Train time:5.15, Training accuracy:0.9926. Loss: 1.730 LR:0.000004
[Epoch 119] Validation accuracy:0.9192, Loss:0.334, f1 0.870969, score 0.886885
[Epoch 120] Train time:5.15, Training accuracy:0.9919. Loss: 1.732 LR:0.000004
[Epoch 120] Validation accuracy:0.9224, Loss:0.334, f1 0.875962, score 0.891286
[Epoch 121] Train time:5.15, Training accuracy:0.9934. Loss: 1.727 LR:0.000004
[Epoch 121] Validation accuracy:0.9224, Loss:0.333, f1 0.873122, score 0.889384
[Epoch 122] Train time:5.14, Training accuracy:0.9926. Loss: 1.729 LR:0.000003
[Epoch 122] Validation accuracy:0.9201, Loss:0.335, f1 0.870281, score 0.886721
[Epoch 123] Train time:5.15, Training accuracy:0.9925. Loss: 1.731 LR:0.000003
[Epoch 123] Validation accuracy:0.9179, Loss:0.340, f1 0.868888, score 0.885062
[Epoch 124] Train time:5.14, Training accuracy:0.9929. Loss: 1.727 LR:0.000003
[Epoch 124] Validation accuracy:0.9208, Loss:0.337, f1 0.869286, score 0.886286
[Epoch 125] Train time:5.14, Training accuracy:0.9936. Loss: 1.727 LR:0.000003
[Epoch 125] Validation accuracy:0.9195, Loss:0.337, f1 0.870619, score 0.886750
[Epoch 126] Train time:5.14, Training accuracy:0.9936. Loss: 1.724 LR:0.000003
[Epoch 126] Validation accuracy:0.9208, Loss:0.335, f1 0.870162, score 0.886873
[Epoch 127] Train time:5.14, Training accuracy:0.9929. Loss: 1.729 LR:0.000003
[Epoch 127] Validation accuracy:0.9198, Loss:0.334, f1 0.867247, score 0.884589
[Epoch 128] Train time:5.14, Training accuracy:0.9936. Loss: 1.724 LR:0.000003
[Epoch 128] Validation accuracy:0.9218, Loss:0.338, f1 0.867275, score 0.885268
[Epoch 129] Train time:5.14, Training accuracy:0.9920. Loss: 1.730 LR:0.000003
[Epoch 129] Validation accuracy:0.9208, Loss:0.339, f1 0.868794, score 0.885956
[Epoch 130] Train time:5.14, Training accuracy:0.9939. Loss: 1.725 LR:0.000003
[Epoch 130] Validation accuracy:0.9195, Loss:0.338, f1 0.865846, score 0.883552
[Epoch 131] Train time:5.16, Training accuracy:0.9929. Loss: 1.727 LR:0.000003
[Epoch 131] Validation accuracy:0.9208, Loss:0.338, f1 0.869210, score 0.886235
[Epoch 132] Train time:5.16, Training accuracy:0.9931. Loss: 1.725 LR:0.000003
[Epoch 132] Validation accuracy:0.9185, Loss:0.337, f1 0.866717, score 0.883805
[Epoch 133] Train time:5.16, Training accuracy:0.9939. Loss: 1.721 LR:0.000003
[Epoch 133] Validation accuracy:0.9195, Loss:0.336, f1 0.868641, score 0.885425
[Epoch 134] Train time:5.15, Training accuracy:0.9930. Loss: 1.729 LR:0.000003
[Epoch 134] Validation accuracy:0.9224, Loss:0.334, f1 0.873873, score 0.889887
[Epoch 135] Train time:5.15, Training accuracy:0.9929. Loss: 1.728 LR:0.000003
[Epoch 135] Validation accuracy:0.9188, Loss:0.334, f1 0.867010, score 0.884101
[Epoch 136] Train time:5.15, Training accuracy:0.9932. Loss: 1.727 LR:0.000003
[Epoch 136] Validation accuracy:0.9179, Loss:0.337, f1 0.868009, score 0.884473
[Epoch 137] Train time:5.15, Training accuracy:0.9927. Loss: 1.728 LR:0.000003
[Epoch 137] Validation accuracy:0.9201, Loss:0.340, f1 0.871715, score 0.887682
[Epoch 138] Train time:5.16, Training accuracy:0.9932. Loss: 1.725 LR:0.000003
[Epoch 138] Validation accuracy:0.9211, Loss:0.335, f1 0.869304, score 0.886397
[Epoch 139] Train time:5.16, Training accuracy:0.9931. Loss: 1.728 LR:0.000002
[Epoch 139] Validation accuracy:0.9195, Loss:0.337, f1 0.869277, score 0.885851
[Epoch 140] Train time:5.15, Training accuracy:0.9939. Loss: 1.720 LR:0.000002
[Epoch 140] Validation accuracy:0.9208, Loss:0.337, f1 0.868716, score 0.885904
[Epoch 141] Train time:5.15, Training accuracy:0.9936. Loss: 1.725 LR:0.000002
[Epoch 141] Validation accuracy:0.9198, Loss:0.338, f1 0.869682, score 0.886221
[Epoch 142] Train time:5.15, Training accuracy:0.9932. Loss: 1.725 LR:0.000002
[Epoch 142] Validation accuracy:0.9172, Loss:0.339, f1 0.866845, score 0.883462
[Epoch 143] Train time:5.14, Training accuracy:0.9921. Loss: 1.727 LR:0.000002
[Epoch 143] Validation accuracy:0.9175, Loss:0.338, f1 0.865357, score 0.882564
[Epoch 144] Train time:5.16, Training accuracy:0.9942. Loss: 1.722 LR:0.000002
[Epoch 144] Validation accuracy:0.9172, Loss:0.338, f1 0.866575, score 0.883281
[Epoch 145] Train time:5.15, Training accuracy:0.9940. Loss: 1.721 LR:0.000002
[Epoch 145] Validation accuracy:0.9169, Loss:0.339, f1 0.865812, score 0.882671
[Epoch 146] Train time:5.14, Training accuracy:0.9936. Loss: 1.721 LR:0.000002
[Epoch 146] Validation accuracy:0.9192, Loss:0.339, f1 0.868033, score 0.884918
[Epoch 147] Train time:5.14, Training accuracy:0.9935. Loss: 1.724 LR:0.000002
[Epoch 147] Validation accuracy:0.9198, Loss:0.336, f1 0.867897, score 0.885025
[Epoch 148] Train time:5.14, Training accuracy:0.9935. Loss: 1.720 LR:0.000002
[Epoch 148] Validation accuracy:0.9198, Loss:0.337, f1 0.867294, score 0.884621
[Epoch 149] Train time:5.15, Training accuracy:0.9934. Loss: 1.724 LR:0.000002
[Epoch 149] Validation accuracy:0.9201, Loss:0.336, f1 0.869279, score 0.886050
[Epoch 150] Train time:5.15, Training accuracy:0.9938. Loss: 1.719 LR:0.000002
[Epoch 150] Validation accuracy:0.9195, Loss:0.337, f1 0.868451, score 0.885297
[Epoch 151] Train time:5.15, Training accuracy:0.9942. Loss: 1.719 LR:0.000002
[Epoch 151] Validation accuracy:0.9182, Loss:0.338, f1 0.867351, score 0.884131
[Epoch 152] Train time:5.16, Training accuracy:0.9939. Loss: 1.720 LR:0.000002
[Epoch 152] Validation accuracy:0.9195, Loss:0.338, f1 0.869754, score 0.886170
[Epoch 153] Train time:5.14, Training accuracy:0.9938. Loss: 1.717 LR:0.000002
[Epoch 153] Validation accuracy:0.9192, Loss:0.338, f1 0.869454, score 0.885870
[Epoch 154] Train time:5.16, Training accuracy:0.9937. Loss: 1.722 LR:0.000002
[Epoch 154] Validation accuracy:0.9205, Loss:0.336, f1 0.871102, score 0.887403
[Epoch 155] Train time:5.14, Training accuracy:0.9932. Loss: 1.725 LR:0.000002
[Epoch 155] Validation accuracy:0.9205, Loss:0.335, f1 0.871450, score 0.887637
[Epoch 156] Train time:5.14, Training accuracy:0.9940. Loss: 1.721 LR:0.000002
[Epoch 156] Validation accuracy:0.9172, Loss:0.337, f1 0.869671, score 0.885355
[Epoch 157] Train time:5.15, Training accuracy:0.9934. Loss: 1.726 LR:0.000002
[Epoch 157] Validation accuracy:0.9211, Loss:0.333, f1 0.871307, score 0.887739
[Epoch 158] Train time:5.15, Training accuracy:0.9936. Loss: 1.722 LR:0.000002
[Epoch 158] Validation accuracy:0.9198, Loss:0.333, f1 0.869169, score 0.885877
[Epoch 159] Train time:5.14, Training accuracy:0.9935. Loss: 1.723 LR:0.000002
[Epoch 159] Validation accuracy:0.9214, Loss:0.332, f1 0.872213, score 0.888445
[Epoch 160] Train time:5.14, Training accuracy:0.9939. Loss: 1.721 LR:0.000002
[Epoch 160] Validation accuracy:0.9221, Loss:0.333, f1 0.873201, score 0.889337
[Epoch 161] Train time:5.14, Training accuracy:0.9945. Loss: 1.716 LR:0.000002
[Epoch 161] Validation accuracy:0.9221, Loss:0.332, f1 0.872067, score 0.888578
[Epoch 162] Train time:5.14, Training accuracy:0.9949. Loss: 1.718 LR:0.000002
[Epoch 162] Validation accuracy:0.9205, Loss:0.332, f1 0.870831, score 0.887222
[Epoch 163] Train time:5.15, Training accuracy:0.9942. Loss: 1.720 LR:0.000002
[Epoch 163] Validation accuracy:0.9205, Loss:0.334, f1 0.869272, score 0.886177
[Epoch 164] Train time:5.16, Training accuracy:0.9942. Loss: 1.721 LR:0.000001
[Epoch 164] Validation accuracy:0.9195, Loss:0.335, f1 0.868699, score 0.885464
[Epoch 165] Train time:5.14, Training accuracy:0.9942. Loss: 1.720 LR:0.000001
[Epoch 165] Validation accuracy:0.9208, Loss:0.335, f1 0.869851, score 0.886664
[Epoch 166] Train time:5.15, Training accuracy:0.9940. Loss: 1.718 LR:0.000001
[Epoch 166] Validation accuracy:0.9205, Loss:0.335, f1 0.868873, score 0.885910
[Epoch 167] Train time:5.16, Training accuracy:0.9939. Loss: 1.722 LR:0.000001
[Epoch 167] Validation accuracy:0.9221, Loss:0.334, f1 0.871983, score 0.888522
[Epoch 168] Train time:5.16, Training accuracy:0.9946. Loss: 1.717 LR:0.000001
[Epoch 168] Validation accuracy:0.9218, Loss:0.333, f1 0.872090, score 0.888494
[Epoch 169] Train time:5.15, Training accuracy:0.9950. Loss: 1.716 LR:0.000001
[Epoch 169] Validation accuracy:0.9211, Loss:0.332, f1 0.871603, score 0.887937
[Epoch 170] Train time:5.16, Training accuracy:0.9943. Loss: 1.718 LR:0.000001
[Epoch 170] Validation accuracy:0.9201, Loss:0.333, f1 0.868869, score 0.885776
[Epoch 171] Train time:5.14, Training accuracy:0.9941. Loss: 1.717 LR:0.000001
[Epoch 171] Validation accuracy:0.9214, Loss:0.334, f1 0.872711, score 0.888779
[Epoch 172] Train time:5.15, Training accuracy:0.9939. Loss: 1.720 LR:0.000001
[Epoch 172] Validation accuracy:0.9211, Loss:0.334, f1 0.869408, score 0.886466
[Epoch 173] Train time:5.14, Training accuracy:0.9941. Loss: 1.719 LR:0.000001
[Epoch 173] Validation accuracy:0.9224, Loss:0.334, f1 0.874008, score 0.889977
[Epoch 174] Train time:5.14, Training accuracy:0.9946. Loss: 1.717 LR:0.000001
[Epoch 174] Validation accuracy:0.9231, Loss:0.334, f1 0.876373, score 0.891793
[Epoch 175] Train time:5.14, Training accuracy:0.9948. Loss: 1.717 LR:0.000001
[Epoch 175] Validation accuracy:0.9214, Loss:0.334, f1 0.873469, score 0.889286
[Epoch 176] Train time:5.17, Training accuracy:0.9936. Loss: 1.719 LR:0.000001
[Epoch 176] Validation accuracy:0.9211, Loss:0.336, f1 0.873025, score 0.888889
[Epoch 177] Train time:5.15, Training accuracy:0.9927. Loss: 1.723 LR:0.000001
[Epoch 177] Validation accuracy:0.9228, Loss:0.335, f1 0.872365, score 0.889009
[Epoch 178] Train time:5.15, Training accuracy:0.9943. Loss: 1.718 LR:0.000001
[Epoch 178] Validation accuracy:0.9218, Loss:0.334, f1 0.873897, score 0.889705
[Epoch 179] Train time:5.15, Training accuracy:0.9941. Loss: 1.718 LR:0.000001
[Epoch 179] Validation accuracy:0.9231, Loss:0.334, f1 0.876363, score 0.891786
[Epoch 180] Train time:5.14, Training accuracy:0.9950. Loss: 1.717 LR:0.000001
[Epoch 180] Validation accuracy:0.9218, Loss:0.334, f1 0.873963, score 0.889749
[Epoch 181] Train time:5.15, Training accuracy:0.9940. Loss: 1.723 LR:0.000001
[Epoch 181] Validation accuracy:0.9214, Loss:0.334, f1 0.871006, score 0.887636
[Epoch 182] Train time:5.14, Training accuracy:0.9941. Loss: 1.720 LR:0.000001
[Epoch 182] Validation accuracy:0.9211, Loss:0.333, f1 0.871527, score 0.887886
[Epoch 183] Train time:5.14, Training accuracy:0.9936. Loss: 1.721 LR:0.000001
[Epoch 183] Validation accuracy:0.9218, Loss:0.333, f1 0.873611, score 0.889513
[Epoch 184] Train time:5.15, Training accuracy:0.9942. Loss: 1.718 LR:0.000001
[Epoch 184] Validation accuracy:0.9214, Loss:0.333, f1 0.872944, score 0.888935
[Epoch 185] Train time:5.15, Training accuracy:0.9947. Loss: 1.718 LR:0.000001
[Epoch 185] Validation accuracy:0.9214, Loss:0.333, f1 0.873023, score 0.888987
[Epoch 186] Train time:5.15, Training accuracy:0.9949. Loss: 1.714 LR:0.000001
[Epoch 186] Validation accuracy:0.9218, Loss:0.332, f1 0.873384, score 0.889361
[Epoch 187] Train time:5.14, Training accuracy:0.9945. Loss: 1.718 LR:0.000001
[Epoch 187] Validation accuracy:0.9205, Loss:0.332, f1 0.871942, score 0.887966
[Epoch 188] Train time:5.15, Training accuracy:0.9943. Loss: 1.720 LR:0.000001
[Epoch 188] Validation accuracy:0.9221, Loss:0.332, f1 0.872323, score 0.888749
[Epoch 189] Train time:5.15, Training accuracy:0.9934. Loss: 1.723 LR:0.000001
[Epoch 189] Validation accuracy:0.9195, Loss:0.332, f1 0.869410, score 0.885940
[Epoch 190] Train time:5.15, Training accuracy:0.9947. Loss: 1.713 LR:0.000001
[Epoch 190] Validation accuracy:0.9221, Loss:0.331, f1 0.872973, score 0.889185
[Epoch 191] Train time:5.15, Training accuracy:0.9943. Loss: 1.718 LR:0.000001
[Epoch 191] Validation accuracy:0.9218, Loss:0.331, f1 0.872073, score 0.888483
[Epoch 192] Train time:5.15, Training accuracy:0.9946. Loss: 1.717 LR:0.000001
[Epoch 192] Validation accuracy:0.9211, Loss:0.332, f1 0.871816, score 0.888080
[Epoch 193] Train time:5.14, Training accuracy:0.9944. Loss: 1.717 LR:0.000001
[Epoch 193] Validation accuracy:0.9224, Loss:0.332, f1 0.873151, score 0.889403
[Epoch 194] Train time:5.15, Training accuracy:0.9943. Loss: 1.717 LR:0.000001
[Epoch 194] Validation accuracy:0.9205, Loss:0.332, f1 0.870014, score 0.886675
[Epoch 195] Train time:5.15, Training accuracy:0.9944. Loss: 1.717 LR:0.000001
[Epoch 195] Validation accuracy:0.9214, Loss:0.332, f1 0.872504, score 0.888640
[Epoch 196] Train time:5.15, Training accuracy:0.9938. Loss: 1.722 LR:0.000001
[Epoch 196] Validation accuracy:0.9205, Loss:0.333, f1 0.872594, score 0.888403
[Epoch 197] Train time:5.15, Training accuracy:0.9940. Loss: 1.720 LR:0.000001
[Epoch 197] Validation accuracy:0.9224, Loss:0.332, f1 0.874877, score 0.890560
[Epoch 198] Train time:5.14, Training accuracy:0.9940. Loss: 1.720 LR:0.000001
[Epoch 198] Validation accuracy:0.9214, Loss:0.333, f1 0.872601, score 0.888705
[Epoch 199] Train time:5.15, Training accuracy:0.9941. Loss: 1.719 LR:0.000001
[Epoch 199] Validation accuracy:0.9221, Loss:0.333, f1 0.874545, score 0.890238
[Epoch 200] Train time:5.15, Training accuracy:0.9940. Loss: 1.719 LR:0.000001
[Epoch 200] Validation accuracy:0.9218, Loss:0.333, f1 0.871936, score 0.888391
[Epoch 201] Train time:5.15, Training accuracy:0.9937. Loss: 1.719 LR:0.000001
[Epoch 201] Validation accuracy:0.9205, Loss:0.333, f1 0.871384, score 0.887592
[Epoch 202] Train time:5.16, Training accuracy:0.9937. Loss: 1.720 LR:0.000001
[Epoch 202] Validation accuracy:0.9208, Loss:0.333, f1 0.872668, score 0.888552
[Epoch 203] Train time:5.15, Training accuracy:0.9933. Loss: 1.721 LR:0.000001
[Epoch 203] Validation accuracy:0.9208, Loss:0.332, f1 0.870488, score 0.887091
